[2026-02-22 03:56:39,492] INFO - demandclean: ==================================================
[2026-02-22 03:56:39,492] INFO - demandclean: DemandClean 训练开始
[2026-02-22 03:56:39,492] INFO - demandclean:   检测器模式: oracle
[2026-02-22 03:56:39,492] INFO - demandclean:   训练模式: clean_base
[2026-02-22 03:56:39,492] INFO - demandclean:   Agent类型: single
[2026-02-22 03:56:39,492] INFO - demandclean:   推理模式: single_phase
[2026-02-22 03:56:39,492] INFO - demandclean:   FD规则: 1
[2026-02-22 03:56:39,492] INFO - demandclean:   丰富规则: 有
[2026-02-22 03:56:39,492] INFO - demandclean: ==================================================
[2026-02-22 03:56:39,492] INFO - demandclean: 
[Step 1] 初始化错误检测器...
[2026-02-22 03:56:39,492] INFO - demandclean: 
[Step 2] 训练 DQN Agent...
[2026-02-22 03:56:39,493] INFO - demandclean: 开始训练 (single Agent, mode=clean_base)
[2026-02-22 03:56:39,493] INFO - demandclean:   任务类型: regression
[2026-02-22 03:56:39,493] INFO - demandclean:   模型类型: random_forest
[2026-02-22 03:56:39,493] INFO - demandclean:   原始数据: 17379 行
[2026-02-22 03:56:39,493] INFO - demandclean:   基准数据: 17379 行
[2026-02-22 03:56:40,081] INFO - demandclean:   ErrorInjector: rich_rules=True, domain=14, cfd=0, fd=1
[2026-02-22 03:56:40,081] INFO - demandclean:   开始训练 DQN (50 episodes)...
[2026-02-22 04:26:45,687] INFO - demandclean:   Episode 50/50: Score=0.0024, Best=0.0034, Eps=0.778
[2026-02-22 04:26:45,688] INFO - demandclean:     Actions: {'no_action': 1047, 'repair_value': 1090, 'delete': 2225, 'replace_nearby': 1105}
[2026-02-22 04:26:45,688] INFO - demandclean: 
已恢复最佳模型权重 (Episode 18, Score=0.0034, Cost=1059)
[2026-02-22 04:26:45,688] INFO - demandclean: 
训练完成! 最佳分数: 0.0034
[2026-02-22 04:26:45,688] INFO - demandclean:   最佳动作分布: {'no_action': 803, 'repair_value': 1059, 'delete': 841, 'replace_nearby': 735}
[2026-02-22 04:26:45,690] INFO - demandclean: 
训练完成!
[2026-02-22 04:26:45,695] INFO - demandclean: 模型已保存: /Users/qianzekai/PycharmProjects/TolerDM/results/demandclean/bike/v3_oracle_plain_single/model/v3_oracle_plain_single_agent.pt
[2026-02-22 04:26:45,695] INFO - demandclean: 
==================================================
[2026-02-22 04:26:45,696] INFO - demandclean: 单阶段推理
[2026-02-22 04:26:45,696] INFO - demandclean: ==================================================
