2026-01-29 19:50:56,329 - INFO - ============================================================
2026-01-29 19:50:56,329 - INFO - MLImputer 数据清洗 (mice)
2026-01-29 19:50:56,329 - INFO - ============================================================
2026-01-29 19:50:56,329 - INFO - 脏数据: Data/beers/dirty_index.csv
2026-01-29 19:50:56,329 - INFO - 干净数据: Data/beers/clean_index.csv
2026-01-29 19:50:56,329 - INFO - 任务名称: beers_mlimputer_vzekai
2026-01-29 19:50:56,329 - INFO - 插补方法: mice
2026-01-29 19:50:56,329 - INFO - ------------------------------------------------------------
2026-01-29 19:50:57,817 - INFO - 修复后数据已保存: results/mlimputer/beers_mlimputer_vzekai/beers_mlimputer_vzekai_cleaned.csv
2026-01-29 19:50:57,899 - INFO - ------------------------------------------------------------
2026-01-29 19:50:57,899 - INFO - 执行时间: 1.57 秒
2026-01-29 19:50:57,900 - INFO - 执行状态: 成功
2026-01-29 19:50:57,900 - INFO - 填充单元格数: 1200
2026-01-29 19:50:57,900 - INFO - 真值使用成本: 0 (全自动)
2026-01-29 19:50:57,900 - INFO - 
2026-01-29 19:50:57,900 - INFO - ============================================================
2026-01-29 19:50:57,900 - INFO - 调用统一测评模块 getScoreML
2026-01-29 19:50:57,900 - INFO - ============================================================
2026-01-29 19:52:17,533 - INFO - 结果已保存到: results/mlimputer/beers_mlimputer_vzekai
2026-01-29 19:52:17,533 - INFO - 日志文件: results/mlimputer/beers_mlimputer_vzekai/beers_mlimputer_vzekai.log
2026-01-29 19:52:17,533 - INFO - ============================================================
