============================================================
01:47:58 - [ INFO] - ============================================================
HoloClean 数据清洗
01:47:58 - [ INFO] - HoloClean 数据清洗
============================================================
01:47:58 - [ INFO] - ============================================================
脏数据: Data/adult/dirty_index.csv
01:47:58 - [ INFO] - 脏数据: Data/adult/dirty_index.csv
约束文件: Data/adult/rules.txt
01:47:58 - [ INFO] - 约束文件: Data/adult/rules.txt
任务名称: adult_holoclean_vfix2
01:47:58 - [ INFO] - 任务名称: adult_holoclean_vfix2
数据库: holo
01:47:58 - [ INFO] - 数据库: holo
------------------------------------------------------------
01:47:58 - [ INFO] - ------------------------------------------------------------
Step 1: 统一缺失值标记...
01:47:58 - [ INFO] - Step 1: 统一缺失值标记...
Step 2: 移除索引列...
01:47:59 - [ INFO] - Step 2: 移除索引列...
Step 3: 转换clean数据为HoloClean格式...
01:48:00 - [ INFO] - Step 3: 转换clean数据为HoloClean格式...
Step 4: 初始化HoloClean...
01:48:00 - [ INFO] - Step 4: 初始化HoloClean...
01:48:00 - [DEBUG] - initiating session with parameters: {'db_user': 'holocleanuser', 'db_pwd': 'abcd1234', 'db_host': 'localhost', 'db_name': 'holo', 'threads': 1, 'timeout': 180000, 'seed': 45, 'learning_rate': 0.001, 'optimizer': 'adam', 'epochs': 10, 'weight_decay': 0.01, 'momentum': 0.0, 'batch_size': 1, 'weak_label_thresh': 0.99, 'domain_thresh_1': 0, 'domain_thresh_2': 0, 'max_domain': 10000, 'cor_strength': 0.6, 'nb_cor_strength': 0.8, 'feature_norm': False, 'weight_norm': False, 'estimator_epochs': 3, 'estimator_batch_size': 32, 'verbose': True, 'bias': False, 'print_fw': True, 'debug_mode': False}
Step 5: 加载数据到HoloClean...
01:48:00 - [ INFO] - Step 5: 加载数据到HoloClean...
01:48:01 - [ INFO] - Loaded 45222 rows with 723552 cells
01:48:12 - [DEBUG] - Time to create index: 0.09 secs
01:48:12 - [DEBUG] - Time to create index: 0.03 secs
01:48:12 - [DEBUG] - Time to create index: 0.08 secs
01:48:12 - [DEBUG] - Time to create index: 0.04 secs
01:48:12 - [DEBUG] - Time to create index: 0.04 secs
01:48:12 - [DEBUG] - Time to create index: 0.04 secs
01:48:12 - [DEBUG] - Time to create index: 0.04 secs
01:48:12 - [DEBUG] - Time to create index: 0.04 secs
01:48:13 - [DEBUG] - Time to create index: 0.03 secs
01:48:13 - [DEBUG] - Time to create index: 0.03 secs
01:48:13 - [DEBUG] - Time to create index: 0.03 secs
01:48:13 - [DEBUG] - Time to create index: 0.03 secs
01:48:13 - [DEBUG] - Time to create index: 0.04 secs
01:48:13 - [DEBUG] - Time to create index: 0.03 secs
01:48:13 - [DEBUG] - Time to create index: 0.03 secs
01:48:13 - [ INFO] - DONE Loading dirty_holoclean.csv
01:48:13 - [DEBUG] - Time to load dataset: 12.34 secs
Step 6: 加载约束规则...
01:48:13 - [ INFO] - Step 6: 加载约束规则...
解析到 1 条DC规则
01:48:13 - [ INFO] - 解析到 1 条DC规则
01:48:13 - [DEBUG] - OPENED constraints file successfully
01:48:13 - [DEBUG] - DONE pre-processing constraint: t1&t2&EQ(t1.education,t2.education)&IQ(t1.educational_num,t2.educational_num)
01:48:13 - [DEBUG] - DONE extracting tuples from constraint: t1&t2&EQ(t1.education,t2.education)&IQ(t1.educational_num,t2.educational_num)
01:48:13 - [DEBUG] - DONE parsing predicate: EQ(t1.education,t2.education)
01:48:13 - [DEBUG] - DONE parsing predicate: IQ(t1.educational_num,t2.educational_num)
01:48:13 - [ INFO] - DONE Loading DCs from temp_dc_rules.txt
01:48:13 - [DEBUG] - Time to load dirty data: 0.00 secs
Step 7: 检测错误...
01:48:13 - [ INFO] - Step 7: 检测错误...
01:48:13 - [DEBUG] - DONE with Error Detector: NullDetector in 0.09 secs
01:48:13 - [DEBUG] - Preparing to execute 1 queries.
01:48:13 - [DEBUG] - Starting to execute query SELECT t1._tid_ FROM "adult_holoclean_vfix2" as t1 WHERE   EXISTS (SELECT t2._tid_ FROM "adult_holoclean_vfix2" as t2 WHERE t1."education"=t2."education" AND t1."educational_num"<>t2."educational_num") with id 0
01:48:45 - [DEBUG] - Time to execute query with id 0: 31.73 secs
01:48:45 - [DEBUG] - Time to execute 1 queries: 31.73 secs
01:48:45 - [DEBUG] - DONE with Error Detector: ViolationDetector in 31.73 secs
未检测到错误（数据可能已经干净）: Wrong number of items passed 2, placement implies 1
01:48:45 - [WARNING] - 未检测到错误（数据可能已经干净）: Wrong number of items passed 2, placement implies 1
数据无需修复，直接输出原始数据...
01:48:45 - [ INFO] - 数据无需修复，直接输出原始数据...
已保存: results/holoclean/adult_holoclean_vfix2/adult_holoclean_vfix2_cleaned.csv
01:48:45 - [ INFO] - 已保存: results/holoclean/adult_holoclean_vfix2/adult_holoclean_vfix2_cleaned.csv
------------------------------------------------------------
01:48:45 - [ INFO] - ------------------------------------------------------------
执行时间: 46.26 秒
01:48:45 - [ INFO] - 执行时间: 46.26 秒
执行状态: 成功
01:48:45 - [ INFO] - 执行状态: 成功
真值使用成本: 0 (全自动)
01:48:45 - [ INFO] - 真值使用成本: 0 (全自动)

============================================================
01:48:45 - [ INFO] -
============================================================
调用统一测评模块 getScoreML
01:48:45 - [ INFO] - 调用统一测评模块 getScoreML
============================================================
01:48:45 - [ INFO] - ============================================================
01:50:32 - [DEBUG] - Falling back to TensorFlow client; we recommended you install the Cloud TPU client directly with pip install cloud-tpu-client.
2026-01-31 01:50:32.297984: W tensorflow/compiler/xla/stream_executor/platform/default/dso_loader.cc:64] Could not load dynamic library 'libnvinfer.so.7'; dlerror: libnvinfer.so.7: cannot open shared object file: No such file or directory
2026-01-31 01:50:32.298049: W tensorflow/compiler/xla/stream_executor/platform/default/dso_loader.cc:64] Could not load dynamic library 'libnvinfer_plugin.so.7'; dlerror: libnvinfer_plugin.so.7: cannot open shared object file: No such file or directory
2026-01-31 01:50:32.298056: W tensorflow/compiler/tf2tensorrt/utils/py_utils.cc:38] TF-TRT Warning: Cannot dlopen some TensorRT libraries. If you would like to use Nvidia GPU with TensorRT, please make sure the missing libraries mentioned above are installed properly.
01:50:32 - [DEBUG] - Creating converter from 7 to 5
01:50:32 - [DEBUG] - Creating converter from 5 to 7
01:50:32 - [DEBUG] - Creating converter from 7 to 5
01:50:32 - [DEBUG] - Creating converter from 5 to 7
[1;34m[01:50:32][0m[1;33m WARNING Snoopy may use all CPU cores! Set env. variable 'SNOOPY_LIMIT_CPU' to 'y' to limit CPU usage. [0m[1;34m(__init__ -> _init_tf_pytorch on MainThread)[0m
2026-01-31 01:50:32.842063: E tensorflow/compiler/xla/stream_executor/cuda/cuda_driver.cc:267] failed call to cuInit: CUDA_ERROR_NO_DEVICE: no CUDA-capable device is detected
01:50:33 - [ INFO] - Loading faiss with AVX2 support.
01:50:33 - [ INFO] - Successfully loaded faiss with AVX2 support.

结果已保存到: results/holoclean/adult_holoclean_vfix2
01:58:01 - [ INFO] -
结果已保存到: results/holoclean/adult_holoclean_vfix2
============================================================
01:58:01 - [ INFO] - ============================================================
没有指定错误比例，仅进行原数据集的空值替换，不添加错误
已将注入错误的文件保存到: results/holoclean/adult_holoclean_vfix2/dirty_ori_empty.csv
没有指定错误比例，仅进行原数据集的空值替换，不添加错误
已将注入错误的文件保存到: results/holoclean/adult_holoclean_vfix2/clean_ori_empty.csv
转换完成，结果已保存到 results/holoclean/adult_holoclean_vfix2/clean_holoclean.csv
======================================================================
Clean4MLBaseline 统一测评 - adult_holoclean_vfix2
======================================================================

[1/5] 传统清洗指标
--------------------------------------------------
调试文件已保存到: results/holoclean/adult_holoclean_vfix2/debug
修复准确率: 0.0, 修复召回率: 0.0, F1值: 0.0
========================================
错误减少率 (EDR): 0.0
========================================
混合距离 (Hybrid Distance): 0.0028402711481079965
========================================
基于条目的错误减少率 (R-EDR): 0.0
========================================
numeric: Index(['age', 'fnlwgt', 'educational_num', 'capital_gain', 'capital_loss',
       'hours_per_week', 'income'],
      dtype='object')
categorical: Index(['workclass', 'education', 'marital_status', 'occupation',
       'relationship', 'race', 'gender', 'native_country'],
      dtype='object')
列级平均RMSE (数值列, 归一化): 0.064171
  age: 0.000000
  fnlwgt: 0.000000
  educational_num: 0.000000
  capital_gain: 0.000000
  capital_loss: 0.000000
  hours_per_week: 0.000000
  income: 0.449194
列级平均F1 (类别列, weighted): 1.000000
  workclass: 1.000000
  education: 1.000000
  marital_status: 1.000000
  occupation: 1.000000
  relationship: 1.000000
  race: 1.000000
  gender: 1.000000
  native_country: 1.000000
========================================

[2/5] 下游任务性能 (classification)
--------------------------------------------------
RF - Accuracy: 0.8551, F1: 0.8510, Precision: 0.8497, Recall: 0.8551
LR - Accuracy: 0.8211, F1: 0.8057, Precision: 0.8094, Recall: 0.8211
SVM - Accuracy: 0.8502, F1: 0.8417, Precision: 0.8433, Recall: 0.8502
KNN - Accuracy: 0.8279, F1: 0.8241, Precision: 0.8220, Recall: 0.8279
DT - Accuracy: 0.8060, F1: 0.8068, Precision: 0.8077, Recall: 0.8060
GB - Accuracy: 0.8671, F1: 0.8603, Precision: 0.8623, Recall: 0.8671

[3/5] 模型容忍度
--------------------------------------------------

容忍度计算结果:
  P_do_nothing (脏数据性能): 0.8543
  P_demand_clean (清洗后性能): 0.8543
  P_repair_all (完全修复性能): 0.8543
  先验容忍度 (Tolerance_prior): 1.0000
  后验容忍度 (Tolerance_post): 0.0000

[4/5] Snoopy上界评估
--------------------------------------------------
Snoopy模块可用，正在评估数据质量上界...
数据集较大 (45222 行)，对Snoopy评估进行采样到 10000 行
  脏数据上界: 0.8560
  清洗后上界: 0.8192
  干净数据上界: 0.8560
  上界提升比例: 0.0000

[5/5] 真值使用成本
--------------------------------------------------
  方法类型: Type 1 (全自动)
  实际真值使用: 0
  理想最小成本: 0
  总修改单元格: 0
  正确修复: 0
  错误修复: 0

======================================================================
测评完成，结果已保存到: results/holoclean/adult_holoclean_vfix2/adult_holoclean_vfix2_report.txt
======================================================================
