============================================================
HoloClean 数据清洗
============================================================
脏数据: Data/adult/dirty_index.csv
约束文件: Data/adult/rules.txt
任务名称: adult_holoclean_vfix2
数据库: holo
------------------------------------------------------------
Step 1: 统一缺失值标记...
Step 2: 移除索引列...
Step 3: 转换clean数据为HoloClean格式...
Step 4: 初始化HoloClean...
Step 5: 加载数据到HoloClean...
Step 6: 加载约束规则...
解析到 1 条DC规则
Step 7: 检测错误...
未检测到错误（数据可能已经干净）: Wrong number of items passed 2, placement implies 1
数据无需修复，直接输出原始数据...
已保存: results/holoclean/adult_holoclean_vfix2/adult_holoclean_vfix2_cleaned.csv
------------------------------------------------------------
执行时间: 46.26 秒
执行状态: 成功
真值使用成本: 0 (全自动)

============================================================
调用统一测评模块 getScoreML
============================================================

结果已保存到: results/holoclean/adult_holoclean_vfix2
============================================================
