============================================================
BoostClean 数据清洗
============================================================
脏数据: Data/bike/dirty_index.csv
干净数据: Data/bike/clean_index.csv
任务名称: bike_boostclean_vzekai
Boosting轮数: 5
------------------------------------------------------------
------------------------------------------------------------
执行时间: 2.35 秒
执行状态: 成功
集成大小: 0
真值使用成本: 17379

============================================================
调用统一测评模块 getScoreML
============================================================
2026-01-29 19:53:14.227565: W tensorflow/compiler/xla/stream_executor/platform/default/dso_loader.cc:64] Could not load dynamic library 'libnvinfer.so.7'; dlerror: libnvinfer.so.7: cannot open shared object file: No such file or directory
2026-01-29 19:53:14.227627: W tensorflow/compiler/xla/stream_executor/platform/default/dso_loader.cc:64] Could not load dynamic library 'libnvinfer_plugin.so.7'; dlerror: libnvinfer_plugin.so.7: cannot open shared object file: No such file or directory
2026-01-29 19:53:14.227634: W tensorflow/compiler/tf2tensorrt/utils/py_utils.cc:38] TF-TRT Warning: Cannot dlopen some TensorRT libraries. If you would like to use Nvidia GPU with TensorRT, please make sure the missing libraries mentioned above are installed properly.
[1;34m[19:53:14][0m[1;33m WARNING Snoopy may use all CPU cores! Set env. variable 'SNOOPY_LIMIT_CPU' to 'y' to limit CPU usage. [0m[1;34m(__init__ -> _init_tf_pytorch on MainThread)[0m
2026-01-29 19:53:14.768956: E tensorflow/compiler/xla/stream_executor/cuda/cuda_driver.cc:267] failed call to cuInit: CUDA_ERROR_NO_DEVICE: no CUDA-capable device is detected
结果已保存到: results/boostclean/bike_boostclean_vzekai
日志文件: results/boostclean/bike_boostclean_vzekai/bike_boostclean_vzekai.log
============================================================
['4614', '296044.3403', '3.0', '0.0', '1.0', '3.0', '14.0', '6.0', '0.0', '1.802221711', '0.6', '0.5758', '0.78', '0.1343', '6.0', '20.0']
['61', '359447.0167', '427.5585974', '0.0', '1.0', '15.0', '90.0', '1.0', '1.0', '1.0', '0.26', '0.2424', '0.3', '0.2537', '14.0', '58.0']
['5382', '359783.1333', '465.2822152', '0.0', '1.0', '-4.718081668', '0.0', '3.0', '1.0', '1.0', '0.64', '0.5909', '0.78', '0.0', '1.0', '4.0']
['1938', '359999.05', '46.0', '0.0', '-55.28865842', '12.0', '82.0', '6.0', '0.0', '1.0', '0.3', '0.2879', '0.36', '0.194', '98.0', '129.0']
['6878', '359831.1667', '4.0', '0.0', '1.0', '-88.62359609', '0.0', '3.0', '1.0', '3.0', '0.5', '0.4848', '0.94', '0.194', '0.0', '3.0']
['3149', '359759.0833', '69.0', '0.0', '5.0', '2.0', '-438.0330938', '1.0', '1.0', '1.0', '0.5', '0.4848', '1.0', '0.0896', '4.0', '9.0']
['3312', '359903.0833', '71.0', '0.0', '5.0', '21.0', '9.0', '-24.5149314', '0.0', '1.0', '0.62', '0.5909', '0.73', '0.194', '27.0', '109.0']
['9721', '368471.0333', '90.0', '1.0', '2.0', '23.0', '0.0', '2.0', '-6.323888227', '2.0', '0.36', '0.3636', '0.5', '0.0896', '2.0', '55.0']
['244', '359639.0167', '83.0', '0.0', '1.0', '12.0', '98.0', '2.0', '1.0', '2.0', '0.2', '-1.789038766', '0.51', '0.1045', '2.0', '55.0']
['3981', '359831.1', '2.0', '0.0', '1.0', '18.0', '67.0', '0.0', '0.0', '2.0', '0.74', '0.6818', '3.189663882', '0.0896', '78.0', '218.0']
['13699', '368831.1167', '8.0', '1.0', '7.0', '23.0', '35.0', '0.0', '0.0', '1.0', '0.7', '0.6515', '0.7', '-1.529844495', '18.0', '82.0']
['12756', '368615.1', '40.0', '1.0', '6.0', '16.0', '0.0', '3.0', '1.0', '1.0', '0.9', '1.030574739', '0.35', '0.1045', '-661.6141172', '284.0']
['15734', '368663.1667', '4.0', '1.0', '10.0', '18.0', '-10.37961345', '1.0', '1.0', '1.0', '0.54', '0.5152', '0.64', '0.1045', '60.0', '2688.972938']
BoostClean执行出错: __init__() got an unexpected keyword argument 'vector_size'
======================================================================
Clean4MLBaseline 统一测评 - bike_boostclean_vzekai
======================================================================

[1/5] 传统清洗指标
--------------------------------------------------
调试文件已保存到: results/boostclean/bike_boostclean_vzekai/debug
修复准确率: 0.0, 修复召回率: 0.0, F1值: 0.0
========================================
错误减少率 (EDR): 0.0
========================================
混合距离 (Hybrid Distance): 0.4115586345713895
========================================
基于条目的错误减少率 (R-EDR): 0.0
========================================
numeric: Index(['dteday', 'season', 'yr', 'mnth', 'hr', 'holiday', 'weekday',
       'workingday', 'weathersit', 'temp', 'atemp', 'hum', 'windspeed',
       'casual', 'registered', 'cnt'],
      dtype='object')
categorical: (none)
列级平均RMSE (数值列, 归一化): 20.698670
  dteday: 0.899367
  season: 41.106570
  yr: 0.869426
  mnth: 1.646402
  hr: 0.868667
  holiday: 277.692694
  weekday: 0.895391
  workingday: 1.006198
  weathersit: 0.881992
  temp: 0.930405
  atemp: 0.830908
  hum: 0.878016
  windspeed: 0.867359
  casual: 0.914173
  registered: 0.891156
  cnt: 0.000000
列级平均F1: N/A (无类别列)
========================================

[2/5] 下游任务性能 (regression)
--------------------------------------------------
RF - MSE: 1367.0748, R2: 0.9568, MAE: 10.1381, RMSE: 36.9740
LR - MSE: 10663.9498, R2: 0.6632, MAE: 66.2942, RMSE: 103.2664
RIDGE - MSE: 10663.9329, R2: 0.6632, MAE: 66.2969, RMSE: 103.2663
LASSO - MSE: 10653.5823, R2: 0.6636, MAE: 66.3477, RMSE: 103.2162
KNN - MSE: 5885.9471, R2: 0.8141, MAE: 49.5083, RMSE: 76.7199
GB - MSE: 1752.6228, R2: 0.9447, MAE: 15.9688, RMSE: 41.8643

[3/5] 模型容忍度
--------------------------------------------------

容忍度计算结果:
  P_do_nothing (脏数据性能): -4012.2852
  P_demand_clean (清洗后性能): -4012.2852
  P_repair_all (完全修复性能): -7.8371
  先验容忍度 (Tolerance_prior): 1.0000
  后验容忍度 (Tolerance_post): 0.0000

[4/5] Snoopy上界评估
--------------------------------------------------
Snoopy模块可用，正在评估数据质量上界...
  脏数据上界: 1825.2803
  清洗后上界: 1825.2803
  干净数据上界: 25.4989
  上界提升比例: -0.0000

[5/5] 真值使用成本
--------------------------------------------------
  方法类型: Type 2 (需验证集)
  实际真值使用: 17379
  理想最小成本: 0
  总修改单元格: 0
  正确修复: 0
  错误修复: 0

======================================================================
测评完成，结果已保存到: results/boostclean/bike_boostclean_vzekai/bike_boostclean_vzekai_report.txt
======================================================================
