============================================================
BoostClean 数据清洗
============================================================
脏数据: Data/nasa/dirty_index.csv
干净数据: Data/nasa/clean_index.csv
任务名称: nasa_boostclean_vzekai
Boosting轮数: 5
------------------------------------------------------------
['22', '22..', '0', '0.3048', '55.5', '0.00283081']
['31', '225500..', '0', '0.3048', '39.6', '0.00310138']
['44', '000000..', '0', '0.3048', '39.6', '0.00310138']
['50', '22..00', '0', '0.3048', '31.7', '0.00331266']
['71', '220000..', '1.5', '0.3048', '71.3', '0.00336729']
['74', '44000000..00', '1.5', '0.3048', '71.3', '0.00336729']
['107', '55..', '3', '0.3048', '71.3', '0.00425727']
['118', '112255..', '3', '0.3048', '55.5', '0.00452492']
['126', '8800..', '3', '0.3048', '55.5', '0.00452492']
['155', '550000..', '3', '0.3048', '31.7', '0.00529514']
['169', '00..', '4', '0.3048', '71.3', '0.00497773']
['180', '8800..00', '4', '0.3048', '39.6', '0.00579636']
['181', '0000..00', '4', '0.3048', '39.6', '0.00579636']
['183', '1166..', '4', '0.3048', '39.6', '0.00579636']
['219', '00..00', '0', '0.2286', '39.6', '0.00253511']
['238', 'empty', '0', '0.2286', '31.7', '0.0027238']
['239', '..00', '0', '0.2286', '31.7', '0.0027238']
['243', '663300..00', '0', '0.2286', '31.7', '0.0027238']
['249', '112255..00', '2', '0.2286', '71.3', '0.00293031']
['252', '00..00', '2', '0.2286', '71.3', '0.00293031']
['264', '00..00', '2', '0.2286', '55.5', '0.00313525']
['305', '6600..00', '4', '0.2286', '71.3', '0.00400603']
['333', '5500..', '4', '0.2286', '39.6', '0.00473801']
['340', '..00', '4', '0.2286', '39.6', '0.00473801']
['439', '220000..', '7.3', '0.2286', '31.7', '0.0132672']
['447', '225500..00', '7.3', '0.2286', '31.7', '0.0132672']
['460', '225500..', '0', '0.1524', '71.3', '0.0015988']
['477', '3355..', '0', '0.1524', '55.5', '0.00172668']
['479', 'empty', '0', '0.1524', '55.5', '0.00172668']
['516', '..00', '2.7', '0.1524', '71.3', '0.00243851']
['540', '11000000..00', '2.7', '0.1524', '39.6', '0.00294804']
['547', '..00', '5.4', '0.1524', '71.3', '0.00401199']
['559', '1100..', '5.4', '0.1524', '55.5', '0.00433288']
['567', '..00', '5.4', '0.1524', '55.5', '0.00433288']
['586', '66..00', '5.4', '0.1524', '31.7', '0.00525474']
['614', '3355..', '7.2', '0.1524', '39.6', '0.00909175']
['631', '55..', '9.9', '0.1524', '71.3', '0.0193001']
['659', '00..', '9.9', '0.1524', '55.5', '0.0208438']
['686', '1155..00', '9.9', '0.1524', '31.7', '0.0252785']
['687', '11660000..', '9.9', '0.1524', '31.7', '0.0252785']
['743', '220000..00', '0', '0.0508', '55.5', '0.00076193']
['750', '1100000000', '0', '0.0508', '55.5', '0.00076193']
['762', '0000..00', '0', '0.0508', '39.6', '0.000791822']
['773', '00..', '0', '0.0508', '31.7', '0.000812164']
['819', '00..', '8.4', '0.0508', '55.5', '0.00544854']
['856', '..00', '11.2', '0.0508', '39.6', '0.0150478']
['894', '110000..00', '15.4', '0.0508', '55.5', '0.0271925']
['904', '55..', '15.4', '0.0508', '39.6', '0.0282593']
['956', '110000..', '19.7', '0.0508', '39.6', '0.036484']
['964', '1100..00', '0', '0.0254', '71.3', '0.000400682']
['976', '44000000..00', '0', '0.0254', '55.5', '0.00041229']
['1002', '00..', '0', '0.0254', '31.7', '0.000439472']
['1008', '00..00', '4.8', '0.0254', '71.3', '0.000848633']
['1030', '0000..', '4.8', '0.0254', '55.5', '0.000873218']
['1035', '11..00', '4.8', '0.0254', '39.6', '0.000907475']
['1049', '5500..00', '4.8', '0.0254', '31.7', '0.000930789']
['1096', '55..', '9.5', '0.0254', '39.6', '0.00449821']
['1115', '1155..00', '12.7', '0.0254', '71.3', '0.0121808']
['1116', '00..00', '12.7', '0.0254', '71.3', '0.0121808']
['1147', '1100000000', '12.7', '0.0254', '39.6', '0.0130253']
['1170', '00..', '17.4', '0.0254', '55.5', '0.0165706']
['1171', '00..', '17.4', '0.0254', '55.5', '0.0165706']
['1189', '1122..00', '17.4', '0.0254', '39.6', '0.0172206']
['1301', '3300..00', '3.3', '0.1016', '71.3', '0.00202822']
['1313', '225500..', '3.3', '0.1016', '55.5', '0.002211']
['1332', '000000..', '3.3', '0.1016', '39.6', '0.00245138']
['1342', '..00', '3.3', '0.1016', '31.7', '0.00251435']
['1447', '33..', '12.3', '0.1016', '39.6', '0.0408268']
['1486', '331155..', '15.6', '0.1016', '71.3', '0.0437259']
['1496', '5500..00', '15.6', '0.1016', '39.6', '0.0528487']
['1501', '0000..00', '15.6', '0.1016', '39.6', '0.0528487']
['21', '2000', '00..', '0.3048', '55.5', '0.00283081']
['43', '4000', 'empty', '0.3048', '39.6', '0.00310138']
['53', '500', '00..00', '0.3048', '31.7', '0.00331266']
['79', '12500', '11..55', '0.3048', '71.3', '0.00336729']
['80', '16000', '..', '0.3048', '71.3', '0.00336729']
['92', '4000', '11..', '0.3048', '39.6', '0.00392107']
['96', '10000', '11..55', '0.3048', '39.6', '0.00392107']
['112', '10000', '33..', '0.3048', '71.3', '0.00425727']
['121', '2500', '33..', '0.3048', '55.5', '0.00452492']
['130', '500', 'empty', '0.3048', '39.6', '0.00495741']
['133', '1000', '..00', '0.3048', '39.6', '0.00495741']
['147', '800', 'empty', '0.3048', '31.7', '0.00529514']
['150', '1600', '33..', '0.3048', '31.7', '0.00529514']
['172', '8000', '44..00', '0.3048', '71.3', '0.00497773']
['202', '315', '..', '0.2286', '55.5', '0.00229336']
['203', '400', 'empty', '0.2286', '55.5', '0.00229336']
['212', '3150', '00..', '0.2286', '55.5', '0.00229336']
['227', '4000', '00..', '0.2286', '39.6', '0.00253511']
['229', '6300', '..00', '0.2286', '39.6', '0.00253511']
['255', '5000', '..00', '0.2286', '71.3', '0.00293031']
['284', '5000', '22..00', '0.2286', '39.6', '0.00346574']
['298', '5000', '22..00', '0.2286', '31.7', '0.00372371']
['373', '6300', '..33', '0.2286', '71.3', '0.0051942']
['383', '1250', '55..', '0.2286', '39.6', '0.00614329']
['402', '2500', 'empty', '0.2286', '71.3', '0.0104404']
['403', '3150', '..', '0.2286', '71.3', '0.0104404']
['462', '4000', '00..', '0.1524', '71.3', '0.0015988']
['465', '8000', 'empty', '0.1524', '71.3', '0.0015988']
['470', '630', '..00', '0.1524', '55.5', '0.00172668']
['478', '4000', '..', '0.1524', '55.5', '0.00172668']
['489', '1250', '00..', '0.1524', '39.6', '0.00193287']
['512', '630', '..', '0.1524', '71.3', '0.00243851']
['518', '2500', 'empty', '0.1524', '71.3', '0.00243851']
['519', '3150', '..77', '0.1524', '71.3', '0.00243851']
['526', '16000', '22..77', '0.1524', '71.3', '0.00243851']
['531', '1250', '..', '0.1524', '39.6', '0.00294804']
['539', '8000', 'empty', '0.1524', '39.6', '0.00294804']
['568', '8000', '..44', '0.1524', '55.5', '0.00433288']
['602', '1000', 'empty', '0.1524', '71.3', '0.00752039']
['607', '3150', '77..', '0.1524', '71.3', '0.00752039']
['623', '2500', 'empty', '0.1524', '39.6', '0.00909175']
['629', '10000', 'empty', '0.1524', '39.6', '0.00909175']
['637', '1000', 'empty', '0.1524', '71.3', '0.0193001']
['650', '500', '..99', '0.1524', '55.5', '0.0208438']
['663', '250', '..', '0.1524', '39.6', '0.0233328']
['670', '1250', 'empty', '0.1524', '39.6', '0.0233328']
['702', '1250', '11..', '0.1524', '71.3', '0.0483159']
['706', '3150', '..', '0.1524', '71.3', '0.0483159']
['721', '2500', '..66', '0.1524', '39.6', '0.0584113']
['749', '8000', 'empty', '0.0508', '55.5', '0.00076193']
['754', '1250', 'empty', '0.0508', '39.6', '0.000791822']
['795', '5000', 'empty', '0.0508', '39.6', '0.00152689']
['798', '10000', '44..22', '0.0508', '39.6', '0.00152689']
['828', '2500', '88..', '0.0508', '39.6', '0.00566229']
['830', '4000', '88..', '0.0508', '39.6', '0.00566229']
['845', '400', '11..', '0.0508', '71.3', '0.014072']
['867', '2500', '..22', '0.0508', '39.6', '0.0150478']
['886', '8000', '115544', '0.0508', '71.3', '0.0264269']
['921', '315', '1155..', '0.0508', '31.7', '0.0289853']
['930', '2500', '1155..44', '0.0508', '31.7', '0.0289853']
['955', '800', '11..77', '0.0508', '39.6', '0.036484']
['982', '16000', '..00', '0.0254', '55.5', '0.00041229']
['995', '1000', '..', '0.0254', '31.7', '0.000439472']
['1001', '4000', '..00', '0.0254', '31.7', '0.000439472']
['1029', '16000', 'empty', '0.0254', '55.5', '0.000873218']
['1033', '800', '44..88', '0.0254', '39.6', '0.000907475']
['1038', '2500', '..', '0.0254', '39.6', '0.000907475']
['1047', '800', '..88', '0.0254', '31.7', '0.000930789']
['1066', '4000', 'empty', '0.0254', '71.3', '0.00420654']
['1077', '2500', '99..', '0.0254', '55.5', '0.0043284']
['1083', '250', '..55', '0.0254', '39.6', '0.00449821']
['1087', '630', '99..55', '0.0254', '39.6', '0.00449821']
['1095', '4000', '99..55', '0.0254', '39.6', '0.00449821']
['1149', '250', '77..44', '0.0254', '71.3', '0.016104']
['1158', '2000', '..44', '0.0254', '71.3', '0.016104']
['1175', '2000', '77..44', '0.0254', '55.5', '0.0165706']
['1176', '2500', '1177..44', '0.0254', '55.5', '0.0165706']
['1180', '6300', '11..44', '0.0254', '55.5', '0.0165706']
['1192', '2500', '77..44', '0.0254', '39.6', '0.0172206']
['1213', '500', '22..', '0.0254', '71.3', '0.0214178']
['1215', '800', '22..22', '0.0254', '71.3', '0.0214178']
['1238', '3150', '2222..', '0.0254', '39.6', '0.0229028']
['1253', '10000', '..00', '0.1016', '71.3', '0.00121072']
['1285', '1250', '00..00', '0.1016', '31.7', '0.00150092']
['1303', '5000', '..33', '0.1016', '71.3', '0.00202822']
['1304', '6300', '..', '0.1016', '71.3', '0.00202822']
['1324', '1600', '33..', '0.1016', '39.6', '0.00245138']
['1328', '4000', 'empty', '0.1016', '39.6', '0.00245138']
['1334', '800', '..', '0.1016', '31.7', '0.00251435']
['1338', '2000', 'empty', '0.1016', '31.7', '0.00251435']
['1339', '2500', '33..', '0.1016', '31.7', '0.00251435']
['1377', '2000', '66..', '0.1016', '31.7', '0.00592927']
['1378', '200', '88..99', '0.1016', '71.3', '0.0103088']
['1392', '5000', '88..', '0.1016', '71.3', '0.0103088']
['1413', '400', '1122..', '0.1016', '71.3', '0.0337792']
['1439', '4000', '11..33', '0.1016', '55.5', '0.0368233']
['1441', '6300', '1122..33', '0.1016', '55.5', '0.0368233']
['1443', '250', '..', '0.1016', '39.6', '0.0408268']
['1453', '2500', '22..', '0.1016', '39.6', '0.0408268']
['1484', '2000', 'empty', '0.1016', '71.3', '0.0437259']
['6', '2500', '0', '..0088', '71.3', '0.00266337']
['41', '2500', '0', '..3344', '39.6', '0.00310138']
['45', '6300', '0', '00..88', '39.6', '0.00310138']
['55', '800', '0', '..44', '31.7', '0.00331266']
['63', '5000', '0', '33004488', '31.7', '0.00331266']
['77', '8000', '1.5', '00..3344', '71.3', '0.00336729']
['101', '800', '3', '33004488', '71.3', '0.00425727']
['113', '400', '3', 'empty', '55.5', '0.00452492']
['163', '1000', '4', '..004488', '71.3', '0.00497773']
['170', '5000', '4', '..3300', '71.3', '0.00497773']
['185', '2500', '4', '..33004488', '39.6', '0.00579636']
['218', '500', '0', '..228866', '39.6', '0.00253511']
['220', '800', '0', '00..228866', '39.6', '0.00253511']
['224', '2000', '0', '00..222288', '39.6', '0.00253511']
['251', '2000', '2', '..2288', '71.3', '0.00293031']
['258', '10000', '2', '00..228866', '71.3', '0.00293031']
['281', '2500', '2', '22228866', '39.6', '0.00346574']
['307', '2500', '4', '00..8866', '71.3', '0.00400603']
['314', '12500', '4', '..2222', '71.3', '0.00400603']
['329', '6300', '4', '..88', '55.5', '0.0042862']
['335', '800', '4', '..22', '39.6', '0.00473801']
['437', '5000', '7.3', '..2288', '39.6', '0.0123481']
['448', '1600', '7.3', '00..222266', '31.7', '0.0132672']
['458', '1600', '0', '00..115544', '71.3', '0.0015988']
['471', '800', '0', '..2244', '55.5', '0.00172668']
['488', '1000', '0', '00..44', '39.6', '0.00193287']
['504', '1600', '0', '..', '31.7', '0.00209405']
['513', '800', '2.7', '00..115544', '71.3', '0.00243851']
['521', '5000', '2.7', '00..5522', '71.3', '0.00243851']
['566', '5000', '5.4', '..5522', '55.5', '0.00433288']
['578', '2500', '5.4', '..1122', '39.6', '0.00485029']
['589', '1250', '5.4', '00..552244', '31.7', '0.00525474']
['630', '200', '9.9', '00..5544', '71.3', '0.0193001']
['632', '315', '9.9', '..112244', '71.3', '0.0193001']
['635', '630', '9.9', '..11552244', '71.3', '0.0193001']
['652', '800', '9.9', '..115522', '55.5', '0.0208438']
['672', '2000', '9.9', '..115544', '39.6', '0.0233328']
['688', '2000', '9.9', '..115522', '31.7', '0.0252785']
['719', '1600', '12.6', '00..5544', '39.6', '0.0584113']
['785', '8000', '4.2', '..00', '71.3', '0.00142788']
['786', '10000', '4.2', '00..', '71.3', '0.00142788']
['815', '2000', '8.4', '00..00', '55.5', '0.00544854']
['833', '630', '8.4', '00..00550088', '31.7', '0.00580776']
['850', '1250', '11.2', '..000088', '71.3', '0.014072']
['905', '315', '15.4', '..5588', '39.6', '0.0282593']
['918', '6300', '15.4', '00..0055', '39.6', '0.0282593']
['927', '1250', '15.4', '..0088', '31.7', '0.0289853']
['942', '1000', '19.7', '00..0055', '71.3', '0.0341183']
['959', '2000', '19.7', '..0000', '39.6', '0.036484']
['1003', '6300', '0', '..55', '31.7', '0.000439472']
['1010', '3150', '4.8', '..225544', '71.3', '0.000848633']
['1031', '500', '4.8', '..2255', '39.6', '0.000907475']
['1123', '2000', '12.7', '00..0022', '71.3', '0.0121808']
['1126', '4000', '12.7', '00..22', '71.3', '0.0121808']
['1133', '400', '12.7', '00..2255', '39.6', '0.0130253']
['1134', '500', '12.7', '..', '39.6', '0.0130253']
['1139', '1600', '12.7', '00..0055', '39.6', '0.0130253']
['1143', '4000', '12.7', '00..0044', '39.6', '0.0130253']
['1164', '8000', '17.4', '00..002244', '71.3', '0.016104']
['1205', '1600', '17.4', '00..2244', '31.7', '0.0176631']
['1211', '315', '22.2', '..55', '71.3', '0.0214178']
['1229', '400', '22.2', '..5544', '39.6', '0.0229028']
['1233', '1000', '22.2', '..225544', '39.6', '0.0229028']
['1269', '630', '0', '00..11', '39.6', '0.00146332']
['1271', '1000', '0', '00..110011', '39.6', '0.00146332']
['1295', '800', '3.3', '00..1100', '71.3', '0.00202822']
['1317', '6300', '3.3', '..11', '55.5', '0.002211']
['1333', '630', '3.3', '00..1100', '31.7', '0.00251435']
['1348', '1250', '6.7', '..1166', '71.3', '0.00478288']
['1362', '500', '6.7', '00..66', '39.6', '0.00578076']
['1389', '2500', '8.9', '..0066', '71.3', '0.0103088']
['1402', '1250', '8.9', '00..00', '39.6', '0.0124596']
['1426', '200', '12.3', '00..11001166', '55.5', '0.0368233']
['1427', '250', '12.3', '..110011', '55.5', '0.0368233']
['1446', '500', '12.3', '00..1166', '39.6', '0.0408268']
['1462', '500', '12.3', '..00', '31.7', '0.0418756']
['1473', '6300', '12.3', '00..110011', '31.7', '0.0418756']
['1485', '2500', '15.6', '..1100', '71.3', '0.0437259']
['26', '6300', '0', '0.3048', '55..', '0.00283081']
['54', '630', '0', '0.3048', '11..77', '0.00331266']
['61', '3150', '0', '0.3048', '3311..77', '0.00331266']
['69', '1250', '1.5', '0.3048', '7711..', '0.00336729']
['151', '2000', '3', '0.3048', '331177', '0.00529514']
['177', '400', '4', '0.3048', '33..66', '0.00579636']
['201', '20000', '0', '0.2286', '77..33', '0.00214345']
['213', '4000', '0', '0.2286', '555555', '0.00229336']
['217', '400', '0', '0.2286', '3399..66', '0.00253511']
['231', '400', '0', '0.2286', '33..', '0.0027238']
['270', '5000', '2', '0.2286', '5555..55', '0.00313525']
['275', '630', '2', '0.2286', '33..', '0.00346574']
['280', '2000', '2', '0.2286', '3399..', '0.00346574']
['300', '500', '4', '0.2286', '77..33', '0.00400603']
['336', '1000', '4', '0.2286', '..66', '0.00473801']
['345', '8000', '4', '0.2286', '99..', '0.00473801']
['346', '250', '4', '0.2286', 'empty', '0.00509068']
['356', '2500', '4', '0.2286', 'empty', '0.00509068']
['360', '6300', '4', '0.2286', '11..', '0.00509068']
['379', '500', '5.3', '0.2286', '33..66', '0.00614329']
['380', '630', '5.3', '0.2286', '3399..', '0.00614329']
['382', '1000', '5.3', '0.2286', '3399..66', '0.00614329']
['386', '2500', '5.3', '0.2286', '339966', '0.00614329']
['466', '10000', '0', '0.1524', '7711..', '0.0015988']
['467', '12500', '0', '0.1524', '11..33', '0.0015988']
['509', '5000', '0', '0.1524', '11..', '0.00209405']
['534', '2500', '2.7', '0.1524', '..', '0.00294804']
['543', '500', '5.4', '0.1524', '7711..33', '0.00401199']
['551', '3150', '5.4', '0.1524', '..', '0.00401199']
['572', '630', '5.4', '0.1524', '3399..', '0.00485029']
['582', '6300', '5.4', '0.1524', '33..', '0.00485029']
['598', '400', '7.2', '0.1524', '..33', '0.00752039']
['622', '2000', '7.2', '0.1524', '..', '0.00909175']
['639', '1600', '9.9', '0.1524', '77..33', '0.0193001']
['661', '6300', '9.9', '0.1524', '..55', '0.0208438']
['666', '500', '9.9', '0.1524', '3399..66', '0.0233328']
['712', '315', '12.6', '0.1524', '..', '0.0584113']
['732', '3150', '0', '0.0508', '77..33', '0.000740478']
['755', '1600', '0', '0.0508', '3399..66', '0.000791822']
['774', '6300', '0', '0.0508', '3311..', '0.000812164']
['790', '1600', '4.2', '0.0508', '33..', '0.00152689']
['799', '800', '8.4', '0.0508', '7711..33', '0.00529514']
['801', '1250', '8.4', '0.0508', '..', '0.00529514']
['814', '1600', '8.4', '0.0508', '55..55', '0.00544854']------------------------------------------------------------
执行时间: 0.09 秒
执行状态: 成功
集成大小: 0
真值使用成本: 1503

============================================================
调用统一测评模块 getScoreML
============================================================
2026-01-29 21:06:49.161292: W tensorflow/compiler/xla/stream_executor/platform/default/dso_loader.cc:64] Could not load dynamic library 'libnvinfer.so.7'; dlerror: libnvinfer.so.7: cannot open shared object file: No such file or directory
2026-01-29 21:06:49.161356: W tensorflow/compiler/xla/stream_executor/platform/default/dso_loader.cc:64] Could not load dynamic library 'libnvinfer_plugin.so.7'; dlerror: libnvinfer_plugin.so.7: cannot open shared object file: No such file or directory
2026-01-29 21:06:49.161362: W tensorflow/compiler/tf2tensorrt/utils/py_utils.cc:38] TF-TRT Warning: Cannot dlopen some TensorRT libraries. If you would like to use Nvidia GPU with TensorRT, please make sure the missing libraries mentioned above are installed properly.
[1;34m[21:06:49][0m[1;33m WARNING Snoopy may use all CPU cores! Set env. variable 'SNOOPY_LIMIT_CPU' to 'y' to limit CPU usage. [0m[1;34m(__init__ -> _init_tf_pytorch on MainThread)[0m
2026-01-29 21:06:49.677190: E tensorflow/compiler/xla/stream_executor/cuda/cuda_driver.cc:267] failed call to cuInit: CUDA_ERROR_NO_DEVICE: no CUDA-capable device is detected

['842', '200', '11.2', '0.0508', '7711..33', '0.014072']
['843', '250', '11.2', '0.0508', 'empty', '0.014072']
['848', '800', '11.2', '0.0508', '11..33', '0.014072']
['851', '1600', '11.2', '0.0508', '11..', '0.014072']
['855', '4000', '11.2', '0.0508', '7711..', '0.014072']
['857', '250', '11.2', '0.0508', '..', '0.0150478']
['868', '3150', '11.2', '0.0508', '..', '0.0150478']
['889', '315', '15.4', '0.0508', '..55', '0.0271925']
['903', '200', '15.4', '0.0508', '33..', '0.0282593']
['906', '400', '15.4', '0.0508', '3399..66', '0.0282593']
['907', '500', '15.4', '0.0508', '3399..', '0.0282593']
['914', '2500', '15.4', '0.0508', '..', '0.0282593']
['953', '500', '19.7', '0.0508', '33..', '0.036484']
['985', '2000', '0', '0.0254', '99..', '0.000428464']
['1020', '2000', '4.8', '0.0254', '55..55', '0.000873218']
['1048', '1000', '4.8', '0.0254', '33..77', '0.000930789']
['1067', '5000', '9.5', '0.0254', '..', '0.00420654']
['1074', '1250', '9.5', '0.0254', '..', '0.0043284']
['1079', '4000', '9.5', '0.0254', '5555..55', '0.0043284']
['1080', '5000', '9.5', '0.0254', 'empty', '0.0043284']
['1105', '1000', '9.5', '0.0254', '33..77', '0.00461377']
['1125', '3150', '12.7', '0.0254', '77..33', '0.0121808']
['1178', '4000', '17.4', '0.0254', '..', '0.0165706']
['1187', '800', '17.4', '0.0254', '33..66', '0.0172206']
['1265', '6300', '0', '0.1016', '5555..55', '0.00131983']
['1298', '1600', '3.3', '0.1016', '..33', '0.00202822']
['1305', '8000', '3.3', '0.1016', 'empty', '0.00202822']
['1311', '1600', '3.3', '0.1016', '55..55', '0.002211']
['1321', '800', '3.3', '0.1016', '3399..', '0.00245138']
['1323', '1250', '3.3', '0.1016', '3399..66', '0.00245138']
['1325', '2000', '3.3', '0.1016', '..66', '0.00245138']
['1382', '500', '8.9', '0.1016', '7711..33', '0.0103088']
['1385', '1000', '8.9', '0.1016', '771133', '0.0103088']
['1398', '500', '8.9', '0.1016', '339966', '0.0124596']
['1405', '2500', '8.9', '0.1016', '339966', '0.0124596']
['1408', '5000', '8.9', '0.1016', '99..', '0.0124596']
['1412', '315', '12.3', '0.1016', '11..33', '0.0337792']
['1422', '3150', '12.3', '0.1016', 'empty', '0.0337792']
['1469', '2500', '12.3', '0.1016', '11..77', '0.0418756']
['1475', '250', '15.6', '0.1016', '11..33', '0.0437259']
['1493', '630', '15.6', '0.1016', '339966', '0.0528487']
['51', '315', '0', '0.3048', '31.7', '00..33116666']
['94', '6300', '1.5', '0.3048', '39.6', '..0000339922110077']
['157', '250', '4', '0.3048', '71.3', '00..0000449977777733']
['215', '6300', '0', '0.2286', '55.5', '..002266']
['257', '8000', '2', '0.2286', '71.3', '00..00229900']
['259', '400', '2', '0.2286', '55.5', '00..00331155']
['274', '500', '2', '0.2286', '39.6', '00..0000336677']
['288', '500', '2', '0.2286', '31.7', '00..0000777711']
['306', '2000', '4', '0.2286', '71.3', '..00006633']
['334', '630', '4', '0.2286', '39.6', '..007733880011']
['338', '1600', '4', '0.2286', '39.6', '..004433']
['342', '4000', '4', '0.2286', '39.6', '00..00443300']
['385', '2000', '5.3', '0.2286', '39.6', '00..0044332299']
['395', '500', '7.3', '0.2286', '71.3', '..0011004444']
['461', '3150', '0', '0.1524', '71.3', '00..0011559988']
['468', '16000', '0', '0.1524', '71.3', '..11559988']
['473', '1250', '0', '0.1524', '55.5', '00..00226666']
['496', '6300', '0', '0.1524', '39.6', '00..11332288']
['517', '2000', '2.7', '0.1524', '71.3', '..2244338811']
['524', '10000', '2.7', '0.1524', '71.3', '00..4411']
['580', '4000', '5.4', '0.1524', '39.6', '..00004422']
['592', '2500', '5.4', '0.1524', '31.7', '..0055224477']
['595', '5000', '5.4', '0.1524', '31.7', '00..00002244']
['605', '2000', '7.2', '0.1524', '71.3', '00..00223399']
['608', '4000', '7.2', '0.1524', '71.3', '..00550033']
['618', '800', '7.2', '0.1524', '39.6', '..990099117755']
['636', '800', '9.9', '0.1524', '71.3', '..0099000011']
['654', '1250', '9.9', '0.1524', '55.5', '..223388']
['677', '6300', '9.9', '0.1524', '39.6', '..00333388']
['680', '315', '9.9', '0.1524', '31.7', '..0022778855']
['691', '4000', '9.9', '0.1524', '31.7', '..00228855']
['699', '630', '12.6', '0.1524', '71.3', '..8833']
['782', '4000', '4.2', '0.0508', '71.3', '00..227788']
['784', '6300', '4.2', '0.0508', '71.3', '00..4422778888']
['838', '2000', '8.4', '0.0508', '31.7', '..008800']
['853', '2500', '11.2', '0.0508', '71.3', '..004422']
['869', '4000', '11.2', '0.0508', '39.6', '00..5577']
['916', '4000', '15.4', '0.0508', '39.6', '00..00222255']
['936', '250', '19.7', '0.0508', '71.3', '..0033441111']
['967', '6300', '0', '0.0254', '71.3', '00..00000044000022']
['970', '12500', '0', '0.0254', '71.3', '00..0044008822']
['971', '16000', '0', '0.0254', '71.3', '00..000000668822']
['974', '2500', '0', '0.0254', '55.5', '00..00000044222299']
['977', '5000', '0', '0.0254', '55.5', '00..000044112299']
['1017', '16000', '4.8', '0.0254', '71.3', '..4433']
['1022', '3150', '4.8', '0.0254', '55.5', '..8822']
['1039', '3150', '4.8', '0.0254', '39.6', '00..0000990077']
['1103', '630', '9.5', '0.0254', '31.7', '..44337777']
['1142', '3150', '12.7', '0.0254', '39.6', '00..00']
['1179', '5000', '17.4', '0.0254', '55.5', '..00667766']
['1185', '500', '17.4', '0.0254', '39.6', '..0011772200']
['1216', '1000', '22.2', '0.0254', '71.3', '2.21144E+11']
['1223', '5000', '22.2', '0.0254', '71.3', '00..111188']
['1245', '1600', '0', '0.1016', '71.3', '00..0011221122']
['1273', '1600', '0', '0.1016', '39.6', '00..00116633']
['1278', '5000', '0', '0.1016', '39.6', '..004433']
['1293', '8000', '0', '0.1016', '31.7', '00..00550099']
['1319', '10000', '3.3', '0.1016', '55.5', '00..0000']
['1335', '1000', '3.3', '0.1016', '31.7', '2.25511E+11']
['1456', '5000', '12.3', '0.1016', '39.6', '00..00']
['1471', '4000', '12.3', '0.1016', '31.7', '00..00445566']
['1472', '5000', '12.3', '0.1016', '31.7', '..00887766']
['1502', '5000', '15.6', '0.1016', '39.6', '..004488']
BoostClean执行出错: __init__() got an unexpected keyword argument 'vector_size'
======================================================================
Clean4MLBaseline 统一测评 - nasa_boostclean_vzekai
======================================================================

[1/5] 传统清洗指标
--------------------------------------------------
调试文件已保存到: results/boostclean/nasa_boostclean_vzekai/debug
修复准确率: 0.0, 修复召回率: 0.0, F1值: 0.0
========================================
错误减少率 (EDR): 0.0
========================================
混合距离 (Hybrid Distance): 0.28305959531011443
========================================
基于条目的错误减少率 (R-EDR): 0.0
========================================
numeric: Index(['frequency', 'angle', 'chord_length', 'velocity', 'thickness',
       'sound_pressure_level'],
      dtype='object')
categorical: (none)
列级平均RMSE (数值列, 归一化): 103303686535.009689
  frequency: 12791.453439
  angle: 514.759162
  chord_length: 15262836.742180
  velocity: 2012.756027
  thickness: 619806841054.347290
  sound_pressure_level: 0.000000
列级平均F1: N/A (无类别列)
========================================

[2/5] 下游任务性能 (regression)
--------------------------------------------------
RF - MSE: 29.9636, R2: 0.4019, MAE: 4.0410, RMSE: 5.4739
LR - MSE: 46.2541, R2: 0.0767, MAE: 5.5600, RMSE: 6.8010
RIDGE - MSE: 46.2556, R2: 0.0767, MAE: 5.5602, RMSE: 6.8011
LASSO - MSE: 49.2217, R2: 0.0175, MAE: 5.7417, RMSE: 7.0158
KNN - MSE: 47.7481, R2: 0.0469, MAE: 5.5978, RMSE: 6.9100
GB - MSE: 30.8328, R2: 0.3846, MAE: 4.3716, RMSE: 5.5527

[3/5] 模型容忍度
--------------------------------------------------

容忍度计算结果:
  P_do_nothing (脏数据性能): -64.5243
  P_demand_clean (清洗后性能): -64.5243
  P_repair_all (完全修复性能): -3.3429
  先验容忍度 (Tolerance_prior): 1.0000
  后验容忍度 (Tolerance_post): 0.0000

[4/5] Snoopy上界评估
--------------------------------------------------
Snoopy模块可用，正在评估数据质量上界...
  脏数据上界: 33.0118
  清洗后上界: 33.0118
  干净数据上界: 13.0157
  上界提升比例: -0.0000

[5/5] 真值使用成本
--------------------------------------------------
  方法类型: Type 2 (需验证集)
  实际真值使用: 1503结果已保存到: results/boostclean/nasa_boostclean_vzekai
日志文件: results/boostclean/nasa_boostclean_vzekai/nasa_boostclean_vzekai.log
============================================================

  理想最小成本: 0
  总修改单元格: 0
  正确修复: 0
  错误修复: 0

======================================================================
测评完成，结果已保存到: results/boostclean/nasa_boostclean_vzekai/nasa_boostclean_vzekai_report.txt
======================================================================
