2026-01-29 19:51:07,644 - INFO - ============================================================
2026-01-29 19:51:07,644 - INFO - RepairAll Baseline (完美修复)
2026-01-29 19:51:07,645 - INFO - ============================================================
2026-01-29 19:51:07,645 - INFO - 脏数据: Data/beers/dirty_index.csv
2026-01-29 19:51:07,645 - INFO - 干净数据: Data/beers/clean_index.csv
2026-01-29 19:51:07,645 - INFO - 任务名称: beers_repairall_vzekai
2026-01-29 19:51:07,645 - INFO - ------------------------------------------------------------
2026-01-29 19:51:07,989 - INFO - 输出数据已保存: results/repairall/beers_repairall_vzekai/beers_repairall_vzekai_cleaned.csv
2026-01-29 19:51:07,989 - INFO - 原始行数: 2410
2026-01-29 19:51:07,989 - INFO - 修复单元格数: 3358
2026-01-29 19:51:07,989 - INFO - ------------------------------------------------------------
2026-01-29 19:51:07,989 - INFO - 执行时间: 0.34 秒
2026-01-29 19:51:07,989 - INFO - 执行状态: 成功
2026-01-29 19:51:07,989 - INFO - 真值使用成本: 3358
2026-01-29 19:51:07,989 - INFO - 
2026-01-29 19:51:07,989 - INFO - ============================================================
2026-01-29 19:51:07,989 - INFO - 调用统一测评模块 getScoreML
2026-01-29 19:51:07,989 - INFO - ============================================================
2026-01-29 19:51:58.157744: W tensorflow/compiler/xla/stream_executor/platform/default/dso_loader.cc:64] Could not load dynamic library 'libnvinfer.so.7'; dlerror: libnvinfer.so.7: cannot open shared object file: No such file or directory
2026-01-29 19:51:58.157807: W tensorflow/compiler/xla/stream_executor/platform/default/dso_loader.cc:64] Could not load dynamic library 'libnvinfer_plugin.so.7'; dlerror: libnvinfer_plugin.so.7: cannot open shared object file: No such file or directory
2026-01-29 19:51:58.157813: W tensorflow/compiler/tf2tensorrt/utils/py_utils.cc:38] TF-TRT Warning: Cannot dlopen some TensorRT libraries. If you would like to use Nvidia GPU with TensorRT, please make sure the missing libraries mentioned above are installed properly.
/home/qianzekai/miniconda3/envs/multibaseline/lib/python3.7/site-packages/sklearn/metrics/_classification.py:1245: UndefinedMetricWarning: Precision is ill-defined and being set to 0.0 in labels with no predicted samples. Use `zero_division` parameter to control this behavior.
  _warn_prf(average, modifier, msg_start, len(result))
/home/qianzekai/miniconda3/envs/multibaseline/lib/python3.7/site-packages/sklearn/metrics/_classification.py:1245: UndefinedMetricWarning: Recall is ill-defined and being set to 0.0 in labels with no true samples. Use `zero_division` parameter to control this behavior.
  _warn_prf(average, modifier, msg_start, len(result))
/home/qianzekai/miniconda3/envs/multibaseline/lib/python3.7/site-packages/sklearn/metrics/_classification.py:1245: UndefinedMetricWarning: Precision is ill-defined and being set to 0.0 in labels with no predicted samples. Use `zero_division` parameter to control this behavior.
  _warn_prf(average, modifier, msg_start, len(result))
/home/qianzekai/miniconda3/envs/multibaseline/lib/python3.7/site-packages/sklearn/metrics/_classification.py:1245: UndefinedMetricWarning: Recall is ill-defined and being set to 0.0 in labels with no true samples. Use `zero_division` parameter to control this behavior.
  _warn_prf(average, modifier, msg_start, len(result))
/home/qianzekai/miniconda3/envs/multibaseline/lib/python3.7/site-packages/sklearn/metrics/_classification.py:1245: UndefinedMetricWarning: Precision is ill-defined and being set to 0.0 in labels with no predicted samples. Use `zero_division` parameter to control this behavior.
  _warn_prf(average, modifier, msg_start, len(result))
/home/qianzekai/miniconda3/envs/multibaseline/lib/python3.7/site-packages/sklearn/metrics/_classification.py:1245: UndefinedMetricWarning: Precision is ill-defined and being set to 0.0 in labels with no predicted samples. Use `zero_division` parameter to control this behavior.
  _warn_prf(average, modifier, msg_start, len(result))
/home/qianzekai/miniconda3/envs/multibaseline/lib/python3.7/site-packages/sklearn/metrics/_classification.py:1245: UndefinedMetricWarning: Recall is ill-defined and being set to 0.0 in labels with no true samples. Use `zero_division` parameter to control this behavior.
  _warn_prf(average, modifier, msg_start, len(result))
/home/qianzekai/miniconda3/envs/multibaseline/lib/python3.7/site-packages/sklearn/metrics/_classification.py:1245: UndefinedMetricWarning: Precision is ill-defined and being set to 0.0 in labels with no predicted samples. Use `zero_division` parameter to control this behavior.
  _warn_prf(average, modifier, msg_start, len(result))
/home/qianzekai/miniconda3/envs/multibaseline/lib/python3.7/site-packages/sklearn/metrics/_classification.py:1245: UndefinedMetricWarning: Recall is ill-defined and being set to 0.0 in labels with no true samples. Use `zero_division` parameter to control this behavior.
  _warn_prf(average, modifier, msg_start, len(result))
/home/qianzekai/miniconda3/envs/multibaseline/lib/python3.7/site-packages/sklearn/metrics/_classification.py:1245: UndefinedMetricWarning: Precision is ill-defined and being set to 0.0 in labels with no predicted samples. Use `zero_division` parameter to control this behavior.
  _warn_prf(average, modifier, msg_start, len(result))
/home/qianzekai/miniconda3/envs/multibaseline/lib/python3.7/site-packages/sklearn/metrics/_classification.py:1245: UndefinedMetricWarning: Recall is ill-defined and being set to 0.0 in labels with no true samples. Use `zero_division` parameter to control this behavior.
  _warn_prf(average, modifier, msg_start, len(result))
[1;34m[19:51:58][0m[1;33m WARNING Snoopy may use all CPU cores! Set env. variable 'SNOOPY_LIMIT_CPU' to 'y' to limit CPU usage. [0m[1;34m(__init__ -> _init_tf_pytorch on MainThread)[0m
2026-01-29 19:51:58.722878: E tensorflow/compiler/xla/stream_executor/cuda/cuda_driver.cc:267] failed call to cuInit: CUDA_ERROR_NO_DEVICE: no CUDA-capable device is detected
/home/qianzekai/miniconda3/envs/multibaseline/lib/python3.7/site-packages/sklearn/model_selection/_split.py:668: UserWarning: The least populated class in y has only 1 members, which is less than n_splits=5.
  % (min_groups, self.n_splits)), UserWarning)
/home/qianzekai/miniconda3/envs/multibaseline/lib/python3.7/site-packages/sklearn/model_selection/_split.py:668: UserWarning: The least populated class in y has only 1 members, which is less than n_splits=5.
  % (min_groups, self.n_splits)), UserWarning)
/home/qianzekai/miniconda3/envs/multibaseline/lib/python3.7/site-packages/sklearn/model_selection/_split.py:668: UserWarning: The least populated class in y has only 1 members, which is less than n_splits=5.
  % (min_groups, self.n_splits)), UserWarning)
2026-01-29 19:52:24,717 - INFO - 结果已保存到: results/repairall/beers_repairall_vzekai
2026-01-29 19:52:24,717 - INFO - 日志文件: results/repairall/beers_repairall_vzekai/beers_repairall_vzekai.log
2026-01-29 19:52:24,717 - INFO - ============================================================
RepairAll: 读取脏数据 2410 行, 11 列
RepairAll: 读取干净数据 2410 行, 11 列
RepairAll: 修复了 3358 个单元格
RepairAll: 输出保存到 results/repairall/beers_repairall_vzekai/beers_repairall_vzekai_cleaned.csv
======================================================================
Clean4MLBaseline 统一测评 - beers_repairall_vzekai
======================================================================

[1/5] 传统清洗指标
--------------------------------------------------
调试文件已保存到: results/repairall/beers_repairall_vzekai/debug
修复准确率: 1.0, 修复召回率: 1.0, F1值: 0.99999999995
========================================
错误减少率 (EDR): 1.0
========================================
混合距离 (Hybrid Distance): 0.0
========================================
基于条目的错误减少率 (R-EDR): 1.0
========================================
numeric: Index(['id'], dtype='object')
categorical: Index(['beer_name', 'style', 'ounces', 'abv', 'ibu', 'brewery_id',
       'brewery_name', 'city', 'state'],
      dtype='object')
列级平均RMSE (数值列, 归一化): 0.000000
  id: 0.000000
列级平均F1 (类别列, weighted): 1.000000
  beer_name: 1.000000
  style: 1.000000
  ounces: 1.000000
  abv: 1.000000
  ibu: 1.000000
  brewery_id: 1.000000
  brewery_name: 1.000000
  city: 1.000000
  state: 1.000000
========================================

[2/5] 下游任务性能 (classification)
--------------------------------------------------
RF - Accuracy: 0.4004, F1: 0.3557, Precision: 0.3621, Recall: 0.4004
LR - Accuracy: 0.2241, F1: 0.1236, Precision: 0.0928, Recall: 0.2241
SVM - Accuracy: 0.2614, F1: 0.1686, Precision: 0.1475, Recall: 0.2614
KNN - Accuracy: 0.2220, F1: 0.1869, Precision: 0.1755, Recall: 0.2220
DT - Accuracy: 0.3631, F1: 0.3634, Precision: 0.3811, Recall: 0.3631
GB - Accuracy: 0.3527, F1: 0.3212, Precision: 0.3241, Recall: 0.3527

[3/5] 模型容忍度
--------------------------------------------------

容忍度计算结果:
  P_do_nothing (脏数据性能): 0.3797
  P_demand_clean (清洗后性能): 0.3859
  P_repair_all (完全修复性能): 0.3859
  先验容忍度 (Tolerance_prior): 1.0164
  后验容忍度 (Tolerance_post): 1.0000

[4/5] Snoopy上界评估
--------------------------------------------------
Snoopy模块可用，正在评估数据质量上界...
  脏数据上界: 0.2606
  清洗后上界: 0.2581
  干净数据上界: 0.2581
  上界提升比例: 1.0000

[5/5] 真值使用成本
--------------------------------------------------
  方法类型: Type 2 (需验证集)
  实际真值使用: 3358
  理想最小成本: 3358
  总修改单元格: 3358
  正确修复: 3358
  错误修复: 0

======================================================================
测评完成，结果已保存到: results/repairall/beers_repairall_vzekai/beers_repairall_vzekai_report.txt
======================================================================
