2026-01-29 19:52:25,577 - INFO - ============================================================
2026-01-29 19:52:25,577 - INFO - RepairAll Baseline (完美修复)
2026-01-29 19:52:25,577 - INFO - ============================================================
2026-01-29 19:52:25,577 - INFO - 脏数据: Data/bike/dirty_index.csv
2026-01-29 19:52:25,577 - INFO - 干净数据: Data/bike/clean_index.csv
2026-01-29 19:52:25,577 - INFO - 任务名称: bike_repairall_vzekai
2026-01-29 19:52:25,577 - INFO - ------------------------------------------------------------
2026-01-29 19:52:29,721 - INFO - 输出数据已保存: results/repairall/bike_repairall_vzekai/bike_repairall_vzekai_cleaned.csv
2026-01-29 19:52:29,721 - INFO - 原始行数: 17379
2026-01-29 19:52:29,721 - INFO - 修复单元格数: 189097
2026-01-29 19:52:29,721 - INFO - ------------------------------------------------------------
2026-01-29 19:52:29,721 - INFO - 执行时间: 4.14 秒
2026-01-29 19:52:29,721 - INFO - 执行状态: 成功
2026-01-29 19:52:29,721 - INFO - 真值使用成本: 189097
2026-01-29 19:52:29,721 - INFO - 
2026-01-29 19:52:29,721 - INFO - ============================================================
2026-01-29 19:52:29,721 - INFO - 调用统一测评模块 getScoreML
2026-01-29 19:52:29,722 - INFO - ============================================================
2026-01-29 19:53:25.503758: W tensorflow/compiler/xla/stream_executor/platform/default/dso_loader.cc:64] Could not load dynamic library 'libnvinfer.so.7'; dlerror: libnvinfer.so.7: cannot open shared object file: No such file or directory
2026-01-29 19:53:25.503820: W tensorflow/compiler/xla/stream_executor/platform/default/dso_loader.cc:64] Could not load dynamic library 'libnvinfer_plugin.so.7'; dlerror: libnvinfer_plugin.so.7: cannot open shared object file: No such file or directory
2026-01-29 19:53:25.503827: W tensorflow/compiler/tf2tensorrt/utils/py_utils.cc:38] TF-TRT Warning: Cannot dlopen some TensorRT libraries. If you would like to use Nvidia GPU with TensorRT, please make sure the missing libraries mentioned above are installed properly.
[1;34m[19:53:26][0m[1;33m WARNING Snoopy may use all CPU cores! Set env. variable 'SNOOPY_LIMIT_CPU' to 'y' to limit CPU usage. [0m[1;34m(__init__ -> _init_tf_pytorch on MainThread)[0m
2026-01-29 19:53:26.094637: E tensorflow/compiler/xla/stream_executor/cuda/cuda_driver.cc:267] failed call to cuInit: CUDA_ERROR_NO_DEVICE: no CUDA-capable device is detected
2026-01-29 19:58:02,072 - INFO - 结果已保存到: results/repairall/bike_repairall_vzekai
2026-01-29 19:58:02,072 - INFO - 日志文件: results/repairall/bike_repairall_vzekai/bike_repairall_vzekai.log
2026-01-29 19:58:02,072 - INFO - ============================================================
RepairAll: 读取脏数据 17379 行, 17 列
RepairAll: 读取干净数据 17379 行, 17 列
RepairAll: 修复了 189097 个单元格
RepairAll: 输出保存到 results/repairall/bike_repairall_vzekai/bike_repairall_vzekai_cleaned.csv
======================================================================
Clean4MLBaseline 统一测评 - bike_repairall_vzekai
======================================================================

[1/5] 传统清洗指标
--------------------------------------------------
调试文件已保存到: results/repairall/bike_repairall_vzekai/debug
修复准确率: 1.0, 修复召回率: 1.0, F1值: 0.99999999995
========================================
错误减少率 (EDR): 1.0
========================================
混合距离 (Hybrid Distance): 0.0
========================================
基于条目的错误减少率 (R-EDR): 1.0
========================================
numeric: Index(['dteday', 'season', 'yr', 'mnth', 'hr', 'holiday', 'weekday',
       'workingday', 'weathersit', 'temp', 'atemp', 'hum', 'windspeed',
       'casual', 'registered', 'cnt'],
      dtype='object')
categorical: (none)
列级平均RMSE (数值列, 归一化): 0.000000
  dteday: 0.000000
  season: 0.000000
  yr: 0.000000
  mnth: 0.000000
  hr: 0.000000
  holiday: 0.000000
  weekday: 0.000000
  workingday: 0.000000
  weathersit: 0.000000
  temp: 0.000000
  atemp: 0.000000
  hum: 0.000000
  windspeed: 0.000000
  casual: 0.000000
  registered: 0.000000
  cnt: 0.000000
列级平均F1: N/A (无类别列)
========================================

[2/5] 下游任务性能 (regression)
--------------------------------------------------
RF - MSE: 7.8822, R2: 0.9998, MAE: 0.9703, RMSE: 2.8075
LR - MSE: 0.0000, R2: 1.0000, MAE: 0.0000, RMSE: 0.0000
RIDGE - MSE: 0.0002, R2: 1.0000, MAE: 0.0095, RMSE: 0.0131
LASSO - MSE: 1.2439, R2: 1.0000, MAE: 0.8739, RMSE: 1.1153
KNN - MSE: 1173.8104, R2: 0.9629, MAE: 25.4957, RMSE: 34.2609
GB - MSE: 28.4087, R2: 0.9991, MAE: 3.3149, RMSE: 5.3300

[3/5] 模型容忍度
--------------------------------------------------

容忍度计算结果:
  P_do_nothing (脏数据性能): -4012.2852
  P_demand_clean (清洗后性能): -7.8371
  P_repair_all (完全修复性能): -7.8371
  先验容忍度 (Tolerance_prior): 0.0020
  后验容忍度 (Tolerance_post): 1.0000

[4/5] Snoopy上界评估
--------------------------------------------------
Snoopy模块可用，正在评估数据质量上界...
  脏数据上界: 1825.2803
  清洗后上界: 25.4989
  干净数据上界: 25.4989
  上界提升比例: 1.0000

[5/5] 真值使用成本
--------------------------------------------------
  方法类型: Type 2 (需验证集)
  实际真值使用: 189097
  理想最小成本: 44324
  总修改单元格: 44324
  正确修复: 44324
  错误修复: 0

======================================================================
测评完成，结果已保存到: results/repairall/bike_repairall_vzekai/bike_repairall_vzekai_report.txt
======================================================================
