2026-01-29 19:58:02,974 - INFO - ============================================================
2026-01-29 19:58:02,974 - INFO - RepairAll Baseline (完美修复)
2026-01-29 19:58:02,974 - INFO - ============================================================
2026-01-29 19:58:02,974 - INFO - 脏数据: Data/breast_cancer/dirty_index.csv
2026-01-29 19:58:02,974 - INFO - 干净数据: Data/breast_cancer/clean_index.csv
2026-01-29 19:58:02,974 - INFO - 任务名称: breast_cancer_repairall_vzekai
2026-01-29 19:58:02,974 - INFO - ------------------------------------------------------------
2026-01-29 19:58:03,081 - INFO - 输出数据已保存: results/repairall/breast_cancer_repairall_vzekai/breast_cancer_repairall_vzekai_cleaned.csv
2026-01-29 19:58:03,081 - INFO - 原始行数: 699
2026-01-29 19:58:03,081 - INFO - 修复单元格数: 3747
2026-01-29 19:58:03,081 - INFO - ------------------------------------------------------------
2026-01-29 19:58:03,081 - INFO - 执行时间: 0.11 秒
2026-01-29 19:58:03,081 - INFO - 执行状态: 成功
2026-01-29 19:58:03,082 - INFO - 真值使用成本: 3747
2026-01-29 19:58:03,082 - INFO - 
2026-01-29 19:58:03,082 - INFO - ============================================================
2026-01-29 19:58:03,082 - INFO - 调用统一测评模块 getScoreML
2026-01-29 19:58:03,082 - INFO - ============================================================
2026-01-29 19:58:06.683066: W tensorflow/compiler/xla/stream_executor/platform/default/dso_loader.cc:64] Could not load dynamic library 'libnvinfer.so.7'; dlerror: libnvinfer.so.7: cannot open shared object file: No such file or directory
2026-01-29 19:58:06.683160: W tensorflow/compiler/xla/stream_executor/platform/default/dso_loader.cc:64] Could not load dynamic library 'libnvinfer_plugin.so.7'; dlerror: libnvinfer_plugin.so.7: cannot open shared object file: No such file or directory
2026-01-29 19:58:06.683170: W tensorflow/compiler/tf2tensorrt/utils/py_utils.cc:38] TF-TRT Warning: Cannot dlopen some TensorRT libraries. If you would like to use Nvidia GPU with TensorRT, please make sure the missing libraries mentioned above are installed properly.
[1;34m[19:58:07][0m[1;33m WARNING Snoopy may use all CPU cores! Set env. variable 'SNOOPY_LIMIT_CPU' to 'y' to limit CPU usage. [0m[1;34m(__init__ -> _init_tf_pytorch on MainThread)[0m
2026-01-29 19:58:07.303508: E tensorflow/compiler/xla/stream_executor/cuda/cuda_driver.cc:267] failed call to cuInit: CUDA_ERROR_NO_DEVICE: no CUDA-capable device is detected
2026-01-29 19:58:13,782 - INFO - 结果已保存到: results/repairall/breast_cancer_repairall_vzekai
2026-01-29 19:58:13,783 - INFO - 日志文件: results/repairall/breast_cancer_repairall_vzekai/breast_cancer_repairall_vzekai.log
2026-01-29 19:58:13,783 - INFO - ============================================================
RepairAll: 读取脏数据 699 行, 11 列
RepairAll: 读取干净数据 699 行, 11 列
RepairAll: 修复了 3747 个单元格
RepairAll: 输出保存到 results/repairall/breast_cancer_repairall_vzekai/breast_cancer_repairall_vzekai_cleaned.csv
======================================================================
Clean4MLBaseline 统一测评 - breast_cancer_repairall_vzekai
======================================================================

[1/5] 传统清洗指标
--------------------------------------------------
调试文件已保存到: results/repairall/breast_cancer_repairall_vzekai/debug
修复准确率: 1.0, 修复召回率: 1.0, F1值: 0.99999999995
========================================
错误减少率 (EDR): 1.0
========================================
混合距离 (Hybrid Distance): 0.0
========================================
基于条目的错误减少率 (R-EDR): 1.0
========================================
numeric: Index(['Clump Thickness', 'Uniformity of Cell Size',
       'Uniformity of Cell Shape', 'Marginal Adhesion',
       'Single Epithelial Cell Size', 'Bland Chromatin', 'Normal Nucleoli',
       'Mitoses', 'class'],
      dtype='object')
categorical: Index(['Bare Nuclei'], dtype='object')
列级平均RMSE (数值列, 归一化): 0.000000
  Clump Thickness: 0.000000
  Uniformity of Cell Size: 0.000000
  Uniformity of Cell Shape: 0.000000
  Marginal Adhesion: 0.000000
  Single Epithelial Cell Size: 0.000000
  Bland Chromatin: 0.000000
  Normal Nucleoli: 0.000000
  Mitoses: 0.000000
  class: 0.000000
列级平均F1 (类别列, weighted): 1.000000
  Bare Nuclei: 1.000000
========================================

[2/5] 下游任务性能 (classification)
--------------------------------------------------
RF - Accuracy: 0.9786, F1: 0.9786, Precision: 0.9788, Recall: 0.9786
LR - Accuracy: 0.9643, F1: 0.9642, Precision: 0.9642, Recall: 0.9643
SVM - Accuracy: 0.9643, F1: 0.9644, Precision: 0.9646, Recall: 0.9643
KNN - Accuracy: 0.9786, F1: 0.9787, Precision: 0.9799, Recall: 0.9786
DT - Accuracy: 0.9571, F1: 0.9574, Precision: 0.9581, Recall: 0.9571
GB - Accuracy: 0.9714, F1: 0.9714, Precision: 0.9714, Recall: 0.9714

[3/5] 模型容忍度
--------------------------------------------------

容忍度计算结果:
  P_do_nothing (脏数据性能): 0.9640
  P_demand_clean (清洗后性能): 0.9712
  P_repair_all (完全修复性能): 0.9712
  先验容忍度 (Tolerance_prior): 1.0075
  后验容忍度 (Tolerance_post): 1.0000

[4/5] Snoopy上界评估
--------------------------------------------------
Snoopy模块可用，正在评估数据质量上界...
  脏数据上界: 0.9371
  清洗后上界: 0.9557
  干净数据上界: 0.9557
  上界提升比例: 1.0000

[5/5] 真值使用成本
--------------------------------------------------
  方法类型: Type 2 (需验证集)
  实际真值使用: 3747
  理想最小成本: 3747
  总修改单元格: 3747
  正确修复: 3747
  错误修复: 0

======================================================================
测评完成，结果已保存到: results/repairall/breast_cancer_repairall_vzekai/breast_cancer_repairall_vzekai_report.txt
======================================================================
