2026-02-03 16:23:07,604 - INFO - ============================================================
2026-02-03 16:23:07,604 - INFO - RepairAll Baseline (完美修复)
2026-02-03 16:23:07,605 - INFO - ============================================================
2026-02-03 16:23:07,605 - INFO - 脏数据: Data/har/dirty_index.csv
2026-02-03 16:23:07,605 - INFO - 干净数据: Data/har/clean_index.csv
2026-02-03 16:23:07,605 - INFO - 任务名称: har_repairall_vzekai
2026-02-03 16:23:07,605 - INFO - ------------------------------------------------------------
2026-02-03 16:23:11,626 - INFO - 输出数据已保存: results/repairall/har_repairall_vzekai/har_repairall_vzekai_cleaned.csv
2026-02-03 16:23:11,626 - INFO - 原始行数: 70000
2026-02-03 16:23:11,626 - INFO - 修复单元格数: 39122
2026-02-03 16:23:11,626 - INFO - ------------------------------------------------------------
2026-02-03 16:23:11,626 - INFO - 执行时间: 4.02 秒
2026-02-03 16:23:11,626 - INFO - 执行状态: 成功
2026-02-03 16:23:11,626 - INFO - 真值使用成本: 39122
2026-02-03 16:23:11,626 - INFO - 
2026-02-03 16:23:11,627 - INFO - ============================================================
2026-02-03 16:23:11,627 - INFO - 调用统一测评模块 getScoreML
2026-02-03 16:23:11,627 - INFO - ============================================================
2026-02-03 16:25:00.017385: W tensorflow/compiler/xla/stream_executor/platform/default/dso_loader.cc:64] Could not load dynamic library 'libnvinfer.so.7'; dlerror: libnvinfer.so.7: cannot open shared object file: No such file or directory
2026-02-03 16:25:00.017473: W tensorflow/compiler/xla/stream_executor/platform/default/dso_loader.cc:64] Could not load dynamic library 'libnvinfer_plugin.so.7'; dlerror: libnvinfer_plugin.so.7: cannot open shared object file: No such file or directory
2026-02-03 16:25:00.017481: W tensorflow/compiler/tf2tensorrt/utils/py_utils.cc:38] TF-TRT Warning: Cannot dlopen some TensorRT libraries. If you would like to use Nvidia GPU with TensorRT, please make sure the missing libraries mentioned above are installed properly.
[1;34m[16:25:00][0m[1;33m WARNING Snoopy may use all CPU cores! Set env. variable 'SNOOPY_LIMIT_CPU' to 'y' to limit CPU usage. [0m[1;34m(__init__ -> _init_tf_pytorch on MainThread)[0m
2026-02-03 16:25:00.577829: E tensorflow/compiler/xla/stream_executor/cuda/cuda_driver.cc:267] failed call to cuInit: CUDA_ERROR_NO_DEVICE: no CUDA-capable device is detected
2026-02-03 16:28:09,802 - INFO - 结果已保存到: results/repairall/har_repairall_vzekai
2026-02-03 16:28:09,802 - INFO - 日志文件: results/repairall/har_repairall_vzekai/har_repairall_vzekai.log
2026-02-03 16:28:09,802 - INFO - ============================================================
RepairAll: 读取脏数据 70000 行, 5 列
RepairAll: 读取干净数据 70000 行, 5 列
RepairAll: 修复了 39122 个单元格
RepairAll: 输出保存到 results/repairall/har_repairall_vzekai/har_repairall_vzekai_cleaned.csv
======================================================================
Clean4MLBaseline 统一测评 - har_repairall_vzekai
======================================================================

[1/5] 传统清洗指标
--------------------------------------------------
调试文件已保存到: results/repairall/har_repairall_vzekai/debug
修复准确率: 1.0, 修复召回率: 1.0, F1值: 0.99999999995
========================================
错误减少率 (EDR): 1.0
========================================
混合距离 (Hybrid Distance): 0.0
========================================
基于条目的错误减少率 (R-EDR): 1.0
========================================
numeric: Index(['x', 'y', 'z'], dtype='object')
categorical: Index(['gt'], dtype='object')
列级平均RMSE (数值列, 归一化): 0.000000
  x: 0.000000
  y: 0.000000
  z: 0.000000
列级平均F1 (类别列, weighted): 1.000000
  gt: 1.000000
========================================

[2/5] 下游任务性能 (clustering)
--------------------------------------------------
数据集较大 (70000 行)，对聚类评估进行采样到 10000 行
KMEANS - Silhouette: 0.6773, ARI: 0.7191 (采样)
AGGLOMERATIVE - Silhouette: 0.6812, ARI: 0.7336 (采样)

[3/5] 模型容忍度
--------------------------------------------------

容忍度计算结果:
  P_do_nothing (脏数据性能): -0.1375
  P_demand_clean (清洗后性能): -0.0203
  P_repair_all (完全修复性能): -0.0203
  先验容忍度 (Tolerance_prior): 0.1477
  后验容忍度 (Tolerance_post): 1.0000

[4/5] Snoopy上界评估
--------------------------------------------------
Snoopy模块可用，正在评估数据质量上界...
数据集较大 (70000 行)，对Snoopy评估进行采样到 10000 行
  脏数据上界: 0.0399
  清洗后上界: 0.0252
  干净数据上界: 0.0252
  上界提升比例: 1.0000

[5/5] 真值使用成本
--------------------------------------------------
  方法类型: Type 2 (需验证集)
  实际真值使用: 39122
  理想最小成本: 39122
  总修改单元格: 39122
  正确修复: 39122
  错误修复: 0

======================================================================
测评完成，结果已保存到: results/repairall/har_repairall_vzekai/har_repairall_vzekai_report.txt
======================================================================
