2026-01-29 20:12:12,854 - INFO - ============================================================
2026-01-29 20:12:12,855 - INFO - RepairAll Baseline (完美修复)
2026-01-29 20:12:12,855 - INFO - ============================================================
2026-01-29 20:12:12,855 - INFO - 脏数据: Data/mercedes/dirty_index.csv
2026-01-29 20:12:12,855 - INFO - 干净数据: Data/mercedes/clean_index.csv
2026-01-29 20:12:12,855 - INFO - 任务名称: mercedes_repairall_vzekai
2026-01-29 20:12:12,855 - INFO - ------------------------------------------------------------
sys:1: DtypeWarning: Columns (9,10,11,13,14,15,16,17,18,19,20,21,22,23,24,25,27,28,29,30,32,33,34,35,36,37,39,40,42,43,44,45,46,47,48,49,51,53,54,55,56,57,58,59,60,61,62,63,64,65,66,67,68,69,70,71,72,73,75,76,77,79,80,81,82,83,84,85,86,87,88,89,90,91,92,93,94,95,96,97,98,99,100,101,102,103,105,106,107,108,109,110,111,112,113,114,115,117,118,119,120,121,122,123,124,125,126,128,129,130,131,132,133,134,135,136,137,140,141,142,143,144,145,146,147,148,150,151,152,153,154,155,156,157,158,159,160,161,163,164,165,166,167,168,169,170,171,172,173,175,176,177,178,179,180,181,182,183,184,185,186,187,188,189,191,192,193,194,195,196,197,198,199,200,201,202,203,204,205,207,208,209,210,211,212,213,214,215,216,217,218,219,220,221,222,223,224,225,226,227,228,229,230,231,232,233,235,236,237,239,240,241,242,243,244,245,246,247,248,249,251,252,253,254,255,256,257,258,260,261,262,263,264,266,267,268,269,270,271,272,273,274,275,276,277,278,279,280,281,282,283,284,285,287,288,289,290,291,292,293,294,295,296,297,298,300,301,302,303,304,305,306,307,308,309,310,311,312,313,314,315,316,317,318,319,320,321,322,323,324,325,326,327,329,330,331,332,333,334,335,337,338,339,340,341,342,344,345,346,347,348,349,350,351,352,353,354,355,356,357,358,359,360,361,362,364,365,366,369,370,371,372,373,375,376) have mixed types.Specify dtype option on import or set low_memory=False.
2026-01-29 20:12:39,253 - INFO - 输出数据已保存: results/repairall/mercedes_repairall_vzekai/mercedes_repairall_vzekai_cleaned.csv
2026-01-29 20:12:39,254 - INFO - 原始行数: 4209
2026-01-29 20:12:39,254 - INFO - 修复单元格数: 1548948
2026-01-29 20:12:39,254 - INFO - ------------------------------------------------------------
2026-01-29 20:12:39,254 - INFO - 执行时间: 26.40 秒
2026-01-29 20:12:39,254 - INFO - 执行状态: 成功
2026-01-29 20:12:39,254 - INFO - 真值使用成本: 1548948
2026-01-29 20:12:39,254 - INFO - 
2026-01-29 20:12:39,254 - INFO - ============================================================
2026-01-29 20:12:39,254 - INFO - 调用统一测评模块 getScoreML
2026-01-29 20:12:39,254 - INFO - ============================================================
RepairAll: 读取脏数据 4209 行, 378 列
RepairAll: 读取干净数据 4209 行, 378 列
RepairAll: 修复了 1548948 个单元格
RepairAll: 输出保存到 results/repairall/mercedes_repairall_vzekai/mercedes_repairall_vzekai_cleaned.csv
======================================================================
Clean4MLBaseline 统一测评 - mercedes_repairall_vzekai
======================================================================

[1/5] 传统清洗指标
--------------------------------------------------
调试文件已保存到: results/repairall/mercedes_repairall_vzekai/debug
修复准确率: 1.0, 修复召回率: 1.0, F1值: 0.99999999995
========================================
错误减少率 (EDR): 1.0
========================================
混合距离 (Hybrid Distance): 0.0
========================================
基于条目的错误减少率 (R-EDR): 1.0
========================================
numeric: Index(['X10', 'X11', 'X12', 'X13', 'X14', 'X15', 'X16', 'X17', 'X18', 'X19',
       ...
       'X376', 'X377', 'X378', 'X379', 'X380', 'X382', 'X383', 'X384', 'X385',
       'y'],
      dtype='object', length=369)
categorical: Index(['X0', 'X1', 'X2', 'X3', 'X4', 'X5', 'X6', 'X8'], dtype='object')
列级平均RMSE (数值列, 归一化): 0.000000
  X10: 0.000000
  X11: 0.000000
  X12: 0.000000
  X13: 0.000000
  X14: 0.000000
  X15: 0.000000
  X16: 0.000000
  X17: 0.000000
  X18: 0.000000
  X19: 0.000000
  X20: 0.000000
  X21: 0.000000
  X22: 0.000000
  X23: 0.000000
  X24: 0.000000
  X26: 0.000000
  X27: 0.000000
  X28: 0.000000
  X29: 0.000000
  X30: 0.000000
  X31: 0.000000
  X32: 0.000000
  X33: 0.000000
  X34: 0.000000
  X35: 0.000000
  X36: 0.000000
  X37: 0.000000
  X38: 0.000000
  X39: 0.000000
  X40: 0.000000
  X41: 0.000000
  X42: 0.000000
  X43: 0.000000
  X44: 0.000000
  X45: 0.000000
  X46: 0.000000
  X47: 0.000000
  X48: 0.000000
  X49: 0.000000
  X50: 0.000000
  X51: 0.000000
  X52: 0.000000
  X53: 0.000000
  X54: 0.000000
  X55: 0.000000
  X56: 0.000000
  X57: 0.000000
  X58: 0.000000
  X59: 0.000000
  X60: 0.000000
  X61: 0.000000
  X62: 0.000000
  X63: 0.000000
  X64: 0.000000
  X65: 0.000000
  X66: 0.000000
  X67: 0.000000
  X68: 0.000000
  X69: 0.000000
  X70: 0.000000
  X71: 0.000000
  X73: 0.000000
  X74: 0.000000
  X75: 0.000000
  X76: 0.000000
  X77: 0.000000
  X78: 0.000000
  X79: 0.000000
  X80: 0.000000
  X81: 0.000000
  X82: 0.000000
  X83: 0.000000
  X84: 0.000000
  X85: 0.000000
  X86: 0.000000
  X87: 0.000000
  X88: 0.000000
  X89: 0.000000
  X90: 0.000000
  X91: 0.000000
  X92: 0.000000
  X93: 0.000000
  X94: 0.000000
  X95: 0.000000
  X96: 0.000000
  X97: 0.000000
  X98: 0.000000
  X99: 0.000000
  X100: 0.000000
  X101: 0.000000
  X102: 0.000000
  X103: 0.000000
  X104: 0.000000
  X105: 0.000000
  X106: 0.000000
  X107: 0.000000
  X108: 0.000000
  X109: 0.000000
  X110: 0.000000
  X111: 0.000000
  X112: 0.000000
  X113: 0.000000
  X114: 0.000000
  X115: 0.000000
  X116: 0.000000
  X117: 0.000000
  X118: 0.000000
  X119: 0.000000
  X120: 0.000000
  X122: 0.000000
  X123: 0.000000
  X124: 0.000000
  X125: 0.000000
  X126: 0.000000
  X127: 0.000000
  X128: 0.000000
  X129: 0.000000
  X130: 0.000000
  X131: 0.000000
  X132: 0.000000
  X133: 0.000000
  X134: 0.000000
  X135: 0.000000
  X136: 0.000000
  X137: 0.000000
  X138: 0.000000
  X139: 0.000000
  X140: 0.000000
  X141: 0.000000
  X142: 0.000000
  X143: 0.000000
  X144: 0.000000
  X145: 0.000000
  X146: 0.000000
  X147: 0.000000
  X148: 0.000000
  X150: 0.000000
  X151: 0.000000
  X152: 0.000000
  X153: 0.000000
  X154: 0.000000
  X155: 0.000000
  X156: 0.000000
  X157: 0.000000
  X158: 0.000000
  X159: 0.000000
  X160: 0.000000
  X161: 0.000000
  X162: 0.000000
  X163: 0.000000
  X164: 0.000000
  X165: 0.000000
  X166: 0.000000
  X167: 0.000000
  X168: 0.000000
  X169: 0.000000
  X170: 0.000000
  X171: 0.000000
  X172: 0.000000
  X173: 0.000000
  X174: 0.000000
  X175: 0.000000
  X176: 0.000000
  X177: 0.000000
  X178: 0.000000
  X179: 0.000000
  X180: 0.000000
  X181: 0.000000
  X182: 0.000000
  X183: 0.000000
  X184: 0.000000
  X185: 0.000000
  X186: 0.000000
  X187: 0.000000
  X189: 0.000000
  X190: 0.000000
  X191: 0.000000
  X192: 0.000000
  X194: 0.000000
  X195: 0.000000
  X196: 0.000000
  X197: 0.000000
  X198: 0.000000
  X199: 0.000000
  X200: 0.000000
  X201: 0.000000
  X202: 0.000000
  X203: 0.000000
  X204: 0.000000
  X205: 0.000000
  X206: 0.000000
  X207: 0.000000
  X208: 0.000000
  X209: 0.000000
  X210: 0.000000
  X211: 0.000000
  X212: 0.000000
  X213: 0.000000
  X214: 0.000000
  X215: 0.000000
  X216: 0.000000
  X217: 0.000000
  X218: 0.000000
  X219: 0.000000
  X220: 0.000000
  X221: 0.000000
  X222: 0.000000
  X223: 0.000000
  X224: 0.000000
  X225: 0.000000
  X226: 0.000000
  X227: 0.000000
  X228: 0.000000
  X229: 0.000000
  X230: 0.000000
  X231: 0.000000
  X232: 0.000000
  X233: 0.000000
  X234: 0.000000
  X235: 0.000000
  X236: 0.000000
  X237: 0.000000
  X238: 0.000000
  X239: 0.000000
  X240: 0.000000
  X241: 0.000000
  X242: 0.000000
  X243: 0.000000
  X244: 0.000000
  X245: 0.000000
  X246: 0.000000
  X247: 0.000000
  X248: 0.000000
  X249: 0.000000
  X250: 0.000000
  X251: 0.000000
  X252: 0.000000
  X253: 0.000000
  X254: 0.000000
  X255: 0.000000
  X256: 0.000000
  X257: 0.000000
  X258: 0.000000
  X259: 0.000000
  X260: 0.000000
  X261: 0.000000
  X262: 0.000000
  X263: 0.000000
  X264: 0.000000
  X265: 0.000000
  X266: 0.000000
  X267: 0.000000
  X268: 0.000000
  X269: 0.000000
  X270: 0.000000
  X271: 0.000000
  X272: 0.000000
  X273: 0.000000
  X274: 0.000000
  X275: 0.000000
  X276: 0.000000
  X277: 0.000000
  X278: 0.000000
  X279: 0.000000
  X280: 0.000000
  X281: 0.000000
  X282: 0.000000
  X283: 0.000000
  X284: 0.000000
  X285: 0.000000
  X286: 0.000000
  X287: 0.000000
  X288: 0.000000
  X289: 0.000000
  X290: 0.000000
  X291: 0.000000
  X292: 0.000000
  X293: 0.000000
  X294: 0.000000
  X295: 0.000000
  X296: 0.000000
  X297: 0.000000
  X298: 0.000000
  X299: 0.000000
  X300: 0.000000
  X301: 0.000000
  X302: 0.000000
  X304: 0.000000
  X305: 0.000000
  X306: 0.000000
  X307: 0.000000
  X308: 0.000000
  X309: 0.000000
  X310: 0.000000
  X311: 0.000000
  X312: 0.000000
  X313: 0.000000
  X314: 0.000000
  X315: 0.000000
  X316: 0.000000
  X317: 0.000000
  X318: 0.000000
  X319: 0.000000
  X320: 0.000000
  X321: 0.000000
  X322: 0.000000
  X323: 0.000000
  X324: 0.000000
  X325: 0.000000
  X326: 0.000000
  X327: 0.000000
  X328: 0.000000
  X329: 0.000000
  X330: 0.000000
  X331: 0.000000
  X332: 0.000000
  X333: 0.000000
  X334: 0.000000
  X335: 0.000000
  X336: 0.000000
  X337: 0.000000
  X338: 0.000000
  X339: 0.000000
  X340: 0.000000
  X341: 0.000000
  X342: 0.000000
  X343: 0.000000
  X344: 0.000000
  X345: 0.000000
  X346: 0.000000
  X347: 0.000000
  X348: 0.000000
  X349: 0.000000
  X350: 0.000000
  X351: 0.000000
  X352: 0.000000
  X353: 0.000000
  X354: 0.000000
  X355: 0.000000
  X356: 0.000000
  X357: 0.000000
  X358: 0.000000
  X359: 0.000000
  X360: 0.000000
  X361: 0.000000
  X362: 0.000000
  X363: 0.000000
  X364: 0.000000
  X365: 0.000000
  X366: 0.000000
  X367: 0.000000
  X368: 0.000000
  X369: 0.000000
  X370: 0.000000
  X371: 0.000000
  X372: 0.000000
  X373: 0.000000
  X374: 0.000000
  X375: 0.000000
  X376: 0.000000
  X377: 0.000000
  X378: 0.000000
  X379: 0.000000
  X380: 0.000000
  X382: 0.000000
  X383: 0.000000
  X384: 0.000000
  X385: 0.000000
  y: 0.000000
列级平均F1 (类别列, weighted): 1.000000
  X0: 1.000000
  X1: 1.000000
  X2: 1.000000
  X3: 1.000000
  X4: 1.000000
  X5: 1.000000
  X6: 1.000000
  X8: 1.000000
========================================

[2/5] 下游任务性能 (regression)
--------------------------------------------------
RF - MSE: 81.4190, R2: 0.4769, MAE: 6.1287, RMSE: 9.0232
LR - MSE: 45429784677179324509454336.0000, R2: -291871521318602803249152.0000, MAE: 343644805894.1701, RMSE: 6740162066091.5361
RIDGE - MSE: 69.4836, R2: 0.5536, MAE: 5.6579, RMSE: 8.3357
LASSO - MSE: 68.5570, R2: 0.5595, MAE: 5.6736, RMSE: 8.2799
KNN - MSE: 93.8291, R2: 0.3972, MAE: 6.8229, RMSE: 9.6865
GB - MSE: 64.5540, R2: 0.5853, MAE: 5.3169, RMSE: 8.0345

[3/5] 模型容忍度2026-01-29 20:16:16.087193: W tensorflow/compiler/xla/stream_executor/platform/default/dso_loader.cc:64] Could not load dynamic library 'libnvinfer.so.7'; dlerror: libnvinfer.so.7: cannot open shared object file: No such file or directory
2026-01-29 20:16:16.087369: W tensorflow/compiler/xla/stream_executor/platform/default/dso_loader.cc:64] Could not load dynamic library 'libnvinfer_plugin.so.7'; dlerror: libnvinfer_plugin.so.7: cannot open shared object file: No such file or directory
2026-01-29 20:16:16.087397: W tensorflow/compiler/tf2tensorrt/utils/py_utils.cc:38] TF-TRT Warning: Cannot dlopen some TensorRT libraries. If you would like to use Nvidia GPU with TensorRT, please make sure the missing libraries mentioned above are installed properly.
sys:1: DtypeWarning: Columns (9,10,11,13,14,15,16,17,18,19,20,21,22,23,24,25,27,28,29,30,32,33,34,35,36,37,39,40,42,43,44,45,46,47,48,49,51,53,54,55,56,57,58,59,60,61,62,63,64,65,66,67,68,69,70,71,72,73,75,76,77,79,80,81,82,83,84,85,86,87,88,89,90,91,92,93,94,95,96,97,98,99,100,101,102,103,105,106,107,108,109,110,111,112,113,114,115,117,118,119,120,121,122,123,124,125,126,128,129,130,131,132,133,134,135,136,137,140,141,142,143,144,145,146,147,148,150,151,152,153,154,155,156,157,158,159,160,161,163,164,165,166,167,168,169,170,171,172,173,175,176,177,178,179,180,181,182,183,184,185,186,187,188,189,191,192,193,194,195,196,197,198,199,200,201,202,203,204,205,207,208,209,210,211,212,213,214,215,216,217,218,219,220,221,222,223,224,225,226,227,228,229,230,231,232,233,235,236,237,239,240,241,242,243,244,245,246,247,248,249,251,252,253,254,255,256,257,258,260,261,262,263,264,266,267,268,269,270,271,272,273,274,275,276,277,278,279,280,281,282,283,284,285,287,288,289,290,291,292,293,294,295,296,297,298,300,301,302,303,304,305,306,307,308,309,310,311,312,313,314,315,316,317,318,319,320,321,322,323,324,325,326,327,329,330,331,332,333,334,335,337,338,339,340,341,342,344,345,346,347,348,349,350,351,352,353,354,355,356,357,358,359,360,361,362,364,365,366,369,370,371,372,373,375,376) have mixed types.Specify dtype option on import or set low_memory=False.
[1;34m[20:16:16][0m[1;33m WARNING Snoopy may use all CPU cores! Set env. variable 'SNOOPY_LIMIT_CPU' to 'y' to limit CPU usage. [0m[1;34m(__init__ -> _init_tf_pytorch on MainThread)[0m
2026-01-29 20:16:16.998930: E tensorflow/compiler/xla/stream_executor/cuda/cuda_driver.cc:267] failed call to cuInit: CUDA_ERROR_NO_DEVICE: no CUDA-capable device is detected
2026-01-29 20:59:55,632 - INFO - 结果已保存到: results/repairall/mercedes_repairall_vzekai
2026-01-29 20:59:55,632 - INFO - 日志文件: results/repairall/mercedes_repairall_vzekai/mercedes_repairall_vzekai.log
2026-01-29 20:59:55,632 - INFO - ============================================================

--------------------------------------------------

容忍度计算结果:
  P_do_nothing (脏数据性能): -70.1801
  P_demand_clean (清洗后性能): -79.0839
  P_repair_all (完全修复性能): -79.0839
  先验容忍度 (Tolerance_prior): 1.1269
  后验容忍度 (Tolerance_post): 1.0000

[4/5] Snoopy上界评估
--------------------------------------------------
Snoopy模块可用，正在评估数据质量上界...
  脏数据上界: 82.4356
  清洗后上界: 82.6160
  干净数据上界: 82.6160
  上界提升比例: 1.0000

[5/5] 真值使用成本
--------------------------------------------------
  方法类型: Type 2 (需验证集)
  实际真值使用: 1548948
  理想最小成本: 1548948
  总修改单元格: 1548948
  正确修复: 1548948
  错误修复: 0

======================================================================
测评完成，结果已保存到: results/repairall/mercedes_repairall_vzekai/mercedes_repairall_vzekai_report.txt
======================================================================
