2026-01-29 20:59:56,507 - INFO - ============================================================
2026-01-29 20:59:56,507 - INFO - RepairAll Baseline (完美修复)
2026-01-29 20:59:56,507 - INFO - ============================================================
2026-01-29 20:59:56,507 - INFO - 脏数据: Data/nasa/dirty_index.csv
2026-01-29 20:59:56,508 - INFO - 干净数据: Data/nasa/clean_index.csv
2026-01-29 20:59:56,508 - INFO - 任务名称: nasa_repairall_vzekai
2026-01-29 20:59:56,508 - INFO - ------------------------------------------------------------
2026-01-29 20:59:56,645 - INFO - 输出数据已保存: results/repairall/nasa_repairall_vzekai/nasa_repairall_vzekai_cleaned.csv
2026-01-29 20:59:56,645 - INFO - 原始行数: 1503
2026-01-29 20:59:56,645 - INFO - 修复单元格数: 1230
2026-01-29 20:59:56,645 - INFO - ------------------------------------------------------------
2026-01-29 20:59:56,645 - INFO - 执行时间: 0.14 秒
2026-01-29 20:59:56,646 - INFO - 执行状态: 成功
2026-01-29 20:59:56,646 - INFO - 真值使用成本: 1230
2026-01-29 20:59:56,646 - INFO - 
2026-01-29 20:59:56,646 - INFO - ============================================================
2026-01-29 20:59:56,646 - INFO - 调用统一测评模块 getScoreML
2026-01-29 20:59:56,646 - INFO - ============================================================
2026-01-29 21:00:01.550338: W tensorflow/compiler/xla/stream_executor/platform/default/dso_loader.cc:64] Could not load dynamic library 'libnvinfer.so.7'; dlerror: libnvinfer.so.7: cannot open shared object file: No such file or directory
2026-01-29 21:00:01.550400: W tensorflow/compiler/xla/stream_executor/platform/default/dso_loader.cc:64] Could not load dynamic library 'libnvinfer_plugin.so.7'; dlerror: libnvinfer_plugin.so.7: cannot open shared object file: No such file or directory
2026-01-29 21:00:01.550406: W tensorflow/compiler/tf2tensorrt/utils/py_utils.cc:38] TF-TRT Warning: Cannot dlopen some TensorRT libraries. If you would like to use Nvidia GPU with TensorRT, please make sure the missing libraries mentioned above are installed properly.
[1;34m[21:00:02][0m[1;33m WARNING Snoopy may use all CPU cores! Set env. variable 'SNOOPY_LIMIT_CPU' to 'y' to limit CPU usage. [0m[1;34m(__init__ -> _init_tf_pytorch on MainThread)[0m
2026-01-29 21:00:02.096214: E tensorflow/compiler/xla/stream_executor/cuda/cuda_driver.cc:267] failed call to cuInit: CUDA_ERROR_NO_DEVICE: no CUDA-capable device is detected
2026-01-29 21:00:11,805 - INFO - 结果已保存到: results/repairall/nasa_repairall_vzekai
2026-01-29 21:00:11,805 - INFO - 日志文件: results/repairall/nasa_repairall_vzekai/nasa_repairall_vzekai.log
2026-01-29 21:00:11,805 - INFO - ============================================================
RepairAll: 读取脏数据 1503 行, 7 列
RepairAll: 读取干净数据 1503 行, 7 列
RepairAll: 修复了 1230 个单元格
RepairAll: 输出保存到 results/repairall/nasa_repairall_vzekai/nasa_repairall_vzekai_cleaned.csv
======================================================================
Clean4MLBaseline 统一测评 - nasa_repairall_vzekai
======================================================================

[1/5] 传统清洗指标
--------------------------------------------------
调试文件已保存到: results/repairall/nasa_repairall_vzekai/debug
修复准确率: 1.0, 修复召回率: 1.0, F1值: 0.99999999995
========================================
错误减少率 (EDR): 1.0
========================================
混合距离 (Hybrid Distance): 0.0
========================================
基于条目的错误减少率 (R-EDR): 1.0
========================================
numeric: Index(['frequency', 'angle', 'chord_length', 'velocity', 'thickness',
       'sound_pressure_level'],
      dtype='object')
categorical: (none)
列级平均RMSE (数值列, 归一化): 0.000000
  frequency: 0.000000
  angle: 0.000000
  chord_length: 0.000000
  velocity: 0.000000
  thickness: 0.000000
  sound_pressure_level: 0.000000
列级平均F1: N/A (无类别列)
========================================

[2/5] 下游任务性能 (regression)
--------------------------------------------------
RF - MSE: 3.2918, R2: 0.9343, MAE: 1.3140, RMSE: 1.8143
LR - MSE: 22.1286, R2: 0.5583, MAE: 3.6724, RMSE: 4.7041
RIDGE - MSE: 22.1368, R2: 0.5581, MAE: 3.6738, RMSE: 4.7050
LASSO - MSE: 32.7787, R2: 0.3457, MAE: 4.7052, RMSE: 5.7253
KNN - MSE: 10.8695, R2: 0.7830, MAE: 2.4118, RMSE: 3.2969
GB - MSE: 8.1850, R2: 0.8366, MAE: 2.1689, RMSE: 2.8609

[3/5] 模型容忍度
--------------------------------------------------

容忍度计算结果:
  P_do_nothing (脏数据性能): -64.5243
  P_demand_clean (清洗后性能): -3.3429
  P_repair_all (完全修复性能): -3.3429
  先验容忍度 (Tolerance_prior): 0.0518
  后验容忍度 (Tolerance_post): 1.0000

[4/5] Snoopy上界评估
--------------------------------------------------
Snoopy模块可用，正在评估数据质量上界...
  脏数据上界: 33.0118
  清洗后上界: 13.0157
  干净数据上界: 13.0157
  上界提升比例: 1.0000

[5/5] 真值使用成本
--------------------------------------------------
  方法类型: Type 2 (需验证集)
  实际真值使用: 1230
  理想最小成本: 2595
  总修改单元格: 2595
  正确修复: 2595
  错误修复: 0

======================================================================
测评完成，结果已保存到: results/repairall/nasa_repairall_vzekai/nasa_repairall_vzekai_report.txt
======================================================================
