2026-01-29 21:00:12,661 - INFO - ============================================================
2026-01-29 21:00:12,661 - INFO - RepairAll Baseline (完美修复)
2026-01-29 21:00:12,661 - INFO - ============================================================
2026-01-29 21:00:12,661 - INFO - 脏数据: Data/smartfactory/dirty_index.csv
2026-01-29 21:00:12,661 - INFO - 干净数据: Data/smartfactory/clean_index.csv
2026-01-29 21:00:12,661 - INFO - 任务名称: smartfactory_repairall_vzekai
2026-01-29 21:00:12,661 - INFO - ------------------------------------------------------------
2026-01-29 21:00:19,025 - INFO - 输出数据已保存: results/repairall/smartfactory_repairall_vzekai/smartfactory_repairall_vzekai_cleaned.csv
2026-01-29 21:00:19,025 - INFO - 原始行数: 23645
2026-01-29 21:00:19,025 - INFO - 修复单元格数: 425610
2026-01-29 21:00:19,025 - INFO - ------------------------------------------------------------
2026-01-29 21:00:19,025 - INFO - 执行时间: 6.36 秒
2026-01-29 21:00:19,025 - INFO - 执行状态: 成功
2026-01-29 21:00:19,025 - INFO - 真值使用成本: 425610
2026-01-29 21:00:19,026 - INFO - 
2026-01-29 21:00:19,026 - INFO - ============================================================
2026-01-29 21:00:19,026 - INFO - 调用统一测评模块 getScoreML
2026-01-29 21:00:19,026 - INFO - ============================================================
2026-01-29 21:01:17.959809: W tensorflow/compiler/xla/stream_executor/platform/default/dso_loader.cc:64] Could not load dynamic library 'libnvinfer.so.7'; dlerror: libnvinfer.so.7: cannot open shared object file: No such file or directory
2026-01-29 21:01:17.959872: W tensorflow/compiler/xla/stream_executor/platform/default/dso_loader.cc:64] Could not load dynamic library 'libnvinfer_plugin.so.7'; dlerror: libnvinfer_plugin.so.7: cannot open shared object file: No such file or directory
2026-01-29 21:01:17.959879: W tensorflow/compiler/tf2tensorrt/utils/py_utils.cc:38] TF-TRT Warning: Cannot dlopen some TensorRT libraries. If you would like to use Nvidia GPU with TensorRT, please make sure the missing libraries mentioned above are installed properly.
[1;34m[21:01:18][0m[1;33m WARNING Snoopy may use all CPU cores! Set env. variable 'SNOOPY_LIMIT_CPU' to 'y' to limit CPU usage. [0m[1;34m(__init__ -> _init_tf_pytorch on MainThread)[0m
2026-01-29 21:01:18.527680: E tensorflow/compiler/xla/stream_executor/cuda/cuda_driver.cc:267] failed call to cuInit: CUDA_ERROR_NO_DEVICE: no CUDA-capable device is detected
2026-01-29 21:05:43,846 - INFO - 结果已保存到: results/repairall/smartfactory_repairall_vzekai
2026-01-29 21:05:43,846 - INFO - 日志文件: results/repairall/smartfactory_repairall_vzekai/smartfactory_repairall_vzekai.log
2026-01-29 21:05:43,846 - INFO - ============================================================
RepairAll: 读取脏数据 23645 行, 20 列
RepairAll: 读取干净数据 23645 行, 20 列
RepairAll: 修复了 425610 个单元格
RepairAll: 输出保存到 results/repairall/smartfactory_repairall_vzekai/smartfactory_repairall_vzekai_cleaned.csv
======================================================================
Clean4MLBaseline 统一测评 - smartfactory_repairall_vzekai
======================================================================

[1/5] 传统清洗指标
--------------------------------------------------
调试文件已保存到: results/repairall/smartfactory_repairall_vzekai/debug
修复准确率: 1.0, 修复召回率: 1.0, F1值: 0.99999999995
========================================
错误减少率 (EDR): 1.0
========================================
混合距离 (Hybrid Distance): 0.0
========================================
基于条目的错误减少率 (R-EDR): 1.0
========================================
numeric: Index(['i_w_blo_weg', 'o_w_blo_power', 'o_w_blo_voltage', 'i_w_bhl_weg',
       'o_w_bhl_power', 'o_w_bhl_voltage', 'i_w_bhr_weg', 'o_w_bhr_power',
       'o_w_bhr_voltage', 'i_w_bru_weg', 'o_w_bru_power', 'o_w_bru_voltage',
       'i_w_hr_weg', 'o_w_hr_power', 'o_w_hr_voltage', 'i_w_hl_weg',
       'o_w_hl_power', 'o_w_hl_voltage', 'labels'],
      dtype='object')
categorical: (none)
列级平均RMSE (数值列, 归一化): 0.000000
  i_w_blo_weg: 0.000000
  o_w_blo_power: 0.000000
  o_w_blo_voltage: 0.000000
  i_w_bhl_weg: 0.000000
  o_w_bhl_power: 0.000000
  o_w_bhl_voltage: 0.000000
  i_w_bhr_weg: 0.000000
  o_w_bhr_power: 0.000000
  o_w_bhr_voltage: 0.000000
  i_w_bru_weg: 0.000000
  o_w_bru_power: 0.000000
  o_w_bru_voltage: 0.000000
  i_w_hr_weg: 0.000000
  o_w_hr_power: 0.000000
  o_w_hr_voltage: 0.000000
  i_w_hl_weg: 0.000000
  o_w_hl_power: 0.000000
  o_w_hl_voltage: 0.000000
  labels: 0.000000
列级平均F1: N/A (无类别列)
========================================

[2/5] 下游任务性能 (classification)
--------------------------------------------------
RF - Accuracy: 0.9808, F1: 0.9808, Precision: 0.9808, Recall: 0.9808
LR - Accuracy: 0.7739, F1: 0.6818, Precision: 0.7568, Recall: 0.7739
SVM - Accuracy: 0.7813, F1: 0.6956, Precision: 0.8210, Recall: 0.7813
KNN - Accuracy: 0.8368, F1: 0.8337, Precision: 0.8316, Recall: 0.8368
DT - Accuracy: 0.9789, F1: 0.9789, Precision: 0.9790, Recall: 0.9789
GB - Accuracy: 0.8038, F1: 0.7439, Precision: 0.8304, Recall: 0.8038

[3/5] 模型容忍度
--------------------------------------------------

容忍度计算结果:
  P_do_nothing (脏数据性能): 0.7484
  P_demand_clean (清洗后性能): 0.9816
  P_repair_all (完全修复性能): 0.9816
  先验容忍度 (Tolerance_prior): 1.3117
  后验容忍度 (Tolerance_post): 1.0000

[4/5] Snoopy上界评估
--------------------------------------------------
Snoopy模块可用，正在评估数据质量上界...
  脏数据上界: 0.7223
  清洗后上界: 0.7010
  干净数据上界: 0.7010
  上界提升比例: 1.0000

[5/5] 真值使用成本
--------------------------------------------------
  方法类型: Type 2 (需验证集)
  实际真值使用: 425610
  理想最小成本: 425610
  总修改单元格: 425610
  正确修复: 425610
  错误修复: 0

======================================================================
测评完成，结果已保存到: results/repairall/smartfactory_repairall_vzekai/smartfactory_repairall_vzekai_report.txt
======================================================================
