2026-01-29 21:05:44,720 - INFO - ============================================================
2026-01-29 21:05:44,720 - INFO - RepairAll Baseline (完美修复)
2026-01-29 21:05:44,720 - INFO - ============================================================
2026-01-29 21:05:44,720 - INFO - 脏数据: Data/soilmoisture/dirty_index.csv
2026-01-29 21:05:44,720 - INFO - 干净数据: Data/soilmoisture/clean_index.csv
2026-01-29 21:05:44,720 - INFO - 任务名称: soilmoisture_repairall_vzekai
2026-01-29 21:05:44,720 - INFO - ------------------------------------------------------------
2026-01-29 21:05:46,050 - INFO - 输出数据已保存: results/repairall/soilmoisture_repairall_vzekai/soilmoisture_repairall_vzekai_cleaned.csv
2026-01-29 21:05:46,050 - INFO - 原始行数: 679
2026-01-29 21:05:46,050 - INFO - 修复单元格数: 26490
2026-01-29 21:05:46,050 - INFO - ------------------------------------------------------------
2026-01-29 21:05:46,050 - INFO - 执行时间: 1.33 秒
2026-01-29 21:05:46,050 - INFO - 执行状态: 成功
2026-01-29 21:05:46,050 - INFO - 真值使用成本: 26490
2026-01-29 21:05:46,050 - INFO - 
2026-01-29 21:05:46,050 - INFO - ============================================================
2026-01-29 21:05:46,050 - INFO - 调用统一测评模块 getScoreML
2026-01-29 21:05:46,050 - INFO - ============================================================
2026-01-29 21:06:03.191203: W tensorflow/compiler/xla/stream_executor/platform/default/dso_loader.cc:64] Could not load dynamic library 'libnvinfer.so.7'; dlerror: libnvinfer.so.7: cannot open shared object file: No such file or directory
2026-01-29 21:06:03.191266: W tensorflow/compiler/xla/stream_executor/platform/default/dso_loader.cc:64] Could not load dynamic library 'libnvinfer_plugin.so.7'; dlerror: libnvinfer_plugin.so.7: cannot open shared object file: No such file or directory
2026-01-29 21:06:03.191279: W tensorflow/compiler/tf2tensorrt/utils/py_utils.cc:38] TF-TRT Warning: Cannot dlopen some TensorRT libraries. If you would like to use Nvidia GPU with TensorRT, please make sure the missing libraries mentioned above are installed properly.
[1;34m[21:06:03][0m[1;33m WARNING Snoopy may use all CPU cores! Set env. variable 'SNOOPY_LIMIT_CPU' to 'y' to limit CPU usage. [0m[1;34m(__init__ -> _init_tf_pytorch on MainThread)[0m
2026-01-29 21:06:03.758963: E tensorflow/compiler/xla/stream_executor/cuda/cuda_driver.cc:267] failed call to cuInit: CUDA_ERROR_NO_DEVICE: no CUDA-capable device is detected
2026-01-29 21:07:49,212 - INFO - 结果已保存到: results/repairall/soilmoisture_repairall_vzekai
2026-01-29 21:07:49,212 - INFO - 日志文件: results/repairall/soilmoisture_repairall_vzekai/soilmoisture_repairall_vzekai.log
2026-01-29 21:07:49,212 - INFO - ============================================================
RepairAll: 读取脏数据 679 行, 129 列
RepairAll: 读取干净数据 679 行, 129 列
RepairAll: 修复了 26490 个单元格
RepairAll: 输出保存到 results/repairall/soilmoisture_repairall_vzekai/soilmoisture_repairall_vzekai_cleaned.csv
======================================================================
Clean4MLBaseline 统一测评 - soilmoisture_repairall_vzekai
======================================================================

[1/5] 传统清洗指标
--------------------------------------------------
调试文件已保存到: results/repairall/soilmoisture_repairall_vzekai/debug
修复准确率: 1.0, 修复召回率: 1.0, F1值: 0.99999999995
========================================
错误减少率 (EDR): 1.0
========================================
混合距离 (Hybrid Distance): 0.0
========================================
基于条目的错误减少率 (R-EDR): 1.0
========================================
numeric: Index(['datetime', 'soil_temperature', '454', '458', '462', '466', '470',
       '474', '478', '482',
       ...
       '918', '922', '926', '930', '934', '938', '942', '946', '950',
       'soil_moisture'],
      dtype='object', length=128)
categorical: (none)
列级平均RMSE (数值列, 归一化): 0.000000
  datetime: 0.000000
  soil_temperature: 0.000000
  454: 0.000000
  458: 0.000000
  462: 0.000000
  466: 0.000000
  470: 0.000000
  474: 0.000000
  478: 0.000000
  482: 0.000000
  486: 0.000000
  490: 0.000000
  494: 0.000000
  498: 0.000000
  502: 0.000000
  506: 0.000000
  510: 0.000000
  514: 0.000000
  518: 0.000000
  522: 0.000000
  526: 0.000000
  530: 0.000000
  534: 0.000000
  538: 0.000000
  542: 0.000000
  546: 0.000000
  550: 0.000000
  554: 0.000000
  558: 0.000000
  562: 0.000000
  566: 0.000000
  570: 0.000000
  574: 0.000000
  578: 0.000000
  582: 0.000000
  586: 0.000000
  590: 0.000000
  594: 0.000000
  598: 0.000000
  602: 0.000000
  606: 0.000000
  610: 0.000000
  614: 0.000000
  618: 0.000000
  622: 0.000000
  626: 0.000000
  630: 0.000000
  634: 0.000000
  638: 0.000000
  642: 0.000000
  646: 0.000000
  650: 0.000000
  654: 0.000000
  658: 0.000000
  662: 0.000000
  666: 0.000000
  670: 0.000000
  674: 0.000000
  678: 0.000000
  682: 0.000000
  686: 0.000000
  690: 0.000000
  694: 0.000000
  698: 0.000000
  702: 0.000000
  706: 0.000000
  710: 0.000000
  714: 0.000000
  718: 0.000000
  722: 0.000000
  726: 0.000000
  730: 0.000000
  734: 0.000000
  738: 0.000000
  742: 0.000000
  746: 0.000000
  750: 0.000000
  754: 0.000000
  758: 0.000000
  762: 0.000000
  766: 0.000000
  770: 0.000000
  774: 0.000000
  778: 0.000000
  782: 0.000000
  786: 0.000000
  790: 0.000000
  794: 0.000000
  798: 0.000000
  802: 0.000000
  806: 0.000000
  810: 0.000000
  814: 0.000000
  818: 0.000000
  822: 0.000000
  826: 0.000000
  830: 0.000000
  834: 0.000000
  838: 0.000000
  842: 0.000000
  846: 0.000000
  850: 0.000000
  854: 0.000000
  858: 0.000000
  862: 0.000000
  866: 0.000000
  870: 0.000000
  874: 0.000000
  878: 0.000000
  882: 0.000000
  886: 0.000000
  890: 0.000000
  894: 0.000000
  898: 0.000000
  902: 0.000000
  906: 0.000000
  910: 0.000000
  914: 0.000000
  918: 0.000000
  922: 0.000000
  926: 0.000000
  930: 0.000000
  934: 0.000000
  938: 0.000000
  942: 0.000000
  946: 0.000000
  950: 0.000000
  soil_moisture: 0.000000
列级平均F1: N/A (无类别列)
========================================

[2/5] 下游任务性能 (regression)
--------------------------------------------------
RF - MSE: 0.8911, R2: 0.9378, MAE: 0.3609, RMSE: 0.9440
LR - MSE: 1.4671, R2: 0.8976, MAE: 0.9670, RMSE: 1.2112
RIDGE - MSE: 1.5069, R2: 0.8948, MAE: 0.9126, RMSE: 1.2276
LASSO - MSE: 5.7274, R2: 0.6001, MAE: 1.9382, RMSE: 2.3932
KNN - MSE: 0.7051, R2: 0.9508, MAE: 0.3089, RMSE: 0.8397
GB - MSE: 0.6647, R2: 0.9536, MAE: 0.3513, RMSE: 0.8153

[3/5] 模型容忍度
--------------------------------------------------

容忍度计算结果:
  P_do_nothing (脏数据性能): -4.8276
  P_demand_clean (清洗后性能): -0.8688
  P_repair_all (完全修复性能): -0.8688
  先验容忍度 (Tolerance_prior): 0.1800
  后验容忍度 (Tolerance_post): 1.0000

[4/5] Snoopy上界评估
--------------------------------------------------
Snoopy模块可用，正在评估数据质量上界...
  脏数据上界: 5.0025
  清洗后上界: 8.7752
  干净数据上界: 8.7752
  上界提升比例: 1.0000

[5/5] 真值使用成本
--------------------------------------------------
  方法类型: Type 2 (需验证集)
  实际真值使用: 26490
  理想最小成本: 26014
  总修改单元格: 26014
  正确修复: 26014
  错误修复: 0

======================================================================
测评完成，结果已保存到: results/repairall/soilmoisture_repairall_vzekai/soilmoisture_repairall_vzekai_report.txt
======================================================================
