2026-01-29 19:57:42,096 - INFO - ============================================================
2026-01-29 19:57:42,096 - INFO - MLImputer 数据清洗 (mice)
2026-01-29 19:57:42,096 - INFO - ============================================================
2026-01-29 19:57:42,096 - INFO - 脏数据: Data/breast_cancer/dirty_index.csv
2026-01-29 19:57:42,096 - INFO - 干净数据: Data/breast_cancer/clean_index.csv
2026-01-29 19:57:42,096 - INFO - 任务名称: breast_cancer_mlimputer_vzekai
2026-01-29 19:57:42,096 - INFO - 插补方法: mice
2026-01-29 19:57:42,096 - INFO - ------------------------------------------------------------
2026-01-29 19:57:42,207 - INFO - 修复后数据已保存: results/mlimputer/breast_cancer_mlimputer_vzekai/breast_cancer_mlimputer_vzekai_cleaned.csv
2026-01-29 19:57:42,207 - INFO - ------------------------------------------------------------
2026-01-29 19:57:42,207 - INFO - 执行时间: 0.11 秒
2026-01-29 19:57:42,207 - INFO - 执行状态: 成功
2026-01-29 19:57:42,207 - INFO - 填充单元格数: 223
2026-01-29 19:57:42,207 - INFO - 真值使用成本: 0 (全自动)
2026-01-29 19:57:42,207 - INFO - 
2026-01-29 19:57:42,207 - INFO - ============================================================
2026-01-29 19:57:42,207 - INFO - 调用统一测评模块 getScoreML
2026-01-29 19:57:42,208 - INFO - ============================================================
2026-01-29 19:57:52,356 - INFO - 结果已保存到: results/mlimputer/breast_cancer_mlimputer_vzekai
2026-01-29 19:57:52,356 - INFO - 日志文件: results/mlimputer/breast_cancer_mlimputer_vzekai/breast_cancer_mlimputer_vzekai.log
2026-01-29 19:57:52,357 - INFO - ============================================================
