2026-01-29 19:50:37,377 - INFO - ============================================================
2026-01-29 19:50:37,377 - INFO - DeleteAll Baseline (drop_missing)
2026-01-29 19:50:37,377 - INFO - ============================================================
2026-01-29 19:50:37,377 - INFO - 脏数据: Data/beers/dirty_index.csv
2026-01-29 19:50:37,377 - INFO - 干净数据: Data/beers/clean_index.csv
2026-01-29 19:50:37,377 - INFO - 任务名称: beers_deleteall_vzekai
2026-01-29 19:50:37,377 - INFO - 删除模式: drop_missing
2026-01-29 19:50:37,377 - INFO - ------------------------------------------------------------
2026-01-29 19:50:37,402 - INFO - 输出数据已保存: results/deleteall/beers_deleteall_vzekai/beers_deleteall_vzekai_cleaned.csv
2026-01-29 19:50:37,402 - INFO - 原始行数: 2410
2026-01-29 19:50:37,402 - INFO - 保留行数: 1324
2026-01-29 19:50:37,402 - INFO - 删除行数: 1086
2026-01-29 19:50:37,402 - INFO - ------------------------------------------------------------
2026-01-29 19:50:37,402 - INFO - 执行时间: 0.03 秒
2026-01-29 19:50:37,402 - INFO - 执行状态: 成功
2026-01-29 19:50:37,402 - INFO - 真值使用成本: 0
2026-01-29 19:50:37,402 - INFO - 
2026-01-29 19:50:37,402 - INFO - ============================================================
2026-01-29 19:50:37,402 - INFO - 调用统一测评模块 getScoreML
2026-01-29 19:50:37,402 - INFO - ============================================================
2026-01-29 19:51:06.846426: W tensorflow/compiler/xla/stream_executor/platform/default/dso_loader.cc:64] Could not load dynamic library 'libnvinfer.so.7'; dlerror: libnvinfer.so.7: cannot open shared object file: No such file or directory
2026-01-29 19:51:06.846491: W tensorflow/compiler/xla/stream_executor/platform/default/dso_loader.cc:64] Could not load dynamic library 'libnvinfer_plugin.so.7'; dlerror: libnvinfer_plugin.so.7: cannot open shared object file: No such file or directory
2026-01-29 19:51:06.846498: W tensorflow/compiler/tf2tensorrt/utils/py_utils.cc:38] TF-TRT Warning: Cannot dlopen some TensorRT libraries. If you would like to use Nvidia GPU with TensorRT, please make sure the missing libraries mentioned above are installed properly.
/home/qianzekai/miniconda3/envs/multibaseline/lib/python3.7/site-packages/sklearn/metrics/_classification.py:1245: UndefinedMetricWarning: Precision is ill-defined and being set to 0.0 in labels with no predicted samples. Use `zero_division` parameter to control this behavior.
  _warn_prf(average, modifier, msg_start, len(result))
/home/qianzekai/miniconda3/envs/multibaseline/lib/python3.7/site-packages/sklearn/metrics/_classification.py:1245: UndefinedMetricWarning: Recall is ill-defined and being set to 0.0 in labels with no true samples. Use `zero_division` parameter to control this behavior.
  _warn_prf(average, modifier, msg_start, len(result))
/home/qianzekai/miniconda3/envs/multibaseline/lib/python3.7/site-packages/sklearn/metrics/_classification.py:1245: UndefinedMetricWarning: Precision is ill-defined and being set to 0.0 in labels with no predicted samples. Use `zero_division` parameter to control this behavior.
  _warn_prf(average, modifier, msg_start, len(result))
/home/qianzekai/miniconda3/envs/multibaseline/lib/python3.7/site-packages/sklearn/metrics/_classification.py:1245: UndefinedMetricWarning: Recall is ill-defined and being set to 0.0 in labels with no true samples. Use `zero_division` parameter to control this behavior.
  _warn_prf(average, modifier, msg_start, len(result))
/home/qianzekai/miniconda3/envs/multibaseline/lib/python3.7/site-packages/sklearn/metrics/_classification.py:1245: UndefinedMetricWarning: Precision is ill-defined and being set to 0.0 in labels with no predicted samples. Use `zero_division` parameter to control this behavior.
  _warn_prf(average, modifier, msg_start, len(result))
/home/qianzekai/miniconda3/envs/multibaseline/lib/python3.7/site-packages/sklearn/metrics/_classification.py:1245: UndefinedMetricWarning: Precision is ill-defined and being set to 0.0 in labels with no predicted samples. Use `zero_division` parameter to control this behavior.
  _warn_prf(average, modifier, msg_start, len(result))
/home/qianzekai/miniconda3/envs/multibaseline/lib/python3.7/site-packages/sklearn/metrics/_classification.py:1245: UndefinedMetricWarning: Recall is ill-defined and being set to 0.0 in labels with no true samples. Use `zero_division` parameter to control this behavior.
  _warn_prf(average, modifier, msg_start, len(result))
/home/qianzekai/miniconda3/envs/multibaseline/lib/python3.7/site-packages/sklearn/metrics/_classification.py:1245: UndefinedMetricWarning: Precision is ill-defined and being set to 0.0 in labels with no predicted samples. Use `zero_division` parameter to control this behavior.
  _warn_prf(average, modifier, msg_start, len(result))
/home/qianzekai/miniconda3/envs/multibaseline/lib/python3.7/site-packages/sklearn/metrics/_classification.py:1245: UndefinedMetricWarning: Recall is ill-defined and being set to 0.0 in labels with no true samples. Use `zero_division` parameter to control this behavior.
  _warn_prf(average, modifier, msg_start, len(result))
/home/qianzekai/miniconda3/envs/multibaseline/lib/python3.7/site-packages/sklearn/metrics/_classification.py:1245: UndefinedMetricWarning: Precision is ill-defined and being set to 0.0 in labels with no predicted samples. Use `zero_division` parameter to control this behavior.
  _warn_prf(average, modifier, msg_start, len(result))
/home/qianzekai/miniconda3/envs/multibaseline/lib/python3.7/site-packages/sklearn/metrics/_classification.py:1245: UndefinedMetricWarning: Recall is ill-defined and being set to 0.0 in labels with no true samples. Use `zero_division` parameter to control this behavior.
  _warn_prf(average, modifier, msg_start, len(result))
[1;34m[19:51:07][0m[1;33m WARNING Snoopy may use all CPU cores! Set env. variable 'SNOOPY_LIMIT_CPU' to 'y' to limit CPU usage. [0m[1;34m(__init__ -> _init_tf_pytorch on MainThread)[0m
2026-01-29 19:51:07.468409: E tensorflow/compiler/xla/stream_executor/cuda/cuda_driver.cc:267] failed call to cuInit: CUDA_ERROR_NO_DEVICE: no CUDA-capable device is detected
/home/qianzekai/miniconda3/envs/multibaseline/lib/python3.7/site-packages/sklearn/model_selection/_split.py:668: UserWarning: The least populated class in y has only 1 members, which is less than n_splits=5.
  % (min_groups, self.n_splits)), UserWarning)
/home/qianzekai/miniconda3/envs/multibaseline/lib/python3.7/site-packages/sklearn/model_selection/_split.py:668: UserWarning: The least populated class in y has only 1 members, which is less than n_splits=5.
  % (min_groups, self.n_splits)), UserWarning)
/home/qianzekai/miniconda3/envs/multibaseline/lib/python3.7/site-packages/sklearn/model_selection/_split.py:668: UserWarning: The least populated class in y has only 1 members, which is less than n_splits=5.
  % (min_groups, self.n_splits)), UserWarning)
2026-01-29 19:51:22,363 - INFO - 结果已保存到: results/deleteall/beers_deleteall_vzekai
2026-01-29 19:51:22,363 - INFO - 日志文件: results/deleteall/beers_deleteall_vzekai/beers_deleteall_vzekai.log
2026-01-29 19:51:22,363 - INFO - ============================================================
DeleteAll: 读取数据 2410 行, 11 列
DeleteAll (drop_missing): 删除了 1086 行含缺失值的数据
======================================================================
Clean4MLBaseline 统一测评 - beers_deleteall_vzekai
======================================================================

[1/5] 传统清洗指标
--------------------------------------------------
调试文件已保存到: results/deleteall/beers_deleteall_vzekai/debug
修复准确率: 0.0, 修复召回率: 0.0, F1值: 0.0
========================================
错误减少率 (EDR): 0.4865991661703395
========================================
混合距离 (Hybrid Distance): 0.06250839827772944
========================================
基于条目的错误减少率 (R-EDR): 0.45062240663900416
========================================
numeric: Index(['id'], dtype='object')
categorical: Index(['beer_name', 'style', 'ounces', 'abv', 'ibu', 'brewery_id',
       'brewery_name', 'city', 'state'],
      dtype='object')
列级平均RMSE (数值列, 归一化): 0.000000
  id: 0.000000
列级平均F1 (类别列, weighted): 0.868540
  beer_name: 1.000000
  style: 1.000000
  ounces: 0.000000
  abv: 0.816863
  ibu: 1.000000
  brewery_id: 1.000000
  brewery_name: 1.000000
  city: 1.000000
  state: 1.000000
========================================

[2/5] 下游任务性能 (classification)
--------------------------------------------------
警告: 清洗后数据行数(1324)与干净数据行数(2410)不一致
将使用清洗后数据自身进行评估（行对齐）
通过索引对齐，使用 1324 行数据进行评估
RF - Accuracy: 0.4566, F1: 0.4002, Precision: 0.3894, Recall: 0.4566
LR - Accuracy: 0.3283, F1: 0.2549, Precision: 0.2173, Recall: 0.3283
SVM - Accuracy: 0.3472, F1: 0.2507, Precision: 0.2063, Recall: 0.3472
KNN - Accuracy: 0.2906, F1: 0.2416, Precision: 0.2189, Recall: 0.2906
DT - Accuracy: 0.3396, F1: 0.3240, Precision: 0.3345, Recall: 0.3396
GB - Accuracy: 0.4189, F1: 0.3895, Precision: 0.3893, Recall: 0.4189

[3/5] 模型容忍度
--------------------------------------------------
注意: 清洗后数据行数(1324)与干净数据行数(2410)不一致
将使用对齐后的数据计算容忍度
通过索引对齐，使用 1324 行数据计算容忍度

容忍度计算结果:
  P_do_nothing (脏数据性能): 0.4394
  P_demand_clean (清洗后性能): 0.3902
  P_repair_all (完全修复性能): 0.4621
  先验容忍度 (Tolerance_prior): 0.8879
  后验容忍度 (Tolerance_post): -2.1667

[4/5] Snoopy上界评估
--------------------------------------------------
Snoopy模块可用，正在评估数据质量上界...
注意: 数据行数不一致 (dirty=2410, cleaned=1324, clean=2410)
将使用对齐后的数据进行Snoopy评估
通过索引对齐，使用 1324 行数据进行Snoopy评估
  脏数据上界: 0.3496
  清洗后上界: 0.3489
  干净数据上界: 0.3602
  上界提升比例: -0.0701

[5/5] 真值使用成本
--------------------------------------------------
  方法类型: Type 1 (全自动)
  实际真值使用: 0
  理想最小成本: 0
  总修改单元格: 0
  正确修复: 0
  错误修复: 0

======================================================================
测评完成，结果已保存到: results/deleteall/beers_deleteall_vzekai/beers_deleteall_vzekai_report.txt
======================================================================
