2026-01-29 19:57:05,012 - INFO - ============================================================
2026-01-29 19:57:05,012 - INFO - DeleteAll Baseline (drop_missing)
2026-01-29 19:57:05,012 - INFO - ============================================================
2026-01-29 19:57:05,013 - INFO - 脏数据: Data/breast_cancer/dirty_index.csv
2026-01-29 19:57:05,013 - INFO - 干净数据: Data/breast_cancer/clean_index.csv
2026-01-29 19:57:05,013 - INFO - 任务名称: breast_cancer_deleteall_vzekai
2026-01-29 19:57:05,013 - INFO - 删除模式: drop_missing
2026-01-29 19:57:05,013 - INFO - ------------------------------------------------------------
2026-01-29 19:57:05,025 - INFO - 输出数据已保存: results/deleteall/breast_cancer_deleteall_vzekai/breast_cancer_deleteall_vzekai_cleaned.csv
2026-01-29 19:57:05,025 - INFO - 原始行数: 699
2026-01-29 19:57:05,025 - INFO - 保留行数: 480
2026-01-29 19:57:05,025 - INFO - 删除行数: 219
2026-01-29 19:57:05,025 - INFO - ------------------------------------------------------------
2026-01-29 19:57:05,025 - INFO - 执行时间: 0.01 秒
2026-01-29 19:57:05,025 - INFO - 执行状态: 成功
2026-01-29 19:57:05,025 - INFO - 真值使用成本: 0
2026-01-29 19:57:05,025 - INFO - 
2026-01-29 19:57:05,025 - INFO - ============================================================
2026-01-29 19:57:05,025 - INFO - 调用统一测评模块 getScoreML
2026-01-29 19:57:05,025 - INFO - ============================================================
2026-01-29 19:57:08.279564: W tensorflow/compiler/xla/stream_executor/platform/default/dso_loader.cc:64] Could not load dynamic library 'libnvinfer.so.7'; dlerror: libnvinfer.so.7: cannot open shared object file: No such file or directory
2026-01-29 19:57:08.279627: W tensorflow/compiler/xla/stream_executor/platform/default/dso_loader.cc:64] Could not load dynamic library 'libnvinfer_plugin.so.7'; dlerror: libnvinfer_plugin.so.7: cannot open shared object file: No such file or directory
2026-01-29 19:57:08.279634: W tensorflow/compiler/tf2tensorrt/utils/py_utils.cc:38] TF-TRT Warning: Cannot dlopen some TensorRT libraries. If you would like to use Nvidia GPU with TensorRT, please make sure the missing libraries mentioned above are installed properly.
[1;34m[19:57:08][0m[1;33m WARNING Snoopy may use all CPU cores! Set env. variable 'SNOOPY_LIMIT_CPU' to 'y' to limit CPU usage. [0m[1;34m(__init__ -> _init_tf_pytorch on MainThread)[0m
2026-01-29 19:57:08.850382: E tensorflow/compiler/xla/stream_executor/cuda/cuda_driver.cc:267] failed call to cuInit: CUDA_ERROR_NO_DEVICE: no CUDA-capable device is detected
2026-01-29 19:57:13,930 - INFO - 结果已保存到: results/deleteall/breast_cancer_deleteall_vzekai
2026-01-29 19:57:13,930 - INFO - 日志文件: results/deleteall/breast_cancer_deleteall_vzekai/breast_cancer_deleteall_vzekai.log
2026-01-29 19:57:13,930 - INFO - ============================================================
DeleteAll: 读取数据 699 行, 11 列
DeleteAll (drop_missing): 删除了 219 行含缺失值的数据
======================================================================
Clean4MLBaseline 统一测评 - breast_cancer_deleteall_vzekai
======================================================================

[1/5] 传统清洗指标
--------------------------------------------------
调试文件已保存到: results/deleteall/breast_cancer_deleteall_vzekai/debug
修复准确率: 0.0, 修复召回率: 0.0, F1值: 0.0
========================================
错误减少率 (EDR): 0.6145038167938931
========================================
混合距离 (Hybrid Distance): 0.1364348455162903
========================================
基于条目的错误减少率 (R-EDR): 0.5413533834586466
========================================
numeric: Index(['Clump Thickness', 'Uniformity of Cell Size',
       'Uniformity of Cell Shape', 'Marginal Adhesion',
       'Single Epithelial Cell Size', 'Bland Chromatin', 'Normal Nucleoli',
       'Mitoses', 'class'],
      dtype='object')
categorical: Index(['Bare Nuclei'], dtype='object')
列级平均RMSE (数值列, 归一化): 1.855597
  Clump Thickness: 3.275937
  Uniformity of Cell Size: 1.959231
  Uniformity of Cell Shape: 1.336509
  Marginal Adhesion: 1.263900
  Single Epithelial Cell Size: 1.620991
  Bland Chromatin: 2.248072
  Normal Nucleoli: 2.073360
  Mitoses: 2.572161
  class: 0.350216
列级平均F1 (类别列, weighted): 0.966776
  Bare Nuclei: 0.966776
========================================

[2/5] 下游任务性能 (classification)
--------------------------------------------------
警告: 清洗后数据行数(480)与干净数据行数(699)不一致
将使用清洗后数据自身进行评估（行对齐）
通过索引对齐，使用 480 行数据进行评估
RF - Accuracy: 0.9896, F1: 0.9895, Precision: 0.9897, Recall: 0.9896
LR - Accuracy: 0.9167, F1: 0.9154, Precision: 0.9177, Recall: 0.9167
SVM - Accuracy: 0.9792, F1: 0.9790, Precision: 0.9798, Recall: 0.9792
KNN - Accuracy: 0.9688, F1: 0.9684, Precision: 0.9702, Recall: 0.9688
DT - Accuracy: 0.9688, F1: 0.9684, Precision: 0.9702, Recall: 0.9688
GB - Accuracy: 0.9792, F1: 0.9790, Precision: 0.9798, Recall: 0.9792

[3/5] 模型容忍度
--------------------------------------------------
注意: 清洗后数据行数(480)与干净数据行数(699)不一致
将使用对齐后的数据计算容忍度
通过索引对齐，使用 480 行数据计算容忍度

容忍度计算结果:
  P_do_nothing (脏数据性能): 0.9792
  P_demand_clean (清洗后性能): 1.0000
  P_repair_all (完全修复性能): 0.9896
  先验容忍度 (Tolerance_prior): 1.0213
  后验容忍度 (Tolerance_post): 2.0000

[4/5] Snoopy上界评估
--------------------------------------------------
Snoopy模块可用，正在评估数据质量上界...
注意: 数据行数不一致 (dirty=699, cleaned=480, clean=699)
将使用对齐后的数据进行Snoopy评估
通过索引对齐，使用 480 行数据进行Snoopy评估
  脏数据上界: 0.9292
  清洗后上界: 0.9313
  干净数据上界: 0.9563
  上界提升比例: 0.0769

[5/5] 真值使用成本
--------------------------------------------------
  方法类型: Type 1 (全自动)
  实际真值使用: 0
  理想最小成本: 0
  总修改单元格: 0
  正确修复: 0
  错误修复: 0

======================================================================
测评完成，结果已保存到: results/deleteall/breast_cancer_deleteall_vzekai/breast_cancer_deleteall_vzekai_report.txt
======================================================================
