2026-02-03 16:30:54,306 - INFO - ============================================================
2026-02-03 16:30:54,306 - INFO - DeleteAll Baseline (drop_missing)
2026-02-03 16:30:54,306 - INFO - ============================================================
2026-02-03 16:30:54,306 - INFO - 脏数据: Data/har/dirty_index.csv
2026-02-03 16:30:54,306 - INFO - 干净数据: Data/har/clean_index.csv
2026-02-03 16:30:54,306 - INFO - 任务名称: har_deleteall_vzekai
2026-02-03 16:30:54,306 - INFO - 删除模式: drop_missing
2026-02-03 16:30:54,306 - INFO - ------------------------------------------------------------
2026-02-03 16:30:54,561 - INFO - 输出数据已保存: results/deleteall/har_deleteall_vzekai/har_deleteall_vzekai_cleaned.csv
2026-02-03 16:30:54,561 - INFO - 原始行数: 70000
2026-02-03 16:30:54,561 - INFO - 保留行数: 60949
2026-02-03 16:30:54,561 - INFO - 删除行数: 9051
2026-02-03 16:30:54,561 - INFO - ------------------------------------------------------------
2026-02-03 16:30:54,561 - INFO - 执行时间: 0.26 秒
2026-02-03 16:30:54,561 - INFO - 执行状态: 成功
2026-02-03 16:30:54,561 - INFO - 真值使用成本: 0
2026-02-03 16:30:54,561 - INFO - 
2026-02-03 16:30:54,561 - INFO - ============================================================
2026-02-03 16:30:54,561 - INFO - 调用统一测评模块 getScoreML
2026-02-03 16:30:54,561 - INFO - ============================================================
2026-02-03 16:32:33.383312: W tensorflow/compiler/xla/stream_executor/platform/default/dso_loader.cc:64] Could not load dynamic library 'libnvinfer.so.7'; dlerror: libnvinfer.so.7: cannot open shared object file: No such file or directory
2026-02-03 16:32:33.383403: W tensorflow/compiler/xla/stream_executor/platform/default/dso_loader.cc:64] Could not load dynamic library 'libnvinfer_plugin.so.7'; dlerror: libnvinfer_plugin.so.7: cannot open shared object file: No such file or directory
2026-02-03 16:32:33.383416: W tensorflow/compiler/tf2tensorrt/utils/py_utils.cc:38] TF-TRT Warning: Cannot dlopen some TensorRT libraries. If you would like to use Nvidia GPU with TensorRT, please make sure the missing libraries mentioned above are installed properly.
[1;34m[16:32:33][0m[1;33m WARNING Snoopy may use all CPU cores! Set env. variable 'SNOOPY_LIMIT_CPU' to 'y' to limit CPU usage. [0m[1;34m(__init__ -> _init_tf_pytorch on MainThread)[0m
2026-02-03 16:32:33.964511: E tensorflow/compiler/xla/stream_executor/cuda/cuda_driver.cc:267] failed call to cuInit: CUDA_ERROR_NO_DEVICE: no CUDA-capable device is detected
2026-02-03 16:35:41,177 - INFO - 结果已保存到: results/deleteall/har_deleteall_vzekai
2026-02-03 16:35:41,177 - INFO - 日志文件: results/deleteall/har_deleteall_vzekai/har_deleteall_vzekai.log
2026-02-03 16:35:41,177 - INFO - ============================================================
DeleteAll: 读取数据 70000 行, 5 列
DeleteAll (drop_missing): 删除了 9051 行含缺失值的数据
======================================================================
Clean4MLBaseline 统一测评 - har_deleteall_vzekai
======================================================================

[1/5] 传统清洗指标
--------------------------------------------------
调试文件已保存到: results/deleteall/har_deleteall_vzekai/debug
修复准确率: 0.0, 修复召回率: 0.0, F1值: 0.0
========================================
错误减少率 (EDR): 0.2971218240376259
========================================
混合距离 (Hybrid Distance): 0.26972000850786726
========================================
基于条目的错误减少率 (R-EDR): 0.26906510489293795
========================================
numeric: Index(['x', 'y', 'z'], dtype='object')
categorical: Index(['gt'], dtype='object')
列级平均RMSE (数值列, 归一化): 1.562844
  x: 1.562077
  y: 1.571926
  z: 1.554528
列级平均F1 (类别列, weighted): 1.000000
  gt: 1.000000
========================================

[2/5] 下游任务性能 (clustering)
--------------------------------------------------
警告: 清洗后数据行数(60949)与干净数据行数(70000)不一致
将使用清洗后数据自身进行评估（行对齐）
通过索引对齐，使用 60949 行数据进行评估
数据集较大 (60949 行)，对聚类评估进行采样到 10000 行
KMEANS - Silhouette: 0.5222, ARI: 0.6615 (采样)
AGGLOMERATIVE - Silhouette: 0.5090, ARI: 0.6090 (采样)

[3/5] 模型容忍度
--------------------------------------------------
注意: 清洗后数据行数(60949)与干净数据行数(70000)不一致
将使用对齐后的数据计算容忍度
通过索引对齐，使用 60949 行数据计算容忍度

容忍度计算结果:
  P_do_nothing (脏数据性能): -0.0070
  P_demand_clean (清洗后性能): -0.0006
  P_repair_all (完全修复性能): -0.0000
  先验容忍度 (Tolerance_prior): 0.0905
  后验容忍度 (Tolerance_post): 0.9095

[4/5] Snoopy上界评估
--------------------------------------------------
Snoopy模块可用，正在评估数据质量上界...
注意: 数据行数不一致 (dirty=70000, cleaned=60949, clean=70000)
将使用对齐后的数据进行Snoopy评估
通过索引对齐，使用 60949 行数据进行Snoopy评估
数据集较大 (60949 行)，对Snoopy评估进行采样到 10000 行
  脏数据上界: 0.0032
  清洗后上界: 0.0039
  干净数据上界: -0.0000
  上界提升比例: -0.2217

[5/5] 真值使用成本
--------------------------------------------------
  方法类型: Type 1 (全自动)
  实际真值使用: 0
  理想最小成本: 0
  总修改单元格: 0
  正确修复: 0
  错误修复: 0

======================================================================
测评完成，结果已保存到: results/deleteall/har_deleteall_vzekai/har_deleteall_vzekai_report.txt
======================================================================
