2026-01-29 20:09:53,262 - INFO - ============================================================
2026-01-29 20:09:53,262 - INFO - DeleteAll Baseline (drop_missing)
2026-01-29 20:09:53,262 - INFO - ============================================================
2026-01-29 20:09:53,262 - INFO - 脏数据: Data/mercedes/dirty_index.csv
2026-01-29 20:09:53,262 - INFO - 干净数据: Data/mercedes/clean_index.csv
2026-01-29 20:09:53,262 - INFO - 任务名称: mercedes_deleteall_vzekai
2026-01-29 20:09:53,262 - INFO - 删除模式: drop_missing
2026-01-29 20:09:53,262 - INFO - ------------------------------------------------------------
sys:1: DtypeWarning: Columns (9,10,11,13,14,15,16,17,18,19,20,21,22,23,24,25,27,28,29,30,32,33,34,35,36,37,39,40,42,43,44,45,46,47,48,49,51,53,54,55,56,57,58,59,60,61,62,63,64,65,66,67,68,69,70,71,72,73,75,76,77,79,80,81,82,83,84,85,86,87,88,89,90,91,92,93,94,95,96,97,98,99,100,101,102,103,105,106,107,108,109,110,111,112,113,114,115,117,118,119,120,121,122,123,124,125,126,128,129,130,131,132,133,134,135,136,137,140,141,142,143,144,145,146,147,148,150,151,152,153,154,155,156,157,158,159,160,161,163,164,165,166,167,168,169,170,171,172,173,175,176,177,178,179,180,181,182,183,184,185,186,187,188,189,191,192,193,194,195,196,197,198,199,200,201,202,203,204,205,207,208,209,210,211,212,213,214,215,216,217,218,219,220,221,222,223,224,225,226,227,228,229,230,231,232,233,235,236,237,239,240,241,242,243,244,245,246,247,248,249,251,252,253,254,255,256,257,258,260,261,262,263,264,266,267,268,269,270,271,272,273,274,275,276,277,278,279,280,281,282,283,284,285,287,288,289,290,291,292,293,294,295,296,297,298,300,301,302,303,304,305,306,307,308,309,310,311,312,313,314,315,316,317,318,319,320,321,322,323,324,325,326,327,329,330,331,332,333,334,335,337,338,339,340,341,342,344,345,346,347,348,349,350,351,352,353,354,355,356,357,358,359,360,361,362,364,365,366,369,370,371,372,373,375,376) have mixed types.Specify dtype option on import or set low_memory=False.
2026-01-29 20:09:54,648 - INFO - 输出数据已保存: results/deleteall/mercedes_deleteall_vzekai/mercedes_deleteall_vzekai_cleaned.csv
2026-01-29 20:09:54,648 - INFO - 原始行数: 4209
2026-01-29 20:09:54,648 - INFO - 保留行数: 2690
2026-01-29 20:09:54,648 - INFO - 删除行数: 1519
2026-01-29 20:09:54,648 - INFO - ------------------------------------------------------------
2026-01-29 20:09:54,648 - INFO - 执行时间: 1.39 秒
2026-01-29 20:09:54,648 - INFO - 执行状态: 成功
2026-01-29 20:09:54,648 - INFO - 真值使用成本: 0
2026-01-29 20:09:54,648 - INFO - 
2026-01-29 20:09:54,648 - INFO - ============================================================
2026-01-29 20:09:54,648 - INFO - 调用统一测评模块 getScoreML
2026-01-29 20:09:54,648 - INFO - ============================================================
DeleteAll: 读取数据 4209 行, 378 列
DeleteAll (drop_missing): 删除了 1519 行含缺失值的数据
======================================================================
Clean4MLBaseline 统一测评 - mercedes_deleteall_vzekai
======================================================================

[1/5] 传统清洗指标
--------------------------------------------------
调试文件已保存到: results/deleteall/mercedes_deleteall_vzekai/debug
修复准确率: 0.0, 修复召回率: 0.0, F1值: 0.0
========================================
错误减少率 (EDR): 0.36443427523935085
========================================
混合距离 (Hybrid Distance): 0.46951840429822866
========================================
基于条目的错误减少率 (R-EDR): 0.3608933238298883
========================================
numeric: Index(['X10', 'X11', 'X12', 'X13', 'X14', 'X15', 'X16', 'X17', 'X18', 'X19',
       ...
       'X376', 'X377', 'X378', 'X379', 'X380', 'X382', 'X383', 'X384', 'X385',
       'y'],
      dtype='object', length=369)
categorical: Index(['X0', 'X1', 'X2', 'X3', 'X4', 'X5', 'X6', 'X8'], dtype='object')
列级平均RMSE (数值列, 归一化): 1.710899
  X10: 1.823497
  X11: 0.000000
  X12: 1.768425
  X13: 1.836085
  X14: 1.743411
  X15: 2.047618
  X16: 1.804706
  X17: 2.368784
  X18: 1.805579
  X19: 1.744725
  X20: 1.644943
  X21: 1.734979
  X22: 1.932824
  X23: 1.911552
  X24: 1.975053
  X26: 1.649944
  X27: 1.777194
  X28: 1.805471
  X29: 1.790785
  X30: 1.939836
  X31: 1.719006
  X32: 1.766811
  X33: 1.449286
  X34: 1.818738
  X35: 1.898912
  X36: 1.668804
  X37: 1.779341
  X38: 1.964755
  X39: 1.504373
  X40: 2.434332
  X41: 1.784886
  X42: 0.027658
  X43: 1.717982
  X44: 1.826051
  X45: 1.779930
  X46: 1.787925
  X47: 1.889772
  X48: 1.804450
  X49: 1.727643
  X50: 1.825890
  X51: 1.807263
  X52: 1.854637
  X53: 1.847800
  X54: 1.801166
  X55: 1.997078
  X56: 1.717185
  X57: 1.767573
  X58: 1.772307
  X59: 1.444436
  X60: 1.466081
  X61: 1.801140
  X62: 1.908396
  X63: 1.755686
  X64: 1.788704
  X65: 1.704934
  X66: 1.859921
  X67: 2.414931
  X68: 1.781922
  X69: 1.765326
  X70: 1.780107
  X71: 1.888848
  X73: 1.758269
  X74: 0.047492
  X75: 1.810035
  X76: 2.059668
  X77: 1.691984
  X78: 1.923274
  X79: 1.662894
  X80: 1.787530
  X81: 1.783857
  X82: 1.800175
  X83: 1.787354
  X84: 1.818523
  X85: 1.868728
  X86: 3.528917
  X87: 1.523679
  X88: 1.740322
  X89: 1.429546
  X90: 1.756453
  X91: 1.403879
  X92: 1.644604
  X93: 0.000000
  X94: 1.677089
  X95: 1.381951
  X96: 1.827640
  X97: 1.536183
  X98: 1.804240
  X99: 1.638857
  X100: 1.921964
  X101: 1.804203
  X102: 1.789740
  X103: 1.753223
  X104: 1.527440
  X105: 2.293056
  X106: 1.814554
  X107: 0.000000
  X108: 1.745804
  X109: 1.772585
  X110: 2.771101
  X111: 1.896244
  X112: 2.096521
  X113: 2.048464
  X114: 1.612548
  X115: 1.843130
  X116: 1.801280
  X117: 1.665213
  X118: 1.791441
  X119: 1.764351
  X120: 1.882108
  X122: 1.679556
  X123: 1.955950
  X124: 1.464705
  X125: 2.142418
  X126: 1.833000
  X127: 1.786304
  X128: 1.863706
  X129: 1.719083
  X130: 1.982673
  X131: 1.933443
  X132: 1.857993
  X133: 1.667935
  X134: 1.697136
  X135: 1.924015
  X136: 1.862864
  X137: 1.702786
  X138: 1.744194
  X139: 1.857401
  X140: 1.703004
  X141: 1.909841
  X142: 1.748006
  X143: 1.857331
  X144: 1.789100
  X145: 1.567627
  X146: 1.761658
  X147: 1.870073
  X148: 1.705696
  X150: 1.810276
  X151: 1.798142
  X152: 1.656618
  X153: 1.798495
  X154: 1.729254
  X155: 1.750166
  X156: 1.878877
  X157: 1.690864
  X158: 1.708847
  X159: 2.141397
  X160: 2.381237
  X161: 1.743203
  X162: 1.800858
  X163: 1.771292
  X164: 1.754558
  X165: 1.820291
  X166: 1.816354
  X167: 1.932016
  X168: 1.657378
  X169: 2.159676
  X170: 1.817233
  X171: 1.825971
  X172: 1.840667
  X173: 1.703086
  X174: 1.711467
  X175: 1.976181
  X176: 1.626209
  X177: 1.870091
  X178: 1.853934
  X179: 1.794120
  X180: 1.752942
  X181: 1.733935
  X182: 1.731688
  X183: 1.969768
  X184: 1.547425
  X185: 1.974954
  X186: 1.746006
  X187: 1.780137
  X189: 1.927177
  X190: 0.027803
  X191: 1.775113
  X192: 1.882221
  X194: 1.839132
  X195: 1.839151
  X196: 1.832683
  X197: 1.829753
  X198: 1.838151
  X199: 2.012230
  X200: 1.679045
  X201: 1.836289
  X202: 1.833741
  X203: 1.998756
  X204: 1.393855
  X205: 1.413128
  X206: 2.078173
  X207: 1.378039
  X208: 1.856363
  X209: 1.759575
  X210: 1.465801
  X211: 1.729674
  X212: 1.622297
  X213: 2.263416
  X214: 1.750365
  X215: 1.864420
  X216: 1.750829
  X217: 1.782724
  X218: 1.862153
  X219: 1.704595
  X220: 1.721813
  X221: 1.879611
  X222: 1.938482
  X223: 1.715911
  X224: 1.727642
  X225: 1.729363
  X226: 1.723913
  X227: 2.048765
  X228: 1.735327
  X229: 1.768041
  X230: 1.798590
  X231: 1.583229
  X232: 1.869430
  X233: 0.000000
  X234: 1.797391
  X235: 0.000000
  X236: 1.961084
  X237: 1.891505
  X238: 1.827681
  X239: 1.984606
  X240: 2.093530
  X241: 1.844971
  X242: 1.803821
  X243: 1.757675
  X244: 1.833138
  X245: 1.435287
  X246: 1.875203
  X247: 1.755542
  X248: 1.618137
  X249: 1.745028
  X250: 1.783799
  X251: 1.798578
  X252: 1.666208
  X253: 1.370476
  X254: 1.775904
  X255: 1.851906
  X256: 1.808125
  X257: 0.028367
  X258: 1.621051
  X259: 1.386766
  X260: 0.029752
  X261: 1.868339
  X262: 1.562818
  X263: 1.926848
  X264: 1.757709
  X265: 1.918232
  X266: 1.550972
  X267: 1.743372
  X268: 0.000000
  X269: 2.006276
  X270: 1.501531
  X271: 2.221927
  X272: 1.937034
  X273: 1.808863
  X274: 1.976991
  X275: 1.744607
  X276: 1.774062
  X277: 2.084460
  X278: 1.994457
  X279: 1.945818
  X280: 0.027477
  X281: 1.526615
  X282: 2.049072
  X283: 1.684835
  X284: 1.766150
  X285: 1.832863
  X286: 1.686824
  X287: 1.786339
  X288: 0.026581
  X289: 0.000000
  X290: 0.000000
  X291: 1.829122
  X292: 1.812416
  X293: 0.000000
  X294: 1.888316
  X295: 1.435399
  X296: 1.407729
  X297: 0.000000
  X298: 1.740269
  X299: 1.854026
  X300: 1.751600
  X301: 1.884104
  X302: 1.799208
  X304: 1.871167
  X305: 1.809650
  X306: 1.706791
  X307: 2.000495
  X308: 1.690483
  X309: 2.070427
  X310: 2.570574
  X311: 1.942262
  X312: 1.853605
  X313: 1.705472
  X314: 1.658770
  X315: 1.783004
  X316: 1.673287
  X317: 1.897954
  X318: 2.541568
  X319: 1.450911
  X320: 1.728918
  X321: 1.787592
  X322: 1.695523
  X323: 1.888669
  X324: 1.773771
  X325: 2.311625
  X326: 1.885362
  X327: 1.865016
  X328: 1.904810
  X329: 1.738568
  X330: 0.000000
  X331: 1.746581
  X332: 1.403766
  X333: 1.778365
  X334: 1.689766
  X335: 1.732655
  X336: 1.833326
  X337: 1.824176
  X338: 1.670197
  X339: 0.028105
  X340: 1.871877
  X341: 1.827377
  X342: 1.731475
  X343: 1.722348
  X344: 1.871895
  X345: 1.856513
  X346: 1.885263
  X347: 0.000000
  X348: 1.860610
  X349: 1.757138
  X350: 1.745425
  X351: 1.789143
  X352: 1.730035
  X353: 1.851053
  X354: 1.735930
  X355: 1.704911
  X356: 1.732134
  X357: 1.500067
  X358: 1.792091
  X359: 1.811950
  X360: 1.834840
  X361: 1.743323
  X362: 1.738870
  X363: 1.797829
  X364: 2.133050
  X365: 2.235098
  X366: 2.216073
  X367: 1.775304
  X368: 1.773825
  X369: 2.031537
  X370: 1.812059
  X371: 1.878970
  X372: 1.939934
  X373: 1.707828
  X374: 1.840033
  X375: 1.760565
  X376: 1.970367
  X377: 1.737426
  X378: 1.856316
  X379: 1.792689
  X380: 1.730192
  X382: 2.288552
  X383: 2.176154
  X384: 1.978114
  X385: 1.618071
  y: 0.000000
列级平均F1 (类别列, weighted): 1.000000
  X0: 1.000000
  X1: 1.000000
  X2: 1.000000
  X3: 1.000000
  X4: 1.000000
  X5: 1.000000
  X6: 1.000000
  X8: 1.000000
========================================

[2/5] 下游任务性能 (regression)
--------------------------------------------------
警告: 清洗后数据行数(2690)与干净数据行数(4209)不一致
将使用清洗后数据自身进行评估（行对齐）
通过索引对齐，使用 2690 行数据进行评估
RF - MSE: 61.6600, R2: 0.5436, MAE: 5.5195, RMSE: 7.8524
LR - MSE: 92.1764, R2: 0.3178, MAE: 7.4251, RMSE: 9.6009
RIDGE - MSE: 92.1261, R2: 0.3182, MAE: 7.4227, RMSE: 9.5982
LASSO - MSE: 93.7151, R2: 0.3064, MAE: 7.6502, RMSE: 9.6807
KNN - MSE: 105.1309, R2: 0.2219, MAE: 8.1157, RMSE: 10.2533
GB - MSE: 61.0109, R2: 0.5484, MAE: 5.6613, RMSE: 7.81092026-01-29 20:12:15.571054: W tensorflow/compiler/xla/stream_executor/platform/default/dso_loader.cc:64] Could not load dynamic library 'libnvinfer.so.7'; dlerror: libnvinfer.so.7: cannot open shared object file: No such file or directory
2026-01-29 20:12:15.571114: W tensorflow/compiler/xla/stream_executor/platform/default/dso_loader.cc:64] Could not load dynamic library 'libnvinfer_plugin.so.7'; dlerror: libnvinfer_plugin.so.7: cannot open shared object file: No such file or directory
2026-01-29 20:12:15.571121: W tensorflow/compiler/tf2tensorrt/utils/py_utils.cc:38] TF-TRT Warning: Cannot dlopen some TensorRT libraries. If you would like to use Nvidia GPU with TensorRT, please make sure the missing libraries mentioned above are installed properly.
sys:1: DtypeWarning: Columns (9,10,11,13,14,15,16,17,18,19,20,21,22,23,24,25,27,28,29,30,32,33,34,35,36,37,39,40,42,43,44,45,46,47,48,49,51,53,54,55,56,57,58,59,60,61,62,63,64,65,66,67,68,69,70,71,72,73,75,76,77,79,80,81,82,83,84,85,86,87,88,89,90,91,92,93,94,95,96,97,98,99,100,101,102,103,105,106,107,108,109,110,111,112,113,114,115,117,118,119,120,121,122,123,124,125,126,128,129,130,131,132,133,134,135,136,137,140,141,142,143,144,145,146,147,148,150,151,152,153,154,155,156,157,158,159,160,161,163,164,165,166,167,168,169,170,171,172,173,175,176,177,178,179,180,181,182,183,184,185,186,187,188,189,191,192,193,194,195,196,197,198,199,200,201,202,203,204,205,207,208,209,210,211,212,213,214,215,216,217,218,219,220,221,222,223,224,225,226,227,228,229,230,231,232,233,235,236,237,239,240,241,242,243,244,245,246,247,248,249,251,252,253,254,255,256,257,258,260,261,262,263,264,266,267,268,269,270,271,272,273,274,275,276,277,278,279,280,281,282,283,284,285,287,288,289,290,291,292,293,294,295,296,297,298,300,301,302,303,304,305,306,307,308,309,310,311,312,313,314,315,316,317,318,319,320,321,322,323,324,325,326,327,329,330,331,332,333,334,335,337,338,339,340,341,342,344,345,346,347,348,349,350,351,352,353,354,355,356,357,358,359,360,361,362,364,365,366,369,370,371,372,373,375,376) have mixed types.Specify dtype option on import or set low_memory=False.
[1;34m[20:12:16][0m[1;33m WARNING Snoopy may use all CPU cores! Set env. variable 'SNOOPY_LIMIT_CPU' to 'y' to limit CPU usage. [0m[1;34m(__init__ -> _init_tf_pytorch on MainThread)[0m
2026-01-29 20:12:16.155284: E tensorflow/compiler/xla/stream_executor/cuda/cuda_driver.cc:267] failed call to cuInit: CUDA_ERROR_NO_DEVICE: no CUDA-capable device is detected
2026-01-29 20:41:52,038 - INFO - 结果已保存到: results/deleteall/mercedes_deleteall_vzekai
2026-01-29 20:41:52,038 - INFO - 日志文件: results/deleteall/mercedes_deleteall_vzekai/mercedes_deleteall_vzekai.log
2026-01-29 20:41:52,038 - INFO - ============================================================


[3/5] 模型容忍度
--------------------------------------------------
注意: 清洗后数据行数(2690)与干净数据行数(4209)不一致
将使用对齐后的数据计算容忍度
通过索引对齐，使用 2690 行数据计算容忍度

容忍度计算结果:
  P_do_nothing (脏数据性能): -63.1114
  P_demand_clean (清洗后性能): -70.9107
  P_repair_all (完全修复性能): -76.1668
  先验容忍度 (Tolerance_prior): 1.1236
  后验容忍度 (Tolerance_post): 0.5974

[4/5] Snoopy上界评估
--------------------------------------------------
Snoopy模块可用，正在评估数据质量上界...
注意: 数据行数不一致 (dirty=4209, cleaned=2690, clean=4209)
将使用对齐后的数据进行Snoopy评估
通过索引对齐，使用 2690 行数据进行Snoopy评估
  脏数据上界: 89.3901
  清洗后上界: 85.6763
  干净数据上界: 90.4511
  上界提升比例: -3.5001

[5/5] 真值使用成本
--------------------------------------------------
  方法类型: Type 1 (全自动)
  实际真值使用: 0
  理想最小成本: 0
  总修改单元格: 0
  正确修复: 0
  错误修复: 0

======================================================================
测评完成，结果已保存到: results/deleteall/mercedes_deleteall_vzekai/mercedes_deleteall_vzekai_report.txt
======================================================================
