2026-01-29 20:41:52,917 - INFO - ============================================================
2026-01-29 20:41:52,917 - INFO - DeleteAll Baseline (drop_missing)
2026-01-29 20:41:52,917 - INFO - ============================================================
2026-01-29 20:41:52,917 - INFO - 脏数据: Data/nasa/dirty_index.csv
2026-01-29 20:41:52,917 - INFO - 干净数据: Data/nasa/clean_index.csv
2026-01-29 20:41:52,917 - INFO - 任务名称: nasa_deleteall_vzekai
2026-01-29 20:41:52,917 - INFO - 删除模式: drop_missing
2026-01-29 20:41:52,917 - INFO - ------------------------------------------------------------
2026-01-29 20:41:52,932 - INFO - 输出数据已保存: results/deleteall/nasa_deleteall_vzekai/nasa_deleteall_vzekai_cleaned.csv
2026-01-29 20:41:52,932 - INFO - 原始行数: 1503
2026-01-29 20:41:52,932 - INFO - 保留行数: 1473
2026-01-29 20:41:52,932 - INFO - 删除行数: 30
2026-01-29 20:41:52,932 - INFO - ------------------------------------------------------------
2026-01-29 20:41:52,932 - INFO - 执行时间: 0.02 秒
2026-01-29 20:41:52,932 - INFO - 执行状态: 成功
2026-01-29 20:41:52,932 - INFO - 真值使用成本: 0
2026-01-29 20:41:52,932 - INFO - 
2026-01-29 20:41:52,932 - INFO - ============================================================
2026-01-29 20:41:52,932 - INFO - 调用统一测评模块 getScoreML
2026-01-29 20:41:52,932 - INFO - ============================================================
2026-01-29 20:41:57.852061: W tensorflow/compiler/xla/stream_executor/platform/default/dso_loader.cc:64] Could not load dynamic library 'libnvinfer.so.7'; dlerror: libnvinfer.so.7: cannot open shared object file: No such file or directory
2026-01-29 20:41:57.852122: W tensorflow/compiler/xla/stream_executor/platform/default/dso_loader.cc:64] Could not load dynamic library 'libnvinfer_plugin.so.7'; dlerror: libnvinfer_plugin.so.7: cannot open shared object file: No such file or directory
2026-01-29 20:41:57.852129: W tensorflow/compiler/tf2tensorrt/utils/py_utils.cc:38] TF-TRT Warning: Cannot dlopen some TensorRT libraries. If you would like to use Nvidia GPU with TensorRT, please make sure the missing libraries mentioned above are installed properly.
[1;34m[20:41:58][0m[1;33m WARNING Snoopy may use all CPU cores! Set env. variable 'SNOOPY_LIMIT_CPU' to 'y' to limit CPU usage. [0m[1;34m(__init__ -> _init_tf_pytorch on MainThread)[0m
2026-01-29 20:41:58.418056: E tensorflow/compiler/xla/stream_executor/cuda/cuda_driver.cc:267] failed call to cuInit: CUDA_ERROR_NO_DEVICE: no CUDA-capable device is detected
2026-01-29 20:42:08,280 - INFO - 结果已保存到: results/deleteall/nasa_deleteall_vzekai
2026-01-29 20:42:08,280 - INFO - 日志文件: results/deleteall/nasa_deleteall_vzekai/nasa_deleteall_vzekai.log
2026-01-29 20:42:08,280 - INFO - ============================================================
DeleteAll: 读取数据 1503 行, 7 列
DeleteAll (drop_missing): 删除了 30 行含缺失值的数据
======================================================================
Clean4MLBaseline 统一测评 - nasa_deleteall_vzekai
======================================================================

[1/5] 传统清洗指标
--------------------------------------------------
调试文件已保存到: results/deleteall/nasa_deleteall_vzekai/debug
修复准确率: 0.0, 修复召回率: 0.0, F1值: 0.0
========================================
错误减少率 (EDR): 0.04103967168262654
========================================
混合距离 (Hybrid Distance): 0.28317178581964964
========================================
基于条目的错误减少率 (R-EDR): 0.04103967168262654
========================================
numeric: Index(['frequency', 'angle', 'chord_length', 'velocity', 'thickness',
       'sound_pressure_level'],
      dtype='object')
categorical: (none)
列级平均RMSE (数值列, 归一化): 103964801403.988525
  frequency: 12964.795572
  angle: 517.847011
  chord_length: 15398508.641209
  velocity: 2033.189082
  thickness: 623773394399.458252
  sound_pressure_level: 0.000000
列级平均F1: N/A (无类别列)
========================================

[2/5] 下游任务性能 (regression)
--------------------------------------------------
警告: 清洗后数据行数(1473)与干净数据行数(1503)不一致
将使用清洗后数据自身进行评估（行对齐）
通过索引对齐，使用 1473 行数据进行评估
RF - MSE: 29.5527, R2: 0.3448, MAE: 3.9697, RMSE: 5.4362
LR - MSE: 43.1525, R2: 0.0433, MAE: 5.3276, RMSE: 6.5691
RIDGE - MSE: 43.1518, R2: 0.0433, MAE: 5.3275, RMSE: 6.5690
LASSO - MSE: 44.4340, R2: 0.0148, MAE: 5.3754, RMSE: 6.6659
KNN - MSE: 39.6034, R2: 0.1219, MAE: 5.0178, RMSE: 6.2931
GB - MSE: 28.9526, R2: 0.3581, MAE: 4.2913, RMSE: 5.3808

[3/5] 模型容忍度
--------------------------------------------------
注意: 清洗后数据行数(1473)与干净数据行数(1503)不一致
将使用对齐后的数据计算容忍度
通过索引对齐，使用 1473 行数据计算容忍度

容忍度计算结果:
  P_do_nothing (脏数据性能): -62.0180
  P_demand_clean (清洗后性能): -62.0180
  P_repair_all (完全修复性能): -3.0232
  先验容忍度 (Tolerance_prior): 1.0000
  后验容忍度 (Tolerance_post): 0.0000

[4/5] Snoopy上界评估
--------------------------------------------------
Snoopy模块可用，正在评估数据质量上界...
注意: 数据行数不一致 (dirty=1503, cleaned=1473, clean=1503)
将使用对齐后的数据进行Snoopy评估
通过索引对齐，使用 1473 行数据进行Snoopy评估
  脏数据上界: 33.2207
  清洗后上界: 33.2207
  干净数据上界: 12.6806
  上界提升比例: -0.0000

[5/5] 真值使用成本
--------------------------------------------------
  方法类型: Type 1 (全自动)
  实际真值使用: 0
  理想最小成本: 0
  总修改单元格: 0
  正确修复: 0
  错误修复: 0

======================================================================
测评完成，结果已保存到: results/deleteall/nasa_deleteall_vzekai/nasa_deleteall_vzekai_report.txt
======================================================================
