2026-01-29 20:42:09,148 - INFO - ============================================================
2026-01-29 20:42:09,148 - INFO - DeleteAll Baseline (drop_missing)
2026-01-29 20:42:09,148 - INFO - ============================================================
2026-01-29 20:42:09,148 - INFO - 脏数据: Data/smartfactory/dirty_index.csv
2026-01-29 20:42:09,148 - INFO - 干净数据: Data/smartfactory/clean_index.csv
2026-01-29 20:42:09,148 - INFO - 任务名称: smartfactory_deleteall_vzekai
2026-01-29 20:42:09,148 - INFO - 删除模式: drop_missing
2026-01-29 20:42:09,148 - INFO - ------------------------------------------------------------
2026-01-29 20:42:09,452 - INFO - 输出数据已保存: results/deleteall/smartfactory_deleteall_vzekai/smartfactory_deleteall_vzekai_cleaned.csv
2026-01-29 20:42:09,452 - INFO - 原始行数: 23645
2026-01-29 20:42:09,452 - INFO - 保留行数: 16552
2026-01-29 20:42:09,452 - INFO - 删除行数: 7093
2026-01-29 20:42:09,452 - INFO - ------------------------------------------------------------
2026-01-29 20:42:09,452 - INFO - 执行时间: 0.30 秒
2026-01-29 20:42:09,452 - INFO - 执行状态: 成功
2026-01-29 20:42:09,452 - INFO - 真值使用成本: 0
2026-01-29 20:42:09,452 - INFO - 
2026-01-29 20:42:09,452 - INFO - ============================================================
2026-01-29 20:42:09,452 - INFO - 调用统一测评模块 getScoreML
2026-01-29 20:42:09,452 - INFO - ============================================================
2026-01-29 20:42:54.584741: W tensorflow/compiler/xla/stream_executor/platform/default/dso_loader.cc:64] Could not load dynamic library 'libnvinfer.so.7'; dlerror: libnvinfer.so.7: cannot open shared object file: No such file or directory
2026-01-29 20:42:54.584803: W tensorflow/compiler/xla/stream_executor/platform/default/dso_loader.cc:64] Could not load dynamic library 'libnvinfer_plugin.so.7'; dlerror: libnvinfer_plugin.so.7: cannot open shared object file: No such file or directory
2026-01-29 20:42:54.584809: W tensorflow/compiler/tf2tensorrt/utils/py_utils.cc:38] TF-TRT Warning: Cannot dlopen some TensorRT libraries. If you would like to use Nvidia GPU with TensorRT, please make sure the missing libraries mentioned above are installed properly.
[1;34m[20:42:55][0m[1;33m WARNING Snoopy may use all CPU cores! Set env. variable 'SNOOPY_LIMIT_CPU' to 'y' to limit CPU usage. [0m[1;34m(__init__ -> _init_tf_pytorch on MainThread)[0m
2026-01-29 20:42:55.160494: E tensorflow/compiler/xla/stream_executor/cuda/cuda_driver.cc:267] failed call to cuInit: CUDA_ERROR_NO_DEVICE: no CUDA-capable device is detected
2026-01-29 20:46:31,060 - INFO - 结果已保存到: results/deleteall/smartfactory_deleteall_vzekai
2026-01-29 20:46:31,060 - INFO - 日志文件: results/deleteall/smartfactory_deleteall_vzekai/smartfactory_deleteall_vzekai.log
2026-01-29 20:46:31,060 - INFO - ============================================================
DeleteAll: 读取数据 23645 行, 20 列
DeleteAll (drop_missing): 删除了 7093 行含缺失值的数据
======================================================================
Clean4MLBaseline 统一测评 - smartfactory_deleteall_vzekai
======================================================================

[1/5] 传统清洗指标
--------------------------------------------------
调试文件已保存到: results/deleteall/smartfactory_deleteall_vzekai/debug
修复准确率: 0.0, 修复召回率: 1.0, F1值: 0.0
========================================
错误减少率 (EDR): 1.0
========================================
混合距离 (Hybrid Distance): 0.0
========================================
基于条目的错误减少率 (R-EDR): 1.0
========================================
numeric: Index(['i_w_blo_weg', 'o_w_blo_power', 'o_w_blo_voltage', 'i_w_bhl_weg',
       'o_w_bhl_power', 'o_w_bhl_voltage', 'i_w_bhr_weg', 'o_w_bhr_power',
       'o_w_bhr_voltage', 'i_w_bru_weg', 'o_w_bru_power', 'o_w_bru_voltage',
       'i_w_hr_weg', 'o_w_hr_power', 'o_w_hr_voltage', 'i_w_hl_weg',
       'o_w_hl_power', 'o_w_hl_voltage', 'labels'],
      dtype='object')
categorical: (none)
列级平均RMSE (数值列, 归一化): 0.000000
  i_w_blo_weg: 0.000000
  o_w_blo_power: 0.000000
  o_w_blo_voltage: 0.000000
  i_w_bhl_weg: 0.000000
  o_w_bhl_power: 0.000000
  o_w_bhl_voltage: 0.000000
  i_w_bhr_weg: 0.000000
  o_w_bhr_power: 0.000000
  o_w_bhr_voltage: 0.000000
  i_w_bru_weg: 0.000000
  o_w_bru_power: 0.000000
  o_w_bru_voltage: 0.000000
  i_w_hr_weg: 0.000000
  o_w_hr_power: 0.000000
  o_w_hr_voltage: 0.000000
  i_w_hl_weg: 0.000000
  o_w_hl_power: 0.000000
  o_w_hl_voltage: 0.000000
  labels: 0.000000
列级平均F1: N/A (无类别列)
========================================

[2/5] 下游任务性能 (classification)
--------------------------------------------------
警告: 清洗后数据行数(16552)与干净数据行数(23645)不一致
将使用清洗后数据自身进行评估（行对齐）
通过索引对齐，使用 16552 行数据进行评估
RF - Accuracy: 0.9622, F1: 0.9618, Precision: 0.9621, Recall: 0.9622
LR - Accuracy: 0.7514, F1: 0.6520, Precision: 0.7834, Recall: 0.7514
SVM - Accuracy: 0.7557, F1: 0.6609, Precision: 0.8024, Recall: 0.7557
KNN - Accuracy: 0.8082, F1: 0.8004, Precision: 0.7981, Recall: 0.8082
DT - Accuracy: 0.9568, F1: 0.9569, Precision: 0.9569, Recall: 0.9568
GB - Accuracy: 0.7913, F1: 0.7350, Precision: 0.8222, Recall: 0.7913

[3/5] 模型容忍度
--------------------------------------------------
注意: 清洗后数据行数(16552)与干净数据行数(23645)不一致
将使用对齐后的数据计算容忍度
通过索引对齐，使用 16552 行数据计算容忍度

容忍度计算结果:
  P_do_nothing (脏数据性能): 0.6770
  P_demand_clean (清洗后性能): 0.9619
  P_repair_all (完全修复性能): 0.9619
  先验容忍度 (Tolerance_prior): 1.4208
  后验容忍度 (Tolerance_post): 1.0000

[4/5] Snoopy上界评估
--------------------------------------------------
Snoopy模块可用，正在评估数据质量上界...
注意: 数据行数不一致 (dirty=23645, cleaned=16552, clean=23645)
将使用对齐后的数据进行Snoopy评估
通过索引对齐，使用 16552 行数据进行Snoopy评估
  脏数据上界: 0.7131
  清洗后上界: 0.7090
  干净数据上界: 0.7090
  上界提升比例: 1.0000

[5/5] 真值使用成本
--------------------------------------------------
  方法类型: Type 1 (全自动)
  实际真值使用: 0
  理想最小成本: 0
  总修改单元格: 16552
  正确修复: 0
  错误修复: 16552

======================================================================
测评完成，结果已保存到: results/deleteall/smartfactory_deleteall_vzekai/smartfactory_deleteall_vzekai_report.txt
======================================================================
