2026-01-29 20:46:31,929 - INFO - ============================================================
2026-01-29 20:46:31,929 - INFO - DeleteAll Baseline (drop_missing)
2026-01-29 20:46:31,929 - INFO - ============================================================
2026-01-29 20:46:31,929 - INFO - 脏数据: Data/soilmoisture/dirty_index.csv
2026-01-29 20:46:31,929 - INFO - 干净数据: Data/soilmoisture/clean_index.csv
2026-01-29 20:46:31,929 - INFO - 任务名称: soilmoisture_deleteall_vzekai
2026-01-29 20:46:31,929 - INFO - 删除模式: drop_missing
2026-01-29 20:46:31,929 - INFO - ------------------------------------------------------------
2026-01-29 20:46:32,029 - INFO - 输出数据已保存: results/deleteall/soilmoisture_deleteall_vzekai/soilmoisture_deleteall_vzekai_cleaned.csv
2026-01-29 20:46:32,029 - INFO - 原始行数: 679
2026-01-29 20:46:32,029 - INFO - 保留行数: 479
2026-01-29 20:46:32,029 - INFO - 删除行数: 200
2026-01-29 20:46:32,029 - INFO - ------------------------------------------------------------
2026-01-29 20:46:32,029 - INFO - 执行时间: 0.10 秒
2026-01-29 20:46:32,029 - INFO - 执行状态: 成功
2026-01-29 20:46:32,029 - INFO - 真值使用成本: 0
2026-01-29 20:46:32,029 - INFO - 
2026-01-29 20:46:32,029 - INFO - ============================================================
2026-01-29 20:46:32,029 - INFO - 调用统一测评模块 getScoreML
2026-01-29 20:46:32,029 - INFO - ============================================================
2026-01-29 20:46:45.462711: W tensorflow/compiler/xla/stream_executor/platform/default/dso_loader.cc:64] Could not load dynamic library 'libnvinfer.so.7'; dlerror: libnvinfer.so.7: cannot open shared object file: No such file or directory
2026-01-29 20:46:45.462773: W tensorflow/compiler/xla/stream_executor/platform/default/dso_loader.cc:64] Could not load dynamic library 'libnvinfer_plugin.so.7'; dlerror: libnvinfer_plugin.so.7: cannot open shared object file: No such file or directory
2026-01-29 20:46:45.462779: W tensorflow/compiler/tf2tensorrt/utils/py_utils.cc:38] TF-TRT Warning: Cannot dlopen some TensorRT libraries. If you would like to use Nvidia GPU with TensorRT, please make sure the missing libraries mentioned above are installed properly.
[1;34m[20:46:45][0m[1;33m WARNING Snoopy may use all CPU cores! Set env. variable 'SNOOPY_LIMIT_CPU' to 'y' to limit CPU usage. [0m[1;34m(__init__ -> _init_tf_pytorch on MainThread)[0m
2026-01-29 20:46:46.020599: E tensorflow/compiler/xla/stream_executor/cuda/cuda_driver.cc:267] failed call to cuInit: CUDA_ERROR_NO_DEVICE: no CUDA-capable device is detected
2026-01-29 20:47:58,073 - INFO - 结果已保存到: results/deleteall/soilmoisture_deleteall_vzekai
2026-01-29 20:47:58,074 - INFO - 日志文件: results/deleteall/soilmoisture_deleteall_vzekai/soilmoisture_deleteall_vzekai.log
2026-01-29 20:47:58,074 - INFO - ============================================================
DeleteAll: 读取数据 679 行, 129 列
DeleteAll (drop_missing): 删除了 200 行含缺失值的数据
======================================================================
Clean4MLBaseline 统一测评 - soilmoisture_deleteall_vzekai
======================================================================

[1/5] 传统清洗指标
--------------------------------------------------
调试文件已保存到: results/deleteall/soilmoisture_deleteall_vzekai/debug
修复准确率: 0.0, 修复召回率: 0.0, F1值: 0.0
========================================
错误减少率 (EDR): 0.2973014530637349
========================================
混合距离 (Hybrid Distance): 0.22793793664453096
========================================
基于条目的错误减少率 (R-EDR): 0.29455081001472755
========================================
numeric: Index(['datetime', 'soil_temperature', '454', '458', '462', '466', '470',
       '474', '478', '482',
       ...
       '918', '922', '926', '930', '934', '938', '942', '946', '950',
       'soil_moisture'],
      dtype='object', length=128)
categorical: (none)
列级平均RMSE (数值列, 归一化): 2.148468
  datetime: 1.976797
  soil_temperature: 2.082520
  454: 2.373996
  458: 2.280940
  462: 2.047628
  466: 2.571013
  470: 2.366516
  474: 2.172577
  478: 2.055013
  482: 2.061892
  486: 2.286049
  490: 2.156792
  494: 1.959530
  498: 2.026315
  502: 2.265104
  506: 2.413114
  510: 2.360752
  514: 2.238899
  518: 2.351962
  522: 2.283212
  526: 2.048396
  530: 1.902986
  534: 2.183272
  538: 2.307637
  542: 2.150247
  546: 2.069840
  550: 2.197776
  554: 2.323107
  558: 2.158598
  562: 2.126339
  566: 2.195655
  570: 2.148913
  574: 2.197899
  578: 1.909731
  582: 2.083883
  586: 2.076361
  590: 2.525103
  594: 2.259151
  598: 2.060557
  602: 2.427301
  606: 2.218570
  610: 2.380766
  614: 2.101538
  618: 2.313719
  622: 2.112991
  626: 2.516381
  630: 2.123928
  634: 1.920375
  638: 1.848674
  642: 2.420005
  646: 2.189519
  650: 2.031529
  654: 2.122999
  658: 2.266903
  662: 1.970348
  666: 2.168694
  670: 2.199296
  674: 1.868163
  678: 2.005335
  682: 1.923282
  686: 2.315280
  690: 2.223578
  694: 2.502732
  698: 2.183739
  702: 2.215649
  706: 2.144113
  710: 2.006853
  714: 1.946925
  718: 2.144214
  722: 2.179176
  726: 2.178976
  730: 2.259703
  734: 2.193018
  738: 2.269648
  742: 2.315325
  746: 1.874994
  750: 1.831359
  754: 2.065127
  758: 2.105801
  762: 2.163257
  766: 2.299300
  770: 2.138766
  774: 2.054566
  778: 2.015450
  782: 2.180750
  786: 2.095923
  790: 2.284337
  794: 2.301884
  798: 2.343954
  802: 2.034955
  806: 2.089035
  810: 2.260579
  814: 2.239684
  818: 2.187394
  822: 2.214185
  826: 2.028918
  830: 1.799690
  834: 2.211288
  838: 2.358268
  842: 2.239320
  846: 2.230126
  850: 2.179903
  854: 2.064349
  858: 2.024727
  862: 2.259914
  866: 2.373432
  870: 1.902428
  874: 2.307407
  878: 2.255270
  882: 2.296713
  886: 2.110351
  890: 2.200532
  894: 2.236716
  898: 2.255877
  902: 1.852956
  906: 1.927198
  910: 2.337832
  914: 2.037854
  918: 2.306227
  922: 1.874105
  926: 2.244022
  930: 1.932036
  934: 2.060677
  938: 2.350336
  942: 2.145148
  946: 2.273563
  950: 2.080128
  soil_moisture: 0.000000
列级平均F1: N/A (无类别列)
========================================

[2/5] 下游任务性能 (regression)
--------------------------------------------------
警告: 清洗后数据行数(479)与干净数据行数(679)不一致
将使用清洗后数据自身进行评估（行对齐）
通过索引对齐，使用 479 行数据进行评估
RF - MSE: 3.2182, R2: 0.7352, MAE: 1.2778, RMSE: 1.7939
LR - MSE: 8.3510, R2: 0.3129, MAE: 2.2480, RMSE: 2.8898
RIDGE - MSE: 8.3084, R2: 0.3164, MAE: 2.2408, RMSE: 2.8824
LASSO - MSE: 9.4810, R2: 0.2199, MAE: 2.5395, RMSE: 3.0791
KNN - MSE: 6.9555, R2: 0.4277, MAE: 1.9488, RMSE: 2.6373
GB - MSE: 3.4060, R2: 0.7198, MAE: 1.3824, RMSE: 1.8455

[3/5] 模型容忍度
--------------------------------------------------
注意: 清洗后数据行数(479)与干净数据行数(679)不一致
将使用对齐后的数据计算容忍度
通过索引对齐，使用 479 行数据计算容忍度

容忍度计算结果:
  P_do_nothing (脏数据性能): -3.9900
  P_demand_clean (清洗后性能): -3.3728
  P_repair_all (完全修复性能): -0.6841
  先验容忍度 (Tolerance_prior): 0.8453
  后验容忍度 (Tolerance_post): 0.1867

[4/5] Snoopy上界评估
--------------------------------------------------
Snoopy模块可用，正在评估数据质量上界...
注意: 数据行数不一致 (dirty=679, cleaned=479, clean=679)
将使用对齐后的数据进行Snoopy评估
通过索引对齐，使用 479 行数据进行Snoopy评估
  脏数据上界: 4.8238
  清洗后上界: 4.8202
  干净数据上界: 7.3674
  上界提升比例: -0.0014

[5/5] 真值使用成本
--------------------------------------------------
  方法类型: Type 1 (全自动)
  实际真值使用: 0
  理想最小成本: 0
  总修改单元格: 0
  正确修复: 0
  错误修复: 0

======================================================================
测评完成，结果已保存到: results/deleteall/soilmoisture_deleteall_vzekai/soilmoisture_deleteall_vzekai_report.txt
======================================================================
