2026-01-29 20:57:18,883 - INFO - ============================================================
2026-01-29 20:57:18,883 - INFO - SimpleImputer 数据清洗 (mean)
2026-01-29 20:57:18,883 - INFO - ============================================================
2026-01-29 20:57:18,883 - INFO - 脏数据: Data/nasa/dirty_index.csv
2026-01-29 20:57:18,883 - INFO - 干净数据: Data/nasa/clean_index.csv
2026-01-29 20:57:18,883 - INFO - 任务名称: nasa_simpleimputer_vzekai
2026-01-29 20:57:18,883 - INFO - 填充策略: mean
2026-01-29 20:57:18,883 - INFO - ------------------------------------------------------------
2026-01-29 20:57:18,935 - INFO - 修复后数据已保存: results/simpleimputer/nasa_simpleimputer_vzekai/nasa_simpleimputer_vzekai_cleaned.csv
2026-01-29 20:57:18,936 - INFO - ------------------------------------------------------------
2026-01-29 20:57:18,936 - INFO - 执行时间: 0.05 秒
2026-01-29 20:57:18,936 - INFO - 执行状态: 成功
2026-01-29 20:57:18,936 - INFO - 填充单元格数: 30
2026-01-29 20:57:18,936 - INFO - 真值使用成本: 0 (全自动)
2026-01-29 20:57:18,936 - INFO - 
2026-01-29 20:57:18,936 - INFO - ============================================================
2026-01-29 20:57:18,936 - INFO - 调用统一测评模块 getScoreML
2026-01-29 20:57:18,936 - INFO - ============================================================
2026-01-29 20:57:34,155 - INFO - 结果已保存到: results/simpleimputer/nasa_simpleimputer_vzekai
2026-01-29 20:57:34,155 - INFO - 日志文件: results/simpleimputer/nasa_simpleimputer_vzekai/nasa_simpleimputer_vzekai.log
2026-01-29 20:57:34,155 - INFO - ============================================================
