2026-01-29 19:50:37,377 - INFO - ============================================================
2026-01-29 19:50:37,377 - INFO - DeleteAll Baseline (drop_missing)
2026-01-29 19:50:37,377 - INFO - ============================================================
2026-01-29 19:50:37,377 - INFO - 脏数据: Data/beers/dirty_index.csv
2026-01-29 19:50:37,377 - INFO - 干净数据: Data/beers/clean_index.csv
2026-01-29 19:50:37,377 - INFO - 任务名称: beers_deleteall_vzekai
2026-01-29 19:50:37,377 - INFO - 删除模式: drop_missing
2026-01-29 19:50:37,377 - INFO - ------------------------------------------------------------
2026-01-29 19:50:37,402 - INFO - 输出数据已保存: results/deleteall/beers_deleteall_vzekai/beers_deleteall_vzekai_cleaned.csv
2026-01-29 19:50:37,402 - INFO - 原始行数: 2410
2026-01-29 19:50:37,402 - INFO - 保留行数: 1324
2026-01-29 19:50:37,402 - INFO - 删除行数: 1086
2026-01-29 19:50:37,402 - INFO - ------------------------------------------------------------
2026-01-29 19:50:37,402 - INFO - 执行时间: 0.03 秒
2026-01-29 19:50:37,402 - INFO - 执行状态: 成功
2026-01-29 19:50:37,402 - INFO - 真值使用成本: 0
2026-01-29 19:50:37,402 - INFO - 
2026-01-29 19:50:37,402 - INFO - ============================================================
2026-01-29 19:50:37,402 - INFO - 调用统一测评模块 getScoreML
2026-01-29 19:50:37,402 - INFO - ============================================================
2026-01-29 19:51:22,363 - INFO - 结果已保存到: results/deleteall/beers_deleteall_vzekai
2026-01-29 19:51:22,363 - INFO - 日志文件: results/deleteall/beers_deleteall_vzekai/beers_deleteall_vzekai.log
2026-01-29 19:51:22,363 - INFO - ============================================================
