============================================================
HoloClean 数据清洗
============================================================
脏数据: Data/mercedes/dirty_index.csv
约束文件: Data/mercedes/rules.txt
任务名称: mercedes_holoclean_vzekai
数据库: holo
------------------------------------------------------------
Step 1: 统一缺失值标记...
Step 2: 移除索引列...
Step 3: 转换clean数据为HoloClean格式...
Step 4: 初始化HoloClean...
Step 5: 加载数据到HoloClean...
Step 6: 加载约束规则...
解析到 2 条DC规则
Step 7: 检测错误...
Step 8: 设置域...
数值计算错误（高维数据限制）: float division by zero
HoloClean无法处理此数据集，输出原始数据作为结果...
Step 11: 保存修复结果...
已保存（原始数据）: results/holoclean/mercedes_holoclean_vzekai/mercedes_holoclean_vzekai_cleaned.csv
------------------------------------------------------------
执行时间: 9771.25 秒
执行状态: 成功
真值使用成本: 0 (全自动)

============================================================
调用统一测评模块 getScoreML
============================================================

结果已保存到: results/holoclean/mercedes_holoclean_vzekai
============================================================
