[2026-02-22 11:26:58,439] INFO - demandclean: ==================================================
[2026-02-22 11:26:58,439] INFO - demandclean: DemandClean 训练开始
[2026-02-22 11:26:58,439] INFO - demandclean:   检测器模式: oracle
[2026-02-22 11:26:58,439] INFO - demandclean:   训练模式: clean_base
[2026-02-22 11:26:58,439] INFO - demandclean:   Agent类型: single
[2026-02-22 11:26:58,439] INFO - demandclean:   推理模式: single_phase
[2026-02-22 11:26:58,439] INFO - demandclean:   FD规则: 0
[2026-02-22 11:26:58,439] INFO - demandclean:   丰富规则: 有
[2026-02-22 11:26:58,439] INFO - demandclean: ==================================================
[2026-02-22 11:26:58,439] INFO - demandclean: 
[Step 1] 初始化错误检测器...
[2026-02-22 11:26:58,439] INFO - demandclean: 
[Step 2] 训练 DQN Agent...
[2026-02-22 11:26:58,440] INFO - demandclean: 开始训练 (single Agent, mode=clean_base)
[2026-02-22 11:26:58,440] INFO - demandclean:   任务类型: regression
[2026-02-22 11:26:58,440] INFO - demandclean:   模型类型: ridge
[2026-02-22 11:26:58,440] INFO - demandclean:   原始数据: 4209 行
[2026-02-22 11:26:58,444] INFO - demandclean:   基准数据: 2690 行
[2026-02-22 11:26:59,309] INFO - demandclean:   ErrorInjector: rich_rules=True, domain=8, cfd=0, fd=0
[2026-02-22 11:26:59,309] INFO - demandclean:   开始训练 DQN (50 episodes)...
[2026-02-22 11:29:16,954] INFO - demandclean:   Episode 50/50: Score=0.0109, Best=0.0111, Eps=0.778
[2026-02-22 11:29:16,955] INFO - demandclean:     Actions: {'no_action': 152, 'repair_value': 127, 'delete': 342, 'replace_nearby': 152}
[2026-02-22 11:29:16,956] INFO - demandclean: 
已恢复最佳模型权重 (Episode 34, Score=0.0111, Cost=280)
[2026-02-22 11:29:16,956] INFO - demandclean: 
训练完成! 最佳分数: 0.0111
[2026-02-22 11:29:16,956] INFO - demandclean:   最佳动作分布: {'no_action': 165, 'repair_value': 280, 'delete': 151, 'replace_nearby': 162}
[2026-02-22 11:29:16,960] INFO - demandclean: 
训练完成!
[2026-02-22 11:29:16,969] INFO - demandclean: 模型已保存: /Users/qianzekai/PycharmProjects/TolerDM/results/demandclean/mercedes/v3_oracle_plain_single/model/v3_oracle_plain_single_agent.pt
[2026-02-22 11:29:16,970] INFO - demandclean: 
==================================================
[2026-02-22 11:29:16,970] INFO - demandclean: 单阶段推理
[2026-02-22 11:29:16,970] INFO - demandclean: ==================================================
