[2026-02-22 12:22:51,566] INFO - demandclean: ==================================================
[2026-02-22 12:22:51,566] INFO - demandclean: DemandClean 训练开始
[2026-02-22 12:22:51,566] INFO - demandclean:   检测器模式: oracle
[2026-02-22 12:22:51,566] INFO - demandclean:   训练模式: clean_base
[2026-02-22 12:22:51,566] INFO - demandclean:   Agent类型: single
[2026-02-22 12:22:51,567] INFO - demandclean:   推理模式: single_phase
[2026-02-22 12:22:51,567] INFO - demandclean:   FD规则: 0
[2026-02-22 12:22:51,567] INFO - demandclean:   丰富规则: 有
[2026-02-22 12:22:51,567] INFO - demandclean: ==================================================
[2026-02-22 12:22:51,567] INFO - demandclean: 
[Step 1] 初始化错误检测器...
[2026-02-22 12:22:51,567] INFO - demandclean: 
[Step 2] 训练 DQN Agent...
[2026-02-22 12:22:51,567] INFO - demandclean: 开始训练 (single Agent, mode=clean_base)
[2026-02-22 12:22:51,567] INFO - demandclean:   任务类型: regression
[2026-02-22 12:22:51,567] INFO - demandclean:   模型类型: ridge
[2026-02-22 12:22:51,567] INFO - demandclean:   原始数据: 4209 行
[2026-02-22 12:22:51,572] INFO - demandclean:   基准数据: 2690 行
[2026-02-22 12:22:53,002] INFO - demandclean:   ErrorInjector: rich_rules=True, domain=8, cfd=0, fd=0
[2026-02-22 12:22:53,003] INFO - demandclean:   开始训练 DQN (5 episodes)...
[2026-02-22 12:23:13,247] INFO - demandclean: 
已恢复最佳模型权重 (Episode 5, Score=0.0110, Cost=184)
[2026-02-22 12:23:13,248] INFO - demandclean: 
训练完成! 最佳分数: 0.0110
[2026-02-22 12:23:13,248] INFO - demandclean:   最佳动作分布: {'no_action': 218, 'repair_value': 184, 'delete': 167, 'replace_nearby': 191}
[2026-02-22 12:23:13,253] INFO - demandclean: 
训练完成!
[2026-02-22 12:23:13,262] INFO - demandclean: 模型已保存: /Users/qianzekai/PycharmProjects/TolerDM/results/demandclean/mercedes/v3_oracle_plain_single/model/v3_oracle_plain_single_agent.pt
[2026-02-22 12:23:13,263] INFO - demandclean: 
==================================================
[2026-02-22 12:23:13,263] INFO - demandclean: 单阶段推理
[2026-02-22 12:23:13,263] INFO - demandclean: ==================================================
