[2026-02-22 01:41:34,990] INFO - demandclean: ==================================================
[2026-02-22 01:41:34,990] INFO - demandclean: DemandClean 训练开始
[2026-02-22 01:41:34,990] INFO - demandclean:   检测器模式: oracle
[2026-02-22 01:41:34,990] INFO - demandclean:   训练模式: clean_base
[2026-02-22 01:41:34,990] INFO - demandclean:   Agent类型: single
[2026-02-22 01:41:34,990] INFO - demandclean:   推理模式: single_phase
[2026-02-22 01:41:34,990] INFO - demandclean:   FD规则: 0
[2026-02-22 01:41:34,990] INFO - demandclean:   丰富规则: 有
[2026-02-22 01:41:34,990] INFO - demandclean: ==================================================
[2026-02-22 01:41:34,990] INFO - demandclean: 
[Step 1] 初始化错误检测器...
[2026-02-22 01:41:34,990] INFO - demandclean: 
[Step 2] 训练 DQN Agent...
[2026-02-22 01:41:34,990] INFO - demandclean: 开始训练 (single Agent, mode=clean_base)
[2026-02-22 01:41:34,990] INFO - demandclean:   任务类型: regression
[2026-02-22 01:41:34,990] INFO - demandclean:   模型类型: ridge
[2026-02-22 01:41:34,990] INFO - demandclean:   原始数据: 4209 行
[2026-02-22 01:41:34,993] INFO - demandclean:   基准数据: 2690 行
[2026-02-22 01:41:35,665] INFO - demandclean:   ErrorInjector: rich_rules=True, domain=8, cfd=0, fd=0
[2026-02-22 01:41:35,665] INFO - demandclean:   开始训练 DQN (50 episodes)...
