[2026-02-25 12:36:01,190] INFO - demandclean: ==================================================
[2026-02-25 12:36:01,190] INFO - demandclean: DemandClean 训练开始
[2026-02-25 12:36:01,190] INFO - demandclean:   检测器模式: auto
[2026-02-25 12:36:01,190] INFO - demandclean:   训练模式: clean_base
[2026-02-25 12:36:01,190] INFO - demandclean:   Agent类型: single
[2026-02-25 12:36:01,190] INFO - demandclean:   推理模式: single_phase
[2026-02-25 12:36:01,190] INFO - demandclean:   FD规则: 1
[2026-02-25 12:36:01,190] INFO - demandclean:   丰富规则: 有
[2026-02-25 12:36:01,190] INFO - demandclean: ==================================================
[2026-02-25 12:36:01,190] INFO - demandclean: 
[Step 1] 初始化错误检测器...
[2026-02-25 12:36:01,197] INFO - demandclean: 
[Step 1.5] 运行 RAHA 检测获取标注行...
[2026-02-25 12:44:04,485] INFO - demandclean:   [预修复] 利用 RAHA 标注行修复 56 个特征单元格 + 9 个标签
[2026-02-25 12:44:04,486] INFO - demandclean:   标注行: [188, 784, 3215, 4311, 6810, 7327, 7798, 8794, 10313, 11218]... (共 80 行)
[2026-02-25 12:44:04,487] INFO - demandclean: 
[Step 2] 训练 DQN Agent...
[2026-02-25 12:44:04,488] INFO - demandclean: 开始训练 (single Agent, mode=clean_base)
[2026-02-25 12:44:04,488] INFO - demandclean:   任务类型: clustering
[2026-02-25 12:44:04,488] INFO - demandclean:   模型类型: kmeans
[2026-02-25 12:44:04,488] INFO - demandclean:   原始数据: 70000 行
[2026-02-25 12:44:04,489] INFO - demandclean:   基准数据: 63649 行
[2026-02-25 12:44:04,492] INFO - demandclean:   标签注入: 检测到 2752 个标签错误, rate=0.039, symmetric=True
[2026-02-25 12:44:04,492] INFO - demandclean:   自适应注入比例范围 (基于检测结果):
[2026-02-25 12:44:04,492] INFO - demandclean:     missing: (0.0242, 0.0363)
[2026-02-25 12:44:04,492] INFO - demandclean:     semantic: (0.0050, 0.0100)
[2026-02-25 12:44:04,492] INFO - demandclean:     syntactic: (0.1227, 0.1840)
[2026-02-25 12:44:04,492] INFO - demandclean:     label: (0.0315, 0.0472)
[2026-02-25 12:44:04,541] INFO - demandclean:   ErrorInjector: rich_rules=True, domain=3, cfd=0, fd=0
[2026-02-25 12:44:04,541] INFO - demandclean:   开始训练 DQN (5 episodes, 起始轮=0)...
[2026-02-25 12:51:46,199] INFO - demandclean: 
已恢复最佳模型权重 (Episode 4, Score=0.7399, Cost=3242)
[2026-02-25 12:51:46,200] INFO - demandclean: 
训练完成! 最佳分数: 0.7399 (共 5 episodes)
[2026-02-25 12:51:46,200] INFO - demandclean:   最佳动作分布: {'no_action': 3195, 'repair_value': 3242, 'delete': 3295, 'replace_nearby': 3381}
[2026-02-25 12:51:46,205] INFO - demandclean: 
训练完成!
[2026-02-25 12:51:46,215] INFO - demandclean: 模型已保存: /Users/qianzekai/PycharmProjects/TolerDM/results/demandclean/har/v7_auto_plain_single/model/v7_auto_plain_single_agent.pt
[2026-02-25 12:51:46,215] INFO - demandclean: 
==================================================
[2026-02-25 12:51:46,215] INFO - demandclean: 单阶段推理
[2026-02-25 12:51:46,215] INFO - demandclean: ==================================================
[2026-02-25 12:51:49,364] INFO - demandclean:   [预修复] 利用 RAHA 标注行修复 56 个特征单元格 + 9 个标签
[2026-02-25 12:51:49,364] INFO - demandclean:   移除已修复错误: missing=9, syntactic=47, label_noise=9
