============================================================
Baran/Raha 数据清洗
============================================================
脏数据: Data/mercedes/dirty_index.csv
干净数据: Data/mercedes/clean_index.csv
任务名称: mercedes_raha_baran_vzekai
标注预算: 20
列拆分阈值: 30
并行进程数限制: 12
------------------------------------------------------------
数据集列数 (378) 超过阈值 (30)，启用列拆分模式
检测到高维数据集: 378 列，将拆分处理
拆分为 13 个子集，每组最多 30 列
临时目录: /tmp/baran_split_mercedes_raha_baran_vzekai_wf2nm7sw
  Split 0: 处理 30 列 (X0...X32)
  Split 1: 处理 30 列 (X33...X62)
  Split 2: 处理 30 列 (X63...X93)
  Split 3: 处理 30 列 (X94...X124)
  Split 4: 处理 30 列 (X125...X155)
  Split 5: 处理 30 列 (X156...X185)
  Split 6: 处理 30 列 (X186...X217)
  Split 7: 处理 30 列 (X218...X247)
  Split 8: 处理 30 列 (X248...X277)
  Split 9: 处理 30 列 (X278...X308)
  Split 10: 处理 30 列 (X309...X338)
  Split 11: 处理 30 列 (X339...X368)
  Split 12: 处理 17 列 (X369...y)
合并所有子集结果...
合并结果已保存: results/raha_baran/mercedes_raha_baran_vzekai/mercedes_raha_baran_vzekai_cleaned.csv
已清理临时目录: /tmp/baran_split_mercedes_raha_baran_vzekai_wf2nm7sw
------------------------------------------------------------
执行时间: 37965.92 秒
执行状态: 成功
拆分数量: 13
总检测单元格: 1548914
总修复单元格: 1519840
标注预算: 20
真值使用成本: 260 (Type 3: 迭代交互)

============================================================
调用统一测评模块 getScoreML
============================================================

结果已保存到: results/raha_baran/mercedes_raha_baran_vzekai
============================================================
