2026-02-03 16:32:47,302 - INFO - ============================================================
2026-02-03 16:32:47,302 - INFO - MLImputer 数据清洗 (mice)
2026-02-03 16:32:47,302 - INFO - ============================================================
2026-02-03 16:32:47,302 - INFO - 脏数据: Data/har/dirty_index.csv
2026-02-03 16:32:47,302 - INFO - 干净数据: Data/har/clean_index.csv
2026-02-03 16:32:47,302 - INFO - 任务名称: har_mlimputer_vzekai
2026-02-03 16:32:47,302 - INFO - 插补方法: mice
2026-02-03 16:32:47,302 - INFO - ------------------------------------------------------------
2026-02-03 16:32:51,356 - INFO - 修复后数据已保存: results/mlimputer/har_mlimputer_vzekai/har_mlimputer_vzekai_cleaned.csv
2026-02-03 16:32:51,356 - INFO - ------------------------------------------------------------
2026-02-03 16:32:51,356 - INFO - 执行时间: 4.05 秒
2026-02-03 16:32:51,356 - INFO - 执行状态: 成功
2026-02-03 16:32:51,356 - INFO - 填充单元格数: 9112
2026-02-03 16:32:51,356 - INFO - 真值使用成本: 0 (全自动)
2026-02-03 16:32:51,356 - INFO - 
2026-02-03 16:32:51,356 - INFO - ============================================================
2026-02-03 16:32:51,356 - INFO - 调用统一测评模块 getScoreML
2026-02-03 16:32:51,356 - INFO - ============================================================
2026-02-03 16:38:22,963 - INFO - 结果已保存到: results/mlimputer/har_mlimputer_vzekai
2026-02-03 16:38:22,963 - INFO - 日志文件: results/mlimputer/har_mlimputer_vzekai/har_mlimputer_vzekai.log
2026-02-03 16:38:22,963 - INFO - ============================================================
