2026-01-29 19:57:26,134 - INFO - ============================================================
2026-01-29 19:57:26,134 - INFO - SimpleImputer 数据清洗 (mean)
2026-01-29 19:57:26,134 - INFO - ============================================================
2026-01-29 19:57:26,134 - INFO - 脏数据: Data/breast_cancer/dirty_index.csv
2026-01-29 19:57:26,134 - INFO - 干净数据: Data/breast_cancer/clean_index.csv
2026-01-29 19:57:26,134 - INFO - 任务名称: breast_cancer_simpleimputer_vzekai
2026-01-29 19:57:26,134 - INFO - 填充策略: mean
2026-01-29 19:57:26,134 - INFO - ------------------------------------------------------------
2026-01-29 19:57:26,200 - INFO - 修复后数据已保存: results/simpleimputer/breast_cancer_simpleimputer_vzekai/breast_cancer_simpleimputer_vzekai_cleaned.csv
2026-01-29 19:57:26,200 - INFO - ------------------------------------------------------------
2026-01-29 19:57:26,200 - INFO - 执行时间: 0.07 秒
2026-01-29 19:57:26,200 - INFO - 执行状态: 成功
2026-01-29 19:57:26,200 - INFO - 填充单元格数: 223
2026-01-29 19:57:26,200 - INFO - 真值使用成本: 0 (全自动)
2026-01-29 19:57:26,200 - INFO - 
2026-01-29 19:57:26,201 - INFO - ============================================================
2026-01-29 19:57:26,201 - INFO - 调用统一测评模块 getScoreML
2026-01-29 19:57:26,201 - INFO - ============================================================
2026-01-29 19:57:36,452 - INFO - 结果已保存到: results/simpleimputer/breast_cancer_simpleimputer_vzekai
2026-01-29 19:57:36,452 - INFO - 日志文件: results/simpleimputer/breast_cancer_simpleimputer_vzekai/breast_cancer_simpleimputer_vzekai.log
2026-01-29 19:57:36,452 - INFO - ============================================================
