2026-01-29 20:09:53,262 - INFO - ============================================================
2026-01-29 20:09:53,262 - INFO - DeleteAll Baseline (drop_missing)
2026-01-29 20:09:53,262 - INFO - ============================================================
2026-01-29 20:09:53,262 - INFO - 脏数据: Data/mercedes/dirty_index.csv
2026-01-29 20:09:53,262 - INFO - 干净数据: Data/mercedes/clean_index.csv
2026-01-29 20:09:53,262 - INFO - 任务名称: mercedes_deleteall_vzekai
2026-01-29 20:09:53,262 - INFO - 删除模式: drop_missing
2026-01-29 20:09:53,262 - INFO - ------------------------------------------------------------
2026-01-29 20:09:54,648 - INFO - 输出数据已保存: results/deleteall/mercedes_deleteall_vzekai/mercedes_deleteall_vzekai_cleaned.csv
2026-01-29 20:09:54,648 - INFO - 原始行数: 4209
2026-01-29 20:09:54,648 - INFO - 保留行数: 2690
2026-01-29 20:09:54,648 - INFO - 删除行数: 1519
2026-01-29 20:09:54,648 - INFO - ------------------------------------------------------------
2026-01-29 20:09:54,648 - INFO - 执行时间: 1.39 秒
2026-01-29 20:09:54,648 - INFO - 执行状态: 成功
2026-01-29 20:09:54,648 - INFO - 真值使用成本: 0
2026-01-29 20:09:54,648 - INFO - 
2026-01-29 20:09:54,648 - INFO - ============================================================
2026-01-29 20:09:54,648 - INFO - 调用统一测评模块 getScoreML
2026-01-29 20:09:54,648 - INFO - ============================================================
2026-01-29 20:41:52,038 - INFO - 结果已保存到: results/deleteall/mercedes_deleteall_vzekai
2026-01-29 20:41:52,038 - INFO - 日志文件: results/deleteall/mercedes_deleteall_vzekai/mercedes_deleteall_vzekai.log
2026-01-29 20:41:52,038 - INFO - ============================================================
