[2026-02-25 04:09:53,686] INFO - demandclean: ==================================================
[2026-02-25 04:09:53,686] INFO - demandclean: DemandClean 训练开始
[2026-02-25 04:09:53,686] INFO - demandclean:   检测器模式: auto
[2026-02-25 04:09:53,686] INFO - demandclean:   训练模式: clean_base
[2026-02-25 04:09:53,687] INFO - demandclean:   Agent类型: single
[2026-02-25 04:09:53,687] INFO - demandclean:   推理模式: single_phase
[2026-02-25 04:09:53,687] INFO - demandclean:   FD规则: 4
[2026-02-25 04:09:53,687] INFO - demandclean:   丰富规则: 有
[2026-02-25 04:09:53,687] INFO - demandclean: ==================================================
[2026-02-25 04:09:53,687] INFO - demandclean: 
[Step 1] 初始化错误检测器...
[2026-02-25 04:09:53,687] INFO - demandclean: 
[Step 1.5] 运行 RAHA 检测获取标注行...
[2026-02-25 04:11:41,249] INFO - demandclean:   [预修复] 利用 RAHA 标注行修复 39 个特征单元格 + 1 个标签
[2026-02-25 04:11:41,250] INFO - demandclean:   标注行: [17, 170, 212, 575, 675, 877, 1051, 1185, 1404, 1409]... (共 20 行)
[2026-02-25 04:11:41,250] INFO - demandclean: 
[Step 1.8] 加载续训模型: /Users/qianzekai/PycharmProjects/TolerDM/results/demandclean/beers/v7_auto_plain_single/model/v7_auto_plain_single_agent.pt
[2026-02-25 04:11:41,260] INFO - demandclean:   已训练 5 episodes, best_score=1.0000, epsilon=1.0000
[2026-02-25 04:11:41,260] INFO - demandclean: 
[Step 2] 训练 DQN Agent...
[2026-02-25 04:11:41,260] INFO - demandclean: 续训 (single Agent, mode=clean_base)
[2026-02-25 04:11:41,260] INFO - demandclean:   任务类型: classification
[2026-02-25 04:11:41,260] INFO - demandclean:   模型类型: random_forest
[2026-02-25 04:11:41,260] INFO - demandclean:   原始数据: 2410 行
[2026-02-25 04:11:41,260] INFO - demandclean:   续训起始轮: 5
[2026-02-25 04:11:41,261] INFO - demandclean:   基准数据: 20 行
[2026-02-25 04:11:41,261] INFO - demandclean:   标签注入: 检测到 78 个标签错误, rate=0.032, symmetric=True
[2026-02-25 04:11:41,261] INFO - demandclean:   自适应注入比例范围 (基于检测结果):
[2026-02-25 04:11:41,261] INFO - demandclean:     missing: (0.1784, 0.2676)
[2026-02-25 04:11:41,261] INFO - demandclean:     semantic: (0.0071, 0.0121)
[2026-02-25 04:11:41,261] INFO - demandclean:     syntactic: (0.0050, 0.0100)
[2026-02-25 04:11:41,261] INFO - demandclean:     label: (0.0259, 0.0388)
[2026-02-25 04:11:41,263] INFO - demandclean:   ErrorInjector: rich_rules=True, domain=3, cfd=0, fd=4
[2026-02-25 04:11:41,263] INFO - demandclean:   开始训练 DQN (5 episodes, 起始轮=5)...
[2026-02-25 04:11:44,818] INFO - demandclean: 
训练完成! 最佳分数: 1.0000 (共 10 episodes)
[2026-02-25 04:11:44,818] INFO - demandclean: 
训练完成!
[2026-02-25 04:11:44,821] INFO - demandclean: 模型已保存: /Users/qianzekai/PycharmProjects/TolerDM/results/demandclean/beers/v7_auto_plain_single/model/v7_auto_plain_single_agent.pt
[2026-02-25 04:11:44,822] INFO - demandclean: 
==================================================
[2026-02-25 04:11:44,822] INFO - demandclean: 单阶段推理
[2026-02-25 04:11:44,822] INFO - demandclean: ==================================================
[2026-02-25 04:11:45,281] INFO - demandclean:   [预修复] 利用 RAHA 标注行修复 39 个特征单元格 + 1 个标签
[2026-02-25 04:11:45,281] INFO - demandclean:   移除已修复错误: missing=34, semantic=4, syntactic=1, label_noise=1
