2026-01-29 20:59:56,507 - INFO - ============================================================
2026-01-29 20:59:56,507 - INFO - RepairAll Baseline (完美修复)
2026-01-29 20:59:56,507 - INFO - ============================================================
2026-01-29 20:59:56,507 - INFO - 脏数据: Data/nasa/dirty_index.csv
2026-01-29 20:59:56,508 - INFO - 干净数据: Data/nasa/clean_index.csv
2026-01-29 20:59:56,508 - INFO - 任务名称: nasa_repairall_vzekai
2026-01-29 20:59:56,508 - INFO - ------------------------------------------------------------
2026-01-29 20:59:56,645 - INFO - 输出数据已保存: results/repairall/nasa_repairall_vzekai/nasa_repairall_vzekai_cleaned.csv
2026-01-29 20:59:56,645 - INFO - 原始行数: 1503
2026-01-29 20:59:56,645 - INFO - 修复单元格数: 1230
2026-01-29 20:59:56,645 - INFO - ------------------------------------------------------------
2026-01-29 20:59:56,645 - INFO - 执行时间: 0.14 秒
2026-01-29 20:59:56,646 - INFO - 执行状态: 成功
2026-01-29 20:59:56,646 - INFO - 真值使用成本: 1230
2026-01-29 20:59:56,646 - INFO - 
2026-01-29 20:59:56,646 - INFO - ============================================================
2026-01-29 20:59:56,646 - INFO - 调用统一测评模块 getScoreML
2026-01-29 20:59:56,646 - INFO - ============================================================
2026-01-29 21:00:11,805 - INFO - 结果已保存到: results/repairall/nasa_repairall_vzekai
2026-01-29 21:00:11,805 - INFO - 日志文件: results/repairall/nasa_repairall_vzekai/nasa_repairall_vzekai.log
2026-01-29 21:00:11,805 - INFO - ============================================================
