
============================================================
Running CtxPipe with dirty file: Data/smartfactory/dirty_index.csv
Task name: smartfactory_ctxpipe_vzekai
Model tag: ctx_50000
============================================================


CtxPipe output saved to: results/ctxpipe/smartfactory_ctxpipe_vzekai/smartfactory_ctxpipe_vzekai_cleaned.csv
Pipeline info saved to: results/ctxpipe/smartfactory_ctxpipe_vzekai/smartfactory_ctxpipe_vzekai_pipeline_info.txt

============================================================
CtxPipe Results:
============================================================
AI Sequence: ['ImputerMedian', 'blank', 'blank', 'blank', 'MaxAbsScaler', 'RandomTreesEmbedding']
ML Score: -1.0000
Execution Time: 9.53 seconds
============================================================

============================================================
Traditional Data Cleaning Evaluation
Note: CtxPipe is designed for ML data preparation,
      traditional cleaning metrics may not be applicable.
============================================================

Traditional Evaluation Results:
Accuracy: 0.0
Recall: 0.0
F1 Score: 0.0
EDR: 0.0
Hybrid Distance: 0.0
R-EDR: 0.0
Time: 9.53s
Speed: 0.0403 seconds/100num

============================================================
调用统一测评模块 getScoreML
============================================================

getScoreML统一测评完成

============================================================
CtxPipe finished successfully!
Results saved to: results/ctxpipe/smartfactory_ctxpipe_vzekai
============================================================

