[2026-03-21 02:37:28,024] INFO - demandclean: ==================================================
[2026-03-21 02:37:28,025] INFO - demandclean: DemandClean 训练开始
[2026-03-21 02:37:28,025] INFO - demandclean:   检测器模式: oracle
[2026-03-21 02:37:28,025] INFO - demandclean:   训练模式: clean_base
[2026-03-21 02:37:28,025] INFO - demandclean:   Agent类型: single
[2026-03-21 02:37:28,025] INFO - demandclean:   推理模式: single_phase
[2026-03-21 02:37:28,025] INFO - demandclean:   FD规则: 0
[2026-03-21 02:37:28,025] INFO - demandclean:   丰富规则: 无
[2026-03-21 02:37:28,025] INFO - demandclean: ==================================================
[2026-03-21 02:37:28,025] INFO - demandclean: 
[Step 1] 初始化错误检测器...
[2026-03-21 02:37:28,025] INFO - demandclean: 
[Step 2] 训练 DQN Agent...
[2026-03-21 02:37:28,025] INFO - demandclean: 开始训练 (single Agent, mode=clean_base)
[2026-03-21 02:37:28,025] INFO - demandclean:   任务类型: classification
[2026-03-21 02:37:28,025] INFO - demandclean:   模型类型: svm
[2026-03-21 02:37:28,025] INFO - demandclean:   原始数据: 843 行
[2026-03-21 02:37:28,025] INFO - demandclean:   基准数据: 817 行 (NaN-free)
[2026-03-21 02:37:28,671] INFO - demandclean:   ErrorInjector: rich_rules=False, domain=0, cfd=0, fd=0
[2026-03-21 02:37:28,671] INFO - demandclean:   Oracle 模式: reward 使用干净验证集 (281 行)
[2026-03-21 02:37:28,671] INFO - demandclean:   开始训练 DQN (400 episodes, 起始轮=0)...
[2026-03-21 02:37:28,680] INFO - demandclean:   Reward 评估间隔: N=5 (错误数=220, 约 45 次评估/episode)
[2026-03-21 02:37:48,394] INFO - demandclean:   Episode 50/400: Score=0.8221, Best=0.8327, Eps=0.778
[2026-03-21 02:37:48,394] INFO - demandclean:     Actions: {'no_action': 43, 'repair_value': 43, 'delete': 85, 'replace_nearby': 35}
[2026-03-21 02:38:07,857] INFO - demandclean:   Episode 100/400: Score=0.8185, Best=0.8363, Eps=0.606
[2026-03-21 02:38:07,858] INFO - demandclean:     Actions: {'no_action': 32, 'repair_value': 40, 'delete': 91, 'replace_nearby': 41}
[2026-03-21 02:38:27,216] INFO - demandclean:   Episode 150/400: Score=0.8043, Best=0.8363, Eps=0.471
[2026-03-21 02:38:27,216] INFO - demandclean:     Actions: {'no_action': 22, 'repair_value': 31, 'delete': 138, 'replace_nearby': 30}
[2026-03-21 02:38:47,268] INFO - demandclean:   Episode 200/400: Score=0.8149, Best=0.8363, Eps=0.367
[2026-03-21 02:38:47,268] INFO - demandclean:     Actions: {'no_action': 21, 'repair_value': 70, 'delete': 56, 'replace_nearby': 86}
[2026-03-21 02:39:06,936] INFO - demandclean:   Episode 250/400: Score=0.8434, Best=0.8470, Eps=0.286
[2026-03-21 02:39:06,936] INFO - demandclean:     Actions: {'no_action': 12, 'repair_value': 41, 'delete': 104, 'replace_nearby': 14}
[2026-03-21 02:39:25,049] INFO - demandclean:   Episode 300/400: Score=0.8327, Best=0.8470, Eps=0.222
[2026-03-21 02:39:25,049] INFO - demandclean:     Actions: {'no_action': 20, 'repair_value': 85, 'delete': 116, 'replace_nearby': 55}
[2026-03-21 02:39:43,505] INFO - demandclean:   Episode 350/400: Score=0.8221, Best=0.8470, Eps=0.173
[2026-03-21 02:39:43,505] INFO - demandclean:     Actions: {'no_action': 8, 'repair_value': 68, 'delete': 20, 'replace_nearby': 131}
[2026-03-21 02:40:01,166] INFO - demandclean:   Episode 400/400: Score=0.8149, Best=0.8470, Eps=0.135
[2026-03-21 02:40:01,166] INFO - demandclean:     Actions: {'no_action': 15, 'repair_value': 12, 'delete': 195, 'replace_nearby': 33}
[2026-03-21 02:40:01,166] INFO - demandclean: 
已恢复最佳模型权重 (Episode 233, Score=0.8470, Cost=21)
[2026-03-21 02:40:01,166] INFO - demandclean: 
训练完成! 最佳分数: 0.8470 (共 400 episodes)
[2026-03-21 02:40:01,166] INFO - demandclean:   最佳动作分布: {'no_action': 17, 'repair_value': 21, 'delete': 179, 'replace_nearby': 23}
[2026-03-21 02:40:01,166] INFO - demandclean: 
训练完成!
[2026-03-21 02:40:01,172] INFO - demandclean: 模型已保存: /Users/qianzekai/PycharmProjects/TolerDM/experiment/ablation_beers/model/demandfix_dqn.pt
[2026-03-21 02:40:01,172] INFO - demandclean: 
==================================================
[2026-03-21 02:40:01,172] INFO - demandclean: 单阶段推理
[2026-03-21 02:40:01,172] INFO - demandclean: ==================================================
