[2026-03-27 17:10:43,294] INFO - demandclean: ==================================================
[2026-03-27 17:10:43,294] INFO - demandclean: DemandClean 训练开始
[2026-03-27 17:10:43,294] INFO - demandclean:   检测器模式: oracle
[2026-03-27 17:10:43,294] INFO - demandclean:   训练模式: clean_base
[2026-03-27 17:10:43,294] INFO - demandclean:   Agent类型: two_stage
[2026-03-27 17:10:43,294] INFO - demandclean:   推理模式: single_phase
[2026-03-27 17:10:43,294] INFO - demandclean:   FD规则: 0
[2026-03-27 17:10:43,294] INFO - demandclean:   丰富规则: 无
[2026-03-27 17:10:43,294] INFO - demandclean: ==================================================
[2026-03-27 17:10:43,294] INFO - demandclean: 
[Step 1] 初始化错误检测器...
[2026-03-27 17:10:43,294] INFO - demandclean: 
[Step 2] 训练 DQN Agent...
[2026-03-27 17:10:43,294] INFO - demandclean: 开始训练 (two_stage Agent, mode=clean_base)
[2026-03-27 17:10:43,294] INFO - demandclean:   任务类型: classification
[2026-03-27 17:10:43,294] INFO - demandclean:   模型类型: svm
[2026-03-27 17:10:43,294] INFO - demandclean:   原始数据: 843 行
[2026-03-27 17:10:43,294] INFO - demandclean:   基准数据: 817 行 (NaN-free)
[2026-03-27 17:10:43,297] INFO - demandclean:   ErrorInjector: rich_rules=False, domain=0, cfd=0, fd=0
[2026-03-27 17:10:43,297] INFO - demandclean:   Oracle 模式: reward 使用干净验证集 (281 行)
[2026-03-27 17:10:43,297] INFO - demandclean:   开始训练 DQN (400 episodes, 起始轮=0)...
[2026-03-27 17:10:43,305] INFO - demandclean:   Reward 评估间隔: N=10 (错误数=234, 约 24 次评估/episode)
[2026-03-27 17:11:06,256] INFO - demandclean:   Episode 50/400: Score=0.7900, Best=0.8149, Eps=0.778
[2026-03-27 17:11:06,257] INFO - demandclean:     Actions: {'no_action': 46, 'repair_value': 43, 'delete': 51, 'replace_nearby': 43}
[2026-03-27 17:11:30,045] INFO - demandclean:   Episode 100/400: Score=0.8007, Best=0.8149, Eps=0.606
[2026-03-27 17:11:30,045] INFO - demandclean:     Actions: {'no_action': 34, 'repair_value': 71, 'delete': 47, 'replace_nearby': 45}
[2026-03-27 17:11:53,217] INFO - demandclean:   Episode 150/400: Score=0.7972, Best=0.8149, Eps=0.471
[2026-03-27 17:11:53,218] INFO - demandclean:     Actions: {'no_action': 39, 'repair_value': 98, 'delete': 34, 'replace_nearby': 88}
[2026-03-27 17:12:17,675] INFO - demandclean:   Episode 200/400: Score=0.7972, Best=0.8185, Eps=0.367
[2026-03-27 17:12:17,675] INFO - demandclean:     Actions: {'no_action': 31, 'repair_value': 76, 'delete': 20, 'replace_nearby': 82}
[2026-03-27 17:12:41,182] INFO - demandclean:   Episode 250/400: Score=0.8114, Best=0.8185, Eps=0.286
[2026-03-27 17:12:41,182] INFO - demandclean:     Actions: {'no_action': 22, 'repair_value': 90, 'delete': 25, 'replace_nearby': 78}
[2026-03-27 17:13:05,767] INFO - demandclean:   Episode 300/400: Score=0.7900, Best=0.8185, Eps=0.222
[2026-03-27 17:13:05,767] INFO - demandclean:     Actions: {'no_action': 17, 'repair_value': 38, 'delete': 18, 'replace_nearby': 196}
[2026-03-27 17:13:30,267] INFO - demandclean:   Episode 350/400: Score=0.8114, Best=0.8185, Eps=0.173
[2026-03-27 17:13:30,267] INFO - demandclean:     Actions: {'no_action': 14, 'repair_value': 73, 'delete': 25, 'replace_nearby': 94}
[2026-03-27 17:13:55,029] INFO - demandclean:   Episode 400/400: Score=0.8114, Best=0.8185, Eps=0.135
[2026-03-27 17:13:55,029] INFO - demandclean:     Actions: {'no_action': 12, 'repair_value': 86, 'delete': 36, 'replace_nearby': 110}
[2026-03-27 17:13:55,029] INFO - demandclean: 
已恢复最佳模型权重 (Episode 257, Score=0.8185, Cost=30)
[2026-03-27 17:13:55,030] INFO - demandclean: 
训练完成! 最佳分数: 0.8185 (共 400 episodes)
[2026-03-27 17:13:55,030] INFO - demandclean:   最佳动作分布: {'no_action': 26, 'repair_value': 30, 'delete': 20, 'replace_nearby': 127}
[2026-03-27 17:13:55,030] INFO - demandclean: 
训练完成!
[2026-03-27 17:13:55,037] INFO - demandclean: 模型已保存: /Users/qianzekai/PycharmProjects/TolerDM/experiment/ablation_beers/model/semi_supervised_dqn.pt
[2026-03-27 17:13:55,037] INFO - demandclean: 
==================================================
[2026-03-27 17:13:55,037] INFO - demandclean: 单阶段推理
[2026-03-27 17:13:55,037] INFO - demandclean: ==================================================
