[2026-03-27 20:38:14,052] INFO - demandclean: ==================================================
[2026-03-27 20:38:14,052] INFO - demandclean: DemandClean 训练开始
[2026-03-27 20:38:14,052] INFO - demandclean:   检测器模式: auto
[2026-03-27 20:38:14,052] INFO - demandclean:   训练模式: clean_base
[2026-03-27 20:38:14,052] INFO - demandclean:   Agent类型: two_stage
[2026-03-27 20:38:14,052] INFO - demandclean:   推理模式: two_phase
[2026-03-27 20:38:14,052] INFO - demandclean:   FD规则: 0
[2026-03-27 20:38:14,052] INFO - demandclean:   丰富规则: 无
[2026-03-27 20:38:14,053] INFO - demandclean: ==================================================
[2026-03-27 20:38:14,053] INFO - demandclean: 
[Step 1] 初始化错误检测器...
[2026-03-27 20:38:14,053] INFO - demandclean: 
[Step 1.5] 运行 RAHA 检测获取标注行...
[2026-03-27 20:38:20,526] INFO - demandclean:   [预修复] 利用 RAHA 标注行修复 11 个特征单元格 + 0 个标签
[2026-03-27 20:38:20,527] INFO - demandclean:   标注行: [26, 168, 215, 239, 250, 272, 316, 368, 443, 466]... (共 20 行)
[2026-03-27 20:38:20,527] INFO - demandclean: 
[Step 2] 训练 DQN Agent...
[2026-03-27 20:38:20,527] INFO - demandclean: 开始训练 (two_stage Agent, mode=clean_base)
[2026-03-27 20:38:20,527] INFO - demandclean:   任务类型: classification
[2026-03-27 20:38:20,527] INFO - demandclean:   模型类型: svm
[2026-03-27 20:38:20,527] INFO - demandclean:   原始数据: 843 行
[2026-03-27 20:38:20,564] INFO - demandclean:   Clean Base 自动选择 (5-fold CV, 样本保留率加权):
[2026-03-27 20:38:20,564] INFO - demandclean:     DeleteFix: 431 行, CV=0.9026, 权重=0.715, 加权=0.6454
[2026-03-27 20:38:20,564] INFO - demandclean:     VE-Fill:   843 行, CV=0.8327, 权重=1.000, 加权=0.8327
[2026-03-27 20:38:20,564] INFO - demandclean:     → 选择 VE-Fill (843 行)
[2026-03-27 20:38:20,564] INFO - demandclean:   标签注入: 检测器未发现标签错误，不注入
[2026-03-27 20:38:20,564] INFO - demandclean:   自适应注入比例范围 (基于检测结果):
[2026-03-27 20:38:20,564] INFO - demandclean:     missing: (0.0123, 0.0185)
[2026-03-27 20:38:20,564] INFO - demandclean:     semantic: 不注入
[2026-03-27 20:38:20,564] INFO - demandclean:     syntactic: (0.1832, 0.2747)
[2026-03-27 20:38:20,564] INFO - demandclean:     label: 不注入
[2026-03-27 20:38:20,567] INFO - demandclean:   ErrorInjector: rich_rules=False, domain=0, cfd=0, fd=0
[2026-03-27 20:38:20,567] INFO - demandclean:   Oracle 模式: reward 使用干净验证集 (281 行)
[2026-03-27 20:38:20,567] INFO - demandclean:   开始训练 DQN (400 episodes, 起始轮=0)...
[2026-03-27 20:38:20,571] INFO - demandclean:   Reward 评估间隔: N=10 (错误数=190, 约 20 次评估/episode)
[2026-03-27 20:38:32,012] INFO - demandclean:   Episode 50/400: Score=0.8185, Best=0.8612, Eps=0.778
[2026-03-27 20:38:32,012] INFO - demandclean:     Actions: {'no_action': 54, 'repair_value': 50, 'delete': 71, 'replace_nearby': 29}
[2026-03-27 20:38:43,362] INFO - demandclean:   Episode 100/400: Score=0.8612, Best=0.8612, Eps=0.606
[2026-03-27 20:38:43,362] INFO - demandclean:     Actions: {'no_action': 32, 'repair_value': 80, 'delete': 34, 'replace_nearby': 32}
[2026-03-27 20:38:55,343] INFO - demandclean:   Episode 150/400: Score=0.8612, Best=0.8612, Eps=0.471
[2026-03-27 20:38:55,343] INFO - demandclean:     Actions: {'no_action': 40, 'repair_value': 29, 'delete': 29, 'replace_nearby': 81}
[2026-03-27 20:39:07,421] INFO - demandclean:   Episode 200/400: Score=0.8612, Best=0.8612, Eps=0.367
[2026-03-27 20:39:07,421] INFO - demandclean:     Actions: {'no_action': 29, 'repair_value': 131, 'delete': 16, 'replace_nearby': 24}
[2026-03-27 20:39:19,115] INFO - demandclean:   Episode 250/400: Score=0.8612, Best=0.8612, Eps=0.286
[2026-03-27 20:39:19,115] INFO - demandclean:     Actions: {'no_action': 21, 'repair_value': 51, 'delete': 13, 'replace_nearby': 87}
[2026-03-27 20:39:30,857] INFO - demandclean:   Episode 300/400: Score=0.8612, Best=0.8612, Eps=0.222
[2026-03-27 20:39:30,857] INFO - demandclean:     Actions: {'no_action': 17, 'repair_value': 61, 'delete': 13, 'replace_nearby': 121}
[2026-03-27 20:39:42,694] INFO - demandclean:   Episode 350/400: Score=0.8612, Best=0.8612, Eps=0.173
[2026-03-27 20:39:42,694] INFO - demandclean:     Actions: {'no_action': 10, 'repair_value': 68, 'delete': 23, 'replace_nearby': 82}
[2026-03-27 20:39:54,255] INFO - demandclean:   Episode 400/400: Score=0.8327, Best=0.8612, Eps=0.135
[2026-03-27 20:39:54,255] INFO - demandclean:     Actions: {'no_action': 28, 'repair_value': 20, 'delete': 7, 'replace_nearby': 129}
[2026-03-27 20:39:54,255] INFO - demandclean: 
已恢复最佳模型权重 (Episode 280, Score=0.8612, Cost=7)
[2026-03-27 20:39:54,255] INFO - demandclean: 
训练完成! 最佳分数: 0.8612 (共 400 episodes)
[2026-03-27 20:39:54,255] INFO - demandclean:   最佳动作分布: {'no_action': 11, 'repair_value': 7, 'delete': 18, 'replace_nearby': 134}
[2026-03-27 20:39:54,255] INFO - demandclean: 
训练完成!
[2026-03-27 20:39:54,259] INFO - demandclean: 模型已保存: /Users/qianzekai/PycharmProjects/TolerDM/experiment/ablation_beers/model/full_unsupervised_dqn_two_phase.pt
[2026-03-27 20:39:54,259] INFO - demandclean: 
==================================================
[2026-03-27 20:39:54,259] INFO - demandclean: 两阶段推理 - 第一阶段 (Plan)
[2026-03-27 20:39:54,260] INFO - demandclean: ==================================================
