[2026-03-27 17:01:10,821] INFO - demandclean: ==================================================
[2026-03-27 17:01:10,821] INFO - demandclean: DemandClean 训练开始
[2026-03-27 17:01:10,821] INFO - demandclean:   检测器模式: oracle
[2026-03-27 17:01:10,821] INFO - demandclean:   训练模式: clean_base
[2026-03-27 17:01:10,821] INFO - demandclean:   Agent类型: single
[2026-03-27 17:01:10,821] INFO - demandclean:   推理模式: single_phase
[2026-03-27 17:01:10,821] INFO - demandclean:   FD规则: 0
[2026-03-27 17:01:10,821] INFO - demandclean:   丰富规则: 无
[2026-03-27 17:01:10,821] INFO - demandclean: ==================================================
[2026-03-27 17:01:10,821] INFO - demandclean: 
[Step 1] 初始化错误检测器...
[2026-03-27 17:01:10,822] INFO - demandclean: 
[Step 2] 训练 DQN Agent...
[2026-03-27 17:01:10,822] INFO - demandclean: 开始训练 (single Agent, mode=clean_base)
[2026-03-27 17:01:10,822] INFO - demandclean:   任务类型: classification
[2026-03-27 17:01:10,822] INFO - demandclean:   模型类型: svm
[2026-03-27 17:01:10,822] INFO - demandclean:   原始数据: 843 行
[2026-03-27 17:01:10,822] INFO - demandclean:   基准数据: 817 行 (NaN-free)
[2026-03-27 17:01:11,789] INFO - demandclean:   ErrorInjector: rich_rules=False, domain=0, cfd=0, fd=0
[2026-03-27 17:01:11,789] INFO - demandclean:   Oracle 模式: reward 使用干净验证集 (281 行)
[2026-03-27 17:01:11,789] INFO - demandclean:   开始训练 DQN (400 episodes, 起始轮=0)...
[2026-03-27 17:01:11,798] INFO - demandclean:   Reward 评估间隔: N=10 (错误数=239, 约 24 次评估/episode)
[2026-03-27 17:01:34,364] INFO - demandclean:   Episode 50/400: Score=0.7972, Best=0.8185, Eps=0.778
[2026-03-27 17:01:34,364] INFO - demandclean:     Actions: {'no_action': 32, 'repair_value': 27, 'delete': 30, 'replace_nearby': 66}
[2026-03-27 17:01:59,694] INFO - demandclean:   Episode 100/400: Score=0.8007, Best=0.8185, Eps=0.606
[2026-03-27 17:01:59,695] INFO - demandclean:     Actions: {'no_action': 34, 'repair_value': 39, 'delete': 25, 'replace_nearby': 129}
[2026-03-27 17:02:22,272] INFO - demandclean:   Episode 150/400: Score=0.8114, Best=0.8185, Eps=0.471
[2026-03-27 17:02:22,272] INFO - demandclean:     Actions: {'no_action': 30, 'repair_value': 32, 'delete': 33, 'replace_nearby': 164}
[2026-03-27 17:02:46,922] INFO - demandclean:   Episode 200/400: Score=0.8007, Best=0.8185, Eps=0.367
[2026-03-27 17:02:46,922] INFO - demandclean:     Actions: {'no_action': 23, 'repair_value': 100, 'delete': 22, 'replace_nearby': 89}
[2026-03-27 17:03:10,984] INFO - demandclean:   Episode 250/400: Score=0.8114, Best=0.8185, Eps=0.286
[2026-03-27 17:03:10,984] INFO - demandclean:     Actions: {'no_action': 7, 'repair_value': 49, 'delete': 11, 'replace_nearby': 116}
[2026-03-27 17:03:34,838] INFO - demandclean:   Episode 300/400: Score=0.8043, Best=0.8185, Eps=0.222
[2026-03-27 17:03:34,838] INFO - demandclean:     Actions: {'no_action': 29, 'repair_value': 139, 'delete': 20, 'replace_nearby': 75}
[2026-03-27 17:03:56,023] INFO - demandclean:   Episode 350/400: Score=0.8007, Best=0.8185, Eps=0.173
[2026-03-27 17:03:56,023] INFO - demandclean:     Actions: {'no_action': 15, 'repair_value': 142, 'delete': 19, 'replace_nearby': 88}
[2026-03-27 17:04:19,653] INFO - demandclean:   Episode 400/400: Score=0.8007, Best=0.8185, Eps=0.135
[2026-03-27 17:04:19,653] INFO - demandclean:     Actions: {'no_action': 20, 'repair_value': 137, 'delete': 34, 'replace_nearby': 82}
[2026-03-27 17:04:19,653] INFO - demandclean: 
已恢复最佳模型权重 (Episode 194, Score=0.8185, Cost=20)
[2026-03-27 17:04:19,653] INFO - demandclean: 
训练完成! 最佳分数: 0.8185 (共 400 episodes)
[2026-03-27 17:04:19,653] INFO - demandclean:   最佳动作分布: {'no_action': 28, 'repair_value': 20, 'delete': 21, 'replace_nearby': 192}
[2026-03-27 17:04:19,654] INFO - demandclean: 
训练完成!
[2026-03-27 17:04:19,665] INFO - demandclean: 模型已保存: /Users/qianzekai/PycharmProjects/TolerDM/experiment/ablation_beers/model/demandfix_dqn.pt
[2026-03-27 17:04:19,665] INFO - demandclean: 
==================================================
[2026-03-27 17:04:19,665] INFO - demandclean: 单阶段推理
[2026-03-27 17:04:19,665] INFO - demandclean: ==================================================
