[2026-03-27 16:57:43,817] INFO - demandclean: ==================================================
[2026-03-27 16:57:43,817] INFO - demandclean: DemandClean 训练开始
[2026-03-27 16:57:43,817] INFO - demandclean:   检测器模式: oracle
[2026-03-27 16:57:43,817] INFO - demandclean:   训练模式: clean_base
[2026-03-27 16:57:43,817] INFO - demandclean:   Agent类型: single
[2026-03-27 16:57:43,817] INFO - demandclean:   推理模式: single_phase
[2026-03-27 16:57:43,817] INFO - demandclean:   FD规则: 0
[2026-03-27 16:57:43,817] INFO - demandclean:   丰富规则: 无
[2026-03-27 16:57:43,817] INFO - demandclean: ==================================================
[2026-03-27 16:57:43,818] INFO - demandclean: 
[Step 1] 初始化错误检测器...
[2026-03-27 16:57:43,818] INFO - demandclean: 
[Step 2] 训练 DQN Agent...
[2026-03-27 16:57:43,818] INFO - demandclean: 开始训练 (single Agent, mode=clean_base)
[2026-03-27 16:57:43,818] INFO - demandclean:   任务类型: classification
[2026-03-27 16:57:43,818] INFO - demandclean:   模型类型: svm
[2026-03-27 16:57:43,818] INFO - demandclean:   原始数据: 843 行
[2026-03-27 16:57:43,818] INFO - demandclean:   基准数据: 817 行 (NaN-free)
[2026-03-27 16:57:44,778] INFO - demandclean:   ErrorInjector: rich_rules=False, domain=0, cfd=0, fd=0
[2026-03-27 16:57:44,778] INFO - demandclean:   Oracle 模式: reward 使用干净验证集 (281 行)
[2026-03-27 16:57:44,778] INFO - demandclean:   开始训练 DQN (400 episodes, 起始轮=0)...
[2026-03-27 16:57:44,787] INFO - demandclean:   Reward 评估间隔: N=10 (错误数=220, 约 23 次评估/episode)
[2026-03-27 16:58:07,635] INFO - demandclean:   Episode 50/400: Score=0.7972, Best=0.8078, Eps=0.778
[2026-03-27 16:58:07,636] INFO - demandclean:     Actions: {'no_action': 52, 'repair_value': 57, 'delete': 56, 'replace_nearby': 110}
[2026-03-27 16:58:29,942] INFO - demandclean:   Episode 100/400: Score=0.8007, Best=0.8149, Eps=0.606
[2026-03-27 16:58:29,942] INFO - demandclean:     Actions: {'no_action': 29, 'repair_value': 75, 'delete': 20, 'replace_nearby': 34}
[2026-03-27 16:58:52,393] INFO - demandclean:   Episode 150/400: Score=0.8114, Best=0.8185, Eps=0.471
[2026-03-27 16:58:52,393] INFO - demandclean:     Actions: {'no_action': 32, 'repair_value': 138, 'delete': 41, 'replace_nearby': 93}
[2026-03-27 16:59:14,806] INFO - demandclean:   Episode 200/400: Score=0.8078, Best=0.8185, Eps=0.367
[2026-03-27 16:59:14,807] INFO - demandclean:     Actions: {'no_action': 29, 'repair_value': 194, 'delete': 31, 'replace_nearby': 31}
[2026-03-27 16:59:37,985] INFO - demandclean:   Episode 250/400: Score=0.7865, Best=0.8185, Eps=0.286
[2026-03-27 16:59:37,986] INFO - demandclean:     Actions: {'no_action': 19, 'repair_value': 38, 'delete': 25, 'replace_nearby': 175}
[2026-03-27 17:00:01,395] INFO - demandclean:   Episode 300/400: Score=0.7972, Best=0.8221, Eps=0.222
[2026-03-27 17:00:01,396] INFO - demandclean:     Actions: {'no_action': 10, 'repair_value': 118, 'delete': 17, 'replace_nearby': 55}
[2026-03-27 17:00:26,193] INFO - demandclean:   Episode 350/400: Score=0.8007, Best=0.8221, Eps=0.173
[2026-03-27 17:00:26,194] INFO - demandclean:     Actions: {'no_action': 13, 'repair_value': 80, 'delete': 15, 'replace_nearby': 185}
[2026-03-27 17:00:49,059] INFO - demandclean:   Episode 400/400: Score=0.7972, Best=0.8221, Eps=0.135
[2026-03-27 17:00:49,060] INFO - demandclean:     Actions: {'no_action': 8, 'repair_value': 77, 'delete': 13, 'replace_nearby': 151}
[2026-03-27 17:00:49,060] INFO - demandclean: 
已恢复最佳模型权重 (Episode 298, Score=0.8221, Cost=86)
[2026-03-27 17:00:49,060] INFO - demandclean: 
训练完成! 最佳分数: 0.8221 (共 400 episodes)
[2026-03-27 17:00:49,061] INFO - demandclean:   最佳动作分布: {'no_action': 9, 'repair_value': 86, 'delete': 11, 'replace_nearby': 46}
[2026-03-27 17:00:49,061] INFO - demandclean: 
训练完成!
[2026-03-27 17:00:49,070] INFO - demandclean: 模型已保存: /Users/qianzekai/PycharmProjects/TolerDM/experiment/ablation_beers/model/demandfix_dqn.pt
[2026-03-27 17:00:49,070] INFO - demandclean: 
==================================================
[2026-03-27 17:00:49,070] INFO - demandclean: 单阶段推理
[2026-03-27 17:00:49,070] INFO - demandclean: ==================================================
