[2026-03-27 17:04:21,166] INFO - demandclean: ==================================================
[2026-03-27 17:04:21,167] INFO - demandclean: DemandClean 训练开始
[2026-03-27 17:04:21,167] INFO - demandclean:   检测器模式: oracle
[2026-03-27 17:04:21,167] INFO - demandclean:   训练模式: clean_base
[2026-03-27 17:04:21,167] INFO - demandclean:   Agent类型: two_stage
[2026-03-27 17:04:21,167] INFO - demandclean:   推理模式: single_phase
[2026-03-27 17:04:21,167] INFO - demandclean:   FD规则: 0
[2026-03-27 17:04:21,167] INFO - demandclean:   丰富规则: 无
[2026-03-27 17:04:21,167] INFO - demandclean: ==================================================
[2026-03-27 17:04:21,167] INFO - demandclean: 
[Step 1] 初始化错误检测器...
[2026-03-27 17:04:21,167] INFO - demandclean: 
[Step 2] 训练 DQN Agent...
[2026-03-27 17:04:21,167] INFO - demandclean: 开始训练 (two_stage Agent, mode=clean_base)
[2026-03-27 17:04:21,167] INFO - demandclean:   任务类型: classification
[2026-03-27 17:04:21,167] INFO - demandclean:   模型类型: svm
[2026-03-27 17:04:21,167] INFO - demandclean:   原始数据: 843 行
[2026-03-27 17:04:21,167] INFO - demandclean:   基准数据: 817 行 (NaN-free)
[2026-03-27 17:04:21,172] INFO - demandclean:   ErrorInjector: rich_rules=False, domain=0, cfd=0, fd=0
[2026-03-27 17:04:21,172] INFO - demandclean:   Oracle 模式: reward 使用干净验证集 (281 行)
[2026-03-27 17:04:21,172] INFO - demandclean:   开始训练 DQN (400 episodes, 起始轮=0)...
[2026-03-27 17:04:21,181] INFO - demandclean:   Reward 评估间隔: N=10 (错误数=161, 约 17 次评估/episode)
[2026-03-27 17:04:44,379] INFO - demandclean:   Episode 50/400: Score=0.7936, Best=0.8149, Eps=0.778
[2026-03-27 17:04:44,379] INFO - demandclean:     Actions: {'no_action': 54, 'repair_value': 76, 'delete': 57, 'replace_nearby': 46}
[2026-03-27 17:05:07,681] INFO - demandclean:   Episode 100/400: Score=0.8007, Best=0.8185, Eps=0.606
[2026-03-27 17:05:07,681] INFO - demandclean:     Actions: {'no_action': 46, 'repair_value': 37, 'delete': 41, 'replace_nearby': 75}
[2026-03-27 17:05:31,792] INFO - demandclean:   Episode 150/400: Score=0.8078, Best=0.8185, Eps=0.471
[2026-03-27 17:05:31,792] INFO - demandclean:     Actions: {'no_action': 22, 'repair_value': 30, 'delete': 17, 'replace_nearby': 95}
[2026-03-27 17:05:55,048] INFO - demandclean:   Episode 200/400: Score=0.8078, Best=0.8185, Eps=0.367
[2026-03-27 17:05:55,048] INFO - demandclean:     Actions: {'no_action': 38, 'repair_value': 100, 'delete': 28, 'replace_nearby': 81}
[2026-03-27 17:06:18,846] INFO - demandclean:   Episode 250/400: Score=0.8007, Best=0.8185, Eps=0.286
[2026-03-27 17:06:18,846] INFO - demandclean:     Actions: {'no_action': 33, 'repair_value': 94, 'delete': 15, 'replace_nearby': 89}
[2026-03-27 17:06:45,345] INFO - demandclean:   Episode 300/400: Score=0.7900, Best=0.8185, Eps=0.222
[2026-03-27 17:06:45,345] INFO - demandclean:     Actions: {'no_action': 25, 'repair_value': 67, 'delete': 17, 'replace_nearby': 150}
[2026-03-27 17:07:10,235] INFO - demandclean:   Episode 350/400: Score=0.7936, Best=0.8185, Eps=0.173
[2026-03-27 17:07:10,235] INFO - demandclean:     Actions: {'no_action': 62, 'repair_value': 118, 'delete': 14, 'replace_nearby': 48}
[2026-03-27 17:07:33,710] INFO - demandclean:   Episode 400/400: Score=0.8149, Best=0.8185, Eps=0.135
[2026-03-27 17:07:33,710] INFO - demandclean:     Actions: {'no_action': 18, 'repair_value': 34, 'delete': 52, 'replace_nearby': 145}
[2026-03-27 17:07:33,710] INFO - demandclean: 
已恢复最佳模型权重 (Episode 82, Score=0.8185, Cost=46)
[2026-03-27 17:07:33,710] INFO - demandclean: 
训练完成! 最佳分数: 0.8185 (共 400 episodes)
[2026-03-27 17:07:33,710] INFO - demandclean:   最佳动作分布: {'no_action': 49, 'repair_value': 46, 'delete': 43, 'replace_nearby': 46}
[2026-03-27 17:07:33,711] INFO - demandclean: 
训练完成!
[2026-03-27 17:07:33,717] INFO - demandclean: 模型已保存: /Users/qianzekai/PycharmProjects/TolerDM/experiment/ablation_beers/model/two_stage_dqn.pt
[2026-03-27 17:07:33,717] INFO - demandclean: 
==================================================
[2026-03-27 17:07:33,717] INFO - demandclean: 单阶段推理
[2026-03-27 17:07:33,717] INFO - demandclean: ==================================================
