[2026-03-21 02:13:33,070] INFO - demandclean: ==================================================
[2026-03-21 02:13:33,070] INFO - demandclean: DemandClean 训练开始
[2026-03-21 02:13:33,070] INFO - demandclean:   检测器模式: oracle
[2026-03-21 02:13:33,070] INFO - demandclean:   训练模式: clean_base
[2026-03-21 02:13:33,070] INFO - demandclean:   Agent类型: single
[2026-03-21 02:13:33,070] INFO - demandclean:   推理模式: single_phase
[2026-03-21 02:13:33,070] INFO - demandclean:   FD规则: 0
[2026-03-21 02:13:33,071] INFO - demandclean:   丰富规则: 无
[2026-03-21 02:13:33,071] INFO - demandclean: ==================================================
[2026-03-21 02:13:33,071] INFO - demandclean: 
[Step 1] 初始化错误检测器...
[2026-03-21 02:13:33,071] INFO - demandclean: 
[Step 2] 训练 DQN Agent...
[2026-03-21 02:13:33,071] INFO - demandclean: 开始训练 (single Agent, mode=clean_base)
[2026-03-21 02:13:33,071] INFO - demandclean:   任务类型: classification
[2026-03-21 02:13:33,071] INFO - demandclean:   模型类型: svm
[2026-03-21 02:13:33,071] INFO - demandclean:   原始数据: 843 行
[2026-03-21 02:13:33,071] INFO - demandclean:   基准数据: 828 行 (NaN-free)
[2026-03-21 02:13:33,794] INFO - demandclean:   ErrorInjector: rich_rules=False, domain=0, cfd=0, fd=0
[2026-03-21 02:13:33,794] INFO - demandclean:   Oracle 模式: reward 使用干净验证集 (281 行)
[2026-03-21 02:13:33,794] INFO - demandclean:   开始训练 DQN (400 episodes, 起始轮=0)...
[2026-03-21 02:13:33,804] INFO - demandclean:   Reward 评估间隔: N=5 (错误数=260, 约 53 次评估/episode)
[2026-03-21 02:13:55,015] INFO - demandclean:   Episode 50/400: Score=0.8221, Best=0.8327, Eps=0.778
[2026-03-21 02:13:55,015] INFO - demandclean:     Actions: {'no_action': 57, 'repair_value': 57, 'delete': 62, 'replace_nearby': 95}
[2026-03-21 02:14:17,605] INFO - demandclean:   Episode 100/400: Score=0.8185, Best=0.8363, Eps=0.606
[2026-03-21 02:14:17,605] INFO - demandclean:     Actions: {'no_action': 38, 'repair_value': 75, 'delete': 33, 'replace_nearby': 106}
[2026-03-21 02:14:36,912] INFO - demandclean:   Episode 150/400: Score=0.8292, Best=0.8399, Eps=0.471
[2026-03-21 02:14:36,912] INFO - demandclean:     Actions: {'no_action': 17, 'repair_value': 24, 'delete': 119, 'replace_nearby': 34}
[2026-03-21 02:14:55,144] INFO - demandclean:   Episode 200/400: Score=0.8221, Best=0.8470, Eps=0.367
[2026-03-21 02:14:55,144] INFO - demandclean:     Actions: {'no_action': 30, 'repair_value': 84, 'delete': 40, 'replace_nearby': 124}
[2026-03-21 02:15:14,467] INFO - demandclean:   Episode 250/400: Score=0.8221, Best=0.8612, Eps=0.286
[2026-03-21 02:15:14,468] INFO - demandclean:     Actions: {'no_action': 12, 'repair_value': 21, 'delete': 167, 'replace_nearby': 10}
[2026-03-21 02:15:34,206] INFO - demandclean:   Episode 300/400: Score=0.8470, Best=0.8612, Eps=0.222
[2026-03-21 02:15:34,206] INFO - demandclean:     Actions: {'no_action': 8, 'repair_value': 11, 'delete': 171, 'replace_nearby': 13}
[2026-03-21 02:15:53,439] INFO - demandclean:   Episode 350/400: Score=0.8470, Best=0.8612, Eps=0.173
[2026-03-21 02:15:53,439] INFO - demandclean:     Actions: {'no_action': 10, 'repair_value': 56, 'delete': 8, 'replace_nearby': 115}
[2026-03-21 02:16:13,543] INFO - demandclean:   Episode 400/400: Score=0.8114, Best=0.8612, Eps=0.135
[2026-03-21 02:16:13,543] INFO - demandclean:     Actions: {'no_action': 17, 'repair_value': 8, 'delete': 171, 'replace_nearby': 8}
[2026-03-21 02:16:13,543] INFO - demandclean: 
已恢复最佳模型权重 (Episode 249, Score=0.8612, Cost=11)
[2026-03-21 02:16:13,543] INFO - demandclean: 
训练完成! 最佳分数: 0.8612 (共 400 episodes)
[2026-03-21 02:16:13,543] INFO - demandclean:   最佳动作分布: {'no_action': 15, 'repair_value': 11, 'delete': 168, 'replace_nearby': 10}
[2026-03-21 02:16:13,543] INFO - demandclean: 
训练完成!
[2026-03-21 02:16:13,547] INFO - demandclean: 模型已保存: /Users/qianzekai/PycharmProjects/TolerDM/experiment/ablation_beers/model/demandfix_dqn.pt
[2026-03-21 02:16:13,547] INFO - demandclean: 
==================================================
[2026-03-21 02:16:13,547] INFO - demandclean: 单阶段推理
[2026-03-21 02:16:13,547] INFO - demandclean: ==================================================
