[2026-03-27 15:41:55,369] INFO - demandclean: ==================================================
[2026-03-27 15:41:55,370] INFO - demandclean: DemandClean 训练开始
[2026-03-27 15:41:55,370] INFO - demandclean:   检测器模式: oracle
[2026-03-27 15:41:55,370] INFO - demandclean:   训练模式: clean_base
[2026-03-27 15:41:55,370] INFO - demandclean:   Agent类型: single
[2026-03-27 15:41:55,370] INFO - demandclean:   推理模式: single_phase
[2026-03-27 15:41:55,370] INFO - demandclean:   FD规则: 0
[2026-03-27 15:41:55,370] INFO - demandclean:   丰富规则: 无
[2026-03-27 15:41:55,370] INFO - demandclean: ==================================================
[2026-03-27 15:41:55,370] INFO - demandclean: 
[Step 1] 初始化错误检测器...
[2026-03-27 15:41:55,370] INFO - demandclean: 
[Step 2] 训练 DQN Agent...
[2026-03-27 15:41:55,370] INFO - demandclean: 开始训练 (single Agent, mode=clean_base)
[2026-03-27 15:41:55,370] INFO - demandclean:   任务类型: classification
[2026-03-27 15:41:55,370] INFO - demandclean:   模型类型: svm
[2026-03-27 15:41:55,370] INFO - demandclean:   原始数据: 843 行
[2026-03-27 15:41:55,370] INFO - demandclean:   基准数据: 817 行 (NaN-free)
[2026-03-27 15:41:56,333] INFO - demandclean:   ErrorInjector: rich_rules=False, domain=0, cfd=0, fd=0
[2026-03-27 15:41:56,333] INFO - demandclean:   Oracle 模式: reward 使用干净验证集 (281 行)
[2026-03-27 15:41:56,333] INFO - demandclean:   开始训练 DQN (600 episodes, 起始轮=0)...
[2026-03-27 15:41:56,342] INFO - demandclean:   Reward 评估间隔: N=10 (错误数=220, 约 23 次评估/episode)
[2026-03-27 15:42:17,622] INFO - demandclean:   Episode 50/600: Score=0.8043, Best=0.8149, Eps=0.778
[2026-03-27 15:42:17,622] INFO - demandclean:     Actions: {'no_action': 55, 'repair_value': 112, 'delete': 66, 'replace_nearby': 61}
[2026-03-27 15:42:39,632] INFO - demandclean:   Episode 100/600: Score=0.7972, Best=0.8149, Eps=0.606
[2026-03-27 15:42:39,632] INFO - demandclean:     Actions: {'no_action': 32, 'repair_value': 136, 'delete': 33, 'replace_nearby': 28}
[2026-03-27 15:43:01,755] INFO - demandclean:   Episode 150/600: Score=0.8114, Best=0.8149, Eps=0.471
[2026-03-27 15:43:01,755] INFO - demandclean:     Actions: {'no_action': 25, 'repair_value': 172, 'delete': 29, 'replace_nearby': 34}
[2026-03-27 15:43:23,889] INFO - demandclean:   Episode 200/600: Score=0.8114, Best=0.8185, Eps=0.367
[2026-03-27 15:43:23,889] INFO - demandclean:     Actions: {'no_action': 21, 'repair_value': 193, 'delete': 21, 'replace_nearby': 26}
[2026-03-27 15:43:46,004] INFO - demandclean:   Episode 250/600: Score=0.8114, Best=0.8185, Eps=0.286
[2026-03-27 15:43:46,005] INFO - demandclean:     Actions: {'no_action': 13, 'repair_value': 190, 'delete': 21, 'replace_nearby': 13}
[2026-03-27 15:44:09,019] INFO - demandclean:   Episode 300/600: Score=0.8114, Best=0.8185, Eps=0.222
[2026-03-27 15:44:09,019] INFO - demandclean:     Actions: {'no_action': 10, 'repair_value': 184, 'delete': 24, 'replace_nearby': 11}
[2026-03-27 15:44:31,149] INFO - demandclean:   Episode 350/600: Score=0.8007, Best=0.8292, Eps=0.173
[2026-03-27 15:44:31,149] INFO - demandclean:     Actions: {'no_action': 38, 'repair_value': 196, 'delete': 26, 'replace_nearby': 16}
[2026-03-27 15:44:53,953] INFO - demandclean:   Episode 400/600: Score=0.8149, Best=0.8292, Eps=0.135
[2026-03-27 15:44:53,953] INFO - demandclean:     Actions: {'no_action': 5, 'repair_value': 129, 'delete': 25, 'replace_nearby': 9}
[2026-03-27 15:45:16,278] INFO - demandclean:   Episode 450/600: Score=0.7936, Best=0.8292, Eps=0.105
[2026-03-27 15:45:16,279] INFO - demandclean:     Actions: {'no_action': 33, 'repair_value': 203, 'delete': 58, 'replace_nearby': 8}
[2026-03-27 15:45:38,353] INFO - demandclean:   Episode 500/600: Score=0.8114, Best=0.8292, Eps=0.100
[2026-03-27 15:45:38,353] INFO - demandclean:     Actions: {'no_action': 9, 'repair_value': 135, 'delete': 43, 'replace_nearby': 19}
[2026-03-27 15:45:59,982] INFO - demandclean:   Episode 550/600: Score=0.7829, Best=0.8292, Eps=0.100
[2026-03-27 15:45:59,982] INFO - demandclean:     Actions: {'no_action': 39, 'repair_value': 105, 'delete': 34, 'replace_nearby': 5}
[2026-03-27 15:46:24,717] INFO - demandclean:   Episode 600/600: Score=0.8114, Best=0.8292, Eps=0.100
[2026-03-27 15:46:24,718] INFO - demandclean:     Actions: {'no_action': 7, 'repair_value': 91, 'delete': 19, 'replace_nearby': 157}
[2026-03-27 15:46:24,718] INFO - demandclean: 
已恢复最佳模型权重 (Episode 333, Score=0.8292, Cost=245)
[2026-03-27 15:46:24,718] INFO - demandclean: 
训练完成! 最佳分数: 0.8292 (共 600 episodes)
[2026-03-27 15:46:24,718] INFO - demandclean:   最佳动作分布: {'no_action': 7, 'repair_value': 245, 'delete': 42, 'replace_nearby': 10}
[2026-03-27 15:46:24,718] INFO - demandclean: 
训练完成!
[2026-03-27 15:46:24,729] INFO - demandclean: 模型已保存: /Users/qianzekai/PycharmProjects/TolerDM/experiment/ablation_beers/model/demandfix_dqn.pt
[2026-03-27 15:46:24,729] INFO - demandclean: 
==================================================
[2026-03-27 15:46:24,729] INFO - demandclean: 单阶段推理
[2026-03-27 15:46:24,729] INFO - demandclean: ==================================================
