[2026-03-26 18:38:32,725] INFO - demandclean: ==================================================
[2026-03-26 18:38:32,725] INFO - demandclean: DemandClean 训练开始
[2026-03-26 18:38:32,725] INFO - demandclean:   检测器模式: oracle
[2026-03-26 18:38:32,725] INFO - demandclean:   训练模式: clean_base
[2026-03-26 18:38:32,725] INFO - demandclean:   Agent类型: single
[2026-03-26 18:38:32,725] INFO - demandclean:   推理模式: single_phase
[2026-03-26 18:38:32,725] INFO - demandclean:   FD规则: 0
[2026-03-26 18:38:32,725] INFO - demandclean:   丰富规则: 无
[2026-03-26 18:38:32,725] INFO - demandclean: ==================================================
[2026-03-26 18:38:32,725] INFO - demandclean: 
[Step 1] 初始化错误检测器...
[2026-03-26 18:38:32,725] INFO - demandclean: 
[Step 2] 训练 DQN Agent...
[2026-03-26 18:38:32,725] INFO - demandclean: 开始训练 (single Agent, mode=clean_base)
[2026-03-26 18:38:32,725] INFO - demandclean:   任务类型: classification
[2026-03-26 18:38:32,725] INFO - demandclean:   模型类型: svm
[2026-03-26 18:38:32,725] INFO - demandclean:   原始数据: 843 行
[2026-03-26 18:38:32,725] INFO - demandclean:   基准数据: 817 行 (NaN-free)
[2026-03-26 18:38:33,374] INFO - demandclean:   ErrorInjector: rich_rules=False, domain=0, cfd=0, fd=0
[2026-03-26 18:38:33,374] INFO - demandclean:   Oracle 模式: reward 使用干净验证集 (281 行)
[2026-03-26 18:38:33,374] INFO - demandclean:   开始训练 DQN (400 episodes, 起始轮=0)...
[2026-03-26 18:38:33,382] INFO - demandclean:   Reward 评估间隔: N=20 (错误数=220, 约 12 次评估/episode)
[2026-03-26 18:38:42,125] INFO - demandclean:   Episode 50/400: Score=0.8043, Best=0.8185, Eps=0.778
[2026-03-26 18:38:42,126] INFO - demandclean:     Actions: {'no_action': 45, 'repair_value': 47, 'delete': 63, 'replace_nearby': 93}
[2026-03-26 18:38:51,507] INFO - demandclean:   Episode 100/400: Score=0.7936, Best=0.8185, Eps=0.606
[2026-03-26 18:38:51,507] INFO - demandclean:     Actions: {'no_action': 52, 'repair_value': 40, 'delete': 50, 'replace_nearby': 172}
[2026-03-26 18:39:00,778] INFO - demandclean:   Episode 150/400: Score=0.8007, Best=0.8185, Eps=0.471
[2026-03-26 18:39:00,778] INFO - demandclean:     Actions: {'no_action': 49, 'repair_value': 144, 'delete': 31, 'replace_nearby': 25}
[2026-03-26 18:39:10,225] INFO - demandclean:   Episode 200/400: Score=0.8007, Best=0.8185, Eps=0.367
[2026-03-26 18:39:10,225] INFO - demandclean:     Actions: {'no_action': 27, 'repair_value': 26, 'delete': 24, 'replace_nearby': 169}
[2026-03-26 18:39:19,473] INFO - demandclean:   Episode 250/400: Score=0.8114, Best=0.8185, Eps=0.286
[2026-03-26 18:39:19,473] INFO - demandclean:     Actions: {'no_action': 18, 'repair_value': 173, 'delete': 17, 'replace_nearby': 42}
[2026-03-26 18:39:29,004] INFO - demandclean:   Episode 300/400: Score=0.8114, Best=0.8185, Eps=0.222
[2026-03-26 18:39:29,005] INFO - demandclean:     Actions: {'no_action': 13, 'repair_value': 17, 'delete': 13, 'replace_nearby': 201}
[2026-03-26 18:39:38,482] INFO - demandclean:   Episode 350/400: Score=0.8114, Best=0.8185, Eps=0.173
[2026-03-26 18:39:38,482] INFO - demandclean:     Actions: {'no_action': 13, 'repair_value': 101, 'delete': 48, 'replace_nearby': 65}
[2026-03-26 18:39:47,956] INFO - demandclean:   Episode 400/400: Score=0.7972, Best=0.8221, Eps=0.135
[2026-03-26 18:39:47,956] INFO - demandclean:     Actions: {'no_action': 16, 'repair_value': 30, 'delete': 176, 'replace_nearby': 66}
[2026-03-26 18:39:47,956] INFO - demandclean: 
已恢复最佳模型权重 (Episode 394, Score=0.8221, Cost=13)
[2026-03-26 18:39:47,956] INFO - demandclean: 
训练完成! 最佳分数: 0.8221 (共 400 episodes)
[2026-03-26 18:39:47,956] INFO - demandclean:   最佳动作分布: {'no_action': 5, 'repair_value': 13, 'delete': 76, 'replace_nearby': 148}
[2026-03-26 18:39:47,956] INFO - demandclean: 
训练完成!
[2026-03-26 18:39:47,960] INFO - demandclean: 模型已保存: /Users/qianzekai/PycharmProjects/TolerDM/experiment/ablation_beers/model/demandfix_dqn.pt
[2026-03-26 18:39:47,960] INFO - demandclean: 
==================================================
[2026-03-26 18:39:47,960] INFO - demandclean: 单阶段推理
[2026-03-26 18:39:47,960] INFO - demandclean: ==================================================
