[2026-03-27 15:10:51,626] INFO - demandclean: ==================================================
[2026-03-27 15:10:51,626] INFO - demandclean: DemandClean 训练开始
[2026-03-27 15:10:51,626] INFO - demandclean:   检测器模式: oracle
[2026-03-27 15:10:51,626] INFO - demandclean:   训练模式: clean_base
[2026-03-27 15:10:51,626] INFO - demandclean:   Agent类型: single
[2026-03-27 15:10:51,626] INFO - demandclean:   推理模式: single_phase
[2026-03-27 15:10:51,626] INFO - demandclean:   FD规则: 0
[2026-03-27 15:10:51,626] INFO - demandclean:   丰富规则: 无
[2026-03-27 15:10:51,626] INFO - demandclean: ==================================================
[2026-03-27 15:10:51,626] INFO - demandclean: 
[Step 1] 初始化错误检测器...
[2026-03-27 15:10:51,626] INFO - demandclean: 
[Step 2] 训练 DQN Agent...
[2026-03-27 15:10:51,626] INFO - demandclean: 开始训练 (single Agent, mode=clean_base)
[2026-03-27 15:10:51,626] INFO - demandclean:   任务类型: classification
[2026-03-27 15:10:51,626] INFO - demandclean:   模型类型: svm
[2026-03-27 15:10:51,626] INFO - demandclean:   原始数据: 843 行
[2026-03-27 15:10:51,626] INFO - demandclean:   基准数据: 817 行 (NaN-free)
[2026-03-27 15:10:52,607] INFO - demandclean:   ErrorInjector: rich_rules=False, domain=0, cfd=0, fd=0
[2026-03-27 15:10:52,607] INFO - demandclean:   Oracle 模式: reward 使用干净验证集 (281 行)
[2026-03-27 15:10:52,607] INFO - demandclean:   开始训练 DQN (600 episodes, 起始轮=0)...
[2026-03-27 15:10:52,616] INFO - demandclean:   Reward 评估间隔: N=10 (错误数=220, 约 23 次评估/episode)
[2026-03-27 15:11:15,731] INFO - demandclean:   Episode 50/600: Score=0.7900, Best=0.8114, Eps=0.778
[2026-03-27 15:11:15,731] INFO - demandclean:     Actions: {'no_action': 65, 'repair_value': 99, 'delete': 47, 'replace_nearby': 98}
[2026-03-27 15:11:46,143] INFO - demandclean:   Episode 100/600: Score=0.7900, Best=0.8185, Eps=0.606
[2026-03-27 15:11:46,143] INFO - demandclean:     Actions: {'no_action': 41, 'repair_value': 71, 'delete': 32, 'replace_nearby': 69}
[2026-03-27 15:12:11,497] INFO - demandclean:   Episode 150/600: Score=0.7687, Best=0.8185, Eps=0.471
[2026-03-27 15:12:11,497] INFO - demandclean:     Actions: {'no_action': 32, 'repair_value': 87, 'delete': 32, 'replace_nearby': 160}
[2026-03-27 15:12:36,176] INFO - demandclean:   Episode 200/600: Score=0.7972, Best=0.8185, Eps=0.367
[2026-03-27 15:12:36,176] INFO - demandclean:     Actions: {'no_action': 19, 'repair_value': 23, 'delete': 27, 'replace_nearby': 157}
[2026-03-27 15:12:59,666] INFO - demandclean:   Episode 250/600: Score=0.8007, Best=0.8185, Eps=0.286
[2026-03-27 15:12:59,666] INFO - demandclean:     Actions: {'no_action': 17, 'repair_value': 12, 'delete': 19, 'replace_nearby': 162}
[2026-03-27 15:13:23,963] INFO - demandclean:   Episode 300/600: Score=0.8007, Best=0.8185, Eps=0.222
[2026-03-27 15:13:23,963] INFO - demandclean:     Actions: {'no_action': 15, 'repair_value': 24, 'delete': 20, 'replace_nearby': 236}
[2026-03-27 15:13:48,896] INFO - demandclean:   Episode 350/600: Score=0.8007, Best=0.8185, Eps=0.173
[2026-03-27 15:13:48,896] INFO - demandclean:     Actions: {'no_action': 8, 'repair_value': 39, 'delete': 8, 'replace_nearby': 181}
[2026-03-27 15:14:13,228] INFO - demandclean:   Episode 400/600: Score=0.8007, Best=0.8185, Eps=0.135
[2026-03-27 15:14:13,229] INFO - demandclean:     Actions: {'no_action': 9, 'repair_value': 10, 'delete': 9, 'replace_nearby': 238}
[2026-03-27 15:14:36,328] INFO - demandclean:   Episode 450/600: Score=0.7972, Best=0.8185, Eps=0.105
[2026-03-27 15:14:36,328] INFO - demandclean:     Actions: {'no_action': 12, 'repair_value': 107, 'delete': 6, 'replace_nearby': 111}
[2026-03-27 15:14:59,876] INFO - demandclean:   Episode 500/600: Score=0.7936, Best=0.8185, Eps=0.100
[2026-03-27 15:14:59,876] INFO - demandclean:     Actions: {'no_action': 10, 'repair_value': 38, 'delete': 6, 'replace_nearby': 123}
[2026-03-27 15:15:24,293] INFO - demandclean:   Episode 550/600: Score=0.7972, Best=0.8185, Eps=0.100
[2026-03-27 15:15:24,294] INFO - demandclean:     Actions: {'no_action': 13, 'repair_value': 12, 'delete': 68, 'replace_nearby': 190}
[2026-03-27 15:15:50,253] INFO - demandclean:   Episode 600/600: Score=0.7972, Best=0.8221, Eps=0.100
[2026-03-27 15:15:50,253] INFO - demandclean:     Actions: {'no_action': 81, 'repair_value': 67, 'delete': 46, 'replace_nearby': 98}
[2026-03-27 15:15:50,253] INFO - demandclean: 
已恢复最佳模型权重 (Episode 557, Score=0.8221, Cost=31)
[2026-03-27 15:15:50,255] INFO - demandclean: 
训练完成! 最佳分数: 0.8221 (共 600 episodes)
[2026-03-27 15:15:50,256] INFO - demandclean:   最佳动作分布: {'no_action': 3, 'repair_value': 31, 'delete': 35, 'replace_nearby': 131}
[2026-03-27 15:15:50,256] INFO - demandclean: 
训练完成!
[2026-03-27 15:15:50,271] INFO - demandclean: 模型已保存: /Users/qianzekai/PycharmProjects/TolerDM/experiment/ablation_beers/model/demandfix_dqn.pt
[2026-03-27 15:15:50,272] INFO - demandclean: 
==================================================
[2026-03-27 15:15:50,272] INFO - demandclean: 单阶段推理
[2026-03-27 15:15:50,272] INFO - demandclean: ==================================================
