[2026-03-27 15:00:43,420] INFO - demandclean: ==================================================
[2026-03-27 15:00:43,420] INFO - demandclean: DemandClean 训练开始
[2026-03-27 15:00:43,420] INFO - demandclean:   检测器模式: oracle
[2026-03-27 15:00:43,420] INFO - demandclean:   训练模式: clean_base
[2026-03-27 15:00:43,420] INFO - demandclean:   Agent类型: single
[2026-03-27 15:00:43,420] INFO - demandclean:   推理模式: single_phase
[2026-03-27 15:00:43,420] INFO - demandclean:   FD规则: 0
[2026-03-27 15:00:43,420] INFO - demandclean:   丰富规则: 无
[2026-03-27 15:00:43,420] INFO - demandclean: ==================================================
[2026-03-27 15:00:43,420] INFO - demandclean: 
[Step 1] 初始化错误检测器...
[2026-03-27 15:00:43,420] INFO - demandclean: 
[Step 2] 训练 DQN Agent...
[2026-03-27 15:00:43,420] INFO - demandclean: 开始训练 (single Agent, mode=clean_base)
[2026-03-27 15:00:43,420] INFO - demandclean:   任务类型: classification
[2026-03-27 15:00:43,420] INFO - demandclean:   模型类型: svm
[2026-03-27 15:00:43,420] INFO - demandclean:   原始数据: 843 行
[2026-03-27 15:00:43,420] INFO - demandclean:   基准数据: 817 行 (NaN-free)
[2026-03-27 15:00:44,451] INFO - demandclean:   ErrorInjector: rich_rules=False, domain=0, cfd=0, fd=0
[2026-03-27 15:00:44,451] INFO - demandclean:   Oracle 模式: reward 使用干净验证集 (281 行)
[2026-03-27 15:00:44,451] INFO - demandclean:   开始训练 DQN (600 episodes, 起始轮=0)...
[2026-03-27 15:00:44,460] INFO - demandclean:   Reward 评估间隔: N=10 (错误数=220, 约 23 次评估/episode)
[2026-03-27 15:01:07,823] INFO - demandclean:   Episode 50/600: Score=0.7900, Best=0.8149, Eps=0.778
[2026-03-27 15:01:07,823] INFO - demandclean:     Actions: {'no_action': 46, 'repair_value': 44, 'delete': 42, 'replace_nearby': 115}
[2026-03-27 15:01:30,033] INFO - demandclean:   Episode 100/600: Score=0.7972, Best=0.8149, Eps=0.606
[2026-03-27 15:01:30,033] INFO - demandclean:     Actions: {'no_action': 35, 'repair_value': 43, 'delete': 39, 'replace_nearby': 142}
[2026-03-27 15:01:53,539] INFO - demandclean:   Episode 150/600: Score=0.7900, Best=0.8149, Eps=0.471
[2026-03-27 15:01:53,539] INFO - demandclean:     Actions: {'no_action': 21, 'repair_value': 33, 'delete': 28, 'replace_nearby': 153}
[2026-03-27 15:02:16,677] INFO - demandclean:   Episode 200/600: Score=0.8114, Best=0.8185, Eps=0.367
[2026-03-27 15:02:16,677] INFO - demandclean:     Actions: {'no_action': 19, 'repair_value': 8, 'delete': 14, 'replace_nearby': 137}
[2026-03-27 15:02:40,035] INFO - demandclean:   Episode 250/600: Score=0.8078, Best=0.8221, Eps=0.286
[2026-03-27 15:02:40,035] INFO - demandclean:     Actions: {'no_action': 13, 'repair_value': 24, 'delete': 18, 'replace_nearby': 165}
[2026-03-27 15:03:03,421] INFO - demandclean:   Episode 300/600: Score=0.7972, Best=0.8221, Eps=0.222
[2026-03-27 15:03:03,421] INFO - demandclean:     Actions: {'no_action': 19, 'repair_value': 180, 'delete': 15, 'replace_nearby': 51}
[2026-03-27 15:03:27,594] INFO - demandclean:   Episode 350/600: Score=0.7972, Best=0.8221, Eps=0.173
[2026-03-27 15:03:27,594] INFO - demandclean:     Actions: {'no_action': 20, 'repair_value': 16, 'delete': 12, 'replace_nearby': 276}
[2026-03-27 15:03:57,720] INFO - demandclean:   Episode 400/600: Score=0.7972, Best=0.8221, Eps=0.135
[2026-03-27 15:03:57,721] INFO - demandclean:     Actions: {'no_action': 7, 'repair_value': 14, 'delete': 11, 'replace_nearby': 215}
[2026-03-27 15:04:20,716] INFO - demandclean:   Episode 450/600: Score=0.8007, Best=0.8221, Eps=0.105
[2026-03-27 15:04:20,716] INFO - demandclean:     Actions: {'no_action': 7, 'repair_value': 98, 'delete': 7, 'replace_nearby': 94}
[2026-03-27 15:04:44,997] INFO - demandclean:   Episode 500/600: Score=0.7722, Best=0.8221, Eps=0.100
[2026-03-27 15:04:44,997] INFO - demandclean:     Actions: {'no_action': 14, 'repair_value': 24, 'delete': 6, 'replace_nearby': 223}
[2026-03-27 15:05:08,202] INFO - demandclean:   Episode 550/600: Score=0.7829, Best=0.8221, Eps=0.100
[2026-03-27 15:05:08,202] INFO - demandclean:     Actions: {'no_action': 26, 'repair_value': 90, 'delete': 40, 'replace_nearby': 122}
[2026-03-27 15:05:31,468] INFO - demandclean:   Episode 600/600: Score=0.8043, Best=0.8221, Eps=0.100
[2026-03-27 15:05:31,468] INFO - demandclean:     Actions: {'no_action': 10, 'repair_value': 58, 'delete': 56, 'replace_nearby': 110}
[2026-03-27 15:05:31,469] INFO - demandclean: 
已恢复最佳模型权重 (Episode 201, Score=0.8221, Cost=15)
[2026-03-27 15:05:31,469] INFO - demandclean: 
训练完成! 最佳分数: 0.8221 (共 600 episodes)
[2026-03-27 15:05:31,469] INFO - demandclean:   最佳动作分布: {'no_action': 16, 'repair_value': 15, 'delete': 16, 'replace_nearby': 121}
[2026-03-27 15:05:31,469] INFO - demandclean: 
训练完成!
[2026-03-27 15:05:31,478] INFO - demandclean: 模型已保存: /Users/qianzekai/PycharmProjects/TolerDM/experiment/ablation_beers/model/demandfix_dqn.pt
[2026-03-27 15:05:31,478] INFO - demandclean: 
==================================================
[2026-03-27 15:05:31,478] INFO - demandclean: 单阶段推理
[2026-03-27 15:05:31,478] INFO - demandclean: ==================================================
