[2026-03-27 17:07:35,174] INFO - demandclean: ==================================================
[2026-03-27 17:07:35,174] INFO - demandclean: DemandClean 训练开始
[2026-03-27 17:07:35,175] INFO - demandclean:   检测器模式: oracle
[2026-03-27 17:07:35,175] INFO - demandclean:   训练模式: clean_base
[2026-03-27 17:07:35,175] INFO - demandclean:   Agent类型: single
[2026-03-27 17:07:35,175] INFO - demandclean:   推理模式: single_phase
[2026-03-27 17:07:35,175] INFO - demandclean:   FD规则: 0
[2026-03-27 17:07:35,175] INFO - demandclean:   丰富规则: 无
[2026-03-27 17:07:35,175] INFO - demandclean: ==================================================
[2026-03-27 17:07:35,175] INFO - demandclean: 
[Step 1] 初始化错误检测器...
[2026-03-27 17:07:35,175] INFO - demandclean: 
[Step 2] 训练 DQN Agent...
[2026-03-27 17:07:35,175] INFO - demandclean: 开始训练 (single Agent, mode=clean_base)
[2026-03-27 17:07:35,175] INFO - demandclean:   任务类型: classification
[2026-03-27 17:07:35,175] INFO - demandclean:   模型类型: svm
[2026-03-27 17:07:35,175] INFO - demandclean:   原始数据: 843 行
[2026-03-27 17:07:35,175] INFO - demandclean:   基准数据: 817 行 (NaN-free)
[2026-03-27 17:07:35,177] INFO - demandclean:   ErrorInjector: rich_rules=False, domain=0, cfd=0, fd=0
[2026-03-27 17:07:35,177] INFO - demandclean:   Oracle 模式: reward 使用干净验证集 (281 行)
[2026-03-27 17:07:35,177] INFO - demandclean:   开始训练 DQN (400 episodes, 起始轮=0)...
[2026-03-27 17:07:35,185] INFO - demandclean:   Reward 评估间隔: N=10 (错误数=210, 约 22 次评估/episode)
[2026-03-27 17:07:58,463] INFO - demandclean:   Episode 50/400: Score=0.7972, Best=0.8149, Eps=0.778
[2026-03-27 17:07:58,463] INFO - demandclean:     Actions: {'no_action': 47, 'repair_value': 83, 'delete': 50, 'replace_nearby': 59}
[2026-03-27 17:08:21,983] INFO - demandclean:   Episode 100/400: Score=0.7972, Best=0.8149, Eps=0.606
[2026-03-27 17:08:21,983] INFO - demandclean:     Actions: {'no_action': 42, 'repair_value': 38, 'delete': 47, 'replace_nearby': 111}
[2026-03-27 17:08:43,406] INFO - demandclean:   Episode 150/400: Score=0.8007, Best=0.8221, Eps=0.471
[2026-03-27 17:08:43,406] INFO - demandclean:     Actions: {'no_action': 31, 'repair_value': 139, 'delete': 25, 'replace_nearby': 85}
[2026-03-27 17:09:06,662] INFO - demandclean:   Episode 200/400: Score=0.8114, Best=0.8221, Eps=0.367
[2026-03-27 17:09:06,662] INFO - demandclean:     Actions: {'no_action': 20, 'repair_value': 103, 'delete': 25, 'replace_nearby': 81}
[2026-03-27 17:09:29,916] INFO - demandclean:   Episode 250/400: Score=0.8185, Best=0.8221, Eps=0.286
[2026-03-27 17:09:29,916] INFO - demandclean:     Actions: {'no_action': 18, 'repair_value': 153, 'delete': 36, 'replace_nearby': 48}
[2026-03-27 17:09:53,187] INFO - demandclean:   Episode 300/400: Score=0.8149, Best=0.8221, Eps=0.222
[2026-03-27 17:09:53,187] INFO - demandclean:     Actions: {'no_action': 13, 'repair_value': 153, 'delete': 50, 'replace_nearby': 66}
[2026-03-27 17:10:18,640] INFO - demandclean:   Episode 350/400: Score=0.8007, Best=0.8221, Eps=0.173
[2026-03-27 17:10:18,640] INFO - demandclean:     Actions: {'no_action': 10, 'repair_value': 87, 'delete': 20, 'replace_nearby': 92}
[2026-03-27 17:10:41,823] INFO - demandclean:   Episode 400/400: Score=0.7972, Best=0.8221, Eps=0.135
[2026-03-27 17:10:41,823] INFO - demandclean:     Actions: {'no_action': 12, 'repair_value': 48, 'delete': 35, 'replace_nearby': 116}
[2026-03-27 17:10:41,823] INFO - demandclean: 
已恢复最佳模型权重 (Episode 141, Score=0.8221, Cost=22)
[2026-03-27 17:10:41,823] INFO - demandclean: 
训练完成! 最佳分数: 0.8221 (共 400 episodes)
[2026-03-27 17:10:41,823] INFO - demandclean:   最佳动作分布: {'no_action': 32, 'repair_value': 22, 'delete': 36, 'replace_nearby': 118}
[2026-03-27 17:10:41,823] INFO - demandclean: 
训练完成!
[2026-03-27 17:10:41,827] INFO - demandclean: 模型已保存: /Users/qianzekai/PycharmProjects/TolerDM/experiment/ablation_beers/model/semi_supervised_single.pt
[2026-03-27 17:10:41,827] INFO - demandclean: 
==================================================
[2026-03-27 17:10:41,827] INFO - demandclean: 单阶段推理
[2026-03-27 17:10:41,828] INFO - demandclean: ==================================================
