[2026-03-26 18:40:40,119] INFO - demandclean: ==================================================
[2026-03-26 18:40:40,119] INFO - demandclean: DemandClean 训练开始
[2026-03-26 18:40:40,119] INFO - demandclean:   检测器模式: oracle
[2026-03-26 18:40:40,119] INFO - demandclean:   训练模式: clean_base
[2026-03-26 18:40:40,119] INFO - demandclean:   Agent类型: single
[2026-03-26 18:40:40,119] INFO - demandclean:   推理模式: single_phase
[2026-03-26 18:40:40,119] INFO - demandclean:   FD规则: 0
[2026-03-26 18:40:40,119] INFO - demandclean:   丰富规则: 无
[2026-03-26 18:40:40,119] INFO - demandclean: ==================================================
[2026-03-26 18:40:40,119] INFO - demandclean: 
[Step 1] 初始化错误检测器...
[2026-03-26 18:40:40,119] INFO - demandclean: 
[Step 2] 训练 DQN Agent...
[2026-03-26 18:40:40,119] INFO - demandclean: 开始训练 (single Agent, mode=clean_base)
[2026-03-26 18:40:40,119] INFO - demandclean:   任务类型: classification
[2026-03-26 18:40:40,119] INFO - demandclean:   模型类型: svm
[2026-03-26 18:40:40,119] INFO - demandclean:   原始数据: 843 行
[2026-03-26 18:40:40,119] INFO - demandclean:   基准数据: 817 行 (NaN-free)
[2026-03-26 18:40:40,729] INFO - demandclean:   ErrorInjector: rich_rules=False, domain=0, cfd=0, fd=0
[2026-03-26 18:40:40,729] INFO - demandclean:   Oracle 模式: reward 使用干净验证集 (281 行)
[2026-03-26 18:40:40,729] INFO - demandclean:   开始训练 DQN (400 episodes, 起始轮=0)...
[2026-03-26 18:40:40,738] INFO - demandclean:   Reward 评估间隔: N=20 (错误数=220, 约 12 次评估/episode)
[2026-03-26 18:40:49,431] INFO - demandclean:   Episode 50/400: Score=0.8007, Best=0.8185, Eps=0.778
[2026-03-26 18:40:49,431] INFO - demandclean:     Actions: {'no_action': 49, 'repair_value': 53, 'delete': 53, 'replace_nearby': 45}
[2026-03-26 18:40:58,777] INFO - demandclean:   Episode 100/400: Score=0.7972, Best=0.8185, Eps=0.606
[2026-03-26 18:40:58,777] INFO - demandclean:     Actions: {'no_action': 34, 'repair_value': 60, 'delete': 35, 'replace_nearby': 77}
[2026-03-26 18:41:07,742] INFO - demandclean:   Episode 150/400: Score=0.8078, Best=0.8185, Eps=0.471
[2026-03-26 18:41:07,742] INFO - demandclean:     Actions: {'no_action': 26, 'repair_value': 69, 'delete': 45, 'replace_nearby': 97}
[2026-03-26 18:41:16,850] INFO - demandclean:   Episode 200/400: Score=0.8114, Best=0.8185, Eps=0.367
[2026-03-26 18:41:16,850] INFO - demandclean:     Actions: {'no_action': 16, 'repair_value': 17, 'delete': 16, 'replace_nearby': 149}
[2026-03-26 18:41:26,113] INFO - demandclean:   Episode 250/400: Score=0.7972, Best=0.8185, Eps=0.286
[2026-03-26 18:41:26,113] INFO - demandclean:     Actions: {'no_action': 29, 'repair_value': 29, 'delete': 19, 'replace_nearby': 181}
[2026-03-26 18:41:35,583] INFO - demandclean:   Episode 300/400: Score=0.8114, Best=0.8185, Eps=0.222
[2026-03-26 18:41:35,584] INFO - demandclean:     Actions: {'no_action': 6, 'repair_value': 46, 'delete': 89, 'replace_nearby': 110}
[2026-03-26 18:41:45,061] INFO - demandclean:   Episode 350/400: Score=0.7936, Best=0.8185, Eps=0.173
[2026-03-26 18:41:45,061] INFO - demandclean:     Actions: {'no_action': 6, 'repair_value': 21, 'delete': 7, 'replace_nearby': 172}
[2026-03-26 18:41:54,963] INFO - demandclean:   Episode 400/400: Score=0.7224, Best=0.8221, Eps=0.135
[2026-03-26 18:41:54,963] INFO - demandclean:     Actions: {'no_action': 121, 'repair_value': 93, 'delete': 15, 'replace_nearby': 10}
[2026-03-26 18:41:54,963] INFO - demandclean: 
已恢复最佳模型权重 (Episode 372, Score=0.8221, Cost=10)
[2026-03-26 18:41:54,963] INFO - demandclean: 
训练完成! 最佳分数: 0.8221 (共 400 episodes)
[2026-03-26 18:41:54,963] INFO - demandclean:   最佳动作分布: {'no_action': 4, 'repair_value': 10, 'delete': 56, 'replace_nearby': 171}
[2026-03-26 18:41:54,963] INFO - demandclean: 
训练完成!
[2026-03-26 18:41:54,968] INFO - demandclean: 模型已保存: /Users/qianzekai/PycharmProjects/TolerDM/experiment/ablation_beers/model/demandfix_dqn.pt
[2026-03-26 18:41:54,968] INFO - demandclean: 
==================================================
[2026-03-26 18:41:54,968] INFO - demandclean: 单阶段推理
[2026-03-26 18:41:54,968] INFO - demandclean: ==================================================
