[2026-03-21 02:46:54,070] INFO - demandclean: ==================================================
[2026-03-21 02:46:54,070] INFO - demandclean: DemandClean 训练开始
[2026-03-21 02:46:54,070] INFO - demandclean:   检测器模式: oracle
[2026-03-21 02:46:54,070] INFO - demandclean:   训练模式: clean_base
[2026-03-21 02:46:54,070] INFO - demandclean:   Agent类型: single
[2026-03-21 02:46:54,070] INFO - demandclean:   推理模式: single_phase
[2026-03-21 02:46:54,070] INFO - demandclean:   FD规则: 0
[2026-03-21 02:46:54,070] INFO - demandclean:   丰富规则: 无
[2026-03-21 02:46:54,070] INFO - demandclean: ==================================================
[2026-03-21 02:46:54,070] INFO - demandclean: 
[Step 1] 初始化错误检测器...
[2026-03-21 02:46:54,070] INFO - demandclean: 
[Step 2] 训练 DQN Agent...
[2026-03-21 02:46:54,070] INFO - demandclean: 开始训练 (single Agent, mode=clean_base)
[2026-03-21 02:46:54,070] INFO - demandclean:   任务类型: classification
[2026-03-21 02:46:54,070] INFO - demandclean:   模型类型: svm
[2026-03-21 02:46:54,070] INFO - demandclean:   原始数据: 843 行
[2026-03-21 02:46:54,070] INFO - demandclean:   基准数据: 817 行 (NaN-free)
[2026-03-21 02:46:54,719] INFO - demandclean:   ErrorInjector: rich_rules=False, domain=0, cfd=0, fd=0
[2026-03-21 02:46:54,719] INFO - demandclean:   Oracle 模式: reward 使用干净验证集 (281 行)
[2026-03-21 02:46:54,719] INFO - demandclean:   开始训练 DQN (400 episodes, 起始轮=0)...
[2026-03-21 02:46:54,727] INFO - demandclean:   Reward 评估间隔: N=1 (错误数=220, 约 221 次评估/episode)
[2026-03-21 02:48:20,861] INFO - demandclean:   Episode 50/400: Score=0.8185, Best=0.8363, Eps=0.778
[2026-03-21 02:48:20,861] INFO - demandclean:     Actions: {'no_action': 42, 'repair_value': 38, 'delete': 38, 'replace_nearby': 86}
[2026-03-21 02:49:50,712] INFO - demandclean:   Episode 100/400: Score=0.8221, Best=0.8363, Eps=0.606
[2026-03-21 02:49:50,712] INFO - demandclean:     Actions: {'no_action': 49, 'repair_value': 58, 'delete': 46, 'replace_nearby': 165}
[2026-03-21 02:51:20,310] INFO - demandclean:   Episode 150/400: Score=0.8043, Best=0.8363, Eps=0.471
[2026-03-21 02:51:20,311] INFO - demandclean:     Actions: {'no_action': 47, 'repair_value': 44, 'delete': 81, 'replace_nearby': 86}
[2026-03-21 02:52:47,825] INFO - demandclean:   Episode 200/400: Score=0.8185, Best=0.8363, Eps=0.367
[2026-03-21 02:52:47,826] INFO - demandclean:     Actions: {'no_action': 10, 'repair_value': 23, 'delete': 18, 'replace_nearby': 127}
[2026-03-21 02:54:13,905] INFO - demandclean:   Episode 250/400: Score=0.8256, Best=0.8434, Eps=0.286
[2026-03-21 02:54:13,906] INFO - demandclean:     Actions: {'no_action': 37, 'repair_value': 19, 'delete': 24, 'replace_nearby': 132}
[2026-03-21 02:55:38,008] INFO - demandclean:   Episode 300/400: Score=0.8221, Best=0.8434, Eps=0.222
[2026-03-21 02:55:38,009] INFO - demandclean:     Actions: {'no_action': 12, 'repair_value': 12, 'delete': 23, 'replace_nearby': 188}
[2026-03-21 02:57:19,297] INFO - demandclean:   Episode 350/400: Score=0.8114, Best=0.8434, Eps=0.173
[2026-03-21 02:57:19,297] INFO - demandclean:     Actions: {'no_action': 27, 'repair_value': 40, 'delete': 19, 'replace_nearby': 236}
[2026-03-21 02:58:49,116] INFO - demandclean:   Episode 400/400: Score=0.8221, Best=0.8434, Eps=0.135
[2026-03-21 02:58:49,116] INFO - demandclean:     Actions: {'no_action': 8, 'repair_value': 5, 'delete': 22, 'replace_nearby': 191}
[2026-03-21 02:58:49,116] INFO - demandclean: 
已恢复最佳模型权重 (Episode 234, Score=0.8434, Cost=18)
[2026-03-21 02:58:49,116] INFO - demandclean: 
训练完成! 最佳分数: 0.8434 (共 400 episodes)
[2026-03-21 02:58:49,116] INFO - demandclean:   最佳动作分布: {'no_action': 20, 'repair_value': 18, 'delete': 20, 'replace_nearby': 151}
[2026-03-21 02:58:49,116] INFO - demandclean: 
训练完成!
[2026-03-21 02:58:49,124] INFO - demandclean: 模型已保存: /Users/qianzekai/PycharmProjects/TolerDM/experiment/ablation_beers/model/demandfix_dqn.pt
[2026-03-21 02:58:49,124] INFO - demandclean: 
==================================================
[2026-03-21 02:58:49,124] INFO - demandclean: 单阶段推理
[2026-03-21 02:58:49,124] INFO - demandclean: ==================================================
