[2026-03-27 20:35:01,543] INFO - demandclean: ==================================================
[2026-03-27 20:35:01,544] INFO - demandclean: DemandClean 训练开始
[2026-03-27 20:35:01,544] INFO - demandclean:   检测器模式: auto
[2026-03-27 20:35:01,544] INFO - demandclean:   训练模式: clean_base
[2026-03-27 20:35:01,544] INFO - demandclean:   Agent类型: two_stage
[2026-03-27 20:35:01,544] INFO - demandclean:   推理模式: single_phase
[2026-03-27 20:35:01,544] INFO - demandclean:   FD规则: 0
[2026-03-27 20:35:01,544] INFO - demandclean:   丰富规则: 无
[2026-03-27 20:35:01,544] INFO - demandclean: ==================================================
[2026-03-27 20:35:01,544] INFO - demandclean: 
[Step 1] 初始化错误检测器...
[2026-03-27 20:35:01,544] INFO - demandclean: 
[Step 1.5] 运行 RAHA 检测获取标注行...
[2026-03-27 20:35:08,015] INFO - demandclean:   [预修复] 利用 RAHA 标注行修复 7 个特征单元格 + 0 个标签
[2026-03-27 20:35:08,015] INFO - demandclean:   标注行: [7, 13, 20, 67, 80, 126, 191, 194, 203, 231]... (共 20 行)
[2026-03-27 20:35:08,015] INFO - demandclean: 
[Step 2] 训练 DQN Agent...
[2026-03-27 20:35:08,015] INFO - demandclean: 开始训练 (two_stage Agent, mode=clean_base)
[2026-03-27 20:35:08,015] INFO - demandclean:   任务类型: classification
[2026-03-27 20:35:08,015] INFO - demandclean:   模型类型: svm
[2026-03-27 20:35:08,015] INFO - demandclean:   原始数据: 843 行
[2026-03-27 20:35:08,051] INFO - demandclean:   Clean Base 自动选择 (5-fold CV, 样本保留率加权):
[2026-03-27 20:35:08,051] INFO - demandclean:     DeleteFix: 508 行, CV=0.8819, 权重=0.776, 加权=0.6846
[2026-03-27 20:35:08,051] INFO - demandclean:     VE-Fill:   843 行, CV=0.8232, 权重=1.000, 加权=0.8232
[2026-03-27 20:35:08,051] INFO - demandclean:     → 选择 VE-Fill (843 行)
[2026-03-27 20:35:08,051] INFO - demandclean:   标签注入: 检测器未发现标签错误，不注入
[2026-03-27 20:35:08,051] INFO - demandclean:   自适应注入比例范围 (基于检测结果):
[2026-03-27 20:35:08,051] INFO - demandclean:     missing: (0.0123, 0.0185)
[2026-03-27 20:35:08,051] INFO - demandclean:     semantic: 不注入
[2026-03-27 20:35:08,051] INFO - demandclean:     syntactic: (0.1466, 0.2199)
[2026-03-27 20:35:08,051] INFO - demandclean:     label: 不注入
[2026-03-27 20:35:08,749] INFO - demandclean:   ErrorInjector: rich_rules=False, domain=0, cfd=0, fd=0
[2026-03-27 20:35:08,749] INFO - demandclean:   Oracle 模式: reward 使用干净验证集 (281 行)
[2026-03-27 20:35:08,749] INFO - demandclean:   开始训练 DQN (400 episodes, 起始轮=0)...
[2026-03-27 20:35:08,753] INFO - demandclean:   Reward 评估间隔: N=10 (错误数=130, 约 14 次评估/episode)
[2026-03-27 20:35:18,510] INFO - demandclean:   Episode 50/400: Score=0.8612, Best=0.8612, Eps=0.778
[2026-03-27 20:35:18,510] INFO - demandclean:     Actions: {'no_action': 42, 'repair_value': 41, 'delete': 42, 'replace_nearby': 35}
[2026-03-27 20:35:28,511] INFO - demandclean:   Episode 100/400: Score=0.8221, Best=0.8612, Eps=0.606
[2026-03-27 20:35:28,511] INFO - demandclean:     Actions: {'no_action': 29, 'repair_value': 59, 'delete': 27, 'replace_nearby': 50}
[2026-03-27 20:35:38,422] INFO - demandclean:   Episode 150/400: Score=0.8612, Best=0.8612, Eps=0.471
[2026-03-27 20:35:38,422] INFO - demandclean:     Actions: {'no_action': 15, 'repair_value': 26, 'delete': 24, 'replace_nearby': 66}
[2026-03-27 20:35:48,251] INFO - demandclean:   Episode 200/400: Score=0.8612, Best=0.8612, Eps=0.367
[2026-03-27 20:35:48,251] INFO - demandclean:     Actions: {'no_action': 19, 'repair_value': 45, 'delete': 19, 'replace_nearby': 54}
[2026-03-27 20:35:57,930] INFO - demandclean:   Episode 250/400: Score=0.8612, Best=0.8612, Eps=0.286
[2026-03-27 20:35:57,930] INFO - demandclean:     Actions: {'no_action': 13, 'repair_value': 86, 'delete': 10, 'replace_nearby': 27}
[2026-03-27 20:36:07,730] INFO - demandclean:   Episode 300/400: Score=0.8612, Best=0.8612, Eps=0.222
[2026-03-27 20:36:07,730] INFO - demandclean:     Actions: {'no_action': 21, 'repair_value': 21, 'delete': 27, 'replace_nearby': 112}
[2026-03-27 20:36:17,340] INFO - demandclean:   Episode 350/400: Score=0.8612, Best=0.8612, Eps=0.173
[2026-03-27 20:36:17,340] INFO - demandclean:     Actions: {'no_action': 30, 'repair_value': 55, 'delete': 12, 'replace_nearby': 53}
[2026-03-27 20:36:27,115] INFO - demandclean:   Episode 400/400: Score=0.8612, Best=0.8612, Eps=0.135
[2026-03-27 20:36:27,115] INFO - demandclean:     Actions: {'no_action': 7, 'repair_value': 38, 'delete': 69, 'replace_nearby': 58}
[2026-03-27 20:36:27,116] INFO - demandclean: 
已恢复最佳模型权重 (Episode 301, Score=0.8612, Cost=13)
[2026-03-27 20:36:27,116] INFO - demandclean: 
训练完成! 最佳分数: 0.8612 (共 400 episodes)
[2026-03-27 20:36:27,116] INFO - demandclean:   最佳动作分布: {'no_action': 13, 'repair_value': 13, 'delete': 15, 'replace_nearby': 101}
[2026-03-27 20:36:27,116] INFO - demandclean: 
训练完成!
[2026-03-27 20:36:27,125] INFO - demandclean: 模型已保存: /Users/qianzekai/PycharmProjects/TolerDM/experiment/ablation_beers/model/full_unsupervised_dqn.pt
[2026-03-27 20:36:27,125] INFO - demandclean: 
==================================================
[2026-03-27 20:36:27,125] INFO - demandclean: 单阶段推理
[2026-03-27 20:36:27,126] INFO - demandclean: ==================================================
[2026-03-27 20:36:27,127] INFO - demandclean:   [预修复] 利用 RAHA 标注行修复 7 个特征单元格 + 0 个标签
[2026-03-27 20:36:27,127] INFO - demandclean:   移除已修复错误: semantic=1, syntactic=6
