[2026-03-27 17:15:37,077] INFO - demandclean: ==================================================
[2026-03-27 17:15:37,077] INFO - demandclean: DemandClean 训练开始
[2026-03-27 17:15:37,077] INFO - demandclean:   检测器模式: auto
[2026-03-27 17:15:37,077] INFO - demandclean:   训练模式: clean_base
[2026-03-27 17:15:37,077] INFO - demandclean:   Agent类型: two_stage
[2026-03-27 17:15:37,077] INFO - demandclean:   推理模式: single_phase
[2026-03-27 17:15:37,077] INFO - demandclean:   FD规则: 0
[2026-03-27 17:15:37,077] INFO - demandclean:   丰富规则: 无
[2026-03-27 17:15:37,077] INFO - demandclean: ==================================================
[2026-03-27 17:15:37,077] INFO - demandclean: 
[Step 1] 初始化错误检测器...
[2026-03-27 17:15:37,078] INFO - demandclean: 
[Step 1.5] 运行 RAHA 检测获取标注行...
[2026-03-27 17:15:50,548] INFO - demandclean:   [预修复] 利用 RAHA 标注行修复 13 个特征单元格 + 0 个标签
[2026-03-27 17:15:50,548] INFO - demandclean:   标注行: [87, 92, 188, 209, 325, 333, 343, 382, 385, 396]... (共 20 行)
[2026-03-27 17:15:50,548] INFO - demandclean: 
[Step 2] 训练 DQN Agent...
[2026-03-27 17:15:50,548] INFO - demandclean: 开始训练 (two_stage Agent, mode=clean_base)
[2026-03-27 17:15:50,548] INFO - demandclean:   任务类型: classification
[2026-03-27 17:15:50,548] INFO - demandclean:   模型类型: svm
[2026-03-27 17:15:50,548] INFO - demandclean:   原始数据: 843 行
[2026-03-27 17:15:50,625] INFO - demandclean:   Clean Base 自动选择 (5-fold CV, 样本保留率加权):
[2026-03-27 17:15:50,626] INFO - demandclean:     DeleteFix: 254 行, CV=0.8698, 权重=0.549, 加权=0.4774
[2026-03-27 17:15:50,626] INFO - demandclean:     VE-Fill:   843 行, CV=0.7948, 权重=1.000, 加权=0.7948
[2026-03-27 17:15:50,626] INFO - demandclean:     → 选择 VE-Fill (843 行)
[2026-03-27 17:15:50,626] INFO - demandclean:   标签注入: 检测器未发现标签错误，不注入
[2026-03-27 17:15:50,626] INFO - demandclean:   自适应注入比例范围 (基于检测结果):
[2026-03-27 17:15:50,626] INFO - demandclean:     missing: (0.0123, 0.0185)
[2026-03-27 17:15:50,626] INFO - demandclean:     semantic: 不注入
[2026-03-27 17:15:50,626] INFO - demandclean:     syntactic: (0.2671, 0.4007)
[2026-03-27 17:15:50,626] INFO - demandclean:     label: 不注入
[2026-03-27 17:15:50,630] INFO - demandclean:   ErrorInjector: rich_rules=False, domain=0, cfd=0, fd=0
[2026-03-27 17:15:50,630] INFO - demandclean:   Oracle 模式: reward 使用干净验证集 (281 行)
[2026-03-27 17:15:50,630] INFO - demandclean:   开始训练 DQN (400 episodes, 起始轮=0)...
[2026-03-27 17:15:50,640] INFO - demandclean:   Reward 评估间隔: N=10 (错误数=215, 约 22 次评估/episode)
[2026-03-27 17:16:16,775] INFO - demandclean:   Episode 50/400: Score=0.8185, Best=0.8185, Eps=0.778
[2026-03-27 17:16:16,775] INFO - demandclean:     Actions: {'no_action': 57, 'repair_value': 85, 'delete': 73, 'replace_nearby': 67}
[2026-03-27 17:16:44,784] INFO - demandclean:   Episode 100/400: Score=0.7189, Best=0.8292, Eps=0.606
[2026-03-27 17:16:44,784] INFO - demandclean:     Actions: {'no_action': 52, 'repair_value': 69, 'delete': 41, 'replace_nearby': 70}
[2026-03-27 17:17:13,581] INFO - demandclean:   Episode 150/400: Score=0.8078, Best=0.8292, Eps=0.471
[2026-03-27 17:17:13,581] INFO - demandclean:     Actions: {'no_action': 46, 'repair_value': 53, 'delete': 36, 'replace_nearby': 136}
[2026-03-27 17:17:40,857] INFO - demandclean:   Episode 200/400: Score=0.8256, Best=0.8399, Eps=0.367
[2026-03-27 17:17:40,857] INFO - demandclean:     Actions: {'no_action': 27, 'repair_value': 74, 'delete': 25, 'replace_nearby': 111}
[2026-03-27 17:18:09,465] INFO - demandclean:   Episode 250/400: Score=0.7972, Best=0.8399, Eps=0.286
[2026-03-27 17:18:09,465] INFO - demandclean:     Actions: {'no_action': 19, 'repair_value': 114, 'delete': 14, 'replace_nearby': 86}
[2026-03-27 17:18:36,955] INFO - demandclean:   Episode 300/400: Score=0.8185, Best=0.8505, Eps=0.222
[2026-03-27 17:18:36,955] INFO - demandclean:     Actions: {'no_action': 20, 'repair_value': 85, 'delete': 14, 'replace_nearby': 166}
[2026-03-27 17:19:06,354] INFO - demandclean:   Episode 350/400: Score=0.8327, Best=0.8505, Eps=0.173
[2026-03-27 17:19:06,355] INFO - demandclean:     Actions: {'no_action': 11, 'repair_value': 139, 'delete': 9, 'replace_nearby': 105}
