[2026-03-21 03:05:24,268] INFO - demandclean: ==================================================
[2026-03-21 03:05:24,268] INFO - demandclean: DemandClean 训练开始
[2026-03-21 03:05:24,268] INFO - demandclean:   检测器模式: oracle
[2026-03-21 03:05:24,268] INFO - demandclean:   训练模式: clean_base
[2026-03-21 03:05:24,268] INFO - demandclean:   Agent类型: single
[2026-03-21 03:05:24,268] INFO - demandclean:   推理模式: single_phase
[2026-03-21 03:05:24,268] INFO - demandclean:   FD规则: 0
[2026-03-21 03:05:24,268] INFO - demandclean:   丰富规则: 无
[2026-03-21 03:05:24,268] INFO - demandclean: ==================================================
[2026-03-21 03:05:24,269] INFO - demandclean: 
[Step 1] 初始化错误检测器...
[2026-03-21 03:05:24,269] INFO - demandclean: 
[Step 2] 训练 DQN Agent...
[2026-03-21 03:05:24,269] INFO - demandclean: 开始训练 (single Agent, mode=clean_base)
[2026-03-21 03:05:24,269] INFO - demandclean:   任务类型: classification
[2026-03-21 03:05:24,269] INFO - demandclean:   模型类型: svm
[2026-03-21 03:05:24,269] INFO - demandclean:   原始数据: 843 行
[2026-03-21 03:05:24,269] INFO - demandclean:   基准数据: 817 行 (NaN-free)
[2026-03-21 03:05:24,915] INFO - demandclean:   ErrorInjector: rich_rules=False, domain=0, cfd=0, fd=0
[2026-03-21 03:05:24,915] INFO - demandclean:   Oracle 模式: reward 使用干净验证集 (281 行)
[2026-03-21 03:05:24,915] INFO - demandclean:   开始训练 DQN (600 episodes, 起始轮=0)...
[2026-03-21 03:05:24,924] INFO - demandclean:   Reward 评估间隔: N=1 (错误数=220, 约 221 次评估/episode)
[2026-03-21 03:06:55,389] INFO - demandclean:   Episode 50/600: Score=0.8007, Best=0.8292, Eps=0.778
[2026-03-21 03:06:55,389] INFO - demandclean:     Actions: {'no_action': 57, 'repair_value': 57, 'delete': 55, 'replace_nearby': 42}
[2026-03-21 03:08:30,915] INFO - demandclean:   Episode 100/600: Score=0.8114, Best=0.8292, Eps=0.606
[2026-03-21 03:08:30,916] INFO - demandclean:     Actions: {'no_action': 95, 'repair_value': 40, 'delete': 50, 'replace_nearby': 31}
[2026-03-21 03:09:56,552] INFO - demandclean:   Episode 150/600: Score=0.8185, Best=0.8292, Eps=0.471
[2026-03-21 03:09:56,553] INFO - demandclean:     Actions: {'no_action': 45, 'repair_value': 17, 'delete': 96, 'replace_nearby': 50}
[2026-03-21 03:11:19,404] INFO - demandclean:   Episode 200/600: Score=0.8114, Best=0.8363, Eps=0.367
[2026-03-21 03:11:19,404] INFO - demandclean:     Actions: {'no_action': 45, 'repair_value': 19, 'delete': 104, 'replace_nearby': 111}
[2026-03-21 03:12:48,063] INFO - demandclean:   Episode 250/600: Score=0.8256, Best=0.8470, Eps=0.286
[2026-03-21 03:12:48,064] INFO - demandclean:     Actions: {'no_action': 55, 'repair_value': 66, 'delete': 86, 'replace_nearby': 34}
[2026-03-21 03:14:09,909] INFO - demandclean:   Episode 300/600: Score=0.8185, Best=0.8470, Eps=0.222
[2026-03-21 03:14:09,910] INFO - demandclean:     Actions: {'no_action': 75, 'repair_value': 22, 'delete': 83, 'replace_nearby': 80}
[2026-03-21 03:15:42,567] INFO - demandclean:   Episode 350/600: Score=0.8434, Best=0.8470, Eps=0.173
[2026-03-21 03:15:42,568] INFO - demandclean:     Actions: {'no_action': 16, 'repair_value': 54, 'delete': 132, 'replace_nearby': 17}
[2026-03-21 03:17:00,207] INFO - demandclean:   Episode 400/600: Score=0.8434, Best=0.8470, Eps=0.135
[2026-03-21 03:17:00,207] INFO - demandclean:     Actions: {'no_action': 8, 'repair_value': 5, 'delete': 190, 'replace_nearby': 21}
[2026-03-21 03:18:27,370] INFO - demandclean:   Episode 450/600: Score=0.8363, Best=0.8470, Eps=0.105
[2026-03-21 03:18:27,370] INFO - demandclean:     Actions: {'no_action': 6, 'repair_value': 21, 'delete': 193, 'replace_nearby': 23}
[2026-03-21 03:19:53,221] INFO - demandclean:   Episode 500/600: Score=0.7865, Best=0.8612, Eps=0.100
[2026-03-21 03:19:53,221] INFO - demandclean:     Actions: {'no_action': 59, 'repair_value': 7, 'delete': 70, 'replace_nearby': 106}
[2026-03-21 03:21:39,828] INFO - demandclean:   Episode 550/600: Score=0.8256, Best=0.8612, Eps=0.100
[2026-03-21 03:21:39,828] INFO - demandclean:     Actions: {'no_action': 8, 'repair_value': 68, 'delete': 7, 'replace_nearby': 143}
[2026-03-21 03:23:24,960] INFO - demandclean:   Episode 600/600: Score=0.8256, Best=0.8612, Eps=0.100
[2026-03-21 03:23:24,960] INFO - demandclean:     Actions: {'no_action': 3, 'repair_value': 67, 'delete': 50, 'replace_nearby': 105}
[2026-03-21 03:23:24,961] INFO - demandclean: 
已恢复最佳模型权重 (Episode 480, Score=0.8612, Cost=76)
[2026-03-21 03:23:24,965] INFO - demandclean: 
训练完成! 最佳分数: 0.8612 (共 600 episodes)
[2026-03-21 03:23:24,965] INFO - demandclean:   最佳动作分布: {'no_action': 3, 'repair_value': 76, 'delete': 144, 'replace_nearby': 31}
[2026-03-21 03:23:24,965] INFO - demandclean: 
训练完成!
[2026-03-21 03:23:24,983] INFO - demandclean: 模型已保存: /Users/qianzekai/PycharmProjects/TolerDM/experiment/ablation_beers/model/demandfix_dqn.pt
[2026-03-21 03:23:24,983] INFO - demandclean: 
==================================================
[2026-03-21 03:23:24,984] INFO - demandclean: 单阶段推理
[2026-03-21 03:23:24,984] INFO - demandclean: ==================================================
