[2026-03-27 14:51:45,640] INFO - demandclean: ==================================================
[2026-03-27 14:51:45,640] INFO - demandclean: DemandClean 训练开始
[2026-03-27 14:51:45,640] INFO - demandclean:   检测器模式: oracle
[2026-03-27 14:51:45,640] INFO - demandclean:   训练模式: clean_base
[2026-03-27 14:51:45,640] INFO - demandclean:   Agent类型: single
[2026-03-27 14:51:45,640] INFO - demandclean:   推理模式: single_phase
[2026-03-27 14:51:45,640] INFO - demandclean:   FD规则: 0
[2026-03-27 14:51:45,640] INFO - demandclean:   丰富规则: 无
[2026-03-27 14:51:45,640] INFO - demandclean: ==================================================
[2026-03-27 14:51:45,640] INFO - demandclean: 
[Step 1] 初始化错误检测器...
[2026-03-27 14:51:45,640] INFO - demandclean: 
[Step 2] 训练 DQN Agent...
[2026-03-27 14:51:45,640] INFO - demandclean: 开始训练 (single Agent, mode=clean_base)
[2026-03-27 14:51:45,640] INFO - demandclean:   任务类型: classification
[2026-03-27 14:51:45,640] INFO - demandclean:   模型类型: svm
[2026-03-27 14:51:45,640] INFO - demandclean:   原始数据: 843 行
[2026-03-27 14:51:45,640] INFO - demandclean:   基准数据: 817 行 (NaN-free)
[2026-03-27 14:51:46,698] INFO - demandclean:   ErrorInjector: rich_rules=False, domain=0, cfd=0, fd=0
[2026-03-27 14:51:46,698] INFO - demandclean:   Oracle 模式: reward 使用干净验证集 (281 行)
[2026-03-27 14:51:46,698] INFO - demandclean:   开始训练 DQN (600 episodes, 起始轮=0)...
[2026-03-27 14:51:46,713] INFO - demandclean:   Reward 评估间隔: N=10 (错误数=220, 约 23 次评估/episode)
[2026-03-27 14:52:09,638] INFO - demandclean:   Episode 50/600: Score=0.7972, Best=0.8149, Eps=0.778
[2026-03-27 14:52:09,639] INFO - demandclean:     Actions: {'no_action': 30, 'repair_value': 80, 'delete': 44, 'replace_nearby': 60}
[2026-03-27 14:52:33,319] INFO - demandclean:   Episode 100/600: Score=0.8149, Best=0.8149, Eps=0.606
[2026-03-27 14:52:33,319] INFO - demandclean:     Actions: {'no_action': 32, 'repair_value': 121, 'delete': 33, 'replace_nearby': 55}
[2026-03-27 14:52:56,322] INFO - demandclean:   Episode 150/600: Score=0.8078, Best=0.8185, Eps=0.471
[2026-03-27 14:52:56,322] INFO - demandclean:     Actions: {'no_action': 34, 'repair_value': 32, 'delete': 24, 'replace_nearby': 147}
[2026-03-27 14:53:20,230] INFO - demandclean:   Episode 200/600: Score=0.8114, Best=0.8185, Eps=0.367
[2026-03-27 14:53:20,230] INFO - demandclean:     Actions: {'no_action': 14, 'repair_value': 82, 'delete': 23, 'replace_nearby': 110}
[2026-03-27 14:53:45,283] INFO - demandclean:   Episode 250/600: Score=0.7972, Best=0.8185, Eps=0.286
[2026-03-27 14:53:45,283] INFO - demandclean:     Actions: {'no_action': 16, 'repair_value': 19, 'delete': 20, 'replace_nearby': 209}
[2026-03-27 14:54:10,312] INFO - demandclean:   Episode 300/600: Score=0.8114, Best=0.8185, Eps=0.222
[2026-03-27 14:54:10,312] INFO - demandclean:     Actions: {'no_action': 8, 'repair_value': 28, 'delete': 9, 'replace_nearby': 145}
[2026-03-27 14:54:34,975] INFO - demandclean:   Episode 350/600: Score=0.7972, Best=0.8185, Eps=0.173
[2026-03-27 14:54:34,975] INFO - demandclean:     Actions: {'no_action': 18, 'repair_value': 119, 'delete': 17, 'replace_nearby': 187}
[2026-03-27 14:55:07,276] INFO - demandclean:   Episode 400/600: Score=0.8114, Best=0.8185, Eps=0.135
[2026-03-27 14:55:07,276] INFO - demandclean:     Actions: {'no_action': 10, 'repair_value': 35, 'delete': 8, 'replace_nearby': 207}
[2026-03-27 14:55:31,343] INFO - demandclean:   Episode 450/600: Score=0.8149, Best=0.8292, Eps=0.105
[2026-03-27 14:55:31,343] INFO - demandclean:     Actions: {'no_action': 5, 'repair_value': 54, 'delete': 41, 'replace_nearby': 176}
[2026-03-27 14:56:10,127] INFO - demandclean:   Episode 500/600: Score=0.8114, Best=0.8292, Eps=0.100
[2026-03-27 14:56:10,128] INFO - demandclean:     Actions: {'no_action': 2, 'repair_value': 69, 'delete': 41, 'replace_nearby': 139}
[2026-03-27 14:56:33,652] INFO - demandclean:   Episode 550/600: Score=0.8149, Best=0.8292, Eps=0.100
[2026-03-27 14:56:33,653] INFO - demandclean:     Actions: {'no_action': 4, 'repair_value': 15, 'delete': 23, 'replace_nearby': 149}
[2026-03-27 14:56:56,710] INFO - demandclean:   Episode 600/600: Score=0.7972, Best=0.8292, Eps=0.100
[2026-03-27 14:56:56,710] INFO - demandclean:     Actions: {'no_action': 19, 'repair_value': 163, 'delete': 15, 'replace_nearby': 118}
[2026-03-27 14:56:56,711] INFO - demandclean: 
已恢复最佳模型权重 (Episode 449, Score=0.8292, Cost=62)
[2026-03-27 14:56:56,712] INFO - demandclean: 
训练完成! 最佳分数: 0.8292 (共 600 episodes)
[2026-03-27 14:56:56,712] INFO - demandclean:   最佳动作分布: {'no_action': 1, 'repair_value': 62, 'delete': 55, 'replace_nearby': 90}
[2026-03-27 14:56:56,712] INFO - demandclean: 
训练完成!
[2026-03-27 14:56:56,734] INFO - demandclean: 模型已保存: /Users/qianzekai/PycharmProjects/TolerDM/experiment/ablation_beers/model/demandfix_dqn.pt
[2026-03-27 14:56:56,734] INFO - demandclean: 
==================================================
[2026-03-27 14:56:56,734] INFO - demandclean: 单阶段推理
[2026-03-27 14:56:56,734] INFO - demandclean: ==================================================
