[2026-03-27 16:56:13,146] INFO - demandclean: ==================================================
[2026-03-27 16:56:13,146] INFO - demandclean: DemandClean 训练开始
[2026-03-27 16:56:13,146] INFO - demandclean:   检测器模式: oracle
[2026-03-27 16:56:13,146] INFO - demandclean:   训练模式: clean_base
[2026-03-27 16:56:13,146] INFO - demandclean:   Agent类型: single
[2026-03-27 16:56:13,146] INFO - demandclean:   推理模式: single_phase
[2026-03-27 16:56:13,146] INFO - demandclean:   FD规则: 0
[2026-03-27 16:56:13,146] INFO - demandclean:   丰富规则: 无
[2026-03-27 16:56:13,146] INFO - demandclean: ==================================================
[2026-03-27 16:56:13,146] INFO - demandclean: 
[Step 1] 初始化错误检测器...
[2026-03-27 16:56:13,146] INFO - demandclean: 
[Step 2] 训练 DQN Agent...
[2026-03-27 16:56:13,146] INFO - demandclean: 开始训练 (single Agent, mode=clean_base)
[2026-03-27 16:56:13,146] INFO - demandclean:   任务类型: classification
[2026-03-27 16:56:13,146] INFO - demandclean:   模型类型: svm
[2026-03-27 16:56:13,147] INFO - demandclean:   原始数据: 843 行
[2026-03-27 16:56:13,147] INFO - demandclean:   基准数据: 817 行 (NaN-free)
[2026-03-27 16:56:14,156] INFO - demandclean:   ErrorInjector: rich_rules=False, domain=0, cfd=0, fd=0
[2026-03-27 16:56:14,157] INFO - demandclean:   Oracle 模式: reward 使用干净验证集 (281 行)
[2026-03-27 16:56:14,157] INFO - demandclean:   开始训练 DQN (400 episodes, 起始轮=0)...
[2026-03-27 16:56:14,166] INFO - demandclean:   Reward 评估间隔: N=10 (错误数=220, 约 23 次评估/episode)
