[2026-03-26 18:14:09,053] INFO - demandclean: ==================================================
[2026-03-26 18:14:09,053] INFO - demandclean: DemandClean 训练开始
[2026-03-26 18:14:09,053] INFO - demandclean:   检测器模式: oracle
[2026-03-26 18:14:09,053] INFO - demandclean:   训练模式: clean_base
[2026-03-26 18:14:09,053] INFO - demandclean:   Agent类型: single
[2026-03-26 18:14:09,053] INFO - demandclean:   推理模式: single_phase
[2026-03-26 18:14:09,053] INFO - demandclean:   FD规则: 0
[2026-03-26 18:14:09,053] INFO - demandclean:   丰富规则: 无
[2026-03-26 18:14:09,053] INFO - demandclean: ==================================================
[2026-03-26 18:14:09,053] INFO - demandclean: 
[Step 1] 初始化错误检测器...
[2026-03-26 18:14:09,053] INFO - demandclean: 
[Step 2] 训练 DQN Agent...
[2026-03-26 18:14:09,053] INFO - demandclean: 开始训练 (single Agent, mode=clean_base)
[2026-03-26 18:14:09,053] INFO - demandclean:   任务类型: classification
[2026-03-26 18:14:09,053] INFO - demandclean:   模型类型: svm
[2026-03-26 18:14:09,053] INFO - demandclean:   原始数据: 843 行
[2026-03-26 18:14:09,053] INFO - demandclean:   基准数据: 817 行 (NaN-free)
[2026-03-26 18:14:09,657] INFO - demandclean:   ErrorInjector: rich_rules=False, domain=0, cfd=0, fd=0
[2026-03-26 18:14:09,657] INFO - demandclean:   Oracle 模式: reward 使用干净验证集 (281 行)
[2026-03-26 18:14:09,657] INFO - demandclean:   开始训练 DQN (400 episodes, 起始轮=0)...
[2026-03-26 18:14:09,666] INFO - demandclean:   Reward 评估间隔: N=5 (错误数=220, 约 45 次评估/episode)
[2026-03-26 18:14:30,421] INFO - demandclean:   Episode 50/400: Score=0.7936, Best=0.8149, Eps=0.778
[2026-03-26 18:14:30,421] INFO - demandclean:     Actions: {'no_action': 37, 'repair_value': 74, 'delete': 44, 'replace_nearby': 82}
[2026-03-26 18:14:53,741] INFO - demandclean:   Episode 100/400: Score=0.7865, Best=0.8185, Eps=0.606
[2026-03-26 18:14:53,741] INFO - demandclean:     Actions: {'no_action': 41, 'repair_value': 135, 'delete': 39, 'replace_nearby': 53}
[2026-03-26 18:15:15,601] INFO - demandclean:   Episode 150/400: Score=0.7936, Best=0.8185, Eps=0.471
[2026-03-26 18:15:15,601] INFO - demandclean:     Actions: {'no_action': 34, 'repair_value': 54, 'delete': 40, 'replace_nearby': 179}
[2026-03-26 18:15:38,155] INFO - demandclean:   Episode 200/400: Score=0.7900, Best=0.8185, Eps=0.367
[2026-03-26 18:15:38,155] INFO - demandclean:     Actions: {'no_action': 22, 'repair_value': 124, 'delete': 31, 'replace_nearby': 115}
[2026-03-26 18:16:00,248] INFO - demandclean:   Episode 250/400: Score=0.7936, Best=0.8185, Eps=0.286
[2026-03-26 18:16:00,248] INFO - demandclean:     Actions: {'no_action': 21, 'repair_value': 17, 'delete': 9, 'replace_nearby': 184}
[2026-03-26 18:16:21,544] INFO - demandclean:   Episode 300/400: Score=0.7900, Best=0.8185, Eps=0.222
[2026-03-26 18:16:21,544] INFO - demandclean:     Actions: {'no_action': 35, 'repair_value': 35, 'delete': 17, 'replace_nearby': 207}
[2026-03-26 18:16:42,502] INFO - demandclean:   Episode 350/400: Score=0.7189, Best=0.8185, Eps=0.173
[2026-03-26 18:16:42,502] INFO - demandclean:     Actions: {'no_action': 96, 'repair_value': 8, 'delete': 10, 'replace_nearby': 170}
[2026-03-26 18:17:06,423] INFO - demandclean:   Episode 400/400: Score=0.8114, Best=0.8185, Eps=0.135
[2026-03-26 18:17:06,423] INFO - demandclean:     Actions: {'no_action': 11, 'repair_value': 50, 'delete': 52, 'replace_nearby': 55}
[2026-03-26 18:17:06,423] INFO - demandclean: 
已恢复最佳模型权重 (Episode 139, Score=0.8185, Cost=17)
[2026-03-26 18:17:06,423] INFO - demandclean: 
训练完成! 最佳分数: 0.8185 (共 400 episodes)
[2026-03-26 18:17:06,423] INFO - demandclean:   最佳动作分布: {'no_action': 21, 'repair_value': 17, 'delete': 28, 'replace_nearby': 102}
[2026-03-26 18:17:06,423] INFO - demandclean: 
训练完成!
[2026-03-26 18:17:06,430] INFO - demandclean: 模型已保存: /Users/qianzekai/PycharmProjects/TolerDM/experiment/ablation_beers/model/demandfix_dqn.pt
[2026-03-26 18:17:06,430] INFO - demandclean: 
==================================================
[2026-03-26 18:17:06,430] INFO - demandclean: 单阶段推理
[2026-03-26 18:17:06,430] INFO - demandclean: ==================================================
