[2026-03-27 15:17:55,553] INFO - demandclean: ==================================================
[2026-03-27 15:17:55,553] INFO - demandclean: DemandClean 训练开始
[2026-03-27 15:17:55,553] INFO - demandclean:   检测器模式: oracle
[2026-03-27 15:17:55,553] INFO - demandclean:   训练模式: clean_base
[2026-03-27 15:17:55,553] INFO - demandclean:   Agent类型: single
[2026-03-27 15:17:55,553] INFO - demandclean:   推理模式: single_phase
[2026-03-27 15:17:55,553] INFO - demandclean:   FD规则: 0
[2026-03-27 15:17:55,553] INFO - demandclean:   丰富规则: 无
[2026-03-27 15:17:55,553] INFO - demandclean: ==================================================
[2026-03-27 15:17:55,553] INFO - demandclean: 
[Step 1] 初始化错误检测器...
[2026-03-27 15:17:55,553] INFO - demandclean: 
[Step 2] 训练 DQN Agent...
[2026-03-27 15:17:55,554] INFO - demandclean: 开始训练 (single Agent, mode=clean_base)
[2026-03-27 15:17:55,554] INFO - demandclean:   任务类型: classification
[2026-03-27 15:17:55,554] INFO - demandclean:   模型类型: svm
[2026-03-27 15:17:55,554] INFO - demandclean:   原始数据: 843 行
[2026-03-27 15:17:55,554] INFO - demandclean:   基准数据: 817 行 (NaN-free)
[2026-03-27 15:17:56,522] INFO - demandclean:   ErrorInjector: rich_rules=False, domain=0, cfd=0, fd=0
[2026-03-27 15:17:56,522] INFO - demandclean:   Oracle 模式: reward 使用干净验证集 (281 行)
[2026-03-27 15:17:56,523] INFO - demandclean:   开始训练 DQN (600 episodes, 起始轮=0)...
[2026-03-27 15:17:56,531] INFO - demandclean:   Reward 评估间隔: N=10 (错误数=220, 约 23 次评估/episode)
[2026-03-27 15:18:17,635] INFO - demandclean:   Episode 50/600: Score=0.8007, Best=0.8185, Eps=0.778
[2026-03-27 15:18:17,635] INFO - demandclean:     Actions: {'no_action': 61, 'repair_value': 113, 'delete': 60, 'replace_nearby': 46}
[2026-03-27 15:18:39,488] INFO - demandclean:   Episode 100/600: Score=0.8149, Best=0.8185, Eps=0.606
[2026-03-27 15:18:39,488] INFO - demandclean:     Actions: {'no_action': 37, 'repair_value': 125, 'delete': 28, 'replace_nearby': 28}
[2026-03-27 15:19:01,544] INFO - demandclean:   Episode 150/600: Score=0.8114, Best=0.8185, Eps=0.471
[2026-03-27 15:19:01,545] INFO - demandclean:     Actions: {'no_action': 27, 'repair_value': 106, 'delete': 33, 'replace_nearby': 46}
[2026-03-27 15:19:24,417] INFO - demandclean:   Episode 200/600: Score=0.8114, Best=0.8185, Eps=0.367
[2026-03-27 15:19:24,417] INFO - demandclean:     Actions: {'no_action': 25, 'repair_value': 185, 'delete': 33, 'replace_nearby': 24}
[2026-03-27 15:19:46,176] INFO - demandclean:   Episode 250/600: Score=0.8007, Best=0.8185, Eps=0.286
[2026-03-27 15:19:46,176] INFO - demandclean:     Actions: {'no_action': 10, 'repair_value': 150, 'delete': 40, 'replace_nearby': 67}
[2026-03-27 15:20:08,568] INFO - demandclean:   Episode 300/600: Score=0.8149, Best=0.8185, Eps=0.222
[2026-03-27 15:20:08,569] INFO - demandclean:     Actions: {'no_action': 7, 'repair_value': 95, 'delete': 36, 'replace_nearby': 66}
[2026-03-27 15:20:32,395] INFO - demandclean:   Episode 350/600: Score=0.7972, Best=0.8185, Eps=0.173
[2026-03-27 15:20:32,395] INFO - demandclean:     Actions: {'no_action': 5, 'repair_value': 92, 'delete': 17, 'replace_nearby': 70}
[2026-03-27 15:20:54,519] INFO - demandclean:   Episode 400/600: Score=0.8114, Best=0.8185, Eps=0.135
[2026-03-27 15:20:54,519] INFO - demandclean:     Actions: {'no_action': 12, 'repair_value': 120, 'delete': 79, 'replace_nearby': 15}
[2026-03-27 15:21:17,235] INFO - demandclean:   Episode 450/600: Score=0.8185, Best=0.8185, Eps=0.105
[2026-03-27 15:21:17,236] INFO - demandclean:     Actions: {'no_action': 24, 'repair_value': 154, 'delete': 52, 'replace_nearby': 65}
[2026-03-27 15:21:38,951] INFO - demandclean:   Episode 500/600: Score=0.7794, Best=0.8221, Eps=0.100
[2026-03-27 15:21:38,951] INFO - demandclean:     Actions: {'no_action': 30, 'repair_value': 144, 'delete': 46, 'replace_nearby': 42}
[2026-03-27 15:22:02,027] INFO - demandclean:   Episode 550/600: Score=0.8043, Best=0.8221, Eps=0.100
[2026-03-27 15:22:02,028] INFO - demandclean:     Actions: {'no_action': 9, 'repair_value': 153, 'delete': 71, 'replace_nearby': 26}
[2026-03-27 15:22:28,957] INFO - demandclean:   Episode 600/600: Score=0.8043, Best=0.8221, Eps=0.100
[2026-03-27 15:22:28,958] INFO - demandclean:     Actions: {'no_action': 17, 'repair_value': 109, 'delete': 89, 'replace_nearby': 51}
[2026-03-27 15:22:28,958] INFO - demandclean: 
已恢复最佳模型权重 (Episode 475, Score=0.8221, Cost=98)
[2026-03-27 15:22:28,958] INFO - demandclean: 
训练完成! 最佳分数: 0.8221 (共 600 episodes)
[2026-03-27 15:22:28,958] INFO - demandclean:   最佳动作分布: {'no_action': 10, 'repair_value': 98, 'delete': 87, 'replace_nearby': 76}
[2026-03-27 15:22:28,958] INFO - demandclean: 
训练完成!
[2026-03-27 15:22:28,979] INFO - demandclean: 模型已保存: /Users/qianzekai/PycharmProjects/TolerDM/experiment/ablation_beers/model/demandfix_dqn.pt
[2026-03-27 15:22:28,979] INFO - demandclean: 
==================================================
[2026-03-27 15:22:28,979] INFO - demandclean: 单阶段推理
[2026-03-27 15:22:28,979] INFO - demandclean: ==================================================
