[2026-03-26 18:10:02,623] INFO - demandclean: ==================================================
[2026-03-26 18:10:02,623] INFO - demandclean: DemandClean 训练开始
[2026-03-26 18:10:02,623] INFO - demandclean:   检测器模式: oracle
[2026-03-26 18:10:02,623] INFO - demandclean:   训练模式: clean_base
[2026-03-26 18:10:02,623] INFO - demandclean:   Agent类型: single
[2026-03-26 18:10:02,623] INFO - demandclean:   推理模式: single_phase
[2026-03-26 18:10:02,623] INFO - demandclean:   FD规则: 0
[2026-03-26 18:10:02,623] INFO - demandclean:   丰富规则: 无
[2026-03-26 18:10:02,624] INFO - demandclean: ==================================================
[2026-03-26 18:10:02,624] INFO - demandclean: 
[Step 1] 初始化错误检测器...
[2026-03-26 18:10:02,624] INFO - demandclean: 
[Step 2] 训练 DQN Agent...
[2026-03-26 18:10:02,624] INFO - demandclean: 开始训练 (single Agent, mode=clean_base)
[2026-03-26 18:10:02,624] INFO - demandclean:   任务类型: classification
[2026-03-26 18:10:02,624] INFO - demandclean:   模型类型: svm
[2026-03-26 18:10:02,624] INFO - demandclean:   原始数据: 843 行
[2026-03-26 18:10:02,624] INFO - demandclean:   基准数据: 817 行 (NaN-free)
[2026-03-26 18:10:03,234] INFO - demandclean:   ErrorInjector: rich_rules=False, domain=0, cfd=0, fd=0
[2026-03-26 18:10:03,234] INFO - demandclean:   Oracle 模式: reward 使用干净验证集 (281 行)
[2026-03-26 18:10:03,234] INFO - demandclean:   开始训练 DQN (400 episodes, 起始轮=0)...
[2026-03-26 18:10:03,243] INFO - demandclean:   Reward 评估间隔: N=5 (错误数=239, 约 48 次评估/episode)
[2026-03-26 18:10:26,614] INFO - demandclean:   Episode 50/400: Score=0.7936, Best=0.8185, Eps=0.778
[2026-03-26 18:10:26,614] INFO - demandclean:     Actions: {'no_action': 51, 'repair_value': 85, 'delete': 54, 'replace_nearby': 93}
[2026-03-26 18:10:47,974] INFO - demandclean:   Episode 100/400: Score=0.7972, Best=0.8185, Eps=0.606
[2026-03-26 18:10:47,975] INFO - demandclean:     Actions: {'no_action': 40, 'repair_value': 39, 'delete': 36, 'replace_nearby': 166}
[2026-03-26 18:11:09,597] INFO - demandclean:   Episode 150/400: Score=0.7865, Best=0.8185, Eps=0.471
[2026-03-26 18:11:09,598] INFO - demandclean:     Actions: {'no_action': 28, 'repair_value': 29, 'delete': 16, 'replace_nearby': 94}
[2026-03-26 18:11:30,792] INFO - demandclean:   Episode 200/400: Score=0.7900, Best=0.8185, Eps=0.367
[2026-03-26 18:11:30,792] INFO - demandclean:     Actions: {'no_action': 20, 'repair_value': 25, 'delete': 16, 'replace_nearby': 173}
[2026-03-26 18:11:53,779] INFO - demandclean:   Episode 250/400: Score=0.8007, Best=0.8185, Eps=0.286
[2026-03-26 18:11:53,779] INFO - demandclean:     Actions: {'no_action': 14, 'repair_value': 65, 'delete': 20, 'replace_nearby': 144}
[2026-03-26 18:12:14,833] INFO - demandclean:   Episode 300/400: Score=0.7758, Best=0.8221, Eps=0.222
[2026-03-26 18:12:14,834] INFO - demandclean:     Actions: {'no_action': 44, 'repair_value': 12, 'delete': 21, 'replace_nearby': 168}
[2026-03-26 18:12:36,145] INFO - demandclean:   Episode 350/400: Score=0.8007, Best=0.8221, Eps=0.173
[2026-03-26 18:12:36,145] INFO - demandclean:     Actions: {'no_action': 25, 'repair_value': 19, 'delete': 42, 'replace_nearby': 154}
[2026-03-26 18:12:58,174] INFO - demandclean:   Episode 400/400: Score=0.8114, Best=0.8256, Eps=0.135
[2026-03-26 18:12:58,174] INFO - demandclean:     Actions: {'no_action': 14, 'repair_value': 18, 'delete': 49, 'replace_nearby': 181}
[2026-03-26 18:12:58,174] INFO - demandclean: 
已恢复最佳模型权重 (Episode 386, Score=0.8256, Cost=64)
[2026-03-26 18:12:58,174] INFO - demandclean: 
训练完成! 最佳分数: 0.8256 (共 400 episodes)
[2026-03-26 18:12:58,174] INFO - demandclean:   最佳动作分布: {'no_action': 8, 'repair_value': 64, 'delete': 108, 'replace_nearby': 29}
[2026-03-26 18:12:58,175] INFO - demandclean: 
训练完成!
[2026-03-26 18:12:58,183] INFO - demandclean: 模型已保存: /Users/qianzekai/PycharmProjects/TolerDM/experiment/ablation_beers/model/demandfix_dqn.pt
[2026-03-26 18:12:58,183] INFO - demandclean: 
==================================================
[2026-03-26 18:12:58,183] INFO - demandclean: 单阶段推理
[2026-03-26 18:12:58,183] INFO - demandclean: ==================================================
