[2026-03-26 18:31:38,595] INFO - demandclean: ==================================================
[2026-03-26 18:31:38,595] INFO - demandclean: DemandClean 训练开始
[2026-03-26 18:31:38,595] INFO - demandclean:   检测器模式: oracle
[2026-03-26 18:31:38,595] INFO - demandclean:   训练模式: clean_base
[2026-03-26 18:31:38,595] INFO - demandclean:   Agent类型: single
[2026-03-26 18:31:38,595] INFO - demandclean:   推理模式: single_phase
[2026-03-26 18:31:38,595] INFO - demandclean:   FD规则: 0
[2026-03-26 18:31:38,595] INFO - demandclean:   丰富规则: 无
[2026-03-26 18:31:38,595] INFO - demandclean: ==================================================
[2026-03-26 18:31:38,595] INFO - demandclean: 
[Step 1] 初始化错误检测器...
[2026-03-26 18:31:38,595] INFO - demandclean: 
[Step 2] 训练 DQN Agent...
[2026-03-26 18:31:38,595] INFO - demandclean: 开始训练 (single Agent, mode=clean_base)
[2026-03-26 18:31:38,595] INFO - demandclean:   任务类型: classification
[2026-03-26 18:31:38,595] INFO - demandclean:   模型类型: svm
[2026-03-26 18:31:38,595] INFO - demandclean:   原始数据: 843 行
[2026-03-26 18:31:38,595] INFO - demandclean:   基准数据: 817 行 (NaN-free)
[2026-03-26 18:31:39,255] INFO - demandclean:   ErrorInjector: rich_rules=False, domain=0, cfd=0, fd=0
[2026-03-26 18:31:39,255] INFO - demandclean:   Oracle 模式: reward 使用干净验证集 (281 行)
[2026-03-26 18:31:39,255] INFO - demandclean:   开始训练 DQN (400 episodes, 起始轮=0)...
[2026-03-26 18:31:39,264] INFO - demandclean:   Reward 评估间隔: N=20 (错误数=220, 约 12 次评估/episode)
[2026-03-26 18:31:48,443] INFO - demandclean:   Episode 50/400: Score=0.8043, Best=0.8185, Eps=0.778
[2026-03-26 18:31:48,443] INFO - demandclean:     Actions: {'no_action': 44, 'repair_value': 46, 'delete': 47, 'replace_nearby': 93}
[2026-03-26 18:31:58,021] INFO - demandclean:   Episode 100/400: Score=0.7900, Best=0.8185, Eps=0.606
[2026-03-26 18:31:58,021] INFO - demandclean:     Actions: {'no_action': 32, 'repair_value': 33, 'delete': 42, 'replace_nearby': 116}
[2026-03-26 18:32:07,781] INFO - demandclean:   Episode 150/400: Score=0.7936, Best=0.8185, Eps=0.471
[2026-03-26 18:32:07,781] INFO - demandclean:     Actions: {'no_action': 28, 'repair_value': 52, 'delete': 32, 'replace_nearby': 146}
[2026-03-26 18:32:17,152] INFO - demandclean:   Episode 200/400: Score=0.8007, Best=0.8185, Eps=0.367
[2026-03-26 18:32:17,152] INFO - demandclean:     Actions: {'no_action': 18, 'repair_value': 14, 'delete': 11, 'replace_nearby': 137}
[2026-03-26 18:32:26,914] INFO - demandclean:   Episode 250/400: Score=0.7972, Best=0.8185, Eps=0.286
[2026-03-26 18:32:26,914] INFO - demandclean:     Actions: {'no_action': 16, 'repair_value': 20, 'delete': 16, 'replace_nearby': 215}
[2026-03-26 18:32:36,649] INFO - demandclean:   Episode 300/400: Score=0.7972, Best=0.8185, Eps=0.222
[2026-03-26 18:32:36,649] INFO - demandclean:     Actions: {'no_action': 15, 'repair_value': 67, 'delete': 12, 'replace_nearby': 168}
[2026-03-26 18:32:46,482] INFO - demandclean:   Episode 350/400: Score=0.7972, Best=0.8185, Eps=0.173
[2026-03-26 18:32:46,482] INFO - demandclean:     Actions: {'no_action': 6, 'repair_value': 53, 'delete': 15, 'replace_nearby': 133}
[2026-03-26 18:32:55,951] INFO - demandclean:   Episode 400/400: Score=0.7865, Best=0.8185, Eps=0.135
[2026-03-26 18:32:55,951] INFO - demandclean:     Actions: {'no_action': 6, 'repair_value': 37, 'delete': 17, 'replace_nearby': 195}
[2026-03-26 18:32:55,951] INFO - demandclean: 
已恢复最佳模型权重 (Episode 287, Score=0.8185, Cost=17)
[2026-03-26 18:32:55,951] INFO - demandclean: 
训练完成! 最佳分数: 0.8185 (共 400 episodes)
[2026-03-26 18:32:55,951] INFO - demandclean:   最佳动作分布: {'no_action': 14, 'repair_value': 17, 'delete': 19, 'replace_nearby': 211}
[2026-03-26 18:32:55,951] INFO - demandclean: 
训练完成!
[2026-03-26 18:32:55,959] INFO - demandclean: 模型已保存: /Users/qianzekai/PycharmProjects/TolerDM/experiment/ablation_beers/model/demandfix_dqn.pt
[2026-03-26 18:32:55,959] INFO - demandclean: 
==================================================
[2026-03-26 18:32:55,959] INFO - demandclean: 单阶段推理
[2026-03-26 18:32:55,959] INFO - demandclean: ==================================================
