[2026-02-25 09:18:50,894] INFO - demandclean: ==================================================
[2026-02-25 09:18:50,895] INFO - demandclean: DemandClean 训练开始
[2026-02-25 09:18:50,895] INFO - demandclean:   检测器模式: auto
[2026-02-25 09:18:50,895] INFO - demandclean:   训练模式: clean_base
[2026-02-25 09:18:50,895] INFO - demandclean:   Agent类型: dueling_two_stage
[2026-02-25 09:18:50,895] INFO - demandclean:   推理模式: single_phase
[2026-02-25 09:18:50,895] INFO - demandclean:   FD规则: 1
[2026-02-25 09:18:50,895] INFO - demandclean:   丰富规则: 有
[2026-02-25 09:18:50,895] INFO - demandclean: ==================================================
[2026-02-25 09:18:50,895] INFO - demandclean: 
[Step 1] 初始化错误检测器...
[2026-02-25 09:18:50,896] INFO - demandclean: 
[Step 1.5] 运行 RAHA 检测获取标注行...
[2026-02-25 09:35:48,019] INFO - demandclean:   [预修复] 利用 RAHA 标注行修复 77 个特征单元格 + 0 个标签
[2026-02-25 09:35:48,021] INFO - demandclean:   标注行: [183, 2406, 2676, 2810, 3714, 5933, 6891, 7947, 8106, 10705]... (共 20 行)
[2026-02-25 09:35:48,023] INFO - demandclean: 
[Step 2] 训练 DQN Agent...
[2026-02-25 09:35:48,024] INFO - demandclean: 开始训练 (dueling_two_stage Agent, mode=clean_base)
[2026-02-25 09:35:48,024] INFO - demandclean:   任务类型: regression
[2026-02-25 09:35:48,024] INFO - demandclean:   模型类型: random_forest
[2026-02-25 09:35:48,024] INFO - demandclean:   原始数据: 17379 行
[2026-02-25 09:35:48,025] INFO - demandclean:   基准数据: 17379 行
[2026-02-25 09:35:48,025] INFO - demandclean:   标签注入: 检测器未发现标签错误，不注入
[2026-02-25 09:35:48,025] INFO - demandclean:   自适应注入比例范围 (基于检测结果):
[2026-02-25 09:35:48,026] INFO - demandclean:     missing: 不注入
[2026-02-25 09:35:48,026] INFO - demandclean:     semantic: (0.0170, 0.0255)
[2026-02-25 09:35:48,026] INFO - demandclean:     syntactic: (0.1385, 0.2077)
[2026-02-25 09:35:48,026] INFO - demandclean:     label: 不注入
[2026-02-25 09:35:48,081] INFO - demandclean:   ErrorInjector: rich_rules=True, domain=14, cfd=0, fd=1
[2026-02-25 09:35:48,082] INFO - demandclean:   开始训练 DQN (5 episodes, 起始轮=0)...
[2026-02-25 09:50:59,691] INFO - demandclean: 
已恢复最佳模型权重 (Episode 1, Score=0.0032, Cost=621)
[2026-02-25 09:50:59,692] INFO - demandclean: 
训练完成! 最佳分数: 0.0032 (共 5 episodes)
[2026-02-25 09:50:59,692] INFO - demandclean:   最佳动作分布: {'no_action': 1282, 'repair_value': 621, 'delete': 1231, 'replace_nearby': 608}
[2026-02-25 09:50:59,696] INFO - demandclean: 
训练完成!
[2026-02-25 09:50:59,721] INFO - demandclean: 模型已保存: /Users/qianzekai/PycharmProjects/TolerDM/results/demandclean/bike/v5_auto_dueling_single/model/v5_auto_dueling_single_agent.pt
[2026-02-25 09:50:59,723] INFO - demandclean: 
==================================================
[2026-02-25 09:50:59,723] INFO - demandclean: 单阶段推理
[2026-02-25 09:50:59,723] INFO - demandclean: ==================================================
[2026-02-25 09:51:03,118] INFO - demandclean:   [预修复] 利用 RAHA 标注行修复 77 个特征单元格 + 0 个标签
[2026-02-25 09:51:03,118] INFO - demandclean:   移除已修复错误: semantic=4, syntactic=73
