2026-01-29 20:57:35,426 - INFO - ============================================================
2026-01-29 20:57:35,426 - INFO - SimpleImputer 数据清洗 (mean)
2026-01-29 20:57:35,426 - INFO - ============================================================
2026-01-29 20:57:35,426 - INFO - 脏数据: Data/smartfactory/dirty_index.csv
2026-01-29 20:57:35,426 - INFO - 干净数据: Data/smartfactory/clean_index.csv
2026-01-29 20:57:35,426 - INFO - 任务名称: smartfactory_simpleimputer_vzekai
2026-01-29 20:57:35,426 - INFO - 填充策略: mean
2026-01-29 20:57:35,426 - INFO - ------------------------------------------------------------
2026-01-29 20:57:36,250 - INFO - 修复后数据已保存: results/simpleimputer/smartfactory_simpleimputer_vzekai/smartfactory_simpleimputer_vzekai_cleaned.csv
2026-01-29 20:57:36,250 - INFO - ------------------------------------------------------------
2026-01-29 20:57:36,250 - INFO - 执行时间: 0.82 秒
2026-01-29 20:57:36,250 - INFO - 执行状态: 成功
2026-01-29 20:57:36,250 - INFO - 填充单元格数: 7093
2026-01-29 20:57:36,250 - INFO - 真值使用成本: 0 (全自动)
2026-01-29 20:57:36,250 - INFO - 
2026-01-29 20:57:36,250 - INFO - ============================================================
2026-01-29 20:57:36,250 - INFO - 调用统一测评模块 getScoreML
2026-01-29 20:57:36,250 - INFO - ============================================================
2026-01-29 21:02:59,540 - INFO - 结果已保存到: results/simpleimputer/smartfactory_simpleimputer_vzekai
2026-01-29 21:02:59,540 - INFO - 日志文件: results/simpleimputer/smartfactory_simpleimputer_vzekai/smartfactory_simpleimputer_vzekai.log
2026-01-29 21:02:59,540 - INFO - ============================================================
