============================================================
Lopster 数据清洗
============================================================
数据集: breast_cancer
数据路径: Data
任务名称: breast_cancer_lopster_vzekai
潜在维度: 120
训练轮数: 100
------------------------------------------------------------

准备 Lopster 数据格式（输出到 results 目录，不修改原始数据）...
  源文件: clean_index.csv, dirty_index.csv
  Lopster 数据目录: /home/qianzekai/Clean4MLBaseline/results/lopster/breast_cancer_lopster_vzekai/lopster_data/breast_cancer

生成 Lopster 训练数据 (无 index):
  - 移除 index 列
  - 转换为数值列: ['Bare Nuclei(带单位)']
  - 保存到: /home/qianzekai/Clean4MLBaseline/results/lopster/breast_cancer_lopster_vzekai/lopster_data/breast_cancer/clean.csv
  - 形状: (699, 11) → (699, 10)

生成 Lopster 清洗数据 (无 index):
  - 移除 index 列
  - 转换为数值列: ['Clump Thickness(带单位)', 'Uniformity of Cell Size', 'Uniformity of Cell Shape', 'Marginal Adhesion(带单位)', 'Single Epithelial Cell Size', 'Bare Nuclei(带单位)', 'Bland Chromatin', 'Normal Nucleoli(带单位)', 'Mitoses']
  - 保存到: /home/qianzekai/Clean4MLBaseline/results/lopster/breast_cancer_lopster_vzekai/lopster_data/breast_cancer/dirty01.csv
  - 形状: (699, 11) → (699, 10)

生成测评用数据 (带 index，编码后):
  - clean_encoded.csv: /home/qianzekai/Clean4MLBaseline/results/lopster/breast_cancer_lopster_vzekai/clean_encoded.csv
  - dirty_encoded.csv: /home/qianzekai/Clean4MLBaseline/results/lopster/breast_cancer_lopster_vzekai/dirty_encoded.csv

Lopster 数据准备完成!

使用预处理数据: /home/qianzekai/Clean4MLBaseline/results/lopster/breast_cancer_lopster_vzekai/lopster_data/breast_cancer
------------------------------------------------------------
执行时间: 28.09 秒
执行状态: 成功
真值使用成本: 699 行 (用于训练VAE)

后处理 Lopster 输出...
  Lopster 输出行数: 699
  原始数据行数: 699
  还原 index 列
  最终列顺序: ['index', 'Clump Thickness', 'Uniformity of Cell Size', 'Uniformity of Cell Shape', 'Marginal Adhesion', 'Single Epithelial Cell Size', 'Bare Nuclei', 'Bland Chromatin', 'Normal Nucleoli', 'Mitoses', 'class']
  保存到: /home/qianzekai/Clean4MLBaseline/results/lopster/breast_cancer_lopster_vzekai/breast_cancer_lopster_vzekai_cleaned.csv
  最终行数: 699

============================================================
调用统一测评模块 getScoreML
============================================================
使用编码后的数据进行测评（确保格式一致）:
  - dirty: /home/qianzekai/Clean4MLBaseline/results/lopster/breast_cancer_lopster_vzekai/dirty_encoded.csv
  - cleaned: /home/qianzekai/Clean4MLBaseline/results/lopster/breast_cancer_lopster_vzekai/breast_cancer_lopster_vzekai_cleaned.csv
  - clean: /home/qianzekai/Clean4MLBaseline/results/lopster/breast_cancer_lopster_vzekai/clean_encoded.csv

结果已保存到: /home/qianzekai/Clean4MLBaseline/results/lopster/breast_cancer_lopster_vzekai
============================================================
