[2026-02-25 07:42:09,062] INFO - demandclean: ==================================================
[2026-02-25 07:42:09,062] INFO - demandclean: DemandClean 训练开始
[2026-02-25 07:42:09,062] INFO - demandclean:   检测器模式: auto
[2026-02-25 07:42:09,062] INFO - demandclean:   训练模式: clean_base
[2026-02-25 07:42:09,062] INFO - demandclean:   Agent类型: single
[2026-02-25 07:42:09,062] INFO - demandclean:   推理模式: two_phase
[2026-02-25 07:42:09,062] INFO - demandclean:   FD规则: 1
[2026-02-25 07:42:09,063] INFO - demandclean:   丰富规则: 有
[2026-02-25 07:42:09,063] INFO - demandclean: ==================================================
[2026-02-25 07:42:09,063] INFO - demandclean: 
[Step 1] 初始化错误检测器...
[2026-02-25 07:42:09,070] INFO - demandclean: 
[Step 1.5] 运行 RAHA 检测获取标注行...
[2026-02-25 08:45:00,864] INFO - demandclean:   [预修复] 利用 RAHA 标注行修复 0 个特征单元格 + 4 个标签
[2026-02-25 08:45:00,867] INFO - demandclean:   标注行: [389, 554, 1520, 2245, 2870, 6059, 6713, 7087, 10063, 11059]... (共 60 行)
[2026-02-25 08:45:00,867] INFO - demandclean: 
[Step 2] 训练 DQN Agent...
[2026-02-25 08:45:00,868] INFO - demandclean: 开始训练 (single Agent, mode=clean_base)
[2026-02-25 08:45:00,868] INFO - demandclean:   任务类型: classification
[2026-02-25 08:45:00,868] INFO - demandclean:   模型类型: random_forest
[2026-02-25 08:45:00,868] INFO - demandclean:   原始数据: 45222 行
[2026-02-25 08:45:00,872] INFO - demandclean:   基准数据: 45222 行
[2026-02-25 08:45:00,881] INFO - demandclean:   标签注入: 检测到 6426 个标签错误, rate=0.142, symmetric=False
[2026-02-25 08:45:00,881] INFO - demandclean:   自适应注入比例范围 (基于检测结果):
[2026-02-25 08:45:00,881] INFO - demandclean:     missing: 不注入
[2026-02-25 08:45:00,881] INFO - demandclean:     semantic: 不注入
[2026-02-25 08:45:00,881] INFO - demandclean:     syntactic: 不注入
[2026-02-25 08:45:00,882] INFO - demandclean:     label: (0.1137, 0.1705)
[2026-02-25 08:45:01,016] INFO - demandclean:   ErrorInjector: rich_rules=True, domain=5, cfd=0, fd=1
[2026-02-25 08:45:01,016] INFO - demandclean:   开始训练 DQN (5 episodes, 起始轮=0)...
[2026-02-25 09:05:07,999] INFO - demandclean: 
已恢复最佳模型权重 (Episode 3, Score=0.9766, Cost=1285)
[2026-02-25 09:05:08,003] INFO - demandclean: 
训练完成! 最佳分数: 0.9766 (共 5 episodes)
[2026-02-25 09:05:08,003] INFO - demandclean:   最佳动作分布: {'no_action': 1350, 'repair_value': 1285, 'delete': 1277, 'replace_nearby': 1317}
[2026-02-25 09:05:08,011] INFO - demandclean: 
训练完成!
[2026-02-25 09:05:08,041] INFO - demandclean: 模型已保存: /Users/qianzekai/PycharmProjects/TolerDM/results/demandclean/adult/v8_auto_plain_two/model/v8_auto_plain_two_agent.pt
[2026-02-25 09:05:08,044] INFO - demandclean: 
==================================================
[2026-02-25 09:05:08,044] INFO - demandclean: 两阶段推理 - 第一阶段 (Plan)
[2026-02-25 09:05:08,044] INFO - demandclean: ==================================================
