============================================================
Horizon 数据清洗
============================================================
脏数据: Data/bike/dirty_index.csv
约束文件: Data/bike/rules.txt
任务名称: bike_horizon_vzekai
------------------------------------------------------------
执行Horizon清洗...
修复后数据已保存: results/horizon/bike_horizon_vzekai/bike_horizon_vzekai_cleaned.csv
------------------------------------------------------------
执行时间: 141.42 秒
执行状态: 成功
真值使用成本: 0 (全自动)

============================================================
调用统一测评模块 getScoreML
============================================================
2026-01-29 19:57:29.001329: W tensorflow/compiler/xla/stream_executor/platform/default/dso_loader.cc:64] Could not load dynamic library 'libnvinfer.so.7'; dlerror: libnvinfer.so.7: cannot open shared object file: No such file or directory
2026-01-29 19:57:29.001392: W tensorflow/compiler/xla/stream_executor/platform/default/dso_loader.cc:64] Could not load dynamic library 'libnvinfer_plugin.so.7'; dlerror: libnvinfer_plugin.so.7: cannot open shared object file: No such file or directory
2026-01-29 19:57:29.001399: W tensorflow/compiler/tf2tensorrt/utils/py_utils.cc:38] TF-TRT Warning: Cannot dlopen some TensorRT libraries. If you would like to use Nvidia GPU with TensorRT, please make sure the missing libraries mentioned above are installed properly.
[1;34m[19:57:29][0m[1;33m WARNING Snoopy may use all CPU cores! Set env. variable 'SNOOPY_LIMIT_CPU' to 'y' to limit CPU usage. [0m[1;34m(__init__ -> _init_tf_pytorch on MainThread)[0m
2026-01-29 19:57:29.584803: E tensorflow/compiler/xla/stream_executor/cuda/cuda_driver.cc:267] failed call to cuInit: CUDA_ERROR_NO_DEVICE: no CUDA-capable device is detected

结果已保存到: results/horizon/bike_horizon_vzekai
============================================================
[['mnth'], ['season']]
{0: {1}, 1: set()}
[0, 1]
{'mnth': 0, 'season': 1}
0 1
======================================================================
Clean4MLBaseline 统一测评 - bike_horizon_vzekai
======================================================================

[1/5] 传统清洗指标
--------------------------------------------------
调试文件已保存到: results/horizon/bike_horizon_vzekai/debug
修复准确率: 0.0, 修复召回率: 0.0, F1值: 0.0
========================================
错误减少率 (EDR): -0.21295460698492916
========================================
混合距离 (Hybrid Distance): 0.4116063380563586
========================================
基于条目的错误减少率 (R-EDR): -0.02834319526627219
========================================
numeric: Index(['dteday', 'season', 'yr', 'mnth', 'hr', 'holiday', 'weekday',
       'workingday', 'weathersit', 'temp', 'atemp', 'hum', 'windspeed',
       'casual', 'registered', 'cnt'],
      dtype='object')
categorical: (none)
列级平均RMSE (数值列, 归一化): 22.053949
  dteday: 0.899367
  season: 62.791033
  yr: 0.869426
  mnth: 1.646402
  hr: 0.868667
  holiday: 277.692694
  weekday: 0.895391
  workingday: 1.006198
  weathersit: 0.881992
  temp: 0.930405
  atemp: 0.830908
  hum: 0.878016
  windspeed: 0.867359
  casual: 0.914173
  registered: 0.891156
  cnt: 0.000000
列级平均F1: N/A (无类别列)
========================================

[2/5] 下游任务性能 (regression)
--------------------------------------------------
RF - MSE: 1343.9855, R2: 0.9576, MAE: 10.0881, RMSE: 36.6604
LR - MSE: 10680.3629, R2: 0.6627, MAE: 66.2335, RMSE: 103.3458
RIDGE - MSE: 10680.3476, R2: 0.6627, MAE: 66.2362, RMSE: 103.3458
LASSO - MSE: 10669.5613, R2: 0.6631, MAE: 66.3304, RMSE: 103.2936
KNN - MSE: 5901.0494, R2: 0.8136, MAE: 49.4142, RMSE: 76.8183
GB - MSE: 1796.8017, R2: 0.9433, MAE: 16.0686, RMSE: 42.3887

[3/5] 模型容忍度
--------------------------------------------------

容忍度计算结果:
  P_do_nothing (脏数据性能): -4012.2852
  P_demand_clean (清洗后性能): -3956.6187
  P_repair_all (完全修复性能): -7.8371
  先验容忍度 (Tolerance_prior): 0.9861
  后验容忍度 (Tolerance_post): 0.0139

[4/5] Snoopy上界评估
--------------------------------------------------
Snoopy模块可用，正在评估数据质量上界...
  脏数据上界: 1825.2803
  清洗后上界: 1821.7158
  干净数据上界: 25.4989
  上界提升比例: 0.0020

[5/5] 真值使用成本
--------------------------------------------------
  方法类型: Type 1 (全自动)
  实际真值使用: 0
  理想最小成本: 0
  总修改单元格: 16400
  正确修复: 0
  错误修复: 16400

======================================================================
测评完成，结果已保存到: results/horizon/bike_horizon_vzekai/bike_horizon_vzekai_report.txt
======================================================================
