============================================================
Horizon 数据清洗
============================================================
脏数据: Data/breast_cancer/dirty_index.csv
约束文件: Data/breast_cancer/rules.txt
任务名称: breast_cancer_horizon_vzekai
------------------------------------------------------------
执行Horizon清洗...
修复后数据已保存: results/horizon/breast_cancer_horizon_vzekai/breast_cancer_horizon_vzekai_cleaned.csv
------------------------------------------------------------
执行时间: 0.77 秒
执行状态: 成功
真值使用成本: 0 (全自动)

============================================================
调用统一测评模块 getScoreML
============================================================
2026-01-29 20:04:05.211913: W tensorflow/compiler/xla/stream_executor/platform/default/dso_loader.cc:64] Could not load dynamic library 'libnvinfer.so.7'; dlerror: libnvinfer.so.7: cannot open shared object file: No such file or directory
2026-01-29 20:04:05.212848: W tensorflow/compiler/xla/stream_executor/platform/default/dso_loader.cc:64] Could not load dynamic library 'libnvinfer_plugin.so.7'; dlerror: libnvinfer_plugin.so.7: cannot open shared object file: No such file or directory
2026-01-29 20:04:05.212859: W tensorflow/compiler/tf2tensorrt/utils/py_utils.cc:38] TF-TRT Warning: Cannot dlopen some TensorRT libraries. If you would like to use Nvidia GPU with TensorRT, please make sure the missing libraries mentioned above are installed properly.
[1;34m[20:04:06][0m[1;33m WARNING Snoopy may use all CPU cores! Set env. variable 'SNOOPY_LIMIT_CPU' to 'y' to limit CPU usage. [0m[1;34m(__init__ -> _init_tf_pytorch on MainThread)[0m
2026-01-29 20:04:06.316341: E tensorflow/compiler/xla/stream_executor/cuda/cuda_driver.cc:267] failed call to cuInit: CUDA_ERROR_NO_DEVICE: no CUDA-capable device is detected

结果已保存到: results/horizon/breast_cancer_horizon_vzekai
============================================================
[['Uniformity of Cell Size'], ['Uniformity of Cell Shape']]
{0: {1}, 1: set()}
[0, 1]
{'Uniformity of Cell Size': 0, 'Uniformity of Cell Shape': 1}
0 1
======================================================================
Clean4MLBaseline 统一测评 - breast_cancer_horizon_vzekai
======================================================================

[1/5] 传统清洗指标
--------------------------------------------------
调试文件已保存到: results/horizon/breast_cancer_horizon_vzekai/debug
修复准确率: 0.0, 修复召回率: 0.0, F1值: 0.0
========================================
错误减少率 (EDR): -0.04961832061068702
========================================
混合距离 (Hybrid Distance): 0.16172375159986438
========================================
基于条目的错误减少率 (R-EDR): -0.02756892230576441
========================================
numeric: Index(['Clump Thickness', 'Uniformity of Cell Size',
       'Uniformity of Cell Shape', 'Marginal Adhesion',
       'Single Epithelial Cell Size', 'Bland Chromatin', 'Normal Nucleoli',
       'Mitoses', 'class'],
      dtype='object')
categorical: Index(['Bare Nuclei'], dtype='object')
列级平均RMSE (数值列, 归一化): 2.172308
  Clump Thickness: 3.471781
  Uniformity of Cell Size: 1.991078
  Uniformity of Cell Shape: 3.594468
  Marginal Adhesion: 1.442456
  Single Epithelial Cell Size: 1.999450
  Bland Chromatin: 2.743346
  Normal Nucleoli: 1.801794
  Mitoses: 2.198195
  class: 0.308207
列级平均F1 (类别列, weighted): 0.952438
  Bare Nuclei: 0.952438
========================================

[2/5] 下游任务性能 (classification)
--------------------------------------------------
RF - Accuracy: 0.9714, F1: 0.9717, Precision: 0.9738, Recall: 0.9714
LR - Accuracy: 0.9214, F1: 0.9212, Precision: 0.9211, Recall: 0.9214
SVM - Accuracy: 0.9357, F1: 0.9365, Precision: 0.9399, Recall: 0.9357
KNN - Accuracy: 0.9214, F1: 0.9212, Precision: 0.9211, Recall: 0.9214
DT - Accuracy: 0.9429, F1: 0.9432, Precision: 0.9439, Recall: 0.9429
GB - Accuracy: 0.9571, F1: 0.9574, Precision: 0.9581, Recall: 0.9571

[3/5] 模型容忍度
--------------------------------------------------

容忍度计算结果:
  P_do_nothing (脏数据性能): 0.9640
  P_demand_clean (清洗后性能): 0.9568
  P_repair_all (完全修复性能): 0.9712
  先验容忍度 (Tolerance_prior): 0.9925
  后验容忍度 (Tolerance_post): -1.0000

[4/5] Snoopy上界评估
--------------------------------------------------
Snoopy模块可用，正在评估数据质量上界...
  脏数据上界: 0.9371
  清洗后上界: 0.9185
  干净数据上界: 0.9557
  上界提升比例: -1.0006

[5/5] 真值使用成本
--------------------------------------------------
  方法类型: Type 1 (全自动)
  实际真值使用: 0
  理想最小成本: 0
  总修改单元格: 28
  正确修复: 0
  错误修复: 28

======================================================================
测评完成，结果已保存到: results/horizon/breast_cancer_horizon_vzekai/breast_cancer_horizon_vzekai_report.txt
======================================================================
