============================================================
Horizon 数据清洗
============================================================
脏数据: Data/har/dirty_index.csv
约束文件: Data/har/rules.txt
任务名称: har_horizon_vzekai
------------------------------------------------------------
执行Horizon清洗...
修复后数据已保存: results/horizon/har_horizon_vzekai/har_horizon_vzekai_cleaned.csv
------------------------------------------------------------
执行时间: 409.31 秒
执行状态: 成功
真值使用成本: 0 (全自动)

============================================================
调用统一测评模块 getScoreML
============================================================
2026-02-03 16:45:45.595392: W tensorflow/compiler/xla/stream_executor/platform/default/dso_loader.cc:64] Could not load dynamic library 'libnvinfer.so.7'; dlerror: libnvinfer.so.7: cannot open shared object file: No such file or directory
2026-02-03 16:45:45.595463: W tensorflow/compiler/xla/stream_executor/platform/default/dso_loader.cc:64] Could not load dynamic library 'libnvinfer_plugin.so.7'; dlerror: libnvinfer_plugin.so.7: cannot open shared object file: No such file or directory
2026-02-03 16:45:45.595472: W tensorflow/compiler/tf2tensorrt/utils/py_utils.cc:38] TF-TRT Warning: Cannot dlopen some TensorRT libraries. If you would like to use Nvidia GPU with TensorRT, please make sure the missing libraries mentioned above are installed properly.
[1;34m[16:45:46][0m[1;33m WARNING Snoopy may use all CPU cores! Set env. variable 'SNOOPY_LIMIT_CPU' to 'y' to limit CPU usage. [0m[1;34m(__init__ -> _init_tf_pytorch on MainThread)[0m
2026-02-03 16:45:46.219466: E tensorflow/compiler/xla/stream_executor/cuda/cuda_driver.cc:267] failed call to cuInit: CUDA_ERROR_NO_DEVICE: no CUDA-capable device is detected

结果已保存到: results/horizon/har_horizon_vzekai
============================================================
[['gt'], ['z']]
{0: {1}, 1: set()}
[0, 1]
{'gt': 0, 'z': 1}
0 1
======================================================================
Clean4MLBaseline 统一测评 - har_horizon_vzekai
======================================================================

[1/5] 传统清洗指标
--------------------------------------------------
调试文件已保存到: results/horizon/har_horizon_vzekai/debug
修复准确率: 0.0010208776672226375, 修复召回率: 0.0018148356423495732, F1值: 0.0013067083370980192
========================================
错误减少率 (EDR): -1.460635959306784
========================================
混合距离 (Hybrid Distance): 0.2779849313667545
========================================
基于条目的错误减少率 (R-EDR): -1.1594310681416753
========================================
numeric: Index(['x', 'y', 'z'], dtype='object')
categorical: Index(['gt'], dtype='object')
列级平均RMSE (数值列, 归一化): 1.155108
  x: 1.555863
  y: 1.549460
  z: 0.360002
列级平均F1 (类别列, weighted): 0.979063
  gt: 0.979063
========================================

[2/5] 下游任务性能 (clustering)
--------------------------------------------------
数据集较大 (70000 行)，对聚类评估进行采样到 10000 行
KMEANS - Silhouette: 0.6696, ARI: 0.7800 (采样)
AGGLOMERATIVE - Silhouette: 0.6428, ARI: 0.6844 (采样)

[3/5] 模型容忍度
--------------------------------------------------

容忍度计算结果:
  P_do_nothing (脏数据性能): -0.1375
  P_demand_clean (清洗后性能): -0.0500
  P_repair_all (完全修复性能): -0.0203
  先验容忍度 (Tolerance_prior): 0.3634
  后验容忍度 (Tolerance_post): 0.7470

[4/5] Snoopy上界评估
--------------------------------------------------
Snoopy模块可用，正在评估数据质量上界...
数据集较大 (70000 行)，对Snoopy评估进行采样到 10000 行
  脏数据上界: 0.0399
  清洗后上界: -0.0000
  干净数据上界: 0.0252
  上界提升比例: 2.7030

[5/5] 真值使用成本
--------------------------------------------------
  方法类型: Type 1 (全自动)
  实际真值使用: 0
  理想最小成本: 71
  总修改单元格: 69548
  正确修复: 71
  错误修复: 69477

======================================================================
测评完成，结果已保存到: results/horizon/har_horizon_vzekai/har_horizon_vzekai_report.txt
======================================================================
