============================================================
Horizon 数据清洗
============================================================
脏数据: Data/smartfactory/dirty_index.csv
约束文件: Data/smartfactory/rules.txt
任务名称: smartfactory_horizon_vzekai
------------------------------------------------------------
执行Horizon清洗...
修复后数据已保存: results/horizon/smartfactory_horizon_vzekai/smartfactory_horizon_vzekai_cleaned.csv
------------------------------------------------------------
执行时间: 453.94 秒
执行状态: 成功
真值使用成本: 0 (全自动)

============================================================
调用统一测评模块 getScoreML
============================================================
2026-01-29 21:25:04.595684: W tensorflow/compiler/xla/stream_executor/platform/default/dso_loader.cc:64] Could not load dynamic library 'libnvinfer.so.7'; dlerror: libnvinfer.so.7: cannot open shared object file: No such file or directory
2026-01-29 21:25:04.595747: W tensorflow/compiler/xla/stream_executor/platform/default/dso_loader.cc:64] Could not load dynamic library 'libnvinfer_plugin.so.7'; dlerror: libnvinfer_plugin.so.7: cannot open shared object file: No such file or directory
2026-01-29 21:25:04.595754: W tensorflow/compiler/tf2tensorrt/utils/py_utils.cc:38] TF-TRT Warning: Cannot dlopen some TensorRT libraries. If you would like to use Nvidia GPU with TensorRT, please make sure the missing libraries mentioned above are installed properly.
[1;34m[21:25:05][0m[1;33m WARNING Snoopy may use all CPU cores! Set env. variable 'SNOOPY_LIMIT_CPU' to 'y' to limit CPU usage. [0m[1;34m(__init__ -> _init_tf_pytorch on MainThread)[0m
2026-01-29 21:25:05.166389: E tensorflow/compiler/xla/stream_executor/cuda/cuda_driver.cc:267] failed call to cuInit: CUDA_ERROR_NO_DEVICE: no CUDA-capable device is detected

结果已保存到: results/horizon/smartfactory_horizon_vzekai
============================================================
[['i_w_hl_weg'], ['o_w_hl_voltage'], ['o_w_hl_power'], ['i_w_hr_weg'], ['o_w_hr_voltage'], ['o_w_hr_power'], ['i_w_bru_weg'], ['o_w_bru_power'], ['o_w_bru_voltage'], ['i_w_bhr_weg'], ['o_w_bhr_power'], ['o_w_bhr_voltage'], ['i_w_bhl_weg'], ['o_w_bhl_power'], ['o_w_bhl_voltage'], ['i_w_blo_weg'], ['o_w_blo_voltage'], ['o_w_blo_power']]
{0: {1, 2}, 1: set(), 2: set(), 3: {4, 5}, 4: set(), 5: set(), 6: {8, 7}, 7: set(), 8: set(), 9: {10, 11}, 10: set(), 11: set(), 12: {13, 14}, 13: set(), 14: set(), 15: {16, 17}, 16: set(), 17: set()}
[0, 3, 6, 9, 12, 15, 1, 2, 4, 5, 8, 7, 10, 11, 13, 14, 16, 17]
{'i_w_hl_weg': 0, 'o_w_hl_voltage': 1, 'o_w_hl_power': 2, 'i_w_hr_weg': 3, 'o_w_hr_voltage': 4, 'o_w_hr_power': 5, 'i_w_bru_weg': 6, 'o_w_bru_power': 7, 'o_w_bru_voltage': 8, 'i_w_bhr_weg': 9, 'o_w_bhr_power': 10, 'o_w_bhr_voltage': 11, 'i_w_bhl_weg': 12, 'o_w_bhl_power': 13, 'o_w_bhl_voltage': 14, 'i_w_blo_weg': 15, 'o_w_blo_voltage': 16, 'o_w_blo_power': 17}
0 1
0 2
3 4
3 5
6 7
6 8
9 10
9 11
12 13
12 14
15 16
15 17
======================================================================
Clean4MLBaseline 统一测评 - smartfactory_horizon_vzekai
======================================================================

[1/5] 传统清洗指标
--------------------------------------------------
调试文件已保存到: results/horizon/smartfactory_horizon_vzekai/debug
修复准确率: 0.0010821934820018806, 修复召回率: 0.01720005639362752, F1值: 0.0020362689432713173
========================================
错误减少率 (EDR): -15.583956012970534
========================================
混合距离 (Hybrid Distance): 4630853.592499759
========================================
基于条目的错误减少率 (R-EDR): -2.3335683067813338
========================================
numeric: Index(['i_w_blo_weg', 'o_w_blo_power', 'o_w_blo_voltage', 'i_w_bhl_weg',
       'o_w_bhl_power', 'o_w_bhl_voltage', 'i_w_bhr_weg', 'o_w_bhr_power',
       'o_w_bhr_voltage', 'i_w_bru_weg', 'o_w_bru_power', 'o_w_bru_voltage',
       'i_w_hr_weg', 'o_w_hr_power', 'o_w_hr_voltage', 'i_w_hl_weg',
       'o_w_hl_power', 'o_w_hl_voltage', 'labels'],
      dtype='object')
categorical: (none)
列级平均RMSE (数值列, 归一化): 0.432338
  i_w_blo_weg: 0.127008
  o_w_blo_power: 1.505042
  o_w_blo_voltage: 0.241922
  i_w_bhl_weg: 0.135468
  o_w_bhl_power: 1.557424
  o_w_bhl_voltage: 0.173670
  i_w_bhr_weg: 0.130873
  o_w_bhr_power: 0.357026
  o_w_bhr_voltage: 0.151716
  i_w_bru_weg: 0.231784
  o_w_bru_power: 0.418077
  o_w_bru_voltage: 0.172110
  i_w_hr_weg: 0.186249
  o_w_hr_power: 0.961470
  o_w_hr_voltage: 0.130092
  i_w_hl_weg: 0.186109
  o_w_hl_power: 1.403354
  o_w_hl_voltage: 0.145030
  labels: 0.000000
列级平均F1: N/A (无类别列)
========================================

[2/5] 下游任务性能 (classification)
--------------------------------------------------
RF - Accuracy: 0.9643, F1: 0.9639, Precision: 0.9640, Recall: 0.9643
LR - Accuracy: 0.7716, F1: 0.6820, Precision: 0.7160, Recall: 0.7716
SVM - Accuracy: 0.7951, F1: 0.7401, Precision: 0.7844, Recall: 0.7951
KNN - Accuracy: 0.8137, F1: 0.8071, Precision: 0.8037, Recall: 0.8137
DT - Accuracy: 0.9486, F1: 0.9490, Precision: 0.9497, Recall: 0.9486
GB - Accuracy: 0.8038, F1: 0.7551, Precision: 0.7996, Recall: 0.8038

[3/5] 模型容忍度
--------------------------------------------------

容忍度计算结果:
  P_do_nothing (脏数据性能): 0.7484
  P_demand_clean (清洗后性能): 0.7615
  P_repair_all (完全修复性能): 0.9816
  先验容忍度 (Tolerance_prior): 1.0175
  后验容忍度 (Tolerance_post): 0.0562

[4/5] Snoopy上界评估
--------------------------------------------------
Snoopy模块可用，正在评估数据质量上界...
  脏数据上界: 0.7223
  清洗后上界: 0.7084
  干净数据上界: 0.7010
  上界提升比例: 0.6501

[5/5] 真值使用成本
--------------------------------------------------
  方法类型: Type 1 (全自动)
  实际真值使用: 0
  理想最小成本: 0
  总修改单元格: 112734
  正确修复: 0
  错误修复: 112734

======================================================================
测评完成，结果已保存到: results/horizon/smartfactory_horizon_vzekai/smartfactory_horizon_vzekai_report.txt
======================================================================
