[2026-02-25 04:20:02,408] INFO - demandclean: ==================================================
[2026-02-25 04:20:02,408] INFO - demandclean: DemandClean 训练开始
[2026-02-25 04:20:02,408] INFO - demandclean:   检测器模式: auto
[2026-02-25 04:20:02,408] INFO - demandclean:   训练模式: clean_base
[2026-02-25 04:20:02,408] INFO - demandclean:   Agent类型: single
[2026-02-25 04:20:02,408] INFO - demandclean:   推理模式: two_phase
[2026-02-25 04:20:02,408] INFO - demandclean:   FD规则: 4
[2026-02-25 04:20:02,408] INFO - demandclean:   丰富规则: 有
[2026-02-25 04:20:02,408] INFO - demandclean: ==================================================
[2026-02-25 04:20:02,408] INFO - demandclean: 
[Step 1] 初始化错误检测器...
[2026-02-25 04:20:02,409] INFO - demandclean: 
[Step 1.5] 运行 RAHA 检测获取标注行...
[2026-02-25 04:21:43,458] INFO - demandclean:   [预修复] 利用 RAHA 标注行修复 40 个特征单元格 + 2 个标签
[2026-02-25 04:21:43,460] INFO - demandclean:   标注行: [115, 335, 420, 630, 752, 925, 1000, 1051, 1482, 1554]... (共 20 行)
[2026-02-25 04:21:43,461] INFO - demandclean: 
[Step 1.8] 加载续训模型: /Users/qianzekai/PycharmProjects/TolerDM/results/demandclean/beers/v8_auto_plain_two/model/v8_auto_plain_two_agent.pt
[2026-02-25 04:21:43,478] INFO - demandclean:   已训练 5 episodes, best_score=1.0000, epsilon=1.0000
[2026-02-25 04:21:43,478] INFO - demandclean: 
[Step 2] 训练 DQN Agent...
[2026-02-25 04:21:43,478] INFO - demandclean: 续训 (single Agent, mode=clean_base)
[2026-02-25 04:21:43,478] INFO - demandclean:   任务类型: classification
[2026-02-25 04:21:43,478] INFO - demandclean:   模型类型: random_forest
[2026-02-25 04:21:43,478] INFO - demandclean:   原始数据: 2410 行
[2026-02-25 04:21:43,478] INFO - demandclean:   续训起始轮: 5
[2026-02-25 04:21:43,478] INFO - demandclean:   基准数据: 20 行
[2026-02-25 04:21:43,479] INFO - demandclean:   标签注入: 检测到 90 个标签错误, rate=0.037, symmetric=True
[2026-02-25 04:21:43,479] INFO - demandclean:   自适应注入比例范围 (基于检测结果):
[2026-02-25 04:21:43,479] INFO - demandclean:     missing: (0.1784, 0.2676)
[2026-02-25 04:21:43,479] INFO - demandclean:     semantic: (0.0050, 0.0100)
[2026-02-25 04:21:43,479] INFO - demandclean:     syntactic: (0.0050, 0.0100)
[2026-02-25 04:21:43,479] INFO - demandclean:     label: (0.0299, 0.0448)
[2026-02-25 04:21:43,481] INFO - demandclean:   ErrorInjector: rich_rules=True, domain=3, cfd=0, fd=4
[2026-02-25 04:21:43,481] INFO - demandclean:   开始训练 DQN (5 episodes, 起始轮=5)...
[2026-02-25 04:21:47,216] INFO - demandclean: 
已恢复最佳模型权重 (Episode 10, Score=1.0000, Cost=3)
[2026-02-25 04:21:47,216] INFO - demandclean: 
训练完成! 最佳分数: 1.0000 (共 10 episodes)
[2026-02-25 04:21:47,216] INFO - demandclean:   最佳动作分布: {'no_action': 0, 'repair_value': 3, 'delete': 0, 'replace_nearby': 0}
[2026-02-25 04:21:47,216] INFO - demandclean: 
训练完成!
[2026-02-25 04:21:47,221] INFO - demandclean: 模型已保存: /Users/qianzekai/PycharmProjects/TolerDM/results/demandclean/beers/v8_auto_plain_two/model/v8_auto_plain_two_agent.pt
[2026-02-25 04:21:47,221] INFO - demandclean: 
==================================================
[2026-02-25 04:21:47,221] INFO - demandclean: 两阶段推理 - 第一阶段 (Plan)
[2026-02-25 04:21:47,221] INFO - demandclean: ==================================================
