[2026-02-25 03:36:33,299] INFO - demandclean: ==================================================
[2026-02-25 03:36:33,299] INFO - demandclean: DemandClean 训练开始
[2026-02-25 03:36:33,300] INFO - demandclean:   检测器模式: auto
[2026-02-25 03:36:33,300] INFO - demandclean:   训练模式: clean_base
[2026-02-25 03:36:33,300] INFO - demandclean:   Agent类型: single
[2026-02-25 03:36:33,300] INFO - demandclean:   推理模式: two_phase
[2026-02-25 03:36:33,300] INFO - demandclean:   FD规则: 4
[2026-02-25 03:36:33,300] INFO - demandclean:   丰富规则: 有
[2026-02-25 03:36:33,300] INFO - demandclean: ==================================================
[2026-02-25 03:36:33,300] INFO - demandclean: 
[Step 1] 初始化错误检测器...
[2026-02-25 03:36:33,300] INFO - demandclean: 
[Step 1.5] 运行 RAHA 检测获取标注行...
[2026-02-25 03:37:19,776] INFO - demandclean:   [预修复] 利用 RAHA 标注行修复 45 个特征单元格 + 3 个标签
[2026-02-25 03:37:19,777] INFO - demandclean:   标注行: [136, 525, 539, 572, 727, 756, 867, 988, 1051, 1117]... (共 20 行)
[2026-02-25 03:37:19,777] INFO - demandclean: 
[Step 2] 训练 DQN Agent...
[2026-02-25 03:37:19,777] INFO - demandclean: 开始训练 (single Agent, mode=clean_base)
[2026-02-25 03:37:19,777] INFO - demandclean:   任务类型: classification
[2026-02-25 03:37:19,777] INFO - demandclean:   模型类型: random_forest
[2026-02-25 03:37:19,777] INFO - demandclean:   原始数据: 2410 行
[2026-02-25 03:37:19,777] INFO - demandclean:   基准数据: 20 行
[2026-02-25 03:37:19,778] INFO - demandclean:   标签注入: 检测到 92 个标签错误, rate=0.038, symmetric=True
[2026-02-25 03:37:19,778] INFO - demandclean:   自适应注入比例范围 (基于检测结果):
[2026-02-25 03:37:19,778] INFO - demandclean:     missing: (0.1784, 0.2676)
[2026-02-25 03:37:19,778] INFO - demandclean:     semantic: (0.0050, 0.0100)
[2026-02-25 03:37:19,778] INFO - demandclean:     syntactic: (0.0050, 0.0100)
[2026-02-25 03:37:19,778] INFO - demandclean:     label: (0.0305, 0.0458)
[2026-02-25 03:37:19,782] INFO - demandclean:   ErrorInjector: rich_rules=True, domain=3, cfd=0, fd=4
[2026-02-25 03:37:19,782] INFO - demandclean:   开始训练 DQN (5 episodes, 起始轮=0)...
[2026-02-25 03:37:21,078] INFO - demandclean: 
已恢复最佳模型权重 (Episode 4, Score=1.0000, Cost=0)
[2026-02-25 03:37:21,078] INFO - demandclean: 
训练完成! 最佳分数: 1.0000 (共 5 episodes)
[2026-02-25 03:37:21,078] INFO - demandclean:   最佳动作分布: {'no_action': 0, 'repair_value': 0, 'delete': 0, 'replace_nearby': 3}
[2026-02-25 03:37:21,078] INFO - demandclean: 
训练完成!
[2026-02-25 03:37:21,083] INFO - demandclean: 模型已保存: /Users/qianzekai/PycharmProjects/TolerDM/results/demandclean/beers/v8_auto_plain_two/model/v8_auto_plain_two_agent.pt
[2026-02-25 03:37:21,083] INFO - demandclean: 
==================================================
[2026-02-25 03:37:21,083] INFO - demandclean: 两阶段推理 - 第一阶段 (Plan)
[2026-02-25 03:37:21,083] INFO - demandclean: ==================================================
