[2026-02-25 12:07:18,725] INFO - demandclean: ==================================================
[2026-02-25 12:07:18,725] INFO - demandclean: DemandClean 训练开始
[2026-02-25 12:07:18,725] INFO - demandclean:   检测器模式: auto
[2026-02-25 12:07:18,725] INFO - demandclean:   训练模式: clean_base
[2026-02-25 12:07:18,725] INFO - demandclean:   Agent类型: dueling_two_stage
[2026-02-25 12:07:18,725] INFO - demandclean:   推理模式: single_phase
[2026-02-25 12:07:18,725] INFO - demandclean:   FD规则: 1
[2026-02-25 12:07:18,725] INFO - demandclean:   丰富规则: 有
[2026-02-25 12:07:18,725] INFO - demandclean: ==================================================
[2026-02-25 12:07:18,725] INFO - demandclean: 
[Step 1] 初始化错误检测器...
[2026-02-25 12:07:18,727] INFO - demandclean: 
[Step 1.5] 运行 RAHA 检测获取标注行...
[2026-02-25 12:13:53,465] INFO - demandclean:   [预修复] 利用 RAHA 标注行修复 59 个特征单元格 + 8 个标签
[2026-02-25 12:13:53,466] INFO - demandclean:   标注行: [539, 760, 3437, 5996, 7270, 7394, 9292, 9498, 10153, 12441]... (共 80 行)
[2026-02-25 12:13:53,467] INFO - demandclean: 
[Step 2] 训练 DQN Agent...
[2026-02-25 12:13:53,467] INFO - demandclean: 开始训练 (dueling_two_stage Agent, mode=clean_base)
[2026-02-25 12:13:53,467] INFO - demandclean:   任务类型: clustering
[2026-02-25 12:13:53,467] INFO - demandclean:   模型类型: kmeans
[2026-02-25 12:13:53,467] INFO - demandclean:   原始数据: 70000 行
[2026-02-25 12:13:53,468] INFO - demandclean:   基准数据: 63654 行
[2026-02-25 12:13:53,471] INFO - demandclean:   标签注入: 检测到 2854 个标签错误, rate=0.041, symmetric=True
[2026-02-25 12:13:53,471] INFO - demandclean:   自适应注入比例范围 (基于检测结果):
[2026-02-25 12:13:53,471] INFO - demandclean:     missing: (0.0242, 0.0363)
[2026-02-25 12:13:53,471] INFO - demandclean:     semantic: (0.0064, 0.0114)
[2026-02-25 12:13:53,471] INFO - demandclean:     syntactic: (0.1144, 0.1716)
[2026-02-25 12:13:53,471] INFO - demandclean:     label: (0.0326, 0.0489)
[2026-02-25 12:13:53,484] INFO - demandclean:   ErrorInjector: rich_rules=True, domain=3, cfd=0, fd=0
[2026-02-25 12:13:53,484] INFO - demandclean:   开始训练 DQN (5 episodes, 起始轮=0)...
[2026-02-25 12:22:16,932] INFO - demandclean: 
已恢复最佳模型权重 (Episode 3, Score=0.7354, Cost=2376)
[2026-02-25 12:22:16,933] INFO - demandclean: 
训练完成! 最佳分数: 0.7354 (共 5 episodes)
[2026-02-25 12:22:16,933] INFO - demandclean:   最佳动作分布: {'no_action': 4819, 'repair_value': 2376, 'delete': 4777, 'replace_nearby': 2309}
[2026-02-25 12:22:16,938] INFO - demandclean: 
训练完成!
[2026-02-25 12:22:16,946] INFO - demandclean: 模型已保存: /Users/qianzekai/PycharmProjects/TolerDM/results/demandclean/har/v5_auto_dueling_single/model/v5_auto_dueling_single_agent.pt
[2026-02-25 12:22:16,947] INFO - demandclean: 
==================================================
[2026-02-25 12:22:16,947] INFO - demandclean: 单阶段推理
[2026-02-25 12:22:16,947] INFO - demandclean: ==================================================
[2026-02-25 12:22:20,351] INFO - demandclean:   [预修复] 利用 RAHA 标注行修复 59 个特征单元格 + 8 个标签
[2026-02-25 12:22:20,351] INFO - demandclean:   移除已修复错误: missing=14, syntactic=45, label_noise=8
