2026-01-29 21:14:56,028 - INFO - ============================================================
2026-01-29 21:14:56,028 - INFO - MLImputer 数据清洗 (mice)
2026-01-29 21:14:56,028 - INFO - ============================================================
2026-01-29 21:14:56,028 - INFO - 脏数据: Data/soilmoisture/dirty_index.csv
2026-01-29 21:14:56,028 - INFO - 干净数据: Data/soilmoisture/clean_index.csv
2026-01-29 21:14:56,028 - INFO - 任务名称: soilmoisture_mlimputer_vzekai
2026-01-29 21:14:56,028 - INFO - 插补方法: mice
2026-01-29 21:14:56,028 - INFO - ------------------------------------------------------------
2026-01-29 21:15:13,794 - INFO - 修复后数据已保存: results/mlimputer/soilmoisture_mlimputer_vzekai/soilmoisture_mlimputer_vzekai_cleaned.csv
2026-01-29 21:15:13,794 - INFO - ------------------------------------------------------------
2026-01-29 21:15:13,794 - INFO - 执行时间: 17.77 秒
2026-01-29 21:15:13,795 - INFO - 执行状态: 成功
2026-01-29 21:15:13,795 - INFO - 填充单元格数: 200
2026-01-29 21:15:13,795 - INFO - 真值使用成本: 0 (全自动)
2026-01-29 21:15:13,795 - INFO - 
2026-01-29 21:15:13,795 - INFO - ============================================================
2026-01-29 21:15:13,795 - INFO - 调用统一测评模块 getScoreML
2026-01-29 21:15:13,795 - INFO - ============================================================
2026-01-29 21:17:05,490 - INFO - 结果已保存到: results/mlimputer/soilmoisture_mlimputer_vzekai
2026-01-29 21:17:05,490 - INFO - 日志文件: results/mlimputer/soilmoisture_mlimputer_vzekai/soilmoisture_mlimputer_vzekai.log
2026-01-29 21:17:05,490 - INFO - ============================================================
