2026-01-29 19:38:42,466 - INFO - ============================================================
2026-01-29 19:38:42,466 - INFO - DeleteAll Baseline (drop_missing)
2026-01-29 19:38:42,466 - INFO - ============================================================
2026-01-29 19:38:42,466 - INFO - 脏数据: Data/adult/dirty_index.csv
2026-01-29 19:38:42,466 - INFO - 干净数据: Data/adult/clean_index.csv
2026-01-29 19:38:42,466 - INFO - 任务名称: adult_deleteall_vzekai
2026-01-29 19:38:42,466 - INFO - 删除模式: drop_missing
2026-01-29 19:38:42,466 - INFO - ------------------------------------------------------------
2026-01-29 19:38:42,948 - INFO - 输出数据已保存: results/deleteall/adult_deleteall_vzekai/adult_deleteall_vzekai_cleaned.csv
2026-01-29 19:38:42,948 - INFO - 原始行数: 45222
2026-01-29 19:38:42,948 - INFO - 保留行数: 45222
2026-01-29 19:38:42,948 - INFO - 删除行数: 0
2026-01-29 19:38:42,948 - INFO - ------------------------------------------------------------
2026-01-29 19:38:42,948 - INFO - 执行时间: 0.48 秒
2026-01-29 19:38:42,948 - INFO - 执行状态: 成功
2026-01-29 19:38:42,948 - INFO - 真值使用成本: 0
2026-01-29 19:38:42,948 - INFO - 
2026-01-29 19:38:42,948 - INFO - ============================================================
2026-01-29 19:38:42,948 - INFO - 调用统一测评模块 getScoreML
2026-01-29 19:38:42,948 - INFO - ============================================================
2026-01-29 19:50:36,467 - INFO - 结果已保存到: results/deleteall/adult_deleteall_vzekai
2026-01-29 19:50:36,467 - INFO - 日志文件: results/deleteall/adult_deleteall_vzekai/adult_deleteall_vzekai.log
2026-01-29 19:50:36,467 - INFO - ============================================================
