运行开始时间: 2026-04-08 02:36:50
============================================================
UniClean 数据清洗
============================================================
脏数据: Data/adult/dirty_index.csv
数据集: adult
任务名称: adult_uniclean_vzekai
------------------------------------------------------------
从规则文件加载清洗器: Data/adult/rules.txt
成功加载 6 个清洗器
------------------------------------------------------------
执行时间: 33.03 秒
执行状态: 成功
清洗器数量: 6
真值使用成本: 0 (全自动)

============================================================
调用统一测评模块 getScoreML
============================================================

结果已保存到: results/uniclean/adult_uniclean_vzekai
============================================================
