[2026-02-22 02:16:31,134] INFO - demandclean: ==================================================
[2026-02-22 02:16:31,134] INFO - demandclean: DemandClean 训练开始
[2026-02-22 02:16:31,134] INFO - demandclean:   检测器模式: oracle
[2026-02-22 02:16:31,134] INFO - demandclean:   训练模式: clean_base
[2026-02-22 02:16:31,135] INFO - demandclean:   Agent类型: single
[2026-02-22 02:16:31,135] INFO - demandclean:   推理模式: single_phase
[2026-02-22 02:16:31,135] INFO - demandclean:   FD规则: 4
[2026-02-22 02:16:31,135] INFO - demandclean:   丰富规则: 有
[2026-02-22 02:16:31,135] INFO - demandclean: ==================================================
[2026-02-22 02:16:31,135] INFO - demandclean: 
[Step 1] 初始化错误检测器...
[2026-02-22 02:16:31,135] INFO - demandclean: 
[Step 2] 训练 DQN Agent...
[2026-02-22 02:16:31,135] INFO - demandclean: 开始训练 (single Agent, mode=clean_base)
[2026-02-22 02:16:31,135] INFO - demandclean:   任务类型: classification
[2026-02-22 02:16:31,135] INFO - demandclean:   模型类型: xgboost
[2026-02-22 02:16:31,135] INFO - demandclean:   原始数据: 2410 行
[2026-02-22 02:16:31,135] INFO - demandclean:   基准数据: 1326 行
[2026-02-22 02:16:31,739] INFO - demandclean:   ErrorInjector: rich_rules=True, domain=3, cfd=0, fd=4
[2026-02-22 02:16:31,739] INFO - demandclean:   开始训练 DQN (50 episodes)...
[2026-02-22 02:17:11,024] INFO - demandclean:   Episode 50/50: Score=0.0000, Best=0.4796, Eps=0.778
[2026-02-22 02:17:11,024] INFO - demandclean:     Actions: {'no_action': 82, 'repair_value': 96, 'delete': 169, 'replace_nearby': 69}
[2026-02-22 02:17:11,025] INFO - demandclean: 
已恢复最佳模型权重 (Episode 2, Score=0.4796, Cost=110)
[2026-02-22 02:17:11,025] INFO - demandclean: 
训练完成! 最佳分数: 0.4796
[2026-02-22 02:17:11,025] INFO - demandclean:   最佳动作分布: {'no_action': 112, 'repair_value': 110, 'delete': 99, 'replace_nearby': 99}
[2026-02-22 02:17:11,025] INFO - demandclean: 
训练完成!
[2026-02-22 02:17:11,040] INFO - demandclean: 模型已保存: /Users/qianzekai/PycharmProjects/TolerDM/results/demandclean/beers/v3_oracle_plain_single/model/v3_oracle_plain_single_agent.pt
[2026-02-22 02:17:11,041] INFO - demandclean: 
==================================================
[2026-02-22 02:17:11,041] INFO - demandclean: 单阶段推理
[2026-02-22 02:17:11,041] INFO - demandclean: ==================================================
