[2026-02-22 02:15:53,424] INFO - demandclean: ==================================================
[2026-02-22 02:15:53,424] INFO - demandclean: DemandClean 训练开始
[2026-02-22 02:15:53,424] INFO - demandclean:   检测器模式: oracle
[2026-02-22 02:15:53,424] INFO - demandclean:   训练模式: clean_base
[2026-02-22 02:15:53,424] INFO - demandclean:   Agent类型: single
[2026-02-22 02:15:53,424] INFO - demandclean:   推理模式: single_phase
[2026-02-22 02:15:53,424] INFO - demandclean:   FD规则: 4
[2026-02-22 02:15:53,424] INFO - demandclean:   丰富规则: 有
[2026-02-22 02:15:53,424] INFO - demandclean: ==================================================
[2026-02-22 02:15:53,424] INFO - demandclean: 
[Step 1] 初始化错误检测器...
[2026-02-22 02:15:53,424] INFO - demandclean: 
[Step 2] 训练 DQN Agent...
[2026-02-22 02:15:53,424] INFO - demandclean: 开始训练 (single Agent, mode=clean_base)
[2026-02-22 02:15:53,424] INFO - demandclean:   任务类型: classification
[2026-02-22 02:15:53,424] INFO - demandclean:   模型类型: xgboost
[2026-02-22 02:15:53,424] INFO - demandclean:   原始数据: 2410 行
[2026-02-22 02:15:53,424] INFO - demandclean:   基准数据: 1326 行
[2026-02-22 02:15:54,087] INFO - demandclean:   ErrorInjector: rich_rules=True, domain=3, cfd=0, fd=4
[2026-02-22 02:15:54,088] INFO - demandclean:   开始训练 DQN (50 episodes)...
[2026-02-22 02:15:57,516] INFO - demandclean:   Episode 50/50: Score=0.0000, Best=0.0000, Eps=0.778
[2026-02-22 02:15:57,516] INFO - demandclean:     Actions: {'no_action': 80, 'repair_value': 101, 'delete': 73, 'replace_nearby': 129}
[2026-02-22 02:15:57,516] INFO - demandclean: 
已恢复最佳模型权重 (Episode 44, Score=0.0000, Cost=65)
[2026-02-22 02:15:57,516] INFO - demandclean: 
训练完成! 最佳分数: 0.0000
[2026-02-22 02:15:57,516] INFO - demandclean:   最佳动作分布: {'no_action': 62, 'repair_value': 65, 'delete': 96, 'replace_nearby': 142}
[2026-02-22 02:15:57,516] INFO - demandclean: 
训练完成!
[2026-02-22 02:15:57,520] INFO - demandclean: 模型已保存: /Users/qianzekai/PycharmProjects/TolerDM/results/demandclean/beers/v3_oracle_plain_single/model/v3_oracle_plain_single_agent.pt
[2026-02-22 02:15:57,521] INFO - demandclean: 
==================================================
[2026-02-22 02:15:57,521] INFO - demandclean: 单阶段推理
[2026-02-22 02:15:57,521] INFO - demandclean: ==================================================
