[2026-02-19 01:03:29,703] INFO - demandclean: ==================================================
[2026-02-19 01:03:29,704] INFO - demandclean: DemandClean 训练开始
[2026-02-19 01:03:29,704] INFO - demandclean:   检测器模式: oracle
[2026-02-19 01:03:29,704] INFO - demandclean:   Agent类型: single
[2026-02-19 01:03:29,704] INFO - demandclean:   推理模式: single_phase
[2026-02-19 01:03:29,704] INFO - demandclean:   FD规则: 4
[2026-02-19 01:03:29,704] INFO - demandclean: ==================================================
[2026-02-19 01:03:29,704] INFO - demandclean: 
[Step 1] 初始化错误检测器...
[2026-02-19 01:03:29,704] INFO - demandclean: 
[Step 2] 训练 DQN Agent...
[2026-02-19 01:03:29,704] INFO - demandclean: 开始训练 (single Agent)
[2026-02-19 01:03:29,704] INFO - demandclean:   任务类型: classification
[2026-02-19 01:03:29,704] INFO - demandclean:   模型类型: xgboost
[2026-02-19 01:03:29,705] INFO - demandclean:   原始数据: 2410 行
[2026-02-19 01:03:29,705] INFO - demandclean:   基准数据: 1326 行
[2026-02-19 01:03:32,755] INFO - demandclean:   开始训练 DQN...
[2026-02-19 01:04:12,347] INFO - demandclean: 
已恢复最佳模型权重 (Episode 3, Score=0.4736, Cost=85)
[2026-02-19 01:04:12,348] INFO - demandclean: 
训练完成! 最佳分数: 0.4736
[2026-02-19 01:04:12,348] INFO - demandclean:   最佳动作分布: {'no_action': 100, 'repair_value': 85, 'delete': 101, 'replace_nearby': 102}
[2026-02-19 01:04:12,349] INFO - demandclean: 
训练完成!
[2026-02-19 01:04:12,387] INFO - demandclean: 模型已保存: /Users/qianzekai/PycharmProjects/TolerDM/results/demandclean/beers/v3_oracle_plain_single/model/v3_oracle_plain_single_agent.pt
[2026-02-19 01:04:12,388] INFO - demandclean: 
==================================================
[2026-02-19 01:04:12,388] INFO - demandclean: 单阶段推理
[2026-02-19 01:04:12,388] INFO - demandclean: ==================================================
