[2026-02-25 01:22:33,623] INFO - demandclean: ==================================================
[2026-02-25 01:22:33,623] INFO - demandclean: DemandClean 训练开始
[2026-02-25 01:22:33,623] INFO - demandclean:   检测器模式: oracle
[2026-02-25 01:22:33,623] INFO - demandclean:   训练模式: self_supervised
[2026-02-25 01:22:33,623] INFO - demandclean:   Agent类型: single
[2026-02-25 01:22:33,623] INFO - demandclean:   推理模式: single_phase
[2026-02-25 01:22:33,623] INFO - demandclean:   FD规则: 4
[2026-02-25 01:22:33,623] INFO - demandclean:   丰富规则: 有
[2026-02-25 01:22:33,623] INFO - demandclean: ==================================================
[2026-02-25 01:22:33,623] INFO - demandclean: 
[Step 1] 初始化错误检测器...
[2026-02-25 01:22:33,623] INFO - demandclean: 
[Step 1.5] self_supervised 模式: 运行检测器获取错误分布...
[2026-02-25 01:22:33,654] INFO - demandclean: 
[Step 2] 训练 DQN Agent...
[2026-02-25 01:22:33,654] INFO - demandclean: 开始训练 (single Agent, mode=self_supervised)
[2026-02-25 01:22:33,654] INFO - demandclean:   任务类型: classification
[2026-02-25 01:22:33,654] INFO - demandclean:   模型类型: random_forest
[2026-02-25 01:22:33,654] INFO - demandclean:   原始数据: 2410 行
[2026-02-25 01:22:37,895] INFO - demandclean:   固定错误列表: {0: 1196, 1: 3229, 3: 2} (0=missing, 1=semantic, 2=syntactic, 3=label)
[2026-02-25 01:22:37,895] INFO - demandclean:   值估计器: ValueEstimator(FD=4 rules (3 RHS cols), DOMAIN=2 cols)
[2026-02-25 01:22:37,896] INFO - demandclean:   标签注入: 检测到 2 个标签错误, rate=0.001, symmetric=True
[2026-02-25 01:22:37,896] INFO - demandclean:   自适应注入比例范围 (基于检测结果):
[2026-02-25 01:22:37,896] INFO - demandclean:     missing: (0.0496, 0.0744)
[2026-02-25 01:22:37,896] INFO - demandclean:     semantic: (0.1340, 0.2010)
[2026-02-25 01:22:37,896] INFO - demandclean:     syntactic: 不注入
[2026-02-25 01:22:37,896] INFO - demandclean:     label: (0.0050, 0.0100)
[2026-02-25 01:22:38,497] INFO - demandclean:   固定错误列表: 4427 个, 检测位置: 4425 个
[2026-02-25 01:22:38,497] INFO - demandclean:   开始训练 DQN (3 episodes, 起始轮=0)...
[2026-02-25 01:22:45,357] INFO - demandclean: 
已恢复最佳模型权重 (Episode 3, Score=0.0000, Cost=1025)
[2026-02-25 01:22:45,358] INFO - demandclean: 
训练完成! 最佳分数: 0.0000 (共 3 episodes)
[2026-02-25 01:22:45,358] INFO - demandclean:   最佳动作分布: {'no_action': 1033, 'repair_value': 1025, 'delete': 1073, 'replace_nearby': 992}
[2026-02-25 01:22:45,359] INFO - demandclean: 
训练完成!
[2026-02-25 01:22:45,362] INFO - demandclean: 模型已保存: /Users/qianzekai/PycharmProjects/TolerDM/results/demandclean/beers/v3_oracle_plain_single/model/v3_oracle_plain_single_agent.pt
[2026-02-25 01:22:45,363] INFO - demandclean: 
==================================================
[2026-02-25 01:22:45,363] INFO - demandclean: 单阶段推理
[2026-02-25 01:22:45,363] INFO - demandclean: ==================================================
