============================================================
Lopster 数据清洗
============================================================
数据集: beers
数据路径: Data
任务名称: beers_lopster_vzekai
潜在维度: 120
训练轮数: 100
------------------------------------------------------------

准备 Lopster 数据格式（输出到 results 目录，不修改原始数据）...
  源文件: clean_index.csv, dirty_index.csv
  Lopster 数据目录: /home/qianzekai/Clean4MLBaseline/results/lopster/beers_lopster_vzekai/lopster_data/beers

生成 Lopster 训练数据 (无 index):
  - 移除 index 列
  - 转换为数值列: ['ounces', 'abv', 'ibu', 'brewery_id(带单位)']
  - 保存到: /home/qianzekai/Clean4MLBaseline/results/lopster/beers_lopster_vzekai/lopster_data/beers/clean.csv
  - 形状: (2410, 11) → (2410, 10)

生成 Lopster 清洗数据 (无 index):
  - 移除 index 列
  - 转换为数值列: ['ounces(带单位)', 'abv(带单位)', 'ibu', 'brewery_id(带单位)']
  - 保存到: /home/qianzekai/Clean4MLBaseline/results/lopster/beers_lopster_vzekai/lopster_data/beers/dirty01.csv
  - 形状: (2410, 11) → (2410, 10)

生成测评用数据 (带 index，编码后):
  - clean_encoded.csv: /home/qianzekai/Clean4MLBaseline/results/lopster/beers_lopster_vzekai/clean_encoded.csv
  - dirty_encoded.csv: /home/qianzekai/Clean4MLBaseline/results/lopster/beers_lopster_vzekai/dirty_encoded.csv

Lopster 数据准备完成!

使用预处理数据: /home/qianzekai/Clean4MLBaseline/results/lopster/beers_lopster_vzekai/lopster_data/beers
2026-01-31 02:16:20.276444: I tensorflow/core/platform/cpu_feature_guard.cc:193] This TensorFlow binary is optimized with oneAPI Deep Neural Network Library (oneDNN) to use the following CPU instructions in performance-critical operations:  AVX2 AVX512F AVX512_VNNI FMA
To enable them in other operations, rebuild TensorFlow with the appropriate compiler flags.
2026-01-31 02:16:20.494634: I tensorflow/core/util/port.cc:104] oneDNN custom operations are on. You may see slightly different numerical results due to floating-point round-off errors from different computation orders. To turn them off, set the environment variable `TF_ENABLE_ONEDNN_OPTS=0`.
2026-01-31 02:16:20.500970: W tensorflow/compiler/xla/stream_executor/platform/default/dso_loader.cc:64] Could not load dynamic library 'libcudart.so.11.0'; dlerror: libcudart.so.11.0: cannot open shared object file: No such file or directory
2026-01-31 02:16:20.501003: I tensorflow/compiler/xla/stream_executor/cuda/cudart_stub.cc:29] Ignore above cudart dlerror if you do not have a GPU set up on your machine.
2026-01-31 02:16:21.582332: W tensorflow/compiler/xla/stream_executor/platform/default/dso_loader.cc:64] Could not load dynamic library 'libnvinfer.so.7'; dlerror: libnvinfer.so.7: cannot open shared object file: No such file or directory
2026-01-31 02:16:21.582435: W tensorflow/compiler/xla/stream_executor/platform/default/dso_loader.cc:64] Could not load dynamic library 'libnvinfer_plugin.so.7'; dlerror: libnvinfer_plugin.so.7: cannot open shared object file: No such file or directory
2026-01-31 02:16:21.582448: W tensorflow/compiler/tf2tensorrt/utils/py_utils.cc:38] TF-TRT Warning: Cannot dlopen some TensorRT libraries. If you would like to use Nvidia GPU with TensorRT, please make sure the missing libraries mentioned above are installed properly.
2026-01-31 02:16:23.293582: E tensorflow/compiler/xla/stream_executor/cuda/cuda_driver.cc:267] failed call to cuInit: CUDA_ERROR_NO_DEVICE: no CUDA-capable device is detected
2026-01-31 02:16:23.293634: I tensorflow/compiler/xla/stream_executor/cuda/cuda_diagnostics.cc:156] kernel driver does not appear to be running on this host (user-NF5280M6): /proc/driver/nvidia/version does not exist
2026-01-31 02:16:23.294244: I tensorflow/core/platform/cpu_feature_guard.cc:193] This TensorFlow binary is optimized with oneAPI Deep Neural Network Library (oneDNN) to use the following CPU instructions in performance-critical operations:  AVX2 AVX512F AVX512_VNNI FMA
To enable them in other operations, rebuild TensorFlow with the appropriate compiler flags.
WARNING:tensorflow:5 out of the last 5 calls to <function pfor.<locals>.f at 0x7e8909c85e60> triggered tf.function retracing. Tracing is expensive and the excessive number of tracings could be due to (1) creating @tf.function repeatedly in a loop, (2) passing tensors with different shapes, (3) passing Python objects instead of tensors. For (1), please define your @tf.function outside of the loop. For (2), @tf.function has reduce_retracing=True option that can avoid unnecessary retracing. For (3), please refer to https://www.tensorflow.org/guide/function#controlling_retracing and https://www.tensorflow.org/api_docs/python/tf/function for  more details.
WARNING:tensorflow:6 out of the last 6 calls to <function pfor.<locals>.f at 0x7e8909ec1e60> triggered tf.function retracing. Tracing is expensive and the excessive number of tracings could be due to (1) creating @tf.function repeatedly in a loop, (2) passing tensors with different shapes, (3) passing Python objects instead of tensors. For (1), please define your @tf.function outside of the loop. For (2), @tf.function has reduce_retracing=True option that can avoid unnecessary retracing. For (3), please refer to https://www.tensorflow.org/guide/function#controlling_retracing and https://www.tensorflow.org/api_docs/python/tf/function for  more details.
------------------------------------------------------------
执行时间: 43.69 秒
执行状态: 成功
真值使用成本: 2410 行 (用于训练VAE)

后处理 Lopster 输出...
  Lopster 输出行数: 2410
  原始数据行数: 2410
  还原 ID/日期列: ['brewery_id', 'beer_name']
  还原 index 列
  最终列顺序: ['index', 'id', 'beer_name', 'style', 'ounces', 'abv', 'ibu', 'brewery_id', 'brewery_name', 'city', 'state']
  保存到: /home/qianzekai/Clean4MLBaseline/results/lopster/beers_lopster_vzekai/beers_lopster_vzekai_cleaned.csv
  最终行数: 2410

============================================================
调用统一测评模块 getScoreML
============================================================
使用编码后的数据进行测评（确保格式一致）:
  - dirty: /home/qianzekai/Clean4MLBaseline/results/lopster/beers_lopster_vzekai/dirty_encoded.csv
  - cleaned: /home/qianzekai/Clean4MLBaseline/results/lopster/beers_lopster_vzekai/beers_lopster_vzekai_cleaned.csv
  - clean: /home/qianzekai/Clean4MLBaseline/results/lopster/beers_lopster_vzekai/clean_encoded.csv
/home/qianzekai/miniconda3/envs/multibaseline/lib/python3.7/site-packages/sklearn/metrics/_classification.py:1245: UndefinedMetricWarning: Precision is ill-defined and being set to 0.0 in labels with no predicted samples. Use `zero_division` parameter to control this behavior.
  _warn_prf(average, modifier, msg_start, len(result))
/home/qianzekai/miniconda3/envs/multibaseline/lib/python3.7/site-packages/sklearn/metrics/_classification.py:1245: UndefinedMetricWarning: Recall is ill-defined and being set to 0.0 in labels with no true samples. Use `zero_division` parameter to control this behavior.
  _warn_prf(average, modifier, msg_start, len(result))
/home/qianzekai/miniconda3/envs/multibaseline/lib/python3.7/site-packages/sklearn/metrics/_classification.py:1245: UndefinedMetricWarning: Precision is ill-defined and being set to 0.0 in labels with no predicted samples. Use `zero_division` parameter to control this behavior.
  _warn_prf(average, modifier, msg_start, len(result))
/home/qianzekai/miniconda3/envs/multibaseline/lib/python3.7/site-packages/sklearn/metrics/_classification.py:1245: UndefinedMetricWarning: Recall is ill-defined and being set to 0.0 in labels with no true samples. Use `zero_division` parameter to control this behavior.
  _warn_prf(average, modifier, msg_start, len(result))
/home/qianzekai/miniconda3/envs/multibaseline/lib/python3.7/site-packages/sklearn/metrics/_classification.py:1245: UndefinedMetricWarning: Precision is ill-defined and being set to 0.0 in labels with no predicted samples. Use `zero_division` parameter to control this behavior.
  _warn_prf(average, modifier, msg_start, len(result))
/home/qianzekai/miniconda3/envs/multibaseline/lib/python3.7/site-packages/sklearn/metrics/_classification.py:1245: UndefinedMetricWarning: Precision is ill-defined and being set to 0.0 in labels with no predicted samples. Use `zero_division` parameter to control this behavior.
  _warn_prf(average, modifier, msg_start, len(result))
/home/qianzekai/miniconda3/envs/multibaseline/lib/python3.7/site-packages/sklearn/metrics/_classification.py:1245: UndefinedMetricWarning: Recall is ill-defined and being set to 0.0 in labels with no true samples. Use `zero_division` parameter to control this behavior.
  _warn_prf(average, modifier, msg_start, len(result))
/home/qianzekai/miniconda3/envs/multibaseline/lib/python3.7/site-packages/sklearn/metrics/_classification.py:1245: UndefinedMetricWarning: Precision is ill-defined and being set to 0.0 in labels with no predicted samples. Use `zero_division` parameter to control this behavior.
  _warn_prf(average, modifier, msg_start, len(result))
/home/qianzekai/miniconda3/envs/multibaseline/lib/python3.7/site-packages/sklearn/metrics/_classification.py:1245: UndefinedMetricWarning: Recall is ill-defined and being set to 0.0 in labels with no true samples. Use `zero_division` parameter to control this behavior.
  _warn_prf(average, modifier, msg_start, len(result))
/home/qianzekai/miniconda3/envs/multibaseline/lib/python3.7/site-packages/sklearn/metrics/_classification.py:1245: UndefinedMetricWarning: Precision is ill-defined and being set to 0.0 in labels with no predicted samples. Use `zero_division` parameter to control this behavior.
  _warn_prf(average, modifier, msg_start, len(result))
/home/qianzekai/miniconda3/envs/multibaseline/lib/python3.7/site-packages/sklearn/metrics/_classification.py:1245: UndefinedMetricWarning: Recall is ill-defined and being set to 0.0 in labels with no true samples. Use `zero_division` parameter to control this behavior.
  _warn_prf(average, modifier, msg_start, len(result))
[1;34m[02:18:14][0m[1;33m WARNING Snoopy may use all CPU cores! Set env. variable 'SNOOPY_LIMIT_CPU' to 'y' to limit CPU usage. [0m[1;34m(__init__ -> _init_tf_pytorch on MainThread)[0m
/home/qianzekai/miniconda3/envs/multibaseline/lib/python3.7/site-packages/sklearn/model_selection/_split.py:668: UserWarning: The least populated class in y has only 1 members, which is less than n_splits=5.
  % (min_groups, self.n_splits)), UserWarning)
/home/qianzekai/miniconda3/envs/multibaseline/lib/python3.7/site-packages/sklearn/model_selection/_split.py:668: UserWarning: The least populated class in y has only 1 members, which is less than n_splits=5.
  % (min_groups, self.n_splits)), UserWarning)
/home/qianzekai/miniconda3/envs/multibaseline/lib/python3.7/site-packages/sklearn/model_selection/_split.py:668: UserWarning: The least populated class in y has only 1 members, which is less than n_splits=5.
  % (min_groups, self.n_splits)), UserWarning)

结果已保存到: /home/qianzekai/Clean4MLBaseline/results/lopster/beers_lopster_vzekai
============================================================
TensorFlow version: 2.11.0
Clean数据总量: 2410 行
使用比例: 100.0%
实际使用: 2410 行
Unique Values per column:
  id              2410
style            101
ounces             8
abv               75
ibu              109
brewery_name     553
city             386
state             51
dtype: int64
numeric: Index(['id', 'ounces', 'abv', 'ibu', 'brewery_id'], dtype='object')
categorical: Index(['beer_name', 'style', 'brewery_name', 'city', 'state'], dtype='object')
======================================================================
Clean4MLBaseline 统一测评 - beers_lopster_vzekai
======================================================================

[1/5] 传统清洗指标
--------------------------------------------------
调试文件已保存到: /home/qianzekai/Clean4MLBaseline/results/lopster/beers_lopster_vzekai/debug
修复准确率: 0.00017139918871050678, 修复召回率: 0.003816793893129771, F1值: 0.0003280660424055954
========================================
错误减少率 (EDR): -21.300254452926207
========================================
混合距离 (Hybrid Distance): 0.3472688084031519
========================================
基于条目的错误减少率 (R-EDR): -2.837579617834395
========================================
numeric: Index(['id', 'ounces', 'abv', 'ibu', 'brewery_id'], dtype='object')
categorical: Index(['beer_name', 'style', 'brewery_name', 'city', 'state'], dtype='object')
列级平均RMSE (数值列, 归一化): 0.655710
  id: 0.468333
  ounces: 0.701035
  abv: 0.998336
  ibu: 1.085015
  brewery_id: 0.025829
列级平均F1 (类别列, weighted): 0.354608
  beer_name: 1.000000
  style: 0.173543
  brewery_name: 0.199804
  city: 0.222059
  state: 0.177637
========================================

[2/5] 下游任务性能 (classification)
--------------------------------------------------
RF - Accuracy: 0.2863, F1: 0.2458, Precision: 0.2619, Recall: 0.2863
LR - Accuracy: 0.2116, F1: 0.1203, Precision: 0.0864, Recall: 0.2116
SVM - Accuracy: 0.2116, F1: 0.1275, Precision: 0.1442, Recall: 0.2116
KNN - Accuracy: 0.2054, F1: 0.1659, Precision: 0.1548, Recall: 0.2054
DT - Accuracy: 0.1950, F1: 0.1940, Precision: 0.2133, Recall: 0.1950
GB - Accuracy: 0.2282, F1: 0.2034, Precision: 0.2070, Recall: 0.2282

[3/5] 模型容忍度
--------------------------------------------------

容忍度计算结果:
  P_do_nothing (脏数据性能): 0.3714
  P_demand_clean (清洗后性能): 0.2199
  P_repair_all (完全修复性能): 0.3817
  先验容忍度 (Tolerance_prior): 0.5922
  后验容忍度 (Tolerance_post): -14.6000

[4/5] Snoopy上界评估
--------------------------------------------------
Snoopy模块可用，正在评估数据质量上界...
  脏数据上界: 0.2560
  清洗后上界: 0.0813
  干净数据上界: 0.2701
  上界提升比例: -12.3824

[5/5] 真值使用成本
--------------------------------------------------
  方法类型: Type 2 (需验证集)
  实际真值使用: 2410
  理想最小成本: 3
  总修改单元格: 19911
  正确修复: 3
  错误修复: 19908

======================================================================
测评完成，结果已保存到: /home/qianzekai/Clean4MLBaseline/results/lopster/beers_lopster_vzekai/beers_lopster_vzekai_report.txt
======================================================================
