============================================================
Lopster 数据清洗
============================================================
数据集: bike
数据路径: Data
任务名称: bike_lopster_vzekai
潜在维度: 120
训练轮数: 100
------------------------------------------------------------

准备 Lopster 数据格式（输出到 results 目录，不修改原始数据）...
  源文件: clean_index.csv, dirty_index.csv
  Lopster 数据目录: /home/qianzekai/Clean4MLBaseline/results/lopster/bike_lopster_vzekai/lopster_data/bike

生成 Lopster 训练数据 (无 index):
  - 移除 index 列
  - 保存到: /home/qianzekai/Clean4MLBaseline/results/lopster/bike_lopster_vzekai/lopster_data/bike/clean.csv
  - 形状: (17379, 17) → (17379, 16)

生成 Lopster 清洗数据 (无 index):
  - 移除 index 列
  - 保存到: /home/qianzekai/Clean4MLBaseline/results/lopster/bike_lopster_vzekai/lopster_data/bike/dirty01.csv
  - 形状: (17379, 17) → (17379, 16)

生成测评用数据 (带 index，编码后):
  - clean_encoded.csv: /home/qianzekai/Clean4MLBaseline/results/lopster/bike_lopster_vzekai/clean_encoded.csv
  - dirty_encoded.csv: /home/qianzekai/Clean4MLBaseline/results/lopster/bike_lopster_vzekai/dirty_encoded.csv

Lopster 数据准备完成!

使用预处理数据: /home/qianzekai/Clean4MLBaseline/results/lopster/bike_lopster_vzekai/lopster_data/bike
2026-01-31 02:18:42.142277: I tensorflow/core/platform/cpu_feature_guard.cc:193] This TensorFlow binary is optimized with oneAPI Deep Neural Network Library (oneDNN) to use the following CPU instructions in performance-critical operations:  AVX2 AVX512F AVX512_VNNI FMA
To enable them in other operations, rebuild TensorFlow with the appropriate compiler flags.
2026-01-31 02:18:42.266439: I tensorflow/core/util/port.cc:104] oneDNN custom operations are on. You may see slightly different numerical results due to floating-point round-off errors from different computation orders. To turn them off, set the environment variable `TF_ENABLE_ONEDNN_OPTS=0`.
2026-01-31 02:18:42.270136: W tensorflow/compiler/xla/stream_executor/platform/default/dso_loader.cc:64] Could not load dynamic library 'libcudart.so.11.0'; dlerror: libcudart.so.11.0: cannot open shared object file: No such file or directory
2026-01-31 02:18:42.270151: I tensorflow/compiler/xla/stream_executor/cuda/cudart_stub.cc:29] Ignore above cudart dlerror if you do not have a GPU set up on your machine.
2026-01-31 02:18:42.845573: W tensorflow/compiler/xla/stream_executor/platform/default/dso_loader.cc:64] Could not load dynamic library 'libnvinfer.so.7'; dlerror: libnvinfer.so.7: cannot open shared object file: No such file or directory
2026-01-31 02:18:42.845632: W tensorflow/compiler/xla/stream_executor/platform/default/dso_loader.cc:64] Could not load dynamic library 'libnvinfer_plugin.so.7'; dlerror: libnvinfer_plugin.so.7: cannot open shared object file: No such file or directory
2026-01-31 02:18:42.845638: W tensorflow/compiler/tf2tensorrt/utils/py_utils.cc:38] TF-TRT Warning: Cannot dlopen some TensorRT libraries. If you would like to use Nvidia GPU with TensorRT, please make sure the missing libraries mentioned above are installed properly.
2026-01-31 02:18:43.824177: E tensorflow/compiler/xla/stream_executor/cuda/cuda_driver.cc:267] failed call to cuInit: CUDA_ERROR_NO_DEVICE: no CUDA-capable device is detected
2026-01-31 02:18:43.824207: I tensorflow/compiler/xla/stream_executor/cuda/cuda_diagnostics.cc:156] kernel driver does not appear to be running on this host (user-NF5280M6): /proc/driver/nvidia/version does not exist
2026-01-31 02:18:43.824558: I tensorflow/core/platform/cpu_feature_guard.cc:193] This TensorFlow binary is optimized with oneAPI Deep Neural Network Library (oneDNN) to use the following CPU instructions in performance-critical operations:  AVX2 AVX512F AVX512_VNNI FMA
To enable them in other operations, rebuild TensorFlow with the appropriate compiler flags.
WARNING:tensorflow:5 out of the last 5 calls to <function pfor.<locals>.f at 0x7feedfcdbcb0> triggered tf.function retracing. Tracing is expensive and the excessive number of tracings could be due to (1) creating @tf.function repeatedly in a loop, (2) passing tensors with different shapes, (3) passing Python objects instead of tensors. For (1), please define your @tf.function outside of the loop. For (2), @tf.function has reduce_retracing=True option that can avoid unnecessary retracing. For (3), please refer to https://www.tensorflow.org/guide/function#controlling_retracing and https://www.tensorflow.org/api_docs/python/tf/function for  more details.
WARNING:tensorflow:6 out of the last 6 calls to <function pfor.<locals>.f at 0x7feedfcdbcb0> triggered tf.function retracing. Tracing is expensive and the excessive number of tracings could be due to (1) creating @tf.function repeatedly in a loop, (2) passing tensors with different shapes, (3) passing Python objects instead of tensors. For (1), please define your @tf.function outside of the loop. For (2), @tf.function has reduce_retracing=True option that can avoid unnecessary retracing. For (3), please refer to https://www.tensorflow.org/guide/function#controlling_retracing and https://www.tensorflow.org/api_docs/python/tf/function for  more details.
------------------------------------------------------------
执行时间: 236.12 秒
执行状态: 成功
真值使用成本: 17379 行 (用于训练VAE)

后处理 Lopster 输出...
  Lopster 输出行数: 17379
  原始数据行数: 17379
  还原 ID/日期列: ['dteday']
  还原 index 列
  最终列顺序: ['index', 'dteday', 'season', 'yr', 'mnth', 'hr', 'holiday', 'weekday', 'workingday', 'weathersit', 'temp', 'atemp', 'hum', 'windspeed', 'casual', 'registered', 'cnt']
  保存到: /home/qianzekai/Clean4MLBaseline/results/lopster/bike_lopster_vzekai/bike_lopster_vzekai_cleaned.csv
  最终行数: 17379

============================================================
调用统一测评模块 getScoreML
============================================================
使用编码后的数据进行测评（确保格式一致）:
  - dirty: /home/qianzekai/Clean4MLBaseline/results/lopster/bike_lopster_vzekai/dirty_encoded.csv
  - cleaned: /home/qianzekai/Clean4MLBaseline/results/lopster/bike_lopster_vzekai/bike_lopster_vzekai_cleaned.csv
  - clean: /home/qianzekai/Clean4MLBaseline/results/lopster/bike_lopster_vzekai/clean_encoded.csv
[1;34m[02:23:37][0m[1;33m WARNING Snoopy may use all CPU cores! Set env. variable 'SNOOPY_LIMIT_CPU' to 'y' to limit CPU usage. [0m[1;34m(__init__ -> _init_tf_pytorch on MainThread)[0m

结果已保存到: /home/qianzekai/Clean4MLBaseline/results/lopster/bike_lopster_vzekai
============================================================
TensorFlow version: 2.11.0
Clean数据总量: 17379 行
使用比例: 100.0%
实际使用: 17379 行
Unique Values per column:
  season          4
yr              2
mnth           12
hr             24
holiday         2
weekday         7
workingday      2
weathersit      4
temp           50
atemp          65
hum            89
windspeed      30
casual        322
registered    776
cnt           869
dtype: int64
numeric: Index(['dteday', 'season', 'yr', 'mnth', 'hr', 'holiday', 'weekday',
       'workingday', 'weathersit', 'temp', 'atemp', 'hum', 'windspeed',
       'casual', 'registered', 'cnt'],
      dtype='object')
categorical: Index([], dtype='object')
======================================================================
Clean4MLBaseline 统一测评 - bike_lopster_vzekai
======================================================================

[1/5] 传统清洗指标
--------------------------------------------------
调试文件已保存到: /home/qianzekai/Clean4MLBaseline/results/lopster/bike_lopster_vzekai/debug
修复准确率: 0.10706781344377707, 修复召回率: 0.35752639653460877, F1值: 0.16478711398032647
========================================
错误减少率 (EDR): -2.2608519086725023
========================================
混合距离 (Hybrid Distance): 94.15729929899753
========================================
基于条目的错误减少率 (R-EDR): -0.02834319526627219
========================================
numeric: Index(['dteday', 'season', 'yr', 'mnth', 'hr', 'holiday', 'weekday',
       'workingday', 'weathersit', 'temp', 'atemp', 'hum', 'windspeed',
       'casual', 'registered', 'cnt'],
      dtype='object')
categorical: (none)
列级平均RMSE (数值列, 归一化): 0.548265
  dteday: 0.899367
  season: 0.985555
  yr: 0.318236
  mnth: 0.714627
  hr: 0.473876
  holiday: 1.025804
  weekday: 0.400979
  workingday: 0.448132
  weathersit: 0.516489
  temp: 0.446628
  atemp: 0.465954
  hum: 0.503376
  windspeed: 0.547577
  casual: 0.410816
  registered: 0.303453
  cnt: 0.311364
列级平均F1: N/A (无类别列)
========================================

[2/5] 下游任务性能 (regression)
--------------------------------------------------
RF - MSE: 1112.6944, R2: 0.9649, MAE: 14.5974, RMSE: 33.3571
LR - MSE: 2055.3958, R2: 0.9351, MAE: 25.8737, RMSE: 45.3365
RIDGE - MSE: 2055.4003, R2: 0.9351, MAE: 25.8703, RMSE: 45.3365
LASSO - MSE: 2055.2969, R2: 0.9351, MAE: 25.4721, RMSE: 45.3354
KNN - MSE: 2538.0398, R2: 0.9198, MAE: 32.1830, RMSE: 50.3790
GB - MSE: 1250.2257, R2: 0.9605, MAE: 16.8931, RMSE: 35.3585

[3/5] 模型容忍度
--------------------------------------------------

容忍度计算结果:
  P_do_nothing (脏数据性能): -4012.2852
  P_demand_clean (清洗后性能): -1336.7005
  P_repair_all (完全修复性能): -7.8371
  先验容忍度 (Tolerance_prior): 0.3332
  后验容忍度 (Tolerance_post): 0.6682

[4/5] Snoopy上界评估
--------------------------------------------------
Snoopy模块可用，正在评估数据质量上界...
数据集较大 (17379 行)，对Snoopy评估进行采样到 10000 行
  脏数据上界: 1415.0862
  清洗后上界: 842.3228
  干净数据上界: 12.2342
  上界提升比例: 0.4083

[5/5] 真值使用成本
--------------------------------------------------
  方法类型: Type 2 (需验证集)
  实际真值使用: 17379
  理想最小成本: 15847
  总修改单元格: 148009
  正确修复: 15847
  错误修复: 132162

======================================================================
测评完成，结果已保存到: /home/qianzekai/Clean4MLBaseline/results/lopster/bike_lopster_vzekai/bike_lopster_vzekai_report.txt
======================================================================
