============================================================
Lopster 数据清洗
============================================================
数据集: breast_cancer
数据路径: Data
任务名称: breast_cancer_lopster_vzekai
潜在维度: 120
训练轮数: 100
------------------------------------------------------------

准备 Lopster 数据格式（输出到 results 目录，不修改原始数据）...
  源文件: clean_index.csv, dirty_index.csv
  Lopster 数据目录: /home/qianzekai/Clean4MLBaseline/results/lopster/breast_cancer_lopster_vzekai/lopster_data/breast_cancer

生成 Lopster 训练数据 (无 index):
  - 移除 index 列
  - 转换为数值列: ['Bare Nuclei(带单位)']
  - 保存到: /home/qianzekai/Clean4MLBaseline/results/lopster/breast_cancer_lopster_vzekai/lopster_data/breast_cancer/clean.csv
  - 形状: (699, 11) → (699, 10)

生成 Lopster 清洗数据 (无 index):
  - 移除 index 列
  - 转换为数值列: ['Clump Thickness(带单位)', 'Uniformity of Cell Size', 'Uniformity of Cell Shape', 'Marginal Adhesion(带单位)', 'Single Epithelial Cell Size', 'Bare Nuclei(带单位)', 'Bland Chromatin', 'Normal Nucleoli(带单位)', 'Mitoses']
  - 保存到: /home/qianzekai/Clean4MLBaseline/results/lopster/breast_cancer_lopster_vzekai/lopster_data/breast_cancer/dirty01.csv
  - 形状: (699, 11) → (699, 10)

生成测评用数据 (带 index，编码后):
  - clean_encoded.csv: /home/qianzekai/Clean4MLBaseline/results/lopster/breast_cancer_lopster_vzekai/clean_encoded.csv
  - dirty_encoded.csv: /home/qianzekai/Clean4MLBaseline/results/lopster/breast_cancer_lopster_vzekai/dirty_encoded.csv

Lopster 数据准备完成!

使用预处理数据: /home/qianzekai/Clean4MLBaseline/results/lopster/breast_cancer_lopster_vzekai/lopster_data/breast_cancer
2026-01-31 02:27:40.301454: I tensorflow/core/platform/cpu_feature_guard.cc:193] This TensorFlow binary is optimized with oneAPI Deep Neural Network Library (oneDNN) to use the following CPU instructions in performance-critical operations:  AVX2 AVX512F AVX512_VNNI FMA
To enable them in other operations, rebuild TensorFlow with the appropriate compiler flags.
2026-01-31 02:27:40.418111: I tensorflow/core/util/port.cc:104] oneDNN custom operations are on. You may see slightly different numerical results due to floating-point round-off errors from different computation orders. To turn them off, set the environment variable `TF_ENABLE_ONEDNN_OPTS=0`.
2026-01-31 02:27:40.422135: W tensorflow/compiler/xla/stream_executor/platform/default/dso_loader.cc:64] Could not load dynamic library 'libcudart.so.11.0'; dlerror: libcudart.so.11.0: cannot open shared object file: No such file or directory
2026-01-31 02:27:40.422154: I tensorflow/compiler/xla/stream_executor/cuda/cudart_stub.cc:29] Ignore above cudart dlerror if you do not have a GPU set up on your machine.
2026-01-31 02:27:40.997597: W tensorflow/compiler/xla/stream_executor/platform/default/dso_loader.cc:64] Could not load dynamic library 'libnvinfer.so.7'; dlerror: libnvinfer.so.7: cannot open shared object file: No such file or directory
2026-01-31 02:27:40.997656: W tensorflow/compiler/xla/stream_executor/platform/default/dso_loader.cc:64] Could not load dynamic library 'libnvinfer_plugin.so.7'; dlerror: libnvinfer_plugin.so.7: cannot open shared object file: No such file or directory
2026-01-31 02:27:40.997666: W tensorflow/compiler/tf2tensorrt/utils/py_utils.cc:38] TF-TRT Warning: Cannot dlopen some TensorRT libraries. If you would like to use Nvidia GPU with TensorRT, please make sure the missing libraries mentioned above are installed properly.
2026-01-31 02:27:41.925951: E tensorflow/compiler/xla/stream_executor/cuda/cuda_driver.cc:267] failed call to cuInit: CUDA_ERROR_NO_DEVICE: no CUDA-capable device is detected
2026-01-31 02:27:41.925977: I tensorflow/compiler/xla/stream_executor/cuda/cuda_diagnostics.cc:156] kernel driver does not appear to be running on this host (user-NF5280M6): /proc/driver/nvidia/version does not exist
2026-01-31 02:27:41.926321: I tensorflow/core/platform/cpu_feature_guard.cc:193] This TensorFlow binary is optimized with oneAPI Deep Neural Network Library (oneDNN) to use the following CPU instructions in performance-critical operations:  AVX2 AVX512F AVX512_VNNI FMA
To enable them in other operations, rebuild TensorFlow with the appropriate compiler flags.
WARNING:tensorflow:From /home/qianzekai/miniconda3/envs/multibaseline/lib/python3.7/site-packages/tensorflow/python/autograph/pyct/static_analysis/liveness.py:83: Analyzer.lamba_check (from tensorflow.python.autograph.pyct.static_analysis.liveness) is deprecated and will be removed after 2023-09-23.
Instructions for updating:
Lambda fuctions will be no more assumed to be used in the statement where they are used, or at least in the same block. https://github.com/tensorflow/tensorflow/issues/56089
2.37317038      0
1.48538709      0
1.2258389      0
1.28186369      0
1.14217162      0
1.25223815      0
1.26403499      0
1.24023628      0
1.19392502      0
1.05396116      0
WARNING:tensorflow:Compiled the loaded model, but the compiled metrics have yet to be built. `model.compile_metrics` will be empty until you train or evaluate the model.
WARNING:tensorflow:Compiled the loaded model, but the compiled metrics have yet to be built. `model.compile_metrics` will be empty until you train or evaluate the model.
TensorFlow version: 2.11.0
Clean数据总量: 699 行
使用比例: 100.0%
实际使用: 699 行
Unique Values per column:
  Clump Thickness                10
Uniformity of Cell Size        10
Uniformity of Cell Shape       10
Marginal Adhesion              10
Single Epithelial Cell Size    10
Bare Nuclei                    10
Bland Chromatin                10
Normal Nucleoli                10
Mitoses                         9
class                           2
dtype: int64
Model: "model"
__________________________________________________________________________________________________
 Layer (type)                   Output Shape         Param #     Connected to                     
==================================================================================================
 input_1 (InputLayer)           [(None, 10)]         0           []                               
                                                                                                  
 dense (Dense)                  (None, 120)          1200        ['input_1[0][0]']                
                                                                                                  
 dense_1 (Dense)                (None, 120)          1200        ['input_1[0][0]']                
                                                                                                  
 dense_2 (Dense)                (None, 120)          1200        ['input_1[0][0]']                
                                                                                                  
 dense_3 (Dense)                (None, 120)          1200        ['input_1[0][0]']                
                                                                                                  
 dense_4 (Dense)                (None, 120)          1200        ['input_1[0][0]']                
                                                                                                  
 dense_5 (Dense)                (None, 120)          1200        ['input_1[0][0]']                
                                                                                                  
 dense_6 (Dense)                (None, 120)          1200        ['input_1[0][0]']                
                                                                                                  
 dense_7 (Dense)                (None, 120)          1200        ['input_1[0][0]']                
                                                                                                  
 dense_8 (Dense)                (None, 120)          1200        ['input_1[0][0]']                
                                                                                                  
 dense_9 (Dense)                (None, 120)          1200        ['input_1[0][0]']                
                                                                                                  
==================================================================================================
Total params: 12,000
Trainable params: 12,000
Non-trainable params: 0
__________________________________________________________________________________________________
WARNING:tensorflow:5 out of the last 5 calls to <function pfor.<locals>.f at 0x7701bddf8170> triggered tf.function retracing. Tracing is expensive and the excessive number of tracings could be due to (1) creating @tf.function repeatedly in a loop, (2) passing tensors with different shapes, (3) passing Python objects instead of tensors. For (1), please define your @tf.function outside of the loop. For (2), @tf.function has reduce_retracing=True option that can avoid unnecessary retracing. For (3), please refer to https://www.tensorflow.org/guide/function#controlling_retracing and https://www.tensorflow.org/api_docs/python/tf/function for  more details.
WARNING:tensorflow:6 out of the last 6 calls to <function pfor.<locals>.f at 0x7701bddf8290> triggered tf.function retracing. Tracing is expensive and the excessive number of tracings could be due to (1) creating @tf.function repeatedly in a loop, (2) passing tensors with different shapes, (3) passing Python objects instead of tensors. For (1), please define your @tf.function outside of the loop. For (2), @tf.function has reduce_retracing=True option that can avoid unnecessary retracing. For (3), please refer to https://www.tensorflow.org/guide/function#controlling_retracing and https://www.tensorflow.org/api_docs/python/tf/function for  more details.
------------------------------------------------------------
执行时间: 28.09 秒
执行状态: 成功
真值使用成本: 699 行 (用于训练VAE)

后处理 Lopster 输出...
  Lopster 输出行数: 699
  原始数据行数: 699
  还原 index 列
  最终列顺序: ['index', 'Clump Thickness', 'Uniformity of Cell Size', 'Uniformity of Cell Shape', 'Marginal Adhesion', 'Single Epithelial Cell Size', 'Bare Nuclei', 'Bland Chromatin', 'Normal Nucleoli', 'Mitoses', 'class']
  保存到: /home/qianzekai/Clean4MLBaseline/results/lopster/breast_cancer_lopster_vzekai/breast_cancer_lopster_vzekai_cleaned.csv
  最终行数: 699

============================================================
调用统一测评模块 getScoreML
============================================================
使用编码后的数据进行测评（确保格式一致）:
  - dirty: /home/qianzekai/Clean4MLBaseline/results/lopster/breast_cancer_lopster_vzekai/dirty_encoded.csv
  - cleaned: /home/qianzekai/Clean4MLBaseline/results/lopster/breast_cancer_lopster_vzekai/breast_cancer_lopster_vzekai_cleaned.csv
  - clean: /home/qianzekai/Clean4MLBaseline/results/lopster/breast_cancer_lopster_vzekai/clean_encoded.csv
[1;34m[02:28:10][0m[1;33m WARNING Snoopy may use all CPU cores! Set env. variable 'SNOOPY_LIMIT_CPU' to 'y' to limit CPU usage. [0m[1;34m(__init__ -> _init_tf_pytorch on MainThread)[0m

结果已保存到: /home/qianzekai/Clean4MLBaseline/results/lopster/breast_cancer_lopster_vzekai
============================================================
None
numeric: Index(['Clump Thickness', 'Uniformity of Cell Size',
       'Uniformity of Cell Shape', 'Marginal Adhesion',
       'Single Epithelial Cell Size', 'Bare Nuclei', 'Bland Chromatin',
       'Normal Nucleoli', 'Mitoses', 'class'],
      dtype='object')
categorical: Index([], dtype='object')
======================================================================
Clean4MLBaseline 统一测评 - breast_cancer_lopster_vzekai
======================================================================

[1/5] 传统清洗指标
--------------------------------------------------
调试文件已保存到: /home/qianzekai/Clean4MLBaseline/results/lopster/breast_cancer_lopster_vzekai/debug
修复准确率: 0.018829516539440202, 修复召回率: 0.1423076923076923, F1值: 0.033258426945652314
========================================
错误减少率 (EDR): -6.459615384615384
========================================
混合距离 (Hybrid Distance): 0.37814227511364484
========================================
基于条目的错误减少率 (R-EDR): -0.7361809045226131
========================================
numeric: Index(['Clump Thickness', 'Uniformity of Cell Size',
       'Uniformity of Cell Shape', 'Marginal Adhesion',
       'Single Epithelial Cell Size', 'Bare Nuclei', 'Bland Chromatin',
       'Normal Nucleoli', 'Mitoses', 'class'],
      dtype='object')
categorical: (none)
列级平均RMSE (数值列, 归一化): 0.550103
  Clump Thickness: 0.554085
  Uniformity of Cell Size: 0.502633
  Uniformity of Cell Shape: 0.477051
  Marginal Adhesion: 0.618071
  Single Epithelial Cell Size: 0.590908
  Bare Nuclei: 0.511967
  Bland Chromatin: 0.579985
  Normal Nucleoli: 0.564358
  Mitoses: 0.626162
  class: 0.475812
列级平均F1: N/A (无类别列)
========================================

[2/5] 下游任务性能 (classification)
--------------------------------------------------
RF - Accuracy: 0.9571, F1: 0.9571, Precision: 0.9571, Recall: 0.9571
LR - Accuracy: 0.9643, F1: 0.9639, Precision: 0.9647, Recall: 0.9643
SVM - Accuracy: 0.9714, F1: 0.9716, Precision: 0.9722, Recall: 0.9714
KNN - Accuracy: 0.9786, F1: 0.9784, Precision: 0.9792, Recall: 0.9786
DT - Accuracy: 0.9357, F1: 0.9355, Precision: 0.9354, Recall: 0.9357
GB - Accuracy: 0.9429, F1: 0.9432, Precision: 0.9439, Recall: 0.9429

[3/5] 模型容忍度
--------------------------------------------------

容忍度计算结果:
  P_do_nothing (脏数据性能): 0.9856
  P_demand_clean (清洗后性能): 0.9353
  P_repair_all (完全修复性能): 0.9712
  先验容忍度 (Tolerance_prior): 0.9489
  后验容忍度 (Tolerance_post): 3.5000

[4/5] Snoopy上界评估
--------------------------------------------------
Snoopy模块可用，正在评估数据质量上界...
  脏数据上界: 0.9528
  清洗后上界: 0.9299
  干净数据上界: 0.9657
  上界提升比例: -1.7819

[5/5] 真值使用成本
--------------------------------------------------
  方法类型: Type 2 (需验证集)
  实际真值使用: 699
  理想最小成本: 0
  总修改单元格: 6990
  正确修复: 0
  错误修复: 6990

======================================================================
测评完成，结果已保存到: /home/qianzekai/Clean4MLBaseline/results/lopster/breast_cancer_lopster_vzekai/breast_cancer_lopster_vzekai_report.txt
======================================================================
