============================================================
Lopster 数据清洗
============================================================
数据集: har
数据路径: Data
任务名称: har_lopster_vzekai
潜在维度: 120
训练轮数: 100
------------------------------------------------------------

准备 Lopster 数据格式（输出到 results 目录，不修改原始数据）...
  源文件: clean_index.csv, dirty_index.csv
  Lopster 数据目录: /home/qianzekai/Clean4MLBaseline/results/lopster/har_lopster_vzekai/lopster_data/har

生成 Lopster 训练数据 (无 index):
  - 移除 index 列
  - 保存到: /home/qianzekai/Clean4MLBaseline/results/lopster/har_lopster_vzekai/lopster_data/har/clean.csv
  - 形状: (70000, 5) → (70000, 4)

生成 Lopster 清洗数据 (无 index):
  - 移除 index 列
  - 转换为数值列: ['x', 'y', 'z']
  - 保存到: /home/qianzekai/Clean4MLBaseline/results/lopster/har_lopster_vzekai/lopster_data/har/dirty01.csv
  - 形状: (70000, 5) → (70000, 4)

生成测评用数据 (带 index，编码后):
  - clean_encoded.csv: /home/qianzekai/Clean4MLBaseline/results/lopster/har_lopster_vzekai/clean_encoded.csv
  - dirty_encoded.csv: /home/qianzekai/Clean4MLBaseline/results/lopster/har_lopster_vzekai/dirty_encoded.csv

Lopster 数据准备完成!

使用预处理数据: /home/qianzekai/Clean4MLBaseline/results/lopster/har_lopster_vzekai/lopster_data/har
2026-01-31 09:50:59.177317: I tensorflow/core/platform/cpu_feature_guard.cc:193] This TensorFlow binary is optimized with oneAPI Deep Neural Network Library (oneDNN) to use the following CPU instructions in performance-critical operations:  AVX2 AVX512F AVX512_VNNI FMA
To enable them in other operations, rebuild TensorFlow with the appropriate compiler flags.
2026-01-31 09:50:59.288463: I tensorflow/core/util/port.cc:104] oneDNN custom operations are on. You may see slightly different numerical results due to floating-point round-off errors from different computation orders. To turn them off, set the environment variable `TF_ENABLE_ONEDNN_OPTS=0`.
2026-01-31 09:50:59.291899: W tensorflow/compiler/xla/stream_executor/platform/default/dso_loader.cc:64] Could not load dynamic library 'libcudart.so.11.0'; dlerror: libcudart.so.11.0: cannot open shared object file: No such file or directory
2026-01-31 09:50:59.291917: I tensorflow/compiler/xla/stream_executor/cuda/cudart_stub.cc:29] Ignore above cudart dlerror if you do not have a GPU set up on your machine.
2026-01-31 09:50:59.846304: W tensorflow/compiler/xla/stream_executor/platform/default/dso_loader.cc:64] Could not load dynamic library 'libnvinfer.so.7'; dlerror: libnvinfer.so.7: cannot open shared object file: No such file or directory
2026-01-31 09:50:59.846361: W tensorflow/compiler/xla/stream_executor/platform/default/dso_loader.cc:64] Could not load dynamic library 'libnvinfer_plugin.so.7'; dlerror: libnvinfer_plugin.so.7: cannot open shared object file: No such file or directory
2026-01-31 09:50:59.846368: W tensorflow/compiler/tf2tensorrt/utils/py_utils.cc:38] TF-TRT Warning: Cannot dlopen some TensorRT libraries. If you would like to use Nvidia GPU with TensorRT, please make sure the missing libraries mentioned above are installed properly.
2026-01-31 09:51:00.784487: E tensorflow/compiler/xla/stream_executor/cuda/cuda_driver.cc:267] failed call to cuInit: CUDA_ERROR_NO_DEVICE: no CUDA-capable device is detected
2026-01-31 09:51:00.784510: I tensorflow/compiler/xla/stream_executor/cuda/cuda_diagnostics.cc:156] kernel driver does not appear to be running on this host (user-NF5280M6): /proc/driver/nvidia/version does not exist
2026-01-31 09:51:00.784821: I tensorflow/core/platform/cpu_feature_guard.cc:193] This TensorFlow binary is optimized with oneAPI Deep Neural Network Library (oneDNN) to use the following CPU instructions in performance-critical operations:  AVX2 AVX512F AVX512_VNNI FMA
To enable them in other operations, rebuild TensorFlow with the appropriate compiler flags.
WARNING:tensorflow:5 out of the last 5 calls to <function pfor.<locals>.f at 0x7ea2b3b63170> triggered tf.function retracing. Tracing is expensive and the excessive number of tracings could be due to (1) creating @tf.function repeatedly in a loop, (2) passing tensors with different shapes, (3) passing Python objects instead of tensors. For (1), please define your @tf.function outside of the loop. For (2), @tf.function has reduce_retracing=True option that can avoid unnecessary retracing. For (3), please refer to https://www.tensorflow.org/guide/function#controlling_retracing and https://www.tensorflow.org/api_docs/python/tf/function for  more details.
WARNING:tensorflow:6 out of the last 6 calls to <function pfor.<locals>.f at 0x7ea2b8b9e830> triggered tf.function retracing. Tracing is expensive and the excessive number of tracings could be due to (1) creating @tf.function repeatedly in a loop, (2) passing tensors with different shapes, (3) passing Python objects instead of tensors. For (1), please define your @tf.function outside of the loop. For (2), @tf.function has reduce_retracing=True option that can avoid unnecessary retracing. For (3), please refer to https://www.tensorflow.org/guide/function#controlling_retracing and https://www.tensorflow.org/api_docs/python/tf/function for  more details.
------------------------------------------------------------
执行时间: 254.98 秒
执行状态: 成功
真值使用成本: 70000 行 (用于训练VAE)

后处理 Lopster 输出...
  Lopster 输出行数: 70000
  原始数据行数: 70000
  还原 index 列
  最终列顺序: ['index', 'x', 'y', 'z', 'gt']
  保存到: /home/qianzekai/Clean4MLBaseline/results/lopster/har_lopster_vzekai/har_lopster_vzekai_cleaned.csv
  最终行数: 70000

============================================================
调用统一测评模块 getScoreML
============================================================
使用编码后的数据进行测评（确保格式一致）:
  - dirty: /home/qianzekai/Clean4MLBaseline/results/lopster/har_lopster_vzekai/dirty_encoded.csv
  - cleaned: /home/qianzekai/Clean4MLBaseline/results/lopster/har_lopster_vzekai/har_lopster_vzekai_cleaned.csv
  - clean: /home/qianzekai/Clean4MLBaseline/results/lopster/har_lopster_vzekai/clean_encoded.csv
[1;34m[09:57:03][0m[1;33m WARNING Snoopy may use all CPU cores! Set env. variable 'SNOOPY_LIMIT_CPU' to 'y' to limit CPU usage. [0m[1;34m(__init__ -> _init_tf_pytorch on MainThread)[0m

结果已保存到: /home/qianzekai/Clean4MLBaseline/results/lopster/har_lopster_vzekai
============================================================
TensorFlow version: 2.11.0
Clean数据总量: 70000 行
使用比例: 100.0%
实际使用: 70000 行
Unique Values per column:
  x     1510
y     1565
z     1114
gt       2
dtype: int64
numeric: Index(['x', 'y', 'z'], dtype='object')
categorical: Index(['gt'], dtype='object')
======================================================================
Clean4MLBaseline 统一测评 - har_lopster_vzekai
======================================================================

[1/5] 传统清洗指标
--------------------------------------------------
调试文件已保存到: /home/qianzekai/Clean4MLBaseline/results/lopster/har_lopster_vzekai/debug
修复准确率: 0.01872915894775843, 修复召回率: 0.05168447420888503, F1值: 0.02749486676994326
========================================
错误减少率 (EDR): -1.708706098870201
========================================
混合距离 (Hybrid Distance): 0.32817762078806384
========================================
基于条目的错误减少率 (R-EDR): -0.9042483963930464
========================================
numeric: Index(['x', 'y', 'z'], dtype='object')
categorical: Index(['gt'], dtype='object')
列级平均RMSE (数值列, 归一化): 0.385417
  x: 0.383020
  y: 0.433711
  z: 0.339521
列级平均F1 (类别列, weighted): 0.984223
  gt: 0.984223
========================================

[2/5] 下游任务性能 (clustering)
--------------------------------------------------
数据集较大 (70000 行)，对聚类评估进行采样到 10000 行
KMEANS - Silhouette: 0.7416, ARI: 0.9203 (采样)
AGGLOMERATIVE - Silhouette: 0.7459, ARI: 0.8935 (采样)

[3/5] 模型容忍度
--------------------------------------------------

容忍度计算结果:
  P_do_nothing (脏数据性能): -0.1268
  P_demand_clean (清洗后性能): -0.0234
  P_repair_all (完全修复性能): -0.0051
  先验容忍度 (Tolerance_prior): 0.1842
  后验容忍度 (Tolerance_post): 0.8500

[4/5] Snoopy上界评估
--------------------------------------------------
Snoopy模块可用，正在评估数据质量上界...
数据集较大 (70000 行)，对Snoopy评估进行采样到 10000 行
  脏数据上界: 0.0145
  清洗后上界: 0.0042
  干净数据上界: 0.0062
  上界提升比例: 1.2404

[5/5] 真值使用成本
--------------------------------------------------
  方法类型: Type 2 (需验证集)
  实际真值使用: 70000
  理想最小成本: 2022
  总修改单元格: 107960
  正确修复: 2022
  错误修复: 105938

======================================================================
测评完成，结果已保存到: /home/qianzekai/Clean4MLBaseline/results/lopster/har_lopster_vzekai/har_lopster_vzekai_report.txt
======================================================================
