============================================================
Lopster 数据清洗
============================================================
数据集: mercedes
数据路径: Data
任务名称: mercedes_lopster_vzekai
潜在维度: 120
训练轮数: 100
------------------------------------------------------------
sys:1: DtypeWarning: Columns (9,10,11,13,14,15,16,17,18,19,20,21,22,23,24,25,27,28,29,30,32,33,34,35,36,37,39,40,42,43,44,45,46,47,48,49,51,53,54,55,56,57,58,59,60,61,62,63,64,65,66,67,68,69,70,71,72,73,75,76,77,79,80,81,82,83,84,85,86,87,88,89,90,91,92,93,94,95,96,97,98,99,100,101,102,103,105,106,107,108,109,110,111,112,113,114,115,117,118,119,120,121,122,123,124,125,126,128,129,130,131,132,133,134,135,136,137,140,141,142,143,144,145,146,147,148,150,151,152,153,154,155,156,157,158,159,160,161,163,164,165,166,167,168,169,170,171,172,173,175,176,177,178,179,180,181,182,183,184,185,186,187,188,189,191,192,193,194,195,196,197,198,199,200,201,202,203,204,205,207,208,209,210,211,212,213,214,215,216,217,218,219,220,221,222,223,224,225,226,227,228,229,230,231,232,233,235,236,237,239,240,241,242,243,244,245,246,247,248,249,251,252,253,254,255,256,257,258,260,261,262,263,264,266,267,268,269,270,271,272,273,274,275,276,277,278,279,280,281,282,283,284,285,287,288,289,290,291,292,293,294,295,296,297,298,300,301,302,303,304,305,306,307,308,309,310,311,312,313,314,315,316,317,318,319,320,321,322,323,324,325,326,327,329,330,331,332,333,334,335,337,338,339,340,341,342,344,345,346,347,348,349,350,351,352,353,354,355,356,357,358,359,360,361,362,364,365,366,369,370,371,372,373,375,376) have mixed types.Specify dtype option on import or set low_memory=False.

准备 Lopster 数据格式（输出到 results 目录，不修改原始数据）...
  源文件: clean_index.csv, dirty_index.csv
  Lopster 数据目录: /home/qianzekai/Clean4MLBaseline/results/lopster/mercedes_lopster_vzekai/lopster_data/mercedes

生成 Lopster 训练数据 (无 index):
  - 移除 index 列
  - 保存到: /home/qianzekai/Clean4MLBaseline/results/lopster/mercedes_lopster_vzekai/lopster_data/mercedes/clean.csv
  - 形状: (4209, 378) → (4209, 377)

生成 Lopster 清洗数据 (无 index):
MethodsRunScript/run_lopster/run_lopster_base.py:681: DtypeWarning: Columns (9,10,11,13,14,15,16,17,18,19,20,21,22,23,24,25,27,28,29,30,32,33,34,35,36,37,39,40,42,43,44,45,46,47,48,49,51,53,54,55,56,57,58,59,60,61,62,63,64,65,66,67,68,69,70,71,72,73,75,76,77,79,80,81,82,83,84,85,86,87,88,89,90,91,92,93,94,95,96,97,98,99,100,101,102,103,105,106,107,108,109,110,111,112,113,114,115,117,118,119,120,121,122,123,124,125,126,128,129,130,131,132,133,134,135,136,137,140,141,142,143,144,145,146,147,148,150,151,152,153,154,155,156,157,158,159,160,161,163,164,165,166,167,168,169,170,171,172,173,175,176,177,178,179,180,181,182,183,184,185,186,187,188,189,191,192,193,194,195,196,197,198,199,200,201,202,203,204,205,207,208,209,210,211,212,213,214,215,216,217,218,219,220,221,222,223,224,225,226,227,228,229,230,231,232,233,235,236,237,239,240,241,242,243,244,245,246,247,248,249,251,252,253,254,255,256,257,258,260,261,262,263,264,266,267,268,269,270,271,272,273,274,275,276,277,278,279,280,281,282,283,284,285,287,288,289,290,291,292,293,294,295,296,297,298,300,301,302,303,304,305,306,307,308,309,310,311,312,313,314,315,316,317,318,319,320,321,322,323,324,325,326,327,329,330,331,332,333,334,335,337,338,339,340,341,342,344,345,346,347,348,349,350,351,352,353,354,355,356,357,358,359,360,361,362,364,365,366,369,370,371,372,373,375,376) have mixed types.Specify dtype option on import or set low_memory=False.
  main()
  - 移除 index 列
  - 转换为数值列: ['X10', 'X11', 'X12', 'X13', 'X14', 'X15', 'X16', 'X17', 'X18', 'X19', 'X20', 'X21', 'X22', 'X23', 'X24', 'X26', 'X27', 'X28', 'X29', 'X30', 'X31', 'X32', 'X33', 'X34', 'X35', 'X36', 'X37', 'X38', 'X39', 'X40', 'X41', 'X42', 'X43', 'X44', 'X45', 'X46', 'X47', 'X48', 'X49', 'X50', 'X51', 'X53', 'X54', 'X55', 'X56', 'X57', 'X58', 'X59', 'X60', 'X61', 'X62', 'X63', 'X64', 'X65', 'X66', 'X67', 'X68', 'X69', 'X70', 'X71', 'X73', 'X74', 'X75', 'X76', 'X77', 'X78', 'X79', 'X80', 'X81', 'X82', 'X83', 'X84', 'X85', 'X86', 'X87', 'X88', 'X89', 'X90', 'X91', 'X92', 'X93', 'X94', 'X95', 'X96', 'X97', 'X98', 'X99', 'X100', 'X101', 'X102', 'X103', 'X104', 'X105', 'X106', 'X107', 'X108', 'X109', 'X110', 'X111', 'X112', 'X113', 'X114', 'X115', 'X116', 'X117', 'X118', 'X119', 'X120', 'X122', 'X123', 'X124', 'X125', 'X126', 'X127', 'X128', 'X129', 'X130', 'X131', 'X132', 'X133', 'X134', 'X135', 'X136', 'X137', 'X138', 'X139', 'X140', 'X141', 'X143', 'X144', 'X145', 'X146', 'X147', 'X148', 'X150', 'X151', 'X152', 'X153', 'X154', 'X155', 'X156', 'X157', 'X158', 'X159', 'X160', 'X161', 'X162', 'X163', 'X164', 'X165', 'X166', 'X167', 'X168', 'X169', 'X170', 'X171', 'X172', 'X173', 'X174', 'X175', 'X176', 'X177', 'X178', 'X179', 'X180', 'X181', 'X182', 'X183', 'X184', 'X185', 'X186', 'X187', 'X189', 'X190', 'X191', 'X192', 'X194', 'X195', 'X196', 'X197', 'X198', 'X199', 'X200', 'X201', 'X202', 'X203', 'X204', 'X205', 'X206', 'X207', 'X208', 'X209', 'X210', 'X211', 'X212', 'X213', 'X214', 'X215', 'X216', 'X217', 'X218', 'X219', 'X220', 'X221', 'X222', 'X223', 'X224', 'X225', 'X226', 'X227', 'X228', 'X229', 'X230', 'X231', 'X232', 'X233', 'X234', 'X235', 'X236', 'X237', 'X238', 'X239', 'X240', 'X241', 'X242', 'X243', 'X244', 'X246', 'X247', 'X248', 'X249', 'X250', 'X251', 'X252', 'X253', 'X254', 'X255', 'X256', 'X257', 'X258', 'X259', 'X260', 'X261', 'X262', 'X263', 'X264', 'X265', 'X267', 'X268', 'X269', 'X270', 'X271', 'X272', 'X273', 'X274', 'X275', 'X276', 'X277', 'X278', 'X279', 'X280', 'X281', 'X282', 'X283', 'X284', 'X285', 'X286', 'X287', 'X288', 'X289', 'X290', 'X291', 'X292', 'X293', 'X294', 'X295', 'X296', 'X297', 'X298', 'X299', 'X300', 'X301', 'X302', 'X304', 'X305', 'X306', 'X307', 'X308', 'X309', 'X310', 'X311', 'X312', 'X313', 'X314', 'X315', 'X316', 'X317', 'X318', 'X319', 'X320', 'X321', 'X322', 'X323', 'X324', 'X325', 'X326', 'X327', 'X328', 'X329', 'X330', 'X331', 'X332', 'X333', 'X334', 'X335', 'X336', 'X337', 'X338', 'X339', 'X340', 'X341', 'X342', 'X343', 'X344', 'X345', 'X346', 'X347', 'X348', 'X349', 'X350', 'X351', 'X352', 'X353', 'X354', 'X355', 'X356', 'X357', 'X358', 'X359', 'X360', 'X361', 'X362', 'X363', 'X364', 'X365', 'X366', 'X367', 'X368', 'X369', 'X370', 'X371', 'X372', 'X373', 'X374', 'X375', 'X376', 'X377', 'X378', 'X379', 'X380', 'X382', 'X383', 'X384', 'X385']
  - 保存到: /home/qianzekai/Clean4MLBaseline/results/lopster/mercedes_lopster_vzekai/lopster_data/mercedes/dirty01.csv
  - 形状: (4209, 378) → (4209, 377)

生成测评用数据 (带 index，编码后):
  - clean_encoded.csv: /home/qianzekai/Clean4MLBaseline/results/lopster/mercedes_lopster_vzekai/clean_encoded.csv
  - dirty_encoded.csv: /home/qianzekai/Clean4MLBaseline/results/lopster/mercedes_lopster_vzekai/dirty_encoded.csv

Lopster 数据准备完成!

使用预处理数据: /home/qianzekai/Clean4MLBaseline/results/lopster/mercedes_lopster_vzekai/lopster_data/mercedes
2026-01-31 02:28:29.468055: I tensorflow/core/platform/cpu_feature_guard.cc:193] This TensorFlow binary is optimized with oneAPI Deep Neural Network Library (oneDNN) to use the following CPU instructions in performance-critical operations:  AVX2 AVX512F AVX512_VNNI FMA
To enable them in other operations, rebuild TensorFlow with the appropriate compiler flags.
2026-01-31 02:28:29.591055: I tensorflow/core/util/port.cc:104] oneDNN custom operations are on. You may see slightly different numerical results due to floating-point round-off errors from different computation orders. To turn them off, set the environment variable `TF_ENABLE_ONEDNN_OPTS=0`.
2026-01-31 02:28:29.594667: W tensorflow/compiler/xla/stream_executor/platform/default/dso_loader.cc:64] Could not load dynamic library 'libcudart.so.11.0'; dlerror: libcudart.so.11.0: cannot open shared object file: No such file or directory
2026-01-31 02:28:29.594684: I tensorflow/compiler/xla/stream_executor/cuda/cudart_stub.cc:29] Ignore above cudart dlerror if you do not have a GPU set up on your machine.
2026-01-31 02:28:30.181880: W tensorflow/compiler/xla/stream_executor/platform/default/dso_loader.cc:64] Could not load dynamic library 'libnvinfer.so.7'; dlerror: libnvinfer.so.7: cannot open shared object file: No such file or directory
2026-01-31 02:28:30.181940: W tensorflow/compiler/xla/stream_executor/platform/default/dso_loader.cc:64] Could not load dynamic library 'libnvinfer_plugin.so.7'; dlerror: libnvinfer_plugin.so.7: cannot open shared object file: No such file or directory
2026-01-31 02:28:30.181946: W tensorflow/compiler/tf2tensorrt/utils/py_utils.cc:38] TF-TRT Warning: Cannot dlopen some TensorRT libraries. If you would like to use Nvidia GPU with TensorRT, please make sure the missing libraries mentioned above are installed properly.
2026-01-31 02:28:31.525984: E tensorflow/compiler/xla/stream_executor/cuda/cuda_driver.cc:267] failed call to cuInit: CUDA_ERROR_NO_DEVICE: no CUDA-capable device is detected
2026-01-31 02:28:31.526012: I tensorflow/compiler/xla/stream_executor/cuda/cuda_diagnostics.cc:156] kernel driver does not appear to be running on this host (user-NF5280M6): /proc/driver/nvidia/version does not exist
2026-01-31 02:28:31.526371: I tensorflow/core/platform/cpu_feature_guard.cc:193] This TensorFlow binary is optimized with oneAPI Deep Neural Network Library (oneDNN) to use the following CPU instructions in performance-critical operations:  AVX2 AVX512F AVX512_VNNI FMA
To enable them in other operations, rebuild TensorFlow with the appropriate compiler flags.
WARNING:tensorflow:5 out of the last 5 calls to <function pfor.<locals>.f at 0x772b4b3f6680> triggered tf.function retracing. Tracing is expensive and the excessive number of tracings could be due to (1) creating @tf.function repeatedly in a loop, (2) passing tensors with different shapes, (3) passing Python objects instead of tensors. For (1), please define your @tf.function outside of the loop. For (2), @tf.function has reduce_retracing=True option that can avoid unnecessary retracing. For (3), please refer to https://www.tensorflow.org/guide/function#controlling_retracing and https://www.tensorflow.org/api_docs/python/tf/function for  more details.
WARNING:tensorflow:6 out of the last 6 calls to <function pfor.<locals>.f at 0x772b4b39f8c0> triggered tf.function retracing. Tracing is expensive and the excessive number of tracings could be due to (1) creating @tf.function repeatedly in a loop, (2) passing tensors with different shapes, (3) passing Python objects instead of tensors. For (1), please define your @tf.function outside of the loop. For (2), @tf.function has reduce_retracing=True option that can avoid unnecessary retracing. For (3), please refer to https://www.tensorflow.org/guide/function#controlling_retracing and https://www.tensorflow.org/api_docs/python/tf/function for  more details.
------------------------------------------------------------
执行时间: 1842.36 秒
执行状态: 成功
真值使用成本: 4209 行 (用于训练VAE)

后处理 Lopster 输出...
  Lopster 输出行数: 4209
  原始数据行数: 4209
sys:1: DtypeWarning: Columns (9,10,11,13,14,15,16,17,18,19,20,21,22,23,24,25,27,28,29,30,32,33,34,35,36,37,39,40,42,43,44,45,46,47,48,49,51,53,54,55,56,57,58,59,60,61,62,63,64,65,66,67,68,69,70,71,72,73,75,76,77,79,80,81,82,83,84,85,86,87,88,89,90,91,92,93,94,95,96,97,98,99,100,101,102,103,105,106,107,108,109,110,111,112,113,114,115,117,118,119,120,121,122,123,124,125,126,128,129,130,131,132,133,134,135,136,137,140,141,142,143,144,145,146,147,148,150,151,152,153,154,155,156,157,158,159,160,161,163,164,165,166,167,168,169,170,171,172,173,175,176,177,178,179,180,181,182,183,184,185,186,187,188,189,191,192,193,194,195,196,197,198,199,200,201,202,203,204,205,207,208,209,210,211,212,213,214,215,216,217,218,219,220,221,222,223,224,225,226,227,228,229,230,231,232,233,235,236,237,239,240,241,242,243,244,245,246,247,248,249,251,252,253,254,255,256,257,258,260,261,262,263,264,266,267,268,269,270,271,272,273,274,275,276,277,278,279,280,281,282,283,284,285,287,288,289,290,291,292,293,294,295,296,297,298,300,301,302,303,304,305,306,307,308,309,310,311,312,313,314,315,316,317,318,319,320,321,322,323,324,325,326,327,329,330,331,332,333,334,335,337,338,339,340,341,342,344,345,346,347,348,349,350,351,352,353,354,355,356,357,358,359,360,361,362,364,365,366,369,370,371,372,373,375,376) have mixed types.Specify dtype option on import or set low_memory=False.
  还原 index 列
  最终列顺序: ['index', 'X0', 'X1', 'X2', 'X3', 'X4', 'X5', 'X6', 'X8', 'X10', 'X11', 'X12', 'X13', 'X14', 'X15', 'X16', 'X17', 'X18', 'X19', 'X20', 'X21', 'X22', 'X23', 'X24', 'X26', 'X27', 'X28', 'X29', 'X30', 'X31', 'X32', 'X33', 'X34', 'X35', 'X36', 'X37', 'X38', 'X39', 'X40', 'X41', 'X42', 'X43', 'X44', 'X45', 'X46', 'X47', 'X48', 'X49', 'X50', 'X51', 'X52', 'X53', 'X54', 'X55', 'X56', 'X57', 'X58', 'X59', 'X60', 'X61', 'X62', 'X63', 'X64', 'X65', 'X66', 'X67', 'X68', 'X69', 'X70', 'X71', 'X73', 'X74', 'X75', 'X76', 'X77', 'X78', 'X79', 'X80', 'X81', 'X82', 'X83', 'X84', 'X85', 'X86', 'X87', 'X88', 'X89', 'X90', 'X91', 'X92', 'X93', 'X94', 'X95', 'X96', 'X97', 'X98', 'X99', 'X100', 'X101', 'X102', 'X103', 'X104', 'X105', 'X106', 'X107', 'X108', 'X109', 'X110', 'X111', 'X112', 'X113', 'X114', 'X115', 'X116', 'X117', 'X118', 'X119', 'X120', 'X122', 'X123', 'X124', 'X125', 'X126', 'X127', 'X128', 'X129', 'X130', 'X131', 'X132', 'X133', 'X134', 'X135', 'X136', 'X137', 'X138', 'X139', 'X140', 'X141', 'X142', 'X143', 'X144', 'X145', 'X146', 'X147', 'X148', 'X150', 'X151', 'X152', 'X153', 'X154', 'X155', 'X156', 'X157', 'X158', 'X159', 'X160', 'X161', 'X162', 'X163', 'X164', 'X165', 'X166', 'X167', 'X168', 'X169', 'X170', 'X171', 'X172', 'X173', 'X174', 'X175', 'X176', 'X177', 'X178', 'X179', 'X180', 'X181', 'X182', 'X183', 'X184', 'X185', 'X186', 'X187', 'X189', 'X190', 'X191', 'X192', 'X194', 'X195', 'X196', 'X197', 'X198', 'X199', 'X200', 'X201', 'X202', 'X203', 'X204', 'X205', 'X206', 'X207', 'X208', 'X209', 'X210', 'X211', 'X212', 'X213', 'X214', 'X215', 'X216', 'X217', 'X218', 'X219', 'X220', 'X221', 'X222', 'X223', 'X224', 'X225', 'X226', 'X227', 'X228', 'X229', 'X230', 'X231', 'X232', 'X233', 'X234', 'X235', 'X236', 'X237', 'X238', 'X239', 'X240', 'X241', 'X242', 'X243', 'X244', 'X245', 'X246', 'X247', 'X248', 'X249', 'X250', 'X251', 'X252', 'X253', 'X254', 'X255', 'X256', 'X257', 'X258', 'X259', 'X260', 'X261', 'X262', 'X263', 'X264', 'X265', 'X266', 'X267', 'X268', 'X269', 'X270', 'X271', 'X272', 'X273', 'X274', 'X275', 'X276', 'X277', 'X278', 'X279', 'X280', 'X281', 'X282', 'X283', 'X284', 'X285', 'X286', 'X287', 'X288', 'X289', 'X290', 'X291', 'X292', 'X293', 'X294', 'X295', 'X296', 'X297', 'X298', 'X299', 'X300', 'X301', 'X302', 'X304', 'X305', 'X306', 'X307', 'X308', 'X309', 'X310', 'X311', 'X312', 'X313', 'X314', 'X315', 'X316', 'X317', 'X318', 'X319', 'X320', 'X321', 'X322', 'X323', 'X324', 'X325', 'X326', 'X327', 'X328', 'X329', 'X330', 'X331', 'X332', 'X333', 'X334', 'X335', 'X336', 'X337', 'X338', 'X339', 'X340', 'X341', 'X342', 'X343', 'X344', 'X345', 'X346', 'X347', 'X348', 'X349', 'X350', 'X351', 'X352', 'X353', 'X354', 'X355', 'X356', 'X357', 'X358', 'X359', 'X360', 'X361', 'X362', 'X363', 'X364', 'X365', 'X366', 'X367', 'X368', 'X369', 'X370', 'X371', 'X372', 'X373', 'X374', 'X375', 'X376', 'X377', 'X378', 'X379', 'X380', 'X382', 'X383', 'X384', 'X385', 'y']
  保存到: /home/qianzekai/Clean4MLBaseline/results/lopster/mercedes_lopster_vzekai/mercedes_lopster_vzekai_cleaned.csv
  最终行数: 4209

============================================================
调用统一测评模块 getScoreML
============================================================
使用编码后的数据进行测评（确保格式一致）:
  - dirty: /home/qianzekai/Clean4MLBaseline/results/lopster/mercedes_lopster_vzekai/dirty_encoded.csv
  - cleaned: /home/qianzekai/Clean4MLBaseline/results/lopster/mercedes_lopster_vzekai/mercedes_lopster_vzekai_cleaned.csv
  - clean: /home/qianzekai/Clean4MLBaseline/results/lopster/mercedes_lopster_vzekai/clean_encoded.csv
TensorFlow version: 2.11.0
Clean数据总量: 4209 行
使用比例: 100.0%
实际使用: 4209 行
Unique Values per column:
  X0        47
X1        27
X2        44
X3         7
X4         4
        ... 
X382       2
X383       2
X384       2
X385       2
y       2545
Length: 377, dtype: int64
numeric: Index(['X10', 'X11', 'X12', 'X13', 'X14', 'X15', 'X16', 'X17', 'X18', 'X19',
       ...
       'X376', 'X377', 'X378', 'X379', 'X380', 'X382', 'X383', 'X384', 'X385',
       'y'],
      dtype='object', length=369)
categorical: Index(['X0', 'X1', 'X2', 'X3', 'X4', 'X5', 'X6', 'X8'], dtype='object')
======================================================================
Clean4MLBaseline 统一测评 - mercedes_lopster_vzekai
======================================================================

[1/5] 传统清洗指标
--------------------------------------------------
调试文件已保存到: /home/qianzekai/Clean4MLBaseline/results/lopster/mercedes_lopster_vzekai/debug
修复准确率: 0.8143994221824843, 修复召回率: 0.9286214786452228, F1值: 0.8677679025333505
========================================
错误减少率 (EDR): 0.7883683628502259
========================================
混合距离 (Hybrid Distance): 0.27166245962153673
========================================
基于条目的错误减少率 (R-EDR): 0.0
========================================
numeric: Index(['X10', 'X11', 'X12', 'X13', 'X14', 'X15', 'X16', 'X17', 'X18', 'X19',
       ...
       'X376', 'X377', 'X378', 'X379', 'X380', 'X382', 'X383', 'X384', 'X385',
       'y'],
      dtype='object', length=369)
categorical: Index(['X0', 'X1', 'X2', 'X3', 'X4', 'X5', 'X6', 'X8'], dtype='object')
列级平均RMSE (数值列, 归一化): 0.825058
  X10: 0.912417
  X11: 0.015414
  X12: 0.579051
  X13: 0.567399
  X14: 0.600013
  X15: 1.000238
  X16: 1.001309
  X17: 1.003823
  X18: 1.003943
  X19: 0.325606
  X20: 0.546738
  X21: 1.001309
  X22: 0.464173
  X23: 0.742719
  X24: 1.000952
  X26: 1.002504
  X27: 0.573560
  X28: 0.368520
  X29: 0.785954
  X30: 1.002265
  X31: 0.564223
  X32: 0.904235
  X33: 1.000119
  X34: 1.002743
  X35: 0.560670
  X36: 1.002265
  X37: 0.581659
  X38: 1.056258
  X39: 1.000119
  X40: 1.000357
  X41: 1.005751
  X42: 1.000119
  X43: 0.635762
  X44: 1.005751
  X45: 0.472878
  X46: 0.584602
  X47: 0.997114
  X48: 0.995088
  X49: 0.502635
  X50: 0.680583
  X51: 0.605617
  X52: 0.983819
  X53: 1.003463
  X54: 0.789115
  X55: 1.002624
  X56: 1.010743
  X57: 0.882163
  X58: 0.685961
  X59: 1.000357
  X60: 1.000714
  X61: 1.314985
  X62: 1.002983
  X63: 1.005751
  X64: 0.696040
  X65: 1.001071
  X66: 1.170663
  X67: 1.000952
  X68: 0.823150
  X69: 0.952963
  X70: 1.134471
  X71: 0.452426
  X73: 1.016125
  X74: 1.000357
  X75: 0.949188
  X76: 0.778180
  X77: 1.006356
  X78: 1.002863
  X79: 0.857615
  X80: 1.628405
  X81: 0.740015
  X82: 1.008664
  X83: 1.000594
  X84: 0.429209
  X85: 0.515315
  X86: 1.000714
  X87: 1.000476
  X88: 0.986715
  X89: 1.000357
  X90: 0.987382
  X91: 1.000833
  X92: 1.000476
  X93: 0.000000
  X94: 0.953901
  X95: 1.000119
  X96: 0.632749
  X97: 1.002145
  X98: 1.531537
  X99: 0.916800
  X100: 0.664160
  X101: 1.229041
  X102: 1.003463
  X103: 0.746010
  X104: 1.000952
  X105: 1.001190
  X106: 0.910502
  X107: 0.000000
  X108: 0.948873
  X109: 0.779015
  X110: 1.000476
  X111: 1.012835
  X112: 1.001429
  X113: 1.005963
  X114: 0.656020
  X115: 0.719055
  X116: 0.738763
  X117: 0.664853
  X118: 0.618932
  X119: 0.672167
  X120: 1.232602
  X122: 0.986715
  X123: 1.001309
  X124: 1.000238
  X125: 1.001548
  X126: 1.001237
  X127: 0.681735
  X128: 1.305827
  X129: 0.476973
  X130: 1.089254
  X131: 1.004486
  X132: 0.629768
  X133: 0.412675
  X134: 0.972972
  X135: 0.697761
  X136: 1.304774
  X137: 0.670220
  X138: 0.411979
  X139: 0.644647
  X140: 0.282293
  X141: 1.007205
  X142: 0.613125
  X143: 0.652872
  X144: 0.621271
  X145: 1.000714
  X146: 0.504569
  X147: 0.972972
  X148: 0.669866
  X150: 0.679768
  X151: 0.821185
  X152: 0.794149
  X153: 1.000357
  X154: 0.647984
  X155: 0.397560
  X156: 0.702305
  X157: 0.682851
  X158: 0.573526
  X159: 1.006841
  X160: 1.000594
  X161: 0.312046
  X162: 0.856423
  X163: 0.760140
  X164: 0.551523
  X165: 1.002265
  X166: 0.759152
  X167: 1.000476
  X168: 0.678794
  X169: 1.003343
  X170: 1.012342
  X171: 0.749835
  X172: 1.002983
  X173: 1.004906
  X174: 0.987840
  X175: 0.989605
  X176: 1.008664
  X177: 0.695685
  X178: 0.551649
  X179: 1.042503
  X180: 0.654693
  X181: 0.495840
  X182: 0.752109
  X183: 1.002026
  X184: 1.000714
  X185: 0.887086
  X186: 0.421527
  X187: 0.476623
  X189: 1.269243
  X190: 1.000119
  X191: 0.606696
  X192: 1.001190
  X194: 0.480813
  X195: 1.005872
  X196: 1.005148
  X197: 0.515700
  X198: 1.006497
  X199: 1.001429
  X200: 0.966845
  X201: 0.612835
  X202: 0.367333
  X203: 0.979721
  X204: 1.000119
  X205: 1.000119
  X206: 1.009763
  X207: 1.000119
  X208: 0.542200
  X209: 0.767483
  X210: 1.000119
  X211: 0.983287
  X212: 1.002743
  X213: 1.000952
  X214: 1.003463
  X215: 0.361922
  X216: 1.002983
  X217: 0.936712
  X218: 0.758366
  X219: 0.459838
  X220: 0.590977
  X221: 1.004064
  X222: 0.984092
  X223: 0.678852
  X224: 0.637831
  X225: 0.762109
  X226: 0.849620
  X227: 1.001548
  X228: 1.032435
  X229: 1.281780
  X230: 1.002624
  X231: 1.008177
  X232: 0.993582
  X233: 0.000000
  X234: 0.494903
  X235: 0.030828
  X236: 1.000238
  X237: 1.003343
  X238: 1.460690
  X239: 1.003463
  X240: 1.001429
  X241: 0.429132
  X242: 1.003703
  X243: 1.003583
  X244: 0.407812
  X245: 1.000357
  X246: 0.507396
  X247: 0.330128
  X248: 1.000714
  X249: 0.938991
  X250: 0.625430
  X251: 0.486614
  X252: 1.000357
  X253: 1.000714
  X254: 1.002624
  X255: 1.009886
  X256: 0.702806
  X257: 1.000119
  X258: 1.001190
  X259: 1.000119
  X260: 1.000119
  X261: 0.623906
  X262: 1.000714
  X263: 1.154812
  X264: 1.125536
  X265: 1.430086
  X266: 1.000714
  X267: 1.004545
  X268: 0.000000
  X269: 1.000238
  X270: 1.000119
  X271: 1.001071
  X272: 0.706947
  X273: 0.600599
  X274: 0.980806
  X275: 0.747497
  X276: 0.866679
  X277: 1.000714
  X278: 1.000238
  X279: 0.914933
  X280: 1.000119
  X281: 1.001309
  X282: 1.002026
  X283: 0.567775
  X284: 0.497145
  X285: 0.489784
  X286: 0.698219
  X287: 0.879492
  X288: 1.000119
  X289: 0.037756
  X290: 0.015414
  X291: 1.005268
  X292: 1.004545
  X293: 0.000000
  X294: 0.598739
  X295: 1.000119
  X296: 1.000119
  X297: 0.015414
  X298: 1.002265
  X299: 1.002265
  X300: 0.602801
  X301: 0.789349
  X302: 1.005751
  X304: 1.306181
  X305: 1.006720
  X306: 1.050022
  X307: 1.001071
  X308: 1.004786
  X309: 1.003583
  X310: 1.001309
  X311: 0.608090
  X312: 1.002145
  X313: 0.660197
  X314: 0.579690
  X315: 0.903810
  X316: 0.684269
  X317: 1.003823
  X318: 1.000357
  X319: 1.000238
  X320: 0.986715
  X321: 0.652783
  X322: 0.988887
  X323: 1.004665
  X324: 0.720522
  X325: 1.002863
  X326: 0.658113
  X327: 0.607986
  X328: 0.856503
  X329: 0.620231
  X330: 0.021798
  X331: 0.496885
  X332: 1.000357
  X333: 0.895214
  X334: 0.572542
  X335: 1.001787
  X336: 0.516954
  X337: 0.567069
  X338: 1.003463
  X339: 1.000119
  X340: 0.787550
  X341: 1.004064
  X342: 0.938822
  X343: 0.658809
  X344: 1.004304
  X345: 0.950341
  X346: 0.390171
  X347: 0.000000
  X348: 1.290101
  X349: 0.556980
  X350: 0.736179
  X351: 0.760140
  X352: 0.446540
  X353: 1.001071
  X354: 0.803971
  X355: 0.680215
  X356: 0.445101
  X357: 1.000594
  X358: 0.614613
  X359: 0.873556
  X360: 0.422175
  X361: 1.150968
  X362: 0.553640
  X363: 0.624920
  X364: 1.001429
  X365: 1.001429
  X366: 1.000594
  X367: 0.368044
  X368: 0.397005
  X369: 1.000238
  X370: 1.003343
  X371: 0.998776
  X372: 1.000238
  X373: 0.978101
  X374: 0.588408
  X375: 0.692997
  X376: 0.646632
  X377: 0.517353
  X378: 0.992923
  X379: 1.004786
  X380: 1.004064
  X382: 1.003823
  X383: 1.000833
  X384: 1.000238
  X385: 1.000714
  y: 0.546657
列级平均F1 (类别列, weighted): 0.523577
  X0: 0.349613
  X1: 0.465688
  X2: 0.414347
  X3: 0.718159
  X4: 0.998575
  X5: 0.346184
  X6: 0.480641
  X8: 0.415407
========================================

[2/5] 下游任务性能 (regression)
--------------------------------------------------[1;34m[03:01:19][0m[1;33m WARNING Snoopy may use all CPU cores! Set env. variable 'SNOOPY_LIMIT_CPU' to 'y' to limit CPU usage. [0m[1;34m(__init__ -> _init_tf_pytorch on MainThread)[0m

结果已保存到: /home/qianzekai/Clean4MLBaseline/results/lopster/mercedes_lopster_vzekai
============================================================

RF - MSE: 78.1585, R2: 0.4979, MAE: 6.1441, RMSE: 8.8407
LR - MSE: 2494524983445342470566576128.0000, R2: -16026507874935853023232000.0000, MAE: 1721225942521.0183, RMSE: 49945219825778.5469
RIDGE - MSE: 85.6772, R2: 0.4496, MAE: 6.6530, RMSE: 9.2562
LASSO - MSE: 87.2653, R2: 0.4393, MAE: 6.7819, RMSE: 9.3416
KNN - MSE: 108.3823, R2: 0.3037, MAE: 7.5942, RMSE: 10.4107
GB - MSE: 77.8187, R2: 0.5000, MAE: 6.1503, RMSE: 8.8215

[3/5] 模型容忍度
--------------------------------------------------

容忍度计算结果:
  P_do_nothing (脏数据性能): -73.7490
  P_demand_clean (清洗后性能): -71.8177
  P_repair_all (完全修复性能): -79.0839
  先验容忍度 (Tolerance_prior): 0.9738
  后验容忍度 (Tolerance_post): -0.3620

[4/5] Snoopy上界评估
--------------------------------------------------
Snoopy模块可用，正在评估数据质量上界...
  脏数据上界: 85.0088
  清洗后上界: 37.8784
  干净数据上界: 82.6160
  上界提升比例: 19.6968

[5/5] 真值使用成本
--------------------------------------------------
  方法类型: Type 2 (需验证集)
  实际真值使用: 4209
  理想最小成本: 1505495
  总修改单元格: 1569223
  正确修复: 1505495
  错误修复: 63728

======================================================================
测评完成，结果已保存到: /home/qianzekai/Clean4MLBaseline/results/lopster/mercedes_lopster_vzekai/mercedes_lopster_vzekai_report.txt
======================================================================
