============================================================
Lopster 数据清洗
============================================================
数据集: nasa
数据路径: Data
任务名称: nasa_lopster_vzekai
潜在维度: 120
训练轮数: 100
------------------------------------------------------------

准备 Lopster 数据格式（输出到 results 目录，不修改原始数据）...
  源文件: clean_index.csv, dirty_index.csv
  Lopster 数据目录: /home/qianzekai/Clean4MLBaseline/results/lopster/nasa_lopster_vzekai/lopster_data/nasa

生成 Lopster 训练数据 (无 index):
  - 移除 index 列
  - 保存到: /home/qianzekai/Clean4MLBaseline/results/lopster/nasa_lopster_vzekai/lopster_data/nasa/clean.csv
  - 形状: (1503, 7) → (1503, 6)

生成 Lopster 清洗数据 (无 index):
  - 移除 index 列
  - 转换为数值列: ['frequency(带单位)', 'angle(带单位)', 'chord_length(带单位)', 'velocity(带单位)', 'thickness(带单位)']
  - 保存到: /home/qianzekai/Clean4MLBaseline/results/lopster/nasa_lopster_vzekai/lopster_data/nasa/dirty01.csv
  - 形状: (1503, 7) → (1503, 6)

生成测评用数据 (带 index，编码后):
  - clean_encoded.csv: /home/qianzekai/Clean4MLBaseline/results/lopster/nasa_lopster_vzekai/clean_encoded.csv
  - dirty_encoded.csv: /home/qianzekai/Clean4MLBaseline/results/lopster/nasa_lopster_vzekai/dirty_encoded.csv

Lopster 数据准备完成!

使用预处理数据: /home/qianzekai/Clean4MLBaseline/results/lopster/nasa_lopster_vzekai/lopster_data/nasa
2026-01-31 03:41:27.625488: I tensorflow/core/platform/cpu_feature_guard.cc:193] This TensorFlow binary is optimized with oneAPI Deep Neural Network Library (oneDNN) to use the following CPU instructions in performance-critical operations:  AVX2 AVX512F AVX512_VNNI FMA
To enable them in other operations, rebuild TensorFlow with the appropriate compiler flags.
2026-01-31 03:41:27.738374: I tensorflow/core/util/port.cc:104] oneDNN custom operations are on. You may see slightly different numerical results due to floating-point round-off errors from different computation orders. To turn them off, set the environment variable `TF_ENABLE_ONEDNN_OPTS=0`.
2026-01-31 03:41:27.741962: W tensorflow/compiler/xla/stream_executor/platform/default/dso_loader.cc:64] Could not load dynamic library 'libcudart.so.11.0'; dlerror: libcudart.so.11.0: cannot open shared object file: No such file or directory
2026-01-31 03:41:27.741977: I tensorflow/compiler/xla/stream_executor/cuda/cudart_stub.cc:29] Ignore above cudart dlerror if you do not have a GPU set up on your machine.
2026-01-31 03:41:28.319981: W tensorflow/compiler/xla/stream_executor/platform/default/dso_loader.cc:64] Could not load dynamic library 'libnvinfer.so.7'; dlerror: libnvinfer.so.7: cannot open shared object file: No such file or directory
2026-01-31 03:41:28.320036: W tensorflow/compiler/xla/stream_executor/platform/default/dso_loader.cc:64] Could not load dynamic library 'libnvinfer_plugin.so.7'; dlerror: libnvinfer_plugin.so.7: cannot open shared object file: No such file or directory
2026-01-31 03:41:28.320043: W tensorflow/compiler/tf2tensorrt/utils/py_utils.cc:38] TF-TRT Warning: Cannot dlopen some TensorRT libraries. If you would like to use Nvidia GPU with TensorRT, please make sure the missing libraries mentioned above are installed properly.
2026-01-31 03:41:29.255930: E tensorflow/compiler/xla/stream_executor/cuda/cuda_driver.cc:267] failed call to cuInit: CUDA_ERROR_NO_DEVICE: no CUDA-capable device is detected
2026-01-31 03:41:29.255958: I tensorflow/compiler/xla/stream_executor/cuda/cuda_diagnostics.cc:156] kernel driver does not appear to be running on this host (user-NF5280M6): /proc/driver/nvidia/version does not exist
2026-01-31 03:41:29.256308: I tensorflow/core/platform/cpu_feature_guard.cc:193] This TensorFlow binary is optimized with oneAPI Deep Neural Network Library (oneDNN) to use the following CPU instructions in performance-critical operations:  AVX2 AVX512F AVX512_VNNI FMA
To enable them in other operations, rebuild TensorFlow with the appropriate compiler flags.
WARNING:tensorflow:5 out of the last 5 calls to <function pfor.<locals>.f at 0x7487660c6e60> triggered tf.function retracing. Tracing is expensive and the excessive number of tracings could be due to (1) creating @tf.function repeatedly in a loop, (2) passing tensors with different shapes, (3) passing Python objects instead of tensors. For (1), please define your @tf.function outside of the loop. For (2), @tf.function has reduce_retracing=True option that can avoid unnecessary retracing. For (3), please refer to https://www.tensorflow.org/guide/function#controlling_retracing and https://www.tensorflow.org/api_docs/python/tf/function for  more details.
WARNING:tensorflow:6 out of the last 6 calls to <function pfor.<locals>.f at 0x7487660c6ef0> triggered tf.function retracing. Tracing is expensive and the excessive number of tracings could be due to (1) creating @tf.function repeatedly in a loop, (2) passing tensors with different shapes, (3) passing Python objects instead of tensors. For (1), please define your @tf.function outside of the loop. For (2), @tf.function has reduce_retracing=True option that can avoid unnecessary retracing. For (3), please refer to https://www.tensorflow.org/guide/function#controlling_retracing and https://www.tensorflow.org/api_docs/python/tf/function for  more details.
------------------------------------------------------------
执行时间: 15.71 秒
执行状态: 成功
真值使用成本: 1503 行 (用于训练VAE)

后处理 Lopster 输出...
  Lopster 输出行数: 1503
  原始数据行数: 1503
  还原 index 列
  最终列顺序: ['index', 'frequency', 'angle', 'chord_length', 'velocity', 'thickness', 'sound_pressure_level']
  保存到: /home/qianzekai/Clean4MLBaseline/results/lopster/nasa_lopster_vzekai/nasa_lopster_vzekai_cleaned.csv
  最终行数: 1503

============================================================
调用统一测评模块 getScoreML
============================================================
使用编码后的数据进行测评（确保格式一致）:
  - dirty: /home/qianzekai/Clean4MLBaseline/results/lopster/nasa_lopster_vzekai/dirty_encoded.csv
  - cleaned: /home/qianzekai/Clean4MLBaseline/results/lopster/nasa_lopster_vzekai/nasa_lopster_vzekai_cleaned.csv
  - clean: /home/qianzekai/Clean4MLBaseline/results/lopster/nasa_lopster_vzekai/clean_encoded.csv
[1;34m[03:41:47][0m[1;33m WARNING Snoopy may use all CPU cores! Set env. variable 'SNOOPY_LIMIT_CPU' to 'y' to limit CPU usage. [0m[1;34m(__init__ -> _init_tf_pytorch on MainThread)[0m

结果已保存到: /home/qianzekai/Clean4MLBaseline/results/lopster/nasa_lopster_vzekai
============================================================
TensorFlow version: 2.11.0
Clean数据总量: 1503 行
使用比例: 100.0%
实际使用: 1503 行
Unique Values per column:
  frequency                 21
angle                     27
chord_length               6
velocity                   4
thickness                105
sound_pressure_level    1456
dtype: int64
numeric: Index(['frequency', 'angle', 'chord_length', 'velocity', 'thickness',
       'sound_pressure_level'],
      dtype='object')
categorical: Index([], dtype='object')
======================================================================
Clean4MLBaseline 统一测评 - nasa_lopster_vzekai
======================================================================

[1/5] 传统清洗指标
--------------------------------------------------
调试文件已保存到: /home/qianzekai/Clean4MLBaseline/results/lopster/nasa_lopster_vzekai/debug
修复准确率: 0.0, 修复召回率: 0.0, F1值: 0.0
========================================
错误减少率 (EDR): -10.141863699582753
========================================
混合距离 (Hybrid Distance): 289047.08985215495
========================================
基于条目的错误减少率 (R-EDR): -1.090403337969402
========================================
numeric: Index(['frequency', 'angle', 'chord_length', 'velocity', 'thickness',
       'sound_pressure_level'],
      dtype='object')
categorical: (none)
列级平均RMSE (数值列, 归一化): 0.506463
  frequency: 0.638299
  angle: 0.466478
  chord_length: 0.478935
  velocity: 0.447693
  thickness: 0.587808
  sound_pressure_level: 0.419565
列级平均F1: N/A (无类别列)
========================================

[2/5] 下游任务性能 (regression)
--------------------------------------------------
RF - MSE: 11.5373, R2: 0.7697, MAE: 2.3011, RMSE: 3.3967
LR - MSE: 16.8548, R2: 0.6636, MAE: 3.1955, RMSE: 4.1055
RIDGE - MSE: 16.8638, R2: 0.6634, MAE: 3.1969, RMSE: 4.1066
LASSO - MSE: 25.4622, R2: 0.4918, MAE: 4.0613, RMSE: 5.0460
KNN - MSE: 14.9697, R2: 0.7012, MAE: 2.7524, RMSE: 3.8691
GB - MSE: 12.3671, R2: 0.7531, MAE: 2.4901, RMSE: 3.5167

[3/5] 模型容忍度
--------------------------------------------------

容忍度计算结果:
  P_do_nothing (脏数据性能): -46.6355
  P_demand_clean (清洗后性能): -24.0281
  P_repair_all (完全修复性能): -3.3429
  先验容忍度 (Tolerance_prior): 0.5152
  后验容忍度 (Tolerance_post): 0.5222

[4/5] Snoopy上界评估
--------------------------------------------------
Snoopy模块可用，正在评估数据质量上界...
  脏数据上界: 61.5506
  清洗后上界: 7.9772
  干净数据上界: 13.0157
  上界提升比例: 1.1038

[5/5] 真值使用成本
--------------------------------------------------
  方法类型: Type 2 (需验证集)
  实际真值使用: 1503
  理想最小成本: 0
  总修改单元格: 7991
  正确修复: 0
  错误修复: 7991

======================================================================
测评完成，结果已保存到: /home/qianzekai/Clean4MLBaseline/results/lopster/nasa_lopster_vzekai/nasa_lopster_vzekai_report.txt
======================================================================
