============================================================
Lopster 数据清洗
============================================================
数据集: smartfactory
数据路径: Data
任务名称: smartfactory_lopster_vzekai
潜在维度: 120
训练轮数: 100
------------------------------------------------------------

准备 Lopster 数据格式（输出到 results 目录，不修改原始数据）...
  源文件: clean_index.csv, dirty_index.csv
  Lopster 数据目录: /home/qianzekai/Clean4MLBaseline/results/lopster/smartfactory_lopster_vzekai/lopster_data/smartfactory

生成 Lopster 训练数据 (无 index):
  - 移除 index 列
  - 保存到: /home/qianzekai/Clean4MLBaseline/results/lopster/smartfactory_lopster_vzekai/lopster_data/smartfactory/clean.csv
  - 形状: (23645, 20) → (23645, 19)

生成 Lopster 清洗数据 (无 index):
  - 移除 index 列
  - 转换为数值列: ['i_w_blo_weg', 'o_w_blo_power', 'o_w_blo_voltage', 'i_w_bhl_weg', 'o_w_bhl_power', 'o_w_bhl_voltage', 'i_w_bhr_weg', 'o_w_bhr_power', 'o_w_bhr_voltage', 'i_w_bru_weg', 'o_w_bru_power', 'o_w_bru_voltage', 'i_w_hr_weg', 'o_w_hr_power', 'o_w_hr_voltage', 'i_w_hl_weg', 'o_w_hl_power', 'o_w_hl_voltage']
  - 保存到: /home/qianzekai/Clean4MLBaseline/results/lopster/smartfactory_lopster_vzekai/lopster_data/smartfactory/dirty01.csv
  - 形状: (23645, 20) → (23645, 19)

生成测评用数据 (带 index，编码后):
  - clean_encoded.csv: /home/qianzekai/Clean4MLBaseline/results/lopster/smartfactory_lopster_vzekai/clean_encoded.csv
  - dirty_encoded.csv: /home/qianzekai/Clean4MLBaseline/results/lopster/smartfactory_lopster_vzekai/dirty_encoded.csv

Lopster 数据准备完成!

使用预处理数据: /home/qianzekai/Clean4MLBaseline/results/lopster/smartfactory_lopster_vzekai/lopster_data/smartfactory
2026-01-31 03:41:59.480624: I tensorflow/core/platform/cpu_feature_guard.cc:193] This TensorFlow binary is optimized with oneAPI Deep Neural Network Library (oneDNN) to use the following CPU instructions in performance-critical operations:  AVX2 AVX512F AVX512_VNNI FMA
To enable them in other operations, rebuild TensorFlow with the appropriate compiler flags.
2026-01-31 03:41:59.602137: I tensorflow/core/util/port.cc:104] oneDNN custom operations are on. You may see slightly different numerical results due to floating-point round-off errors from different computation orders. To turn them off, set the environment variable `TF_ENABLE_ONEDNN_OPTS=0`.
2026-01-31 03:41:59.605813: W tensorflow/compiler/xla/stream_executor/platform/default/dso_loader.cc:64] Could not load dynamic library 'libcudart.so.11.0'; dlerror: libcudart.so.11.0: cannot open shared object file: No such file or directory
2026-01-31 03:41:59.605833: I tensorflow/compiler/xla/stream_executor/cuda/cudart_stub.cc:29] Ignore above cudart dlerror if you do not have a GPU set up on your machine.
2026-01-31 03:42:00.178084: W tensorflow/compiler/xla/stream_executor/platform/default/dso_loader.cc:64] Could not load dynamic library 'libnvinfer.so.7'; dlerror: libnvinfer.so.7: cannot open shared object file: No such file or directory
2026-01-31 03:42:00.178141: W tensorflow/compiler/xla/stream_executor/platform/default/dso_loader.cc:64] Could not load dynamic library 'libnvinfer_plugin.so.7'; dlerror: libnvinfer_plugin.so.7: cannot open shared object file: No such file or directory
2026-01-31 03:42:00.178148: W tensorflow/compiler/tf2tensorrt/utils/py_utils.cc:38] TF-TRT Warning: Cannot dlopen some TensorRT libraries. If you would like to use Nvidia GPU with TensorRT, please make sure the missing libraries mentioned above are installed properly.
2026-01-31 03:42:01.159797: E tensorflow/compiler/xla/stream_executor/cuda/cuda_driver.cc:267] failed call to cuInit: CUDA_ERROR_NO_DEVICE: no CUDA-capable device is detected
2026-01-31 03:42:01.159822: I tensorflow/compiler/xla/stream_executor/cuda/cuda_diagnostics.cc:156] kernel driver does not appear to be running on this host (user-NF5280M6): /proc/driver/nvidia/version does not exist
2026-01-31 03:42:01.160157: I tensorflow/core/platform/cpu_feature_guard.cc:193] This TensorFlow binary is optimized with oneAPI Deep Neural Network Library (oneDNN) to use the following CPU instructions in performance-critical operations:  AVX2 AVX512F AVX512_VNNI FMA
To enable them in other operations, rebuild TensorFlow with the appropriate compiler flags.
WARNING:tensorflow:5 out of the last 5 calls to <function pfor.<locals>.f at 0x7459a215b3b0> triggered tf.function retracing. Tracing is expensive and the excessive number of tracings could be due to (1) creating @tf.function repeatedly in a loop, (2) passing tensors with different shapes, (3) passing Python objects instead of tensors. For (1), please define your @tf.function outside of the loop. For (2), @tf.function has reduce_retracing=True option that can avoid unnecessary retracing. For (3), please refer to https://www.tensorflow.org/guide/function#controlling_retracing and https://www.tensorflow.org/api_docs/python/tf/function for  more details.
WARNING:tensorflow:6 out of the last 6 calls to <function pfor.<locals>.f at 0x7459a215bcb0> triggered tf.function retracing. Tracing is expensive and the excessive number of tracings could be due to (1) creating @tf.function repeatedly in a loop, (2) passing tensors with different shapes, (3) passing Python objects instead of tensors. For (1), please define your @tf.function outside of the loop. For (2), @tf.function has reduce_retracing=True option that can avoid unnecessary retracing. For (3), please refer to https://www.tensorflow.org/guide/function#controlling_retracing and https://www.tensorflow.org/api_docs/python/tf/function for  more details.
------------------------------------------------------------
执行时间: 391.73 秒
执行状态: 成功
真值使用成本: 23645 行 (用于训练VAE)

后处理 Lopster 输出...
  Lopster 输出行数: 23645
  原始数据行数: 23645
  还原 index 列
  最终列顺序: ['index', 'i_w_blo_weg', 'o_w_blo_power', 'o_w_blo_voltage', 'i_w_bhl_weg', 'o_w_bhl_power', 'o_w_bhl_voltage', 'i_w_bhr_weg', 'o_w_bhr_power', 'o_w_bhr_voltage', 'i_w_bru_weg', 'o_w_bru_power', 'o_w_bru_voltage', 'i_w_hr_weg', 'o_w_hr_power', 'o_w_hr_voltage', 'i_w_hl_weg', 'o_w_hl_power', 'o_w_hl_voltage', 'labels']
  保存到: /home/qianzekai/Clean4MLBaseline/results/lopster/smartfactory_lopster_vzekai/smartfactory_lopster_vzekai_cleaned.csv
  最终行数: 23645

============================================================
调用统一测评模块 getScoreML
============================================================
使用编码后的数据进行测评（确保格式一致）:
  - dirty: /home/qianzekai/Clean4MLBaseline/results/lopster/smartfactory_lopster_vzekai/dirty_encoded.csv
  - cleaned: /home/qianzekai/Clean4MLBaseline/results/lopster/smartfactory_lopster_vzekai/smartfactory_lopster_vzekai_cleaned.csv
  - clean: /home/qianzekai/Clean4MLBaseline/results/lopster/smartfactory_lopster_vzekai/clean_encoded.csv
[1;34m[03:49:23][0m[1;33m WARNING Snoopy may use all CPU cores! Set env. variable 'SNOOPY_LIMIT_CPU' to 'y' to limit CPU usage. [0m[1;34m(__init__ -> _init_tf_pytorch on MainThread)[0m

结果已保存到: /home/qianzekai/Clean4MLBaseline/results/lopster/smartfactory_lopster_vzekai
============================================================
TensorFlow version: 2.11.0
Clean数据总量: 23645 行
使用比例: 100.0%
实际使用: 23645 行
Unique Values per column:
  i_w_blo_weg         614
o_w_blo_power      1056
o_w_blo_voltage      78
i_w_bhl_weg        1075
o_w_bhl_power      1189
o_w_bhl_voltage      62
i_w_bhr_weg        1074
o_w_bhr_power      1165
o_w_bhr_voltage      55
i_w_bru_weg         844
o_w_bru_power       948
o_w_bru_voltage      58
i_w_hr_weg          413
o_w_hr_power       1416
o_w_hr_voltage      274
i_w_hl_weg          444
o_w_hl_power       1245
o_w_hl_voltage      277
labels                2
dtype: int64
numeric: Index(['i_w_blo_weg', 'o_w_blo_power', 'o_w_blo_voltage', 'i_w_bhl_weg',
       'o_w_bhl_power', 'o_w_bhl_voltage', 'i_w_bhr_weg', 'o_w_bhr_power',
       'o_w_bhr_voltage', 'i_w_bru_weg', 'o_w_bru_power', 'o_w_bru_voltage',
       'i_w_hr_weg', 'o_w_hr_power', 'o_w_hr_voltage', 'i_w_hl_weg',
       'o_w_hl_power', 'o_w_hl_voltage', 'labels'],
      dtype='object')
categorical: Index([], dtype='object')
======================================================================
Clean4MLBaseline 统一测评 - smartfactory_lopster_vzekai
======================================================================

[1/5] 传统清洗指标
--------------------------------------------------
调试文件已保存到: /home/qianzekai/Clean4MLBaseline/results/lopster/smartfactory_lopster_vzekai/debug
修复准确率: 0.00035840912594419606, 修复召回率: 0.013111518398420978, F1值: 0.0006977450777803688
========================================
错误减少率 (EDR): -35.56943465388411
========================================
混合距离 (Hybrid Distance): 1295166.4536548853
========================================
基于条目的错误减少率 (R-EDR): -2.3335683067813338
========================================
numeric: Index(['i_w_blo_weg', 'o_w_blo_power', 'o_w_blo_voltage', 'i_w_bhl_weg',
       'o_w_bhl_power', 'o_w_bhl_voltage', 'i_w_bhr_weg', 'o_w_bhr_power',
       'o_w_bhr_voltage', 'i_w_bru_weg', 'o_w_bru_power', 'o_w_bru_voltage',
       'i_w_hr_weg', 'o_w_hr_power', 'o_w_hr_voltage', 'i_w_hl_weg',
       'o_w_hl_power', 'o_w_hl_voltage', 'labels'],
      dtype='object')
categorical: (none)
列级平均RMSE (数值列, 归一化): 0.828106
  i_w_blo_weg: 0.911439
  o_w_blo_power: 0.454248
  o_w_blo_voltage: 0.416573
  i_w_bhl_weg: 0.760625
  o_w_bhl_power: 0.578980
  o_w_bhl_voltage: 0.405085
  i_w_bhr_weg: 1.249388
  o_w_bhr_power: 0.743520
  o_w_bhr_voltage: 0.441639
  i_w_bru_weg: 1.439125
  o_w_bru_power: 1.097498
  o_w_bru_voltage: 0.281831
  i_w_hr_weg: 1.143725
  o_w_hr_power: 0.821487
  o_w_hr_voltage: 0.677341
  i_w_hl_weg: 1.336878
  o_w_hl_power: 0.981110
  o_w_hl_voltage: 0.922100
  labels: 1.071417
列级平均F1: N/A (无类别列)
========================================

[2/5] 下游任务性能 (classification)
--------------------------------------------------
RF - Accuracy: 0.9966, F1: 0.9966, Precision: 0.9966, Recall: 0.9966
LR - Accuracy: 0.9827, F1: 0.9825, Precision: 0.9826, Recall: 0.9827
SVM - Accuracy: 0.9858, F1: 0.9857, Precision: 0.9860, Recall: 0.9858
KNN - Accuracy: 0.9827, F1: 0.9825, Precision: 0.9826, Recall: 0.9827
DT - Accuracy: 0.9941, F1: 0.9941, Precision: 0.9941, Recall: 0.9941
GB - Accuracy: 0.9937, F1: 0.9936, Precision: 0.9937, Recall: 0.9937

[3/5] 模型容忍度
--------------------------------------------------

容忍度计算结果:
  P_do_nothing (脏数据性能): 0.7803
  P_demand_clean (清洗后性能): 0.5170
  P_repair_all (完全修复性能): 0.9816
  先验容忍度 (Tolerance_prior): 0.6626
  后验容忍度 (Tolerance_post): -1.3078

[4/5] Snoopy上界评估
--------------------------------------------------
Snoopy模块可用，正在评估数据质量上界...
数据集较大 (23645 行)，对Snoopy评估进行采样到 10000 行
  脏数据上界: 0.9088
  清洗后上界: 0.9847
  干净数据上界: 0.9231
  上界提升比例: 5.3077

[5/5] 真值使用成本
--------------------------------------------------
  方法类型: Type 2 (需验证集)
  实际真值使用: 23645
  理想最小成本: 189868
  总修改单元格: 449255
  正确修复: 189868
  错误修复: 259387

======================================================================
测评完成，结果已保存到: /home/qianzekai/Clean4MLBaseline/results/lopster/smartfactory_lopster_vzekai/smartfactory_lopster_vzekai_report.txt
======================================================================
