
============================================================
Running CtxPipe with dirty file: Data/adult/dirty_index.csv
Task name: adult_ctxpipe_vzekai
Model tag: ctx_50000
============================================================


CtxPipe output saved to: results/ctxpipe/adult_ctxpipe_vzekai/adult_ctxpipe_vzekai_cleaned.csv
Pipeline info saved to: results/ctxpipe/adult_ctxpipe_vzekai/adult_ctxpipe_vzekai_pipeline_info.txt

============================================================
CtxPipe Results:
============================================================
AI Sequence: ['blank', 'blank', 'LabelEncoder', 'blank', 'MaxAbsScaler', 'PCA_AUTO']
ML Score: 0.9150
Execution Time: 9.35 seconds
============================================================

============================================================
Traditional Data Cleaning Evaluation
Note: CtxPipe is designed for ML data preparation,
      traditional cleaning metrics may not be applicable.
============================================================

Traditional Evaluation Results:
Accuracy: 0.0
Recall: 0.0
F1 Score: 0.0
EDR: 0.0
Hybrid Distance: 0.0028402711481079965
R-EDR: 0.0
Time: 9.35s
Speed: 0.0207 seconds/100num

============================================================
调用统一测评模块 getScoreML
============================================================

getScoreML统一测评完成

============================================================
CtxPipe finished successfully!
Results saved to: results/ctxpipe/adult_ctxpipe_vzekai
============================================================

