2026-01-29 20:46:31,929 - INFO - ============================================================
2026-01-29 20:46:31,929 - INFO - DeleteAll Baseline (drop_missing)
2026-01-29 20:46:31,929 - INFO - ============================================================
2026-01-29 20:46:31,929 - INFO - 脏数据: Data/soilmoisture/dirty_index.csv
2026-01-29 20:46:31,929 - INFO - 干净数据: Data/soilmoisture/clean_index.csv
2026-01-29 20:46:31,929 - INFO - 任务名称: soilmoisture_deleteall_vzekai
2026-01-29 20:46:31,929 - INFO - 删除模式: drop_missing
2026-01-29 20:46:31,929 - INFO - ------------------------------------------------------------
2026-01-29 20:46:32,029 - INFO - 输出数据已保存: results/deleteall/soilmoisture_deleteall_vzekai/soilmoisture_deleteall_vzekai_cleaned.csv
2026-01-29 20:46:32,029 - INFO - 原始行数: 679
2026-01-29 20:46:32,029 - INFO - 保留行数: 479
2026-01-29 20:46:32,029 - INFO - 删除行数: 200
2026-01-29 20:46:32,029 - INFO - ------------------------------------------------------------
2026-01-29 20:46:32,029 - INFO - 执行时间: 0.10 秒
2026-01-29 20:46:32,029 - INFO - 执行状态: 成功
2026-01-29 20:46:32,029 - INFO - 真值使用成本: 0
2026-01-29 20:46:32,029 - INFO - 
2026-01-29 20:46:32,029 - INFO - ============================================================
2026-01-29 20:46:32,029 - INFO - 调用统一测评模块 getScoreML
2026-01-29 20:46:32,029 - INFO - ============================================================
2026-01-29 20:47:58,073 - INFO - 结果已保存到: results/deleteall/soilmoisture_deleteall_vzekai
2026-01-29 20:47:58,074 - INFO - 日志文件: results/deleteall/soilmoisture_deleteall_vzekai/soilmoisture_deleteall_vzekai.log
2026-01-29 20:47:58,074 - INFO - ============================================================
