2026-01-29 19:51:23,318 - INFO - ============================================================
2026-01-29 19:51:23,318 - INFO - DeleteAll Baseline (drop_missing)
2026-01-29 19:51:23,318 - INFO - ============================================================
2026-01-29 19:51:23,318 - INFO - 脏数据: Data/bike/dirty_index.csv
2026-01-29 19:51:23,318 - INFO - 干净数据: Data/bike/clean_index.csv
2026-01-29 19:51:23,318 - INFO - 任务名称: bike_deleteall_vzekai
2026-01-29 19:51:23,318 - INFO - 删除模式: drop_missing
2026-01-29 19:51:23,318 - INFO - ------------------------------------------------------------
2026-01-29 19:51:23,487 - INFO - 输出数据已保存: results/deleteall/bike_deleteall_vzekai/bike_deleteall_vzekai_cleaned.csv
2026-01-29 19:51:23,488 - INFO - 原始行数: 17379
2026-01-29 19:51:23,488 - INFO - 保留行数: 17379
2026-01-29 19:51:23,488 - INFO - 删除行数: 0
2026-01-29 19:51:23,488 - INFO - ------------------------------------------------------------
2026-01-29 19:51:23,488 - INFO - 执行时间: 0.17 秒
2026-01-29 19:51:23,488 - INFO - 执行状态: 成功
2026-01-29 19:51:23,488 - INFO - 真值使用成本: 0
2026-01-29 19:51:23,488 - INFO - 
2026-01-29 19:51:23,488 - INFO - ============================================================
2026-01-29 19:51:23,488 - INFO - 调用统一测评模块 getScoreML
2026-01-29 19:51:23,488 - INFO - ============================================================
2026-01-29 19:57:04,079 - INFO - 结果已保存到: results/deleteall/bike_deleteall_vzekai
2026-01-29 19:57:04,079 - INFO - 日志文件: results/deleteall/bike_deleteall_vzekai/bike_deleteall_vzekai.log
2026-01-29 19:57:04,079 - INFO - ============================================================
