[2026-02-25 12:04:13,321] INFO - demandclean: ==================================================
[2026-02-25 12:04:13,321] INFO - demandclean: DemandClean 训练开始
[2026-02-25 12:04:13,321] INFO - demandclean:   检测器模式: auto
[2026-02-25 12:04:13,321] INFO - demandclean:   训练模式: clean_base
[2026-02-25 12:04:13,321] INFO - demandclean:   Agent类型: dueling_two_stage
[2026-02-25 12:04:13,321] INFO - demandclean:   推理模式: single_phase
[2026-02-25 12:04:13,321] INFO - demandclean:   FD规则: 0
[2026-02-25 12:04:13,321] INFO - demandclean:   丰富规则: 有
[2026-02-25 12:04:13,321] INFO - demandclean: ==================================================
[2026-02-25 12:04:13,321] INFO - demandclean: 
[Step 1] 初始化错误检测器...
[2026-02-25 12:04:13,322] INFO - demandclean: 
[Step 1.5] 运行 RAHA 检测获取标注行...
[2026-02-25 12:04:26,806] INFO - demandclean:   [预修复] 利用 RAHA 标注行修复 29 个特征单元格 + 1 个标签
[2026-02-25 12:04:26,806] INFO - demandclean:   标注行: [36, 65, 85, 114, 146, 152, 159, 170, 179, 218]... (共 20 行)
[2026-02-25 12:04:26,806] INFO - demandclean: 
[Step 2] 训练 DQN Agent...
[2026-02-25 12:04:26,806] INFO - demandclean: 开始训练 (dueling_two_stage Agent, mode=clean_base)
[2026-02-25 12:04:26,806] INFO - demandclean:   任务类型: classification
[2026-02-25 12:04:26,806] INFO - demandclean:   模型类型: random_forest
[2026-02-25 12:04:26,806] INFO - demandclean:   原始数据: 699 行
[2026-02-25 12:04:26,806] INFO - demandclean:   基准数据: 487 行
[2026-02-25 12:04:26,806] INFO - demandclean:   标签注入: 检测到 34 个标签错误, rate=0.049, symmetric=False
[2026-02-25 12:04:26,806] INFO - demandclean:   自适应注入比例范围 (基于检测结果):
[2026-02-25 12:04:26,806] INFO - demandclean:     missing: (0.0292, 0.0439)
[2026-02-25 12:04:26,806] INFO - demandclean:     semantic: (0.0234, 0.0351)
[2026-02-25 12:04:26,806] INFO - demandclean:     syntactic: (0.0142, 0.0214)
[2026-02-25 12:04:26,807] INFO - demandclean:     label: (0.0389, 0.0584)
[2026-02-25 12:04:26,810] INFO - demandclean:   ErrorInjector: rich_rules=True, domain=9, cfd=22, fd=0
[2026-02-25 12:04:26,810] INFO - demandclean:   开始训练 DQN (5 episodes, 起始轮=0)...
[2026-02-25 12:04:29,062] INFO - demandclean: 
已恢复最佳模型权重 (Episode 4, Score=0.9815, Cost=10)
[2026-02-25 12:04:29,062] INFO - demandclean: 
训练完成! 最佳分数: 0.9815 (共 5 episodes)
[2026-02-25 12:04:29,062] INFO - demandclean:   最佳动作分布: {'no_action': 28, 'repair_value': 10, 'delete': 12, 'replace_nearby': 12}
[2026-02-25 12:04:29,062] INFO - demandclean: 
训练完成!
[2026-02-25 12:04:29,066] INFO - demandclean: 模型已保存: /Users/qianzekai/PycharmProjects/TolerDM/results/demandclean/breast_cancer/v5_auto_dueling_single/model/v5_auto_dueling_single_agent.pt
[2026-02-25 12:04:29,067] INFO - demandclean: 
==================================================
[2026-02-25 12:04:29,067] INFO - demandclean: 单阶段推理
[2026-02-25 12:04:29,067] INFO - demandclean: ==================================================
[2026-02-25 12:04:29,670] INFO - demandclean:   [预修复] 利用 RAHA 标注行修复 29 个特征单元格 + 1 个标签
[2026-02-25 12:04:29,670] INFO - demandclean:   移除已修复错误: missing=13, semantic=3, syntactic=13, label_noise=1
