运行开始时间: 2026-02-04 15:29:25
============================================================
HoloClean 数据清洗
============================================================
脏数据: Data/soilmoisture/dirty_index.csv
约束文件: Data/soilmoisture/rules.txt
任务名称: soilmoisture_holoclean_vzekai
数据库: holo
列拆分阈值: 40
行拆分阈值: 5000
------------------------------------------------------------
加载 0 条DC规则
数据集规模: 679 行 × 129 列 (86912 cells)
列数 (128) 超过阈值 (40)，启用列拆分
列拆分模式: 128 特征列，拆分为每组最多 40 列
拆分为 4 个子集
  列子集 0/4: 40 列 (datetime...602)
  列子集 0 完成
  列子集 1/4: 40 列 (606...762)
    子集无需修复（无错误单元格），返回原始数据
  列子集 1 完成
  列子集 2/4: 40 列 (766...922)
    子集无需修复（无错误单元格），返回原始数据
  列子集 2 完成
  列子集 3/4: 8 列 (926...soil_moisture)
  列子集 3 完成
合并所有列子集...
合并结果已保存: results/holoclean/soilmoisture_holoclean_vzekai/soilmoisture_holoclean_vzekai_cleaned.csv
------------------------------------------------------------
执行时间: 551.92 秒
执行状态: 成功
真值使用成本: 0 (全自动)

============================================================
调用统一测评模块 getScoreML
============================================================

结果已保存到: results/holoclean/soilmoisture_holoclean_vzekai
============================================================
