[2026-02-22 01:41:38,164] INFO - demandclean: ==================================================
[2026-02-22 01:41:38,164] INFO - demandclean: DemandClean 训练开始
[2026-02-22 01:41:38,164] INFO - demandclean:   检测器模式: oracle
[2026-02-22 01:41:38,164] INFO - demandclean:   训练模式: clean_base
[2026-02-22 01:41:38,164] INFO - demandclean:   Agent类型: single
[2026-02-22 01:41:38,164] INFO - demandclean:   推理模式: single_phase
[2026-02-22 01:41:38,165] INFO - demandclean:   FD规则: 3
[2026-02-22 01:41:38,165] INFO - demandclean:   丰富规则: 有
[2026-02-22 01:41:38,165] INFO - demandclean: ==================================================
[2026-02-22 01:41:38,165] INFO - demandclean: 
[Step 1] 初始化错误检测器...
[2026-02-22 01:41:38,165] INFO - demandclean: 
[Step 2] 训练 DQN Agent...
[2026-02-22 01:41:38,165] INFO - demandclean: 开始训练 (single Agent, mode=clean_base)
[2026-02-22 01:41:38,165] INFO - demandclean:   任务类型: regression
[2026-02-22 01:41:38,165] INFO - demandclean:   模型类型: ridge
[2026-02-22 01:41:38,165] INFO - demandclean:   原始数据: 1503 行
[2026-02-22 01:41:38,165] INFO - demandclean:   基准数据: 1473 行
[2026-02-22 01:41:38,615] INFO - demandclean:   ErrorInjector: rich_rules=True, domain=5, cfd=0, fd=3
[2026-02-22 01:41:38,615] INFO - demandclean:   开始训练 DQN (50 episodes)...
[2026-02-22 01:41:43,029] INFO - demandclean:   Episode 50/50: Score=0.0205, Best=0.0205, Eps=0.778
[2026-02-22 01:41:43,030] INFO - demandclean:     Actions: {'no_action': 107, 'repair_value': 132, 'delete': 117, 'replace_nearby': 221}
[2026-02-22 01:41:43,030] INFO - demandclean: 
已恢复最佳模型权重 (Episode 39, Score=0.0205, Cost=80)
[2026-02-22 01:41:43,030] INFO - demandclean: 
训练完成! 最佳分数: 0.0205
[2026-02-22 01:41:43,030] INFO - demandclean:   最佳动作分布: {'no_action': 67, 'repair_value': 80, 'delete': 70, 'replace_nearby': 135}
[2026-02-22 01:41:43,030] INFO - demandclean: 
训练完成!
[2026-02-22 01:41:43,033] INFO - demandclean: 模型已保存: /Users/qianzekai/PycharmProjects/TolerDM/results/demandclean/nasa/v3_oracle_plain_single/model/v3_oracle_plain_single_agent.pt
[2026-02-22 01:41:43,034] INFO - demandclean: 
==================================================
[2026-02-22 01:41:43,034] INFO - demandclean: 单阶段推理
[2026-02-22 01:41:43,034] INFO - demandclean: ==================================================
