
============================================================
Running CtxPipe with dirty file: Data/nasa/dirty_index.csv
Task name: nasa_ctxpipe_vzekai
Model tag: ctx_50000
============================================================


CtxPipe output saved to: results/ctxpipe/nasa_ctxpipe_vzekai/nasa_ctxpipe_vzekai_cleaned.csv
Pipeline info saved to: results/ctxpipe/nasa_ctxpipe_vzekai/nasa_ctxpipe_vzekai_pipeline_info.txt

============================================================
CtxPipe Results:
============================================================
AI Sequence: ['blank', 'ImputerCatMode', 'LabelEncoder', 'blank', 'PowerTransformer', 'RandomTreesEmbedding']
ML Score: 0.0133
Execution Time: 8.67 seconds
============================================================

============================================================
Traditional Data Cleaning Evaluation
Note: CtxPipe is designed for ML data preparation,
      traditional cleaning metrics may not be applicable.
============================================================

Traditional Evaluation Results:
Accuracy: 0.2
Recall: 0.008207934336525308
F1 Score: 0.015768725353793075
EDR: 0.008207934336525308
Hybrid Distance: 0.2834428016113296
R-EDR: 0.008207934336525308
Time: 8.67s
Speed: 0.5766 seconds/100num

============================================================
调用统一测评模块 getScoreML
============================================================

getScoreML统一测评完成

============================================================
CtxPipe finished successfully!
Results saved to: results/ctxpipe/nasa_ctxpipe_vzekai
============================================================

