[2026-02-22 00:21:03,666] INFO - demandclean: ==================================================
[2026-02-22 00:21:03,666] INFO - demandclean: DemandClean 训练开始
[2026-02-22 00:21:03,666] INFO - demandclean:   检测器模式: oracle
[2026-02-22 00:21:03,666] INFO - demandclean:   训练模式: clean_base
[2026-02-22 00:21:03,666] INFO - demandclean:   Agent类型: single
[2026-02-22 00:21:03,666] INFO - demandclean:   推理模式: single_phase
[2026-02-22 00:21:03,666] INFO - demandclean:   FD规则: 0
[2026-02-22 00:21:03,666] INFO - demandclean:   丰富规则: 有
[2026-02-22 00:21:03,666] INFO - demandclean: ==================================================
[2026-02-22 00:21:03,666] INFO - demandclean: 
[Step 1] 初始化错误检测器...
[2026-02-22 00:21:03,666] INFO - demandclean: 
[Step 2] 训练 DQN Agent...
[2026-02-22 00:21:03,666] INFO - demandclean: 开始训练 (single Agent, mode=clean_base)
[2026-02-22 00:21:03,666] INFO - demandclean:   任务类型: classification
[2026-02-22 00:21:03,667] INFO - demandclean:   模型类型: random_forest
[2026-02-22 00:21:03,667] INFO - demandclean:   原始数据: 699 行
[2026-02-22 00:21:03,667] INFO - demandclean:   基准数据: 489 行
[2026-02-22 00:21:04,277] INFO - demandclean:   ErrorInjector: rich_rules=True, domain=9, cfd=22, fd=0
[2026-02-22 00:21:04,277] INFO - demandclean:   开始训练 DQN (50 episodes)...
[2026-02-22 00:21:26,981] INFO - demandclean:   Episode 50/50: Score=0.9836, Best=0.9959, Eps=0.778
[2026-02-22 00:21:26,982] INFO - demandclean:     Actions: {'no_action': 39, 'repair_value': 42, 'delete': 71, 'replace_nearby': 29}
[2026-02-22 00:21:26,982] INFO - demandclean: 
已恢复最佳模型权重 (Episode 15, Score=0.9959, Cost=29)
[2026-02-22 00:21:26,982] INFO - demandclean: 
训练完成! 最佳分数: 0.9959
[2026-02-22 00:21:26,983] INFO - demandclean:   最佳动作分布: {'no_action': 36, 'repair_value': 29, 'delete': 27, 'replace_nearby': 23}
[2026-02-22 00:21:26,983] INFO - demandclean: 
训练完成!
[2026-02-22 00:21:26,987] INFO - demandclean: 模型已保存: /Users/qianzekai/PycharmProjects/TolerDM/results/demandclean/breast_cancer/v3_oracle_plain_single/model/v3_oracle_plain_single_agent.pt
[2026-02-22 00:21:26,988] INFO - demandclean: 
==================================================
[2026-02-22 00:21:26,988] INFO - demandclean: 单阶段推理
[2026-02-22 00:21:26,988] INFO - demandclean: ==================================================
