[2026-02-22 00:26:59,294] INFO - demandclean: ==================================================
[2026-02-22 00:26:59,294] INFO - demandclean: DemandClean 训练开始
[2026-02-22 00:26:59,294] INFO - demandclean:   检测器模式: oracle
[2026-02-22 00:26:59,294] INFO - demandclean:   训练模式: clean_base
[2026-02-22 00:26:59,294] INFO - demandclean:   Agent类型: single
[2026-02-22 00:26:59,294] INFO - demandclean:   推理模式: single_phase
[2026-02-22 00:26:59,294] INFO - demandclean:   FD规则: 1
[2026-02-22 00:26:59,294] INFO - demandclean:   丰富规则: 有
[2026-02-22 00:26:59,294] INFO - demandclean: ==================================================
[2026-02-22 00:26:59,294] INFO - demandclean: 
[Step 1] 初始化错误检测器...
[2026-02-22 00:26:59,294] INFO - demandclean: 
[Step 2] 训练 DQN Agent...
[2026-02-22 00:26:59,294] INFO - demandclean: 开始训练 (single Agent, mode=clean_base)
[2026-02-22 00:26:59,294] INFO - demandclean:   任务类型: classification
[2026-02-22 00:26:59,294] INFO - demandclean:   模型类型: random_forest
[2026-02-22 00:26:59,294] INFO - demandclean:   原始数据: 70000 行
[2026-02-22 00:26:59,296] INFO - demandclean:   基准数据: 63640 行
[2026-02-22 00:26:59,877] INFO - demandclean:   ErrorInjector: rich_rules=True, domain=3, cfd=0, fd=0
[2026-02-22 00:26:59,877] INFO - demandclean:   开始训练 DQN (50 episodes)...
[2026-02-22 01:34:24,947] INFO - demandclean:   Episode 50/50: Score=0.0000, Best=0.0000, Eps=0.778
[2026-02-22 01:34:24,948] INFO - demandclean:     Actions: {'no_action': 4538, 'repair_value': 3578, 'delete': 6590, 'replace_nearby': 3822}
[2026-02-22 01:34:24,948] INFO - demandclean: 
已恢复最佳模型权重 (Episode 48, Score=0.0000, Cost=2871)
[2026-02-22 01:34:24,948] INFO - demandclean: 
训练完成! 最佳分数: 0.0000
[2026-02-22 01:34:24,948] INFO - demandclean:   最佳动作分布: {'no_action': 3571, 'repair_value': 2871, 'delete': 5319, 'replace_nearby': 2847}
[2026-02-22 01:34:24,952] INFO - demandclean: 
训练完成!
[2026-02-22 01:34:24,959] INFO - demandclean: 模型已保存: /Users/qianzekai/PycharmProjects/TolerDM/results/demandclean/har/v3_oracle_plain_single/model/v3_oracle_plain_single_agent.pt
[2026-02-22 01:34:24,960] INFO - demandclean: 
==================================================
[2026-02-22 01:34:24,960] INFO - demandclean: 单阶段推理
[2026-02-22 01:34:24,960] INFO - demandclean: ==================================================
