2026-01-29 20:41:52,917 - INFO - ============================================================
2026-01-29 20:41:52,917 - INFO - DeleteAll Baseline (drop_missing)
2026-01-29 20:41:52,917 - INFO - ============================================================
2026-01-29 20:41:52,917 - INFO - 脏数据: Data/nasa/dirty_index.csv
2026-01-29 20:41:52,917 - INFO - 干净数据: Data/nasa/clean_index.csv
2026-01-29 20:41:52,917 - INFO - 任务名称: nasa_deleteall_vzekai
2026-01-29 20:41:52,917 - INFO - 删除模式: drop_missing
2026-01-29 20:41:52,917 - INFO - ------------------------------------------------------------
2026-01-29 20:41:52,932 - INFO - 输出数据已保存: results/deleteall/nasa_deleteall_vzekai/nasa_deleteall_vzekai_cleaned.csv
2026-01-29 20:41:52,932 - INFO - 原始行数: 1503
2026-01-29 20:41:52,932 - INFO - 保留行数: 1473
2026-01-29 20:41:52,932 - INFO - 删除行数: 30
2026-01-29 20:41:52,932 - INFO - ------------------------------------------------------------
2026-01-29 20:41:52,932 - INFO - 执行时间: 0.02 秒
2026-01-29 20:41:52,932 - INFO - 执行状态: 成功
2026-01-29 20:41:52,932 - INFO - 真值使用成本: 0
2026-01-29 20:41:52,932 - INFO - 
2026-01-29 20:41:52,932 - INFO - ============================================================
2026-01-29 20:41:52,932 - INFO - 调用统一测评模块 getScoreML
2026-01-29 20:41:52,932 - INFO - ============================================================
2026-01-29 20:42:08,280 - INFO - 结果已保存到: results/deleteall/nasa_deleteall_vzekai
2026-01-29 20:42:08,280 - INFO - 日志文件: results/deleteall/nasa_deleteall_vzekai/nasa_deleteall_vzekai.log
2026-01-29 20:42:08,280 - INFO - ============================================================
