============================================================
Baran/Raha 数据清洗
============================================================
脏数据: Data/beers/dirty_index.csv
干净数据: Data/beers/clean_index.csv
任务名称: beers_raha_baran
标注预算: 20
------------------------------------------------------------
============================================================
阶段1: Raha错误检测
============================================================
检测到错误单元格: 2410
检测 Precision: 0.9996
检测 Recall: 0.7174
检测 F1: 0.8353
============================================================
阶段2: Baran错误修复
============================================================
------------------------------------------------------------------------
---------------------Initialize the Dataset Object----------------------
------------------------------------------------------------------------
------------------------------------------------------------------------
--------------------Initialize Error Corrector Models-------------------
------------------------------------------------------------------------
The error corrector models are initialized.
------------------------------------------------------------------------
--------------Iterative Tuple Sampling, Labeling, and Learning----------
------------------------------------------------------------------------
Tuple 1919 is sampled.
Tuple 1919 is labeled.
The error corrector models are updated with new labeled tuple 1919.
2754 pairs of (a data error, a potential correction) are featurized.
100% (2410 / 2410) of data errors are corrected.
------------------------------------------------------------------------
Tuple 11 is sampled.
Tuple 11 is labeled.
The error corrector models are updated with new labeled tuple 11.
2754 pairs of (a data error, a potential correction) are featurized.
100% (2410 / 2410) of data errors are corrected.
------------------------------------------------------------------------
Tuple 1657 is sampled.
Tuple 1657 is labeled.
The error corrector models are updated with new labeled tuple 1657.
4926 pairs of (a data error, a potential correction) are featurized.
100% (2411 / 2411) of data errors are corrected.
------------------------------------------------------------------------
Tuple 2292 is sampled.
Tuple 2292 is labeled.
The error corrector models are updated with new labeled tuple 2292.
4934 pairs of (a data error, a potential correction) are featurized.
100% (2411 / 2411) of data errors are corrected.
------------------------------------------------------------------------
Tuple 996 is sampled.
Tuple 996 is labeled.
The error corrector models are updated with new labeled tuple 996.
4939 pairs of (a data error, a potential correction) are featurized.
100% (2411 / 2411) of data errors are corrected.
------------------------------------------------------------------------
Tuple 863 is sampled.
Tuple 863 is labeled.
The error corrector models are updated with new labeled tuple 863.
5023 pairs of (a data error, a potential correction) are featurized.
100% (2412 / 2412) of data errors are corrected.
------------------------------------------------------------------------
Tuple 2057 is sampled.
Tuple 2057 is labeled.
The error corrector models are updated with new labeled tuple 2057.
5023 pairs of (a data error, a potential correction) are featurized.
100% (2412 / 2412) of data errors are corrected.
------------------------------------------------------------------------
Tuple 1402 is sampled.
Tuple 1402 is labeled.
The error corrector models are updated with new labeled tuple 1402.
