============================================================
Baran/Raha 数据清洗
============================================================
脏数据: Data/beers/dirty_index.csv
干净数据: Data/beers/clean_index.csv
任务名称: beers_raha_baran_vzekai
标注预算: 20
------------------------------------------------------------
============================================================
阶段1: Raha错误检测
============================================================
检测到错误单元格: 2410
检测 Precision: 0.9996
检测 Recall: 0.7174
检测 F1: 0.8353
============================================================
阶段2: Baran错误修复
============================================================
------------------------------------------------------------------------
---------------------Initialize the Dataset Object----------------------
------------------------------------------------------------------------
------------------------------------------------------------------------
--------------------Initialize Error Corrector Models-------------------
------------------------------------------------------------------------
The error corrector models are initialized.
------------------------------------------------------------------------
--------------Iterative Tuple Sampling, Labeling, and Learning----------
------------------------------------------------------------------------
Tuple 1464 is sampled.
Tuple 1464 is labeled.
The error corrector models are updated with new labeled tuple 1464.
2754 pairs of (a data error, a potential correction) are featurized.
1% (16 / 2410) of data errors are corrected.
------------------------------------------------------------------------
Tuple 869 is sampled.
Tuple 869 is labeled.
The error corrector models are updated with new labeled tuple 869.
2754 pairs of (a data error, a potential correction) are featurized.
46% (1097 / 2410) of data errors are corrected.
------------------------------------------------------------------------
Tuple 2284 is sampled.
Tuple 2284 is labeled.
The error corrector models are updated with new labeled tuple 2284.
2835 pairs of (a data error, a potential correction) are featurized.
46% (1121 / 2411) of data errors are corrected.
------------------------------------------------------------------------
Tuple 2009 is sampled.
Tuple 2009 is labeled.
The error corrector models are updated with new labeled tuple 2009.
2835 pairs of (a data error, a potential correction) are featurized.
47% (1144 / 2411) of data errors are corrected.
------------------------------------------------------------------------
Tuple 2222 is sampled.
Tuple 2222 is labeled.
The error corrector models are updated with new labeled tuple 2222.
2916 pairs of (a data error, a potential correction) are featurized.
49% (1179 / 2412) of data errors are corrected.
------------------------------------------------------------------------
Tuple 384 is sampled.
Tuple 384 is labeled.
The error corrector models are updated with new labeled tuple 384.
2997 pairs of (a data error, a potential correction) are featurized.
68% (1644 / 2413) of data errors are corrected.
------------------------------------------------------------------------
Tuple 1507 is sampled.
Tuple 1507 is labeled.
The error corrector models are updated with new labeled tuple 1507.
3225 pairs of (a data error, a potential correction) are featurized.
81% (1964 / 2413) of data errors are corrected.
------------------------------------------------------------------------
Tuple 1665 is sampled.
Tuple 1665 is labeled.
The error corrector models are updated with new labeled tuple 1665.
3434 pairs of (a data error, a potential correction) are featurized.
94% (2265 / 2413) of data errors are corrected.
------------------------------------------------------------------------
Tuple 737 is sampled.
Tuple 737 is labeled.
The error corrector models are updated with new labeled tuple 737.
3571 pairs of (a data error, a potential correction) are featurized.
97% (2341 / 2414) of data errors are corrected.
------------------------------------------------------------------------
Tuple 2365 is sampled.
Tuple 2365 is labeled.
The error corrector models are updated with new labeled tuple 2365.
3612 pairs of (a data error, a potential correction) are featurized.
100% (2405 / 2414) of data errors are corrected.
------------------------------------------------------------------------
Tuple 2098 is sampled.
Tuple 2098 is labeled.
The error corrector models are updated with new labeled tuple 2098.
3616 pairs of (a data error, a potential correction) are featurized.
100% (2412 / 2414) of data errors are corrected.
------------------------------------------------------------------------
Tuple 21 is sampled.
Tuple 21 is labeled.
The error corrector models are updated with new labeled tuple 21.
6026 pairs of (a data error, a potential correction) are featurized.
100% (2413 / 2414) of data errors are corrected.
------------------------------------------------------------------------
Tuple 1554 is sampled.
Tuple 1554 is labeled.
The error corrector models are updated with new labeled tuple 1554.
7052 pairs of (a data error, a potential correction) are featurized.
100% (2414 / 2415) of data errors are corrected.
------------------------------------------------------------------------
Tuple 1754 is sampled.
Tuple 1754 is labeled.
The error corrector models are updated with new labeled tuple 1754.
7052 pairs of (a data error, a potential correction) are featurized.
100% (2414 / 2415) of data errors are corrected.
------------------------------------------------------------------------
Tuple 1151 is sampled.
Tuple 1151 is labeled.
The error corrector models are updated with new labeled tuple 1151.
7133 pairs of (a data error, a potential correction) are featurized.
100% (2415 / 2416) of data errors are corrected.
------------------------------------------------------------------------
Tuple 172 is sampled.
Tuple 172 is labeled.
The error corrector models are updated with new labeled tuple 172.
7133 pairs of (a data error, a potential correction) are featurized.
100% (2415 / 2416) of data errors are corrected.
------------------------------------------------------------------------
Tuple 374 is sampled.
Tuple 374 is labeled.
The error corrector models are updated with new labeled tuple 374.
7133 pairs of (a data error, a potential correction) are featurized.
100% (2415 / 2416) of data errors are corrected.
------------------------------------------------------------------------
Tuple 2058 is sampled.
Tuple 2058 is labeled.
The error corrector models are updated with new labeled tuple 2058.
8702 pairs of (a data error, a potential correction) are featurized.
100% (2415 / 2416) of data errors are corrected.
------------------------------------------------------------------------
Tuple 1653 is sampled.
Tuple 1653 is labeled.
The error corrector models are updated with new labeled tuple 1653.
------------------------------------------------------------
执行时间: 1824.65 秒
执行状态: 成功
标注预算: 20
真值使用成本: 20 (Type 3: 迭代交互)

============================================================
调用统一测评模块 getScoreML
============================================================
警告: 无法导入getScoreML模块: No module named 'tools.getScoreML'

结果已保存到: results/raha_baran/beers_raha_baran_vzekai
============================================================
8703 pairs of (a data error, a potential correction) are featurized.
100% (2415 / 2416) of data errors are corrected.
------------------------------------------------------------------------
修复单元格数: 2415
修复后数据已保存: results/raha_baran/beers_raha_baran_vzekai/beers_raha_baran_vzekai_cleaned.csv
