============================================================
Baran/Raha 数据清洗
============================================================
脏数据: Data/bike/dirty_index.csv
干净数据: Data/bike/clean_index.csv
任务名称: bike_raha_baran_vzekai
标注预算: 20
------------------------------------------------------------
============================================================
阶段1: Raha错误检测
============================================================
检测到错误单元格: 191169
检测 Precision: 0.9709
检测 Recall: 0.9816
检测 F1: 0.9762
============================================================
阶段2: Baran错误修复
============================================================
------------------------------------------------------------------------
---------------------Initialize the Dataset Object----------------------
------------------------------------------------------------------------
------------------------------------------------------------------------
--------------------Initialize Error Corrector Models-------------------
------------------------------------------------------------------------
The error corrector models are initialized.
------------------------------------------------------------------------
--------------Iterative Tuple Sampling, Labeling, and Learning----------
------------------------------------------------------------------------
Tuple 8768 is sampled.
Tuple 8768 is labeled.
The error corrector models are updated with new labeled tuple 8768.
691516 pairs of (a data error, a potential correction) are featurized.
46% (87727 / 191169) of data errors are corrected.
------------------------------------------------------------------------
Tuple 16814 is sampled.
Tuple 16814 is labeled.
The error corrector models are updated with new labeled tuple 16814.
1140523 pairs of (a data error, a potential correction) are featurized.
80% (152016 / 191169) of data errors are corrected.
------------------------------------------------------------------------
Tuple 7198 is sampled.
Tuple 7198 is labeled.
The error corrector models are updated with new labeled tuple 7198.
1539059 pairs of (a data error, a potential correction) are featurized.
83% (157941 / 191169) of data errors are corrected.
------------------------------------------------------------------------
Tuple 4101 is sampled.
Tuple 4101 is labeled.
The error corrector models are updated with new labeled tuple 4101.
1633634 pairs of (a data error, a potential correction) are featurized.
83% (158663 / 191169) of data errors are corrected.
------------------------------------------------------------------------
Tuple 14542 is sampled.
Tuple 14542 is labeled.
The error corrector models are updated with new labeled tuple 14542.
1717254 pairs of (a data error, a potential correction) are featurized.
84% (161430 / 191169) of data errors are corrected.
------------------------------------------------------------------------
Tuple 10620 is sampled.
Tuple 10620 is labeled.
The error corrector models are updated with new labeled tuple 10620.
1818765 pairs of (a data error, a potential correction) are featurized.
85% (162997 / 191169) of data errors are corrected.
------------------------------------------------------------------------
Tuple 11816 is sampled.
Tuple 11816 is labeled.
The error corrector models are updated with new labeled tuple 11816.
1917121 pairs of (a data error, a potential correction) are featurized.
87% (165500 / 191169) of data errors are corrected.
------------------------------------------------------------------------
Tuple 13725 is sampled.
Tuple 13725 is labeled.
The error corrector models are updated with new labeled tuple 13725.
2106592 pairs of (a data error, a potential correction) are featurized.
87% (166382 / 191169) of data errors are corrected.
------------------------------------------------------------------------
Tuple 9573 is sampled.
Tuple 9573 is labeled.
The error corrector models are updated with new labeled tuple 9573.
2189697 pairs of (a data error, a potential correction) are featurized.
87% (166424 / 191170) of data errors are corrected.
------------------------------------------------------------------------
Tuple 8748 is sampled.
Tuple 8748 is labeled.
The error corrector models are updated with new labeled tuple 8748.
2402286 pairs of (a data error, a potential correction) are featurized.
88% (167805 / 191170) of data errors are corrected.
------------------------------------------------------------------------
Tuple 3115 is sampled.
Tuple 3115 is labeled.
The error corrector models are updated with new labeled tuple 3115.
2501700 pairs of (a data error, a potential correction) are featurized.
88% (168283 / 191170) of data errors are corrected.
------------------------------------------------------------------------
Tuple 1386 is sampled.
Tuple 1386 is labeled.
The error corrector models are updated with new labeled tuple 1386.
2521032 pairs of (a data error, a potential correction) are featurized.
88% (168340 / 191171) of data errors are corrected.
------------------------------------------------------------------------
Tuple 13433 is sampled.
Tuple 13433 is labeled.
The error corrector models are updated with new labeled tuple 13433.
2616767 pairs of (a data error, a potential correction) are featurized.
88% (168558 / 191172) of data errors are corrected.
------------------------------------------------------------------------
Tuple 10050 is sampled.
Tuple 10050 is labeled.
The error corrector models are updated with new labeled tuple 10050.
2691686 pairs of (a data error, a potential correction) are featurized.
88% (168592 / 191172) of data errors are corrected.
------------------------------------------------------------------------
Tuple 2732 is sampled.
Tuple 2732 is labeled.
The error corrector models are updated with new labeled tuple 2732.
2838457 pairs of (a data error, a potential correction) are featurized.
88% (168773 / 191173) of data errors are corrected.
------------------------------------------------------------------------
Tuple 2108 is sampled.
Tuple 2108 is labeled.
The error corrector models are updated with new labeled tuple 2108.
2953573 pairs of (a data error, a potential correction) are featurized.
88% (168809 / 191173) of data errors are corrected.
------------------------------------------------------------------------
Tuple 4423 is sampled.
Tuple 4423 is labeled.
The error corrector models are updated with new labeled tuple 4423.
3043570 pairs of (a data error, a potential correction) are featurized.
88% (168835 / 191173) of data errors are corrected.
------------------------------------------------------------------------
Tuple 651 is sampled.
Tuple 651 is labeled.
The error corrector models are updated with new labeled tuple 651.
3125554 pairs of (a data error, a potential correction) are featurized.
88% (168858 / 191174) of data errors are corrected.
------------------------------------------------------------------------
Tuple 3324 is sampled.
Tuple 3324 is labeled.
The error corrector models are updated with new labeled tuple 3324.
------------------------------------------------------------
执行时间: 71773.81 秒
执行状态: 成功
标注预算: 20
真值使用成本: 20 (Type 3: 迭代交互)

============================================================
调用统一测评模块 getScoreML
============================================================
警告: 无法导入getScoreML模块: No module named 'tools.getScoreML'

结果已保存到: results/raha_baran/bike_raha_baran_vzekai
============================================================
3256908 pairs of (a data error, a potential correction) are featurized.
88% (168992 / 191174) of data errors are corrected.
------------------------------------------------------------------------
修复单元格数: 168992
修复后数据已保存: results/raha_baran/bike_raha_baran_vzekai/bike_raha_baran_vzekai_cleaned.csv
