============================================================
Baran/Raha 数据清洗
============================================================
脏数据: Data/breast_cancer/dirty_index.csv
干净数据: Data/breast_cancer/clean_index.csv
任务名称: breast_cancer_raha_baran_vzekai
标注预算: 20
------------------------------------------------------------
============================================================
阶段1: Raha错误检测
============================================================
检测到错误单元格: 3495
检测 Precision: 1.0000
检测 Recall: 0.9327
检测 F1: 0.9652
============================================================
阶段2: Baran错误修复
============================================================
------------------------------------------------------------------------
---------------------Initialize the Dataset Object----------------------
------------------------------------------------------------------------
------------------------------------------------------------------------
--------------------Initialize Error Corrector Models-------------------
------------------------------------------------------------------------
The error corrector models are initialized.
------------------------------------------------------------------------
--------------Iterative Tuple Sampling, Labeling, and Learning----------
------------------------------------------------------------------------
Tuple 90 is sampled.
Tuple 90 is labeled.
The error corrector models are updated with new labeled tuple 90.
10405 pairs of (a data error, a potential correction) are featurized.
70% (2437 / 3495) of data errors are corrected.
------------------------------------------------------------------------
Tuple 190 is sampled.
Tuple 190 is labeled.
The error corrector models are updated with new labeled tuple 190.
18139 pairs of (a data error, a potential correction) are featurized.
95% (3305 / 3495) of data errors are corrected.
------------------------------------------------------------------------
Tuple 49 is sampled.
Tuple 49 is labeled.
The error corrector models are updated with new labeled tuple 49.
24491 pairs of (a data error, a potential correction) are featurized.
98% (3439 / 3495) of data errors are corrected.
------------------------------------------------------------------------
Tuple 262 is sampled.
Tuple 262 is labeled.
The error corrector models are updated with new labeled tuple 262.
31050 pairs of (a data error, a potential correction) are featurized.
99% (3470 / 3495) of data errors are corrected.
------------------------------------------------------------------------
Tuple 32 is sampled.
Tuple 32 is labeled.
The error corrector models are updated with new labeled tuple 32.
31144 pairs of (a data error, a potential correction) are featurized.
100% (3480 / 3495) of data errors are corrected.
------------------------------------------------------------------------
Tuple 40 is sampled.
Tuple 40 is labeled.
The error corrector models are updated with new labeled tuple 40.
31394 pairs of (a data error, a potential correction) are featurized.
100% (3489 / 3496) of data errors are corrected.
------------------------------------------------------------------------
Tuple 124 is sampled.
Tuple 124 is labeled.
The error corrector models are updated with new labeled tuple 124.
31692 pairs of (a data error, a potential correction) are featurized.
100% (3491 / 3497) of data errors are corrected.
------------------------------------------------------------------------
Tuple 43 is sampled.
Tuple 43 is labeled.
The error corrector models are updated with new labeled tuple 43.
35400 pairs of (a data error, a potential correction) are featurized.
100% (3492 / 3497) of data errors are corrected.
------------------------------------------------------------------------
Tuple 586 is sampled.
Tuple 586 is labeled.
The error corrector models are updated with new labeled tuple 586.
35441 pairs of (a data error, a potential correction) are featurized.
100% (3497 / 3497) of data errors are corrected.
------------------------------------------------------------------------
Tuple 519 is sampled.
Tuple 519 is labeled.
The error corrector models are updated with new labeled tuple 519.
35586 pairs of (a data error, a potential correction) are featurized.
100% (3498 / 3498) of data errors are corrected.
------------------------------------------------------------------------
Tuple 631 is sampled.
Tuple 631 is labeled.
The error corrector models are updated with new labeled tuple 631.
35641 pairs of (a data error, a potential correction) are featurized.
100% (3498 / 3498) of data errors are corrected.
------------------------------------------------------------------------
Tuple 286 is sampled.
Tuple 286 is labeled.
The error corrector models are updated with new labeled tuple 286.
35678 pairs of (a data error, a potential correction) are featurized.
100% (3498 / 3498) of data errors are corrected.
------------------------------------------------------------------------
Tuple 431 is sampled.
Tuple 431 is labeled.
The error corrector models are updated with new labeled tuple 431.
35751 pairs of (a data error, a potential correction) are featurized.
100% (3498 / 3498) of data errors are corrected.
------------------------------------------------------------------------
Tuple 601 is sampled.
Tuple 601 is labeled.
The error corrector models are updated with new labeled tuple 601.
35972 pairs of (a data error, a potential correction) are featurized.
100% (3499 / 3499) of data errors are corrected.
------------------------------------------------------------------------
Tuple 316 is sampled.
Tuple 316 is labeled.
The error corrector models are updated with new labeled tuple 316.
36075 pairs of (a data error, a potential correction) are featurized.
100% (3499 / 3499) of data errors are corrected.
------------------------------------------------------------------------
Tuple 510 is sampled.
Tuple 510 is labeled.
The error corrector models are updated with new labeled tuple 510.
36090 pairs of (a data error, a potential correction) are featurized.
100% (3499 / 3499) of data errors are corrected.
------------------------------------------------------------------------
Tuple 326 is sampled.
Tuple 326 is labeled.
The error corrector models are updated with new labeled tuple 326.
36168 pairs of (a data error, a potential correction) are featurized.
100% (3499 / 3499) of data errors are corrected.
------------------------------------------------------------------------
Tuple 691 is sampled.
Tuple 691 is labeled.
The error corrector models are updated with new labeled tuple 691.
36264 pairs of (a data error, a potential correction) are featurized.
100% (3499 / 3499) of data errors are corrected.
------------------------------------------------------------------------
Tuple 187 is sampled.
Tuple 187 is labeled.
The error corrector models are updated with new labeled tuple 187.
------------------------------------------------------------
执行时间: 304.85 秒
执行状态: 成功
标注预算: 20
真值使用成本: 20 (Type 3: 迭代交互)

============================================================
调用统一测评模块 getScoreML
============================================================
警告: 无法导入getScoreML模块: No module named 'tools.getScoreML'

结果已保存到: results/raha_baran/breast_cancer_raha_baran_vzekai
============================================================
36264 pairs of (a data error, a potential correction) are featurized.
100% (3499 / 3499) of data errors are corrected.
------------------------------------------------------------------------
修复单元格数: 3499
修复后数据已保存: results/raha_baran/breast_cancer_raha_baran_vzekai/breast_cancer_raha_baran_vzekai_cleaned.csv
