============================================================
Baran/Raha 数据清洗
============================================================
脏数据: Data/har/dirty_index.csv
干净数据: Data/har/clean_index.csv
任务名称: har_raha_baran_vzekai
标注预算: 20
------------------------------------------------------------
============================================================
阶段1: Raha错误检测
============================================================
检测到错误单元格: 0
检测 Precision: 0.0000
检测 Recall: 0.0000
检测 F1: 0.0000
============================================================
阶段2: Baran错误修复
============================================================
------------------------------------------------------------------------
---------------------Initialize the Dataset Object----------------------
------------------------------------------------------------------------
------------------------------------------------------------------------
--------------------Initialize Error Corrector Models-------------------
------------------------------------------------------------------------
The error corrector models are initialized.
------------------------------------------------------------------------
--------------Iterative Tuple Sampling, Labeling, and Learning----------
------------------------------------------------------------------------
Tuple 67522 is sampled.
Tuple 67522 is labeled.
The error corrector models are updated with new labeled tuple 67522.
0 pairs of (a data error, a potential correction) are featurized.
No data errors detected to correct.
------------------------------------------------------------------------
Tuple 166 is sampled.
Tuple 166 is labeled.
The error corrector models are updated with new labeled tuple 166.
0 pairs of (a data error, a potential correction) are featurized.
No data errors detected to correct.
------------------------------------------------------------------------
Tuple 13462 is sampled.
Tuple 13462 is labeled.
The error corrector models are updated with new labeled tuple 13462.
11705 pairs of (a data error, a potential correction) are featurized.
100% (1 / 1) of data errors are corrected.
------------------------------------------------------------------------
Tuple 1415 is sampled.
Tuple 1415 is labeled.
The error corrector models are updated with new labeled tuple 1415.
23471 pairs of (a data error, a potential correction) are featurized.
100% (2 / 2) of data errors are corrected.
------------------------------------------------------------------------
Tuple 68744 is sampled.
Tuple 68744 is labeled.
The error corrector models are updated with new labeled tuple 68744.
35179 pairs of (a data error, a potential correction) are featurized.
100% (3 / 3) of data errors are corrected.
------------------------------------------------------------------------
Tuple 30723 is sampled.
Tuple 30723 is labeled.
The error corrector models are updated with new labeled tuple 30723.
35179 pairs of (a data error, a potential correction) are featurized.
100% (3 / 3) of data errors are corrected.
------------------------------------------------------------------------
Tuple 41815 is sampled.
Tuple 41815 is labeled.
The error corrector models are updated with new labeled tuple 41815.
46941 pairs of (a data error, a potential correction) are featurized.
100% (4 / 4) of data errors are corrected.
------------------------------------------------------------------------
Tuple 67253 is sampled.
Tuple 67253 is labeled.
The error corrector models are updated with new labeled tuple 67253.
46941 pairs of (a data error, a potential correction) are featurized.
100% (4 / 4) of data errors are corrected.
------------------------------------------------------------------------
Tuple 56815 is sampled.
Tuple 56815 is labeled.
The error corrector models are updated with new labeled tuple 56815.
58702 pairs of (a data error, a potential correction) are featurized.
100% (5 / 5) of data errors are corrected.
------------------------------------------------------------------------
Tuple 25395 is sampled.
Tuple 25395 is labeled.
The error corrector models are updated with new labeled tuple 25395.
58702 pairs of (a data error, a potential correction) are featurized.
100% (5 / 5) of data errors are corrected.
------------------------------------------------------------------------
Tuple 27326 is sampled.
Tuple 27326 is labeled.
The error corrector models are updated with new labeled tuple 27326.
70416 pairs of (a data error, a potential correction) are featurized.
100% (6 / 6) of data errors are corrected.
------------------------------------------------------------------------
Tuple 46453 is sampled.
Tuple 46453 is labeled.
The error corrector models are updated with new labeled tuple 46453.
93448 pairs of (a data error, a potential correction) are featurized.
100% (8 / 8) of data errors are corrected.
------------------------------------------------------------------------
Tuple 11635 is sampled.
Tuple 11635 is labeled.
The error corrector models are updated with new labeled tuple 11635.
93448 pairs of (a data error, a potential correction) are featurized.
100% (8 / 8) of data errors are corrected.
------------------------------------------------------------------------
Tuple 40996 is sampled.
Tuple 40996 is labeled.
The error corrector models are updated with new labeled tuple 40996.
93448 pairs of (a data error, a potential correction) are featurized.
100% (8 / 8) of data errors are corrected.
------------------------------------------------------------------------
Tuple 26149 is sampled.
Tuple 26149 is labeled.
The error corrector models are updated with new labeled tuple 26149.
93448 pairs of (a data error, a potential correction) are featurized.
100% (8 / 8) of data errors are corrected.
------------------------------------------------------------------------
Tuple 67866 is sampled.
Tuple 67866 is labeled.
The error corrector models are updated with new labeled tuple 67866.
105221 pairs of (a data error, a potential correction) are featurized.
100% (9 / 9) of data errors are corrected.
------------------------------------------------------------------------
Tuple 40760 is sampled.
Tuple 40760 is labeled.
The error corrector models are updated with new labeled tuple 40760.
116944 pairs of (a data error, a potential correction) are featurized.
100% (10 / 10) of data errors are corrected.
------------------------------------------------------------------------
Tuple 51775 is sampled.
Tuple 51775 is labeled.
The error corrector models are updated with new labeled tuple 51775.
116944 pairs of (a data error, a potential correction) are featurized.
100% (10 / 10) of data errors are corrected.
------------------------------------------------------------------------
Tuple 47496 is sampled.
Tuple 47496 is labeled.
The error corrector models are updated with new labeled tuple 47496.
------------------------------------------------------------
执行时间: 1448.80 秒
执行状态: 成功
标注预算: 20
真值使用成本: 20 (Type 3: 迭代交互)

============================================================
调用统一测评模块 getScoreML
============================================================
警告: 无法导入getScoreML模块: No module named 'tools.getScoreML'

结果已保存到: results/raha_baran/har_raha_baran_vzekai
============================================================
116944 pairs of (a data error, a potential correction) are featurized.
100% (10 / 10) of data errors are corrected.
------------------------------------------------------------------------
修复单元格数: 10
修复后数据已保存: results/raha_baran/har_raha_baran_vzekai/har_raha_baran_vzekai_cleaned.csv
