============================================================
Baran/Raha 数据清洗
============================================================
脏数据: Data/nasa/dirty_index.csv
干净数据: Data/nasa/clean_index.csv
任务名称: nasa_raha_baran_vzekai
标注预算: 20
------------------------------------------------------------
============================================================
阶段1: Raha错误检测
============================================================
检测到错误单元格: 1503
检测 Precision: 0.4318
检测 Recall: 0.5276
检测 F1: 0.4749
============================================================
阶段2: Baran错误修复
============================================================
------------------------------------------------------------------------
---------------------Initialize the Dataset Object----------------------
------------------------------------------------------------------------
------------------------------------------------------------------------
--------------------Initialize Error Corrector Models-------------------
------------------------------------------------------------------------
The error corrector models are initialized.
------------------------------------------------------------------------
--------------Iterative Tuple Sampling, Labeling, and Learning----------
------------------------------------------------------------------------
Tuple 29 is sampled.
Tuple 29 is labeled.
The error corrector models are updated with new labeled tuple 29.
1818 pairs of (a data error, a potential correction) are featurized.
100% (1504 / 1504) of data errors are corrected.
------------------------------------------------------------------------
Tuple 1295 is sampled.
Tuple 1295 is labeled.
The error corrector models are updated with new labeled tuple 1295.
1818 pairs of (a data error, a potential correction) are featurized.
100% (1504 / 1504) of data errors are corrected.
------------------------------------------------------------------------
Tuple 243 is sampled.
Tuple 243 is labeled.
The error corrector models are updated with new labeled tuple 243.
3268 pairs of (a data error, a potential correction) are featurized.
100% (1504 / 1504) of data errors are corrected.
------------------------------------------------------------------------
Tuple 1116 is sampled.
Tuple 1116 is labeled.
The error corrector models are updated with new labeled tuple 1116.
3268 pairs of (a data error, a potential correction) are featurized.
100% (1504 / 1504) of data errors are corrected.
------------------------------------------------------------------------
Tuple 630 is sampled.
Tuple 630 is labeled.
The error corrector models are updated with new labeled tuple 630.
3459 pairs of (a data error, a potential correction) are featurized.
100% (1505 / 1505) of data errors are corrected.
------------------------------------------------------------------------
Tuple 55 is sampled.
Tuple 55 is labeled.
The error corrector models are updated with new labeled tuple 55.
3546 pairs of (a data error, a potential correction) are featurized.
100% (1506 / 1506) of data errors are corrected.
------------------------------------------------------------------------
Tuple 1166 is sampled.
Tuple 1166 is labeled.
The error corrector models are updated with new labeled tuple 1166.
3980 pairs of (a data error, a potential correction) are featurized.
100% (1507 / 1507) of data errors are corrected.
------------------------------------------------------------------------
Tuple 843 is sampled.
Tuple 843 is labeled.
The error corrector models are updated with new labeled tuple 843.
4918 pairs of (a data error, a potential correction) are featurized.
100% (1508 / 1508) of data errors are corrected.
------------------------------------------------------------------------
Tuple 793 is sampled.
Tuple 793 is labeled.
The error corrector models are updated with new labeled tuple 793.
4918 pairs of (a data error, a potential correction) are featurized.
100% (1508 / 1508) of data errors are corrected.
------------------------------------------------------------------------
Tuple 1412 is sampled.
Tuple 1412 is labeled.
The error corrector models are updated with new labeled tuple 1412.
6427 pairs of (a data error, a potential correction) are featurized.
100% (1508 / 1508) of data errors are corrected.
------------------------------------------------------------------------
Tuple 528 is sampled.
Tuple 528 is labeled.
The error corrector models are updated with new labeled tuple 528.
6857 pairs of (a data error, a potential correction) are featurized.
100% (1509 / 1509) of data errors are corrected.
------------------------------------------------------------------------
Tuple 765 is sampled.
Tuple 765 is labeled.
The error corrector models are updated with new labeled tuple 765.
6969 pairs of (a data error, a potential correction) are featurized.
100% (1510 / 1510) of data errors are corrected.
------------------------------------------------------------------------
Tuple 1453 is sampled.
Tuple 1453 is labeled.
The error corrector models are updated with new labeled tuple 1453.
6969 pairs of (a data error, a potential correction) are featurized.
100% (1510 / 1510) of data errors are corrected.
------------------------------------------------------------------------
Tuple 578 is sampled.
Tuple 578 is labeled.
The error corrector models are updated with new labeled tuple 578.
6969 pairs of (a data error, a potential correction) are featurized.
100% (1510 / 1510) of data errors are corrected.
------------------------------------------------------------------------
Tuple 1173 is sampled.
Tuple 1173 is labeled.
The error corrector models are updated with new labeled tuple 1173.
7268 pairs of (a data error, a potential correction) are featurized.
100% (1511 / 1511) of data errors are corrected.
------------------------------------------------------------------------
Tuple 1053 is sampled.
Tuple 1053 is labeled.
The error corrector models are updated with new labeled tuple 1053.
7451 pairs of (a data error, a potential correction) are featurized.
100% (1512 / 1512) of data errors are corrected.
------------------------------------------------------------------------
Tuple 319 is sampled.
Tuple 319 is labeled.
The error corrector models are updated with new labeled tuple 319.
8868 pairs of (a data error, a potential correction) are featurized.
100% (1512 / 1512) of data errors are corrected.
------------------------------------------------------------------------
Tuple 723 is sampled.
Tuple 723 is labeled.
The error corrector models are updated with new labeled tuple 723.
9438 pairs of (a data error, a potential correction) are featurized.
100% (1513 / 1513) of data errors are corrected.
------------------------------------------------------------------------
Tuple 1251 is sampled.
Tuple 1251 is labeled.
The error corrector models are updated with new labeled tuple 1251.
------------------------------------------------------------
执行时间: 381.59 秒
执行状态: 成功
标注预算: 20
真值使用成本: 20 (Type 3: 迭代交互)

============================================================
调用统一测评模块 getScoreML
============================================================
警告: 无法导入getScoreML模块: No module named 'tools.getScoreML'

结果已保存到: results/raha_baran/nasa_raha_baran_vzekai
============================================================
9438 pairs of (a data error, a potential correction) are featurized.
100% (1513 / 1513) of data errors are corrected.
------------------------------------------------------------------------
修复单元格数: 1513
修复后数据已保存: results/raha_baran/nasa_raha_baran_vzekai/nasa_raha_baran_vzekai_cleaned.csv
