1,2026-01-29 21:12:58,"[""numerical"", ""numerical"", ""numerical"", ""numerical"", ""numerical"", ""numerical"", ""numerical"", ""numerical"", ""numerical"", ""numerical"", ""numerical"", ""numerical"", ""numerical"", ""numerical"", ""numerical"", ""numerical"", ""numerical"", ""numerical"", ""numerical"", ""numerical"", ""numerical"", ""numerical"", ""numerical"", ""numerical"", ""numerical"", ""numerical"", ""numerical"", ""numerical"", ""numerical"", ""numerical"", ""numerical"", ""numerical"", ""numerical"", ""numerical"", ""numerical"", ""numerical"", ""numerical"", ""numerical"", ""numerical"", ""numerical"", ""numerical"", ""numerical"", ""numerical"", ""numerical"", ""numerical"", ""numerical"", ""numerical"", ""numerical"", ""numerical"", ""numerical"", ""numerical"", ""numerical"", ""numerical"", ""numerical"", ""numerical"", ""numerical"", ""numerical"", ""numerical"", ""numerical"", ""numerical"", ""numerical"", ""numerical"", ""numerical"", ""numerical"", ""numerical"", ""numerical"", ""numerical"", ""numerical"", ""numerical"", ""numerical"", ""numerical"", ""numerical"", ""numerical"", ""numerical"", ""numerical"", ""numerical"", ""numerical"", ""numerical"", ""numerical"", ""numerical"", ""numerical"", ""numerical"", ""numerical"", ""numerical"", ""numerical"", ""numerical"", ""numerical"", ""numerical"", ""numerical"", ""numerical"", ""numerical"", ""numerical"", ""numerical"", ""numerical"", ""numerical"", ""numerical"", ""numerical"", ""numerical"", ""numerical"", ""numerical"", ""numerical"", ""numerical"", ""numerical"", ""numerical"", ""numerical"", ""numerical"", ""numerical"", ""numerical"", ""numerical"", ""numerical"", ""numerical"", ""numerical"", ""numerical"", ""numerical"", ""numerical"", ""numerical"", ""numerical"", ""numerical"", ""numerical"", ""numerical"", ""numerical"", ""numerical"", ""numerical"", ""numerical"", ""numerical"", ""numerical"", ""numerical"", ""numerical""]"
3,2026-01-29 21:12:58,"[679, 128]"
2,2026-01-29 21:12:58,"[""[<activedetect.error_detectors.QuantitativeErrorModule.QuantitativeErrorModule object at 0x77d4fde88810>]"", [{""thresh"": 10}]]"
0,2026-01-29 21:12:58,"{""cell"": [139, 1], ""error_types"": [""A numerical value was found with a value of greater than > 10 stds from the mean""], ""cell_value"": """", ""record_value"": """"}"
0,2026-01-29 21:12:58,"{""cell"": [295, 1], ""error_types"": [""A numerical value was found with a value of greater than > 10 stds from the mean""], ""cell_value"": """", ""record_value"": """"}"
0,2026-01-29 21:12:58,"{""cell"": [605, 1], ""error_types"": [""A numerical value was found with a value of greater than > 10 stds from the mean""], ""cell_value"": """", ""record_value"": """"}"
0,2026-01-29 21:12:58,"{""cell"": [116, 4], ""error_types"": [""A numerical value was found with a value of greater than > 10 stds from the mean""], ""cell_value"": """", ""record_value"": """"}"
0,2026-01-29 21:12:58,"{""cell"": [249, 4], ""error_types"": [""A numerical value was found with a value of greater than > 10 stds from the mean""], ""cell_value"": """", ""record_value"": """"}"
0,2026-01-29 21:12:58,"{""cell"": [252, 4], ""error_types"": [""A numerical value was found with a value of greater than > 10 stds from the mean""], ""cell_value"": """", ""record_value"": """"}"
0,2026-01-29 21:12:58,"{""cell"": [385, 5], ""error_types"": [""A numerical value was found with a value of greater than > 10 stds from the mean""], ""cell_value"": """", ""record_value"": """"}"
0,2026-01-29 21:12:58,"{""cell"": [41, 6], ""error_types"": [""A numerical value was found with a value of greater than > 10 stds from the mean""], ""cell_value"": """", ""record_value"": """"}"
0,2026-01-29 21:12:58,"{""cell"": [172, 6], ""error_types"": [""A numerical value was found with a value of greater than > 10 stds from the mean""], ""cell_value"": """", ""record_value"": """"}"
0,2026-01-29 21:12:58,"{""cell"": [206, 6], ""error_types"": [""A numerical value was found with a value of greater than > 10 stds from the mean""], ""cell_value"": """", ""record_value"": """"}"
0,2026-01-29 21:12:58,"{""cell"": [384, 7], ""error_types"": [""A numerical value was found with a value of greater than > 10 stds from the mean""], ""cell_value"": """", ""record_value"": """"}"
0,2026-01-29 21:12:58,"{""cell"": [632, 7], ""error_types"": [""A numerical value was found with a value of greater than > 10 stds from the mean""], ""cell_value"": """", ""record_value"": """"}"
0,2026-01-29 21:12:58,"{""cell"": [650, 8], ""error_types"": [""A numerical value was found with a value of greater than > 10 stds from the mean""], ""cell_value"": """", ""record_value"": """"}"
0,2026-01-29 21:12:58,"{""cell"": [233, 9], ""error_types"": [""A numerical value was found with a value of greater than > 10 stds from the mean""], ""cell_value"": """", ""record_value"": """"}"
0,2026-01-29 21:12:58,"{""cell"": [276, 9], ""error_types"": [""A numerical value was found with a value of greater than > 10 stds from the mean""], ""cell_value"": """", ""record_value"": """"}"
0,2026-01-29 21:12:58,"{""cell"": [365, 9], ""error_types"": [""A numerical value was found with a value of greater than > 10 stds from the mean""], ""cell_value"": """", ""record_value"": """"}"
0,2026-01-29 21:12:58,"{""cell"": [37, 10], ""error_types"": [""A numerical value was found with a value of greater than > 10 stds from the mean""], ""cell_value"": """", ""record_value"": """"}"
0,2026-01-29 21:12:58,"{""cell"": [153, 11], ""error_types"": [""A numerical value was found with a value of greater than > 10 stds from the mean""], ""cell_value"": """", ""record_value"": """"}"
0,2026-01-29 21:12:58,"{""cell"": [607, 12], ""error_types"": [""A numerical value was found with a value of greater than > 10 stds from the mean""], ""cell_value"": """", ""record_value"": """"}"
0,2026-01-29 21:12:58,"{""cell"": [422, 13], ""error_types"": [""A numerical value was found with a value of greater than > 10 stds from the mean""], ""cell_value"": """", ""record_value"": """"}"
0,2026-01-29 21:12:58,"{""cell"": [437, 13], ""error_types"": [""A numerical value was found with a value of greater than > 10 stds from the mean""], ""cell_value"": """", ""record_value"": """"}"
0,2026-01-29 21:12:58,"{""cell"": [658, 13], ""error_types"": [""A numerical value was found with a value of greater than > 10 stds from the mean""], ""cell_value"": """", ""record_value"": """"}"
0,2026-01-29 21:12:58,"{""cell"": [574, 14], ""error_types"": [""A numerical value was found with a value of greater than > 10 stds from the mean""], ""cell_value"": """", ""record_value"": """"}"
0,2026-01-29 21:12:58,"{""cell"": [143, 15], ""error_types"": [""A numerical value was found with a value of greater than > 10 stds from the mean""], ""cell_value"": """", ""record_value"": """"}"
0,2026-01-29 21:12:58,"{""cell"": [192, 19], ""error_types"": [""A numerical value was found with a value of greater than > 10 stds from the mean""], ""cell_value"": """", ""record_value"": """"}"
0,2026-01-29 21:12:58,"{""cell"": [215, 19], ""error_types"": [""A numerical value was found with a value of greater than > 10 stds from the mean""], ""cell_value"": """", ""record_value"": """"}"
0,2026-01-29 21:12:58,"{""cell"": [638, 19], ""error_types"": [""A numerical value was found with a value of greater than > 10 stds from the mean""], ""cell_value"": """", ""record_value"": """"}"
0,2026-01-29 21:12:58,"{""cell"": [345, 20], ""error_types"": [""A numerical value was found with a value of greater than > 10 stds from the mean""], ""cell_value"": """", ""record_value"": """"}"
0,2026-01-29 21:12:58,"{""cell"": [91, 22], ""error_types"": [""A numerical value was found with a value of greater than > 10 stds from the mean""], ""cell_value"": """", ""record_value"": """"}"
0,2026-01-29 21:12:58,"{""cell"": [519, 22], ""error_types"": [""A numerical value was found with a value of greater than > 10 stds from the mean""], ""cell_value"": """", ""record_value"": """"}"
0,2026-01-29 21:12:58,"{""cell"": [63, 23], ""error_types"": [""A numerical value was found with a value of greater than > 10 stds from the mean""], ""cell_value"": """", ""record_value"": """"}"
0,2026-01-29 21:12:58,"{""cell"": [115, 23], ""error_types"": [""A numerical value was found with a value of greater than > 10 stds from the mean""], ""cell_value"": """", ""record_value"": """"}"
0,2026-01-29 21:12:58,"{""cell"": [671, 23], ""error_types"": [""A numerical value was found with a value of greater than > 10 stds from the mean""], ""cell_value"": """", ""record_value"": """"}"
0,2026-01-29 21:12:58,"{""cell"": [144, 24], ""error_types"": [""A numerical value was found with a value of greater than > 10 stds from the mean""], ""cell_value"": """", ""record_value"": """"}"
0,2026-01-29 21:12:58,"{""cell"": [156, 24], ""error_types"": [""A numerical value was found with a value of greater than > 10 stds from the mean""], ""cell_value"": """", ""record_value"": """"}"
0,2026-01-29 21:12:58,"{""cell"": [402, 24], ""error_types"": [""A numerical value was found with a value of greater than > 10 stds from the mean""], ""cell_value"": """", ""record_value"": """"}"
0,2026-01-29 21:12:58,"{""cell"": [587, 24], ""error_types"": [""A numerical value was found with a value of greater than > 10 stds from the mean""], ""cell_value"": """", ""record_value"": """"}"
0,2026-01-29 21:12:58,"{""cell"": [467, 26], ""error_types"": [""A numerical value was found with a value of greater than > 10 stds from the mean""], ""cell_value"": """", ""record_value"": """"}"
0,2026-01-29 21:12:58,"{""cell"": [105, 27], ""error_types"": [""A numerical value was found with a value of greater than > 10 stds from the mean""], ""cell_value"": """", ""record_value"": """"}"
0,2026-01-29 21:12:58,"{""cell"": [547, 28], ""error_types"": [""A numerical value was found with a value of greater than > 10 stds from the mean""], ""cell_value"": """", ""record_value"": """"}"
0,2026-01-29 21:12:58,"{""cell"": [157, 29], ""error_types"": [""A numerical value was found with a value of greater than > 10 stds from the mean""], ""cell_value"": """", ""record_value"": """"}"
0,2026-01-29 21:12:58,"{""cell"": [333, 29], ""error_types"": [""A numerical value was found with a value of greater than > 10 stds from the mean""], ""cell_value"": """", ""record_value"": """"}"
0,2026-01-29 21:12:58,"{""cell"": [118, 30], ""error_types"": [""A numerical value was found with a value of greater than > 10 stds from the mean""], ""cell_value"": """", ""record_value"": """"}"
0,2026-01-29 21:12:58,"{""cell"": [324, 32], ""error_types"": [""A numerical value was found with a value of greater than > 10 stds from the mean""], ""cell_value"": """", ""record_value"": """"}"
0,2026-01-29 21:12:58,"{""cell"": [374, 32], ""error_types"": [""A numerical value was found with a value of greater than > 10 stds from the mean""], ""cell_value"": """", ""record_value"": """"}"
0,2026-01-29 21:12:58,"{""cell"": [625, 32], ""error_types"": [""A numerical value was found with a value of greater than > 10 stds from the mean""], ""cell_value"": """", ""record_value"": """"}"
0,2026-01-29 21:12:58,"{""cell"": [20, 33], ""error_types"": [""A numerical value was found with a value of greater than > 10 stds from the mean""], ""cell_value"": """", ""record_value"": """"}"
0,2026-01-29 21:12:58,"{""cell"": [59, 33], ""error_types"": [""A numerical value was found with a value of greater than > 10 stds from the mean""], ""cell_value"": """", ""record_value"": """"}"
0,2026-01-29 21:12:58,"{""cell"": [190, 34], ""error_types"": [""A numerical value was found with a value of greater than > 10 stds from the mean""], ""cell_value"": """", ""record_value"": """"}"
0,2026-01-29 21:12:58,"{""cell"": [68, 35], ""error_types"": [""A numerical value was found with a value of greater than > 10 stds from the mean""], ""cell_value"": """", ""record_value"": """"}"
0,2026-01-29 21:12:58,"{""cell"": [299, 35], ""error_types"": [""A numerical value was found with a value of greater than > 10 stds from the mean""], ""cell_value"": """", ""record_value"": """"}"
0,2026-01-29 21:12:58,"{""cell"": [540, 35], ""error_types"": [""A numerical value was found with a value of greater than > 10 stds from the mean""], ""cell_value"": """", ""record_value"": """"}"
0,2026-01-29 21:12:58,"{""cell"": [444, 36], ""error_types"": [""A numerical value was found with a value of greater than > 10 stds from the mean""], ""cell_value"": """", ""record_value"": """"}"
0,2026-01-29 21:12:58,"{""cell"": [43, 37], ""error_types"": [""A numerical value was found with a value of greater than > 10 stds from the mean""], ""cell_value"": """", ""record_value"": """"}"
0,2026-01-29 21:12:58,"{""cell"": [284, 38], ""error_types"": [""A numerical value was found with a value of greater than > 10 stds from the mean""], ""cell_value"": """", ""record_value"": """"}"
0,2026-01-29 21:12:58,"{""cell"": [269, 39], ""error_types"": [""A numerical value was found with a value of greater than > 10 stds from the mean""], ""cell_value"": """", ""record_value"": """"}"
0,2026-01-29 21:12:58,"{""cell"": [217, 40], ""error_types"": [""A numerical value was found with a value of greater than > 10 stds from the mean""], ""cell_value"": """", ""record_value"": """"}"
0,2026-01-29 21:12:58,"{""cell"": [224, 40], ""error_types"": [""A numerical value was found with a value of greater than > 10 stds from the mean""], ""cell_value"": """", ""record_value"": """"}"
0,2026-01-29 21:12:58,"{""cell"": [343, 40], ""error_types"": [""A numerical value was found with a value of greater than > 10 stds from the mean""], ""cell_value"": """", ""record_value"": """"}"
0,2026-01-29 21:12:58,"{""cell"": [423, 40], ""error_types"": [""A numerical value was found with a value of greater than > 10 stds from the mean""], ""cell_value"": """", ""record_value"": """"}"
0,2026-01-29 21:12:58,"{""cell"": [52, 41], ""error_types"": [""A numerical value was found with a value of greater than > 10 stds from the mean""], ""cell_value"": """", ""record_value"": """"}"
0,2026-01-29 21:12:58,"{""cell"": [589, 42], ""error_types"": [""A numerical value was found with a value of greater than > 10 stds from the mean""], ""cell_value"": """", ""record_value"": """"}"
0,2026-01-29 21:12:58,"{""cell"": [243, 43], ""error_types"": [""A numerical value was found with a value of greater than > 10 stds from the mean""], ""cell_value"": """", ""record_value"": """"}"
0,2026-01-29 21:12:58,"{""cell"": [297, 43], ""error_types"": [""A numerical value was found with a value of greater than > 10 stds from the mean""], ""cell_value"": """", ""record_value"": """"}"
0,2026-01-29 21:12:58,"{""cell"": [107, 44], ""error_types"": [""A numerical value was found with a value of greater than > 10 stds from the mean""], ""cell_value"": """", ""record_value"": """"}"
0,2026-01-29 21:12:58,"{""cell"": [108, 44], ""error_types"": [""A numerical value was found with a value of greater than > 10 stds from the mean""], ""cell_value"": """", ""record_value"": """"}"
0,2026-01-29 21:12:58,"{""cell"": [556, 44], ""error_types"": [""A numerical value was found with a value of greater than > 10 stds from the mean""], ""cell_value"": """", ""record_value"": """"}"
0,2026-01-29 21:12:58,"{""cell"": [609, 45], ""error_types"": [""A numerical value was found with a value of greater than > 10 stds from the mean""], ""cell_value"": """", ""record_value"": """"}"
0,2026-01-29 21:12:58,"{""cell"": [321, 46], ""error_types"": [""A numerical value was found with a value of greater than > 10 stds from the mean""], ""cell_value"": """", ""record_value"": """"}"
0,2026-01-29 21:12:58,"{""cell"": [477, 46], ""error_types"": [""A numerical value was found with a value of greater than > 10 stds from the mean""], ""cell_value"": """", ""record_value"": """"}"
0,2026-01-29 21:12:58,"{""cell"": [557, 47], ""error_types"": [""A numerical value was found with a value of greater than > 10 stds from the mean""], ""cell_value"": """", ""record_value"": """"}"
0,2026-01-29 21:12:58,"{""cell"": [33, 48], ""error_types"": [""A numerical value was found with a value of greater than > 10 stds from the mean""], ""cell_value"": """", ""record_value"": """"}"
0,2026-01-29 21:12:58,"{""cell"": [150, 48], ""error_types"": [""A numerical value was found with a value of greater than > 10 stds from the mean""], ""cell_value"": """", ""record_value"": """"}"
0,2026-01-29 21:12:58,"{""cell"": [303, 48], ""error_types"": [""A numerical value was found with a value of greater than > 10 stds from the mean""], ""cell_value"": """", ""record_value"": """"}"
0,2026-01-29 21:12:58,"{""cell"": [173, 49], ""error_types"": [""A numerical value was found with a value of greater than > 10 stds from the mean""], ""cell_value"": """", ""record_value"": """"}"
0,2026-01-29 21:12:58,"{""cell"": [230, 49], ""error_types"": [""A numerical value was found with a value of greater than > 10 stds from the mean""], ""cell_value"": """", ""record_value"": """"}"
0,2026-01-29 21:12:58,"{""cell"": [390, 49], ""error_types"": [""A numerical value was found with a value of greater than > 10 stds from the mean""], ""cell_value"": """", ""record_value"": """"}"
0,2026-01-29 21:12:58,"{""cell"": [469, 49], ""error_types"": [""A numerical value was found with a value of greater than > 10 stds from the mean""], ""cell_value"": """", ""record_value"": """"}"
0,2026-01-29 21:12:58,"{""cell"": [464, 50], ""error_types"": [""A numerical value was found with a value of greater than > 10 stds from the mean""], ""cell_value"": """", ""record_value"": """"}"
0,2026-01-29 21:12:59,"{""cell"": [357, 51], ""error_types"": [""A numerical value was found with a value of greater than > 10 stds from the mean""], ""cell_value"": """", ""record_value"": """"}"
0,2026-01-29 21:12:59,"{""cell"": [391, 51], ""error_types"": [""A numerical value was found with a value of greater than > 10 stds from the mean""], ""cell_value"": """", ""record_value"": """"}"
0,2026-01-29 21:12:59,"{""cell"": [578, 52], ""error_types"": [""A numerical value was found with a value of greater than > 10 stds from the mean""], ""cell_value"": """", ""record_value"": """"}"
0,2026-01-29 21:12:59,"{""cell"": [455, 53], ""error_types"": [""A numerical value was found with a value of greater than > 10 stds from the mean""], ""cell_value"": """", ""record_value"": """"}"
0,2026-01-29 21:12:59,"{""cell"": [630, 53], ""error_types"": [""A numerical value was found with a value of greater than > 10 stds from the mean""], ""cell_value"": """", ""record_value"": """"}"
0,2026-01-29 21:12:59,"{""cell"": [677, 53], ""error_types"": [""A numerical value was found with a value of greater than > 10 stds from the mean""], ""cell_value"": """", ""record_value"": """"}"
0,2026-01-29 21:12:59,"{""cell"": [125, 55], ""error_types"": [""A numerical value was found with a value of greater than > 10 stds from the mean""], ""cell_value"": """", ""record_value"": """"}"
0,2026-01-29 21:12:59,"{""cell"": [534, 55], ""error_types"": [""A numerical value was found with a value of greater than > 10 stds from the mean""], ""cell_value"": """", ""record_value"": """"}"
0,2026-01-29 21:12:59,"{""cell"": [668, 55], ""error_types"": [""A numerical value was found with a value of greater than > 10 stds from the mean""], ""cell_value"": """", ""record_value"": """"}"
0,2026-01-29 21:12:59,"{""cell"": [380, 56], ""error_types"": [""A numerical value was found with a value of greater than > 10 stds from the mean""], ""cell_value"": """", ""record_value"": """"}"
0,2026-01-29 21:12:59,"{""cell"": [510, 56], ""error_types"": [""A numerical value was found with a value of greater than > 10 stds from the mean""], ""cell_value"": """", ""record_value"": """"}"
0,2026-01-29 21:12:59,"{""cell"": [558, 57], ""error_types"": [""A numerical value was found with a value of greater than > 10 stds from the mean""], ""cell_value"": """", ""record_value"": """"}"
0,2026-01-29 21:12:59,"{""cell"": [619, 57], ""error_types"": [""A numerical value was found with a value of greater than > 10 stds from the mean""], ""cell_value"": """", ""record_value"": """"}"
0,2026-01-29 21:12:59,"{""cell"": [258, 58], ""error_types"": [""A numerical value was found with a value of greater than > 10 stds from the mean""], ""cell_value"": """", ""record_value"": """"}"
0,2026-01-29 21:12:59,"{""cell"": [274, 60], ""error_types"": [""A numerical value was found with a value of greater than > 10 stds from the mean""], ""cell_value"": """", ""record_value"": """"}"
0,2026-01-29 21:12:59,"{""cell"": [362, 60], ""error_types"": [""A numerical value was found with a value of greater than > 10 stds from the mean""], ""cell_value"": """", ""record_value"": """"}"
0,2026-01-29 21:12:59,"{""cell"": [398, 60], ""error_types"": [""A numerical value was found with a value of greater than > 10 stds from the mean""], ""cell_value"": """", ""record_value"": """"}"
0,2026-01-29 21:12:59,"{""cell"": [413, 60], ""error_types"": [""A numerical value was found with a value of greater than > 10 stds from the mean""], ""cell_value"": """", ""record_value"": """"}"
0,2026-01-29 21:12:59,"{""cell"": [165, 61], ""error_types"": [""A numerical value was found with a value of greater than > 10 stds from the mean""], ""cell_value"": """", ""record_value"": """"}"
0,2026-01-29 21:12:59,"{""cell"": [234, 61], ""error_types"": [""A numerical value was found with a value of greater than > 10 stds from the mean""], ""cell_value"": """", ""record_value"": """"}"
0,2026-01-29 21:12:59,"{""cell"": [82, 62], ""error_types"": [""A numerical value was found with a value of greater than > 10 stds from the mean""], ""cell_value"": """", ""record_value"": """"}"
0,2026-01-29 21:12:59,"{""cell"": [80, 64], ""error_types"": [""A numerical value was found with a value of greater than > 10 stds from the mean""], ""cell_value"": """", ""record_value"": """"}"
0,2026-01-29 21:12:59,"{""cell"": [146, 64], ""error_types"": [""A numerical value was found with a value of greater than > 10 stds from the mean""], ""cell_value"": """", ""record_value"": """"}"
0,2026-01-29 21:12:59,"{""cell"": [306, 64], ""error_types"": [""A numerical value was found with a value of greater than > 10 stds from the mean""], ""cell_value"": """", ""record_value"": """"}"
0,2026-01-29 21:12:59,"{""cell"": [504, 64], ""error_types"": [""A numerical value was found with a value of greater than > 10 stds from the mean""], ""cell_value"": """", ""record_value"": """"}"
0,2026-01-29 21:12:59,"{""cell"": [570, 64], ""error_types"": [""A numerical value was found with a value of greater than > 10 stds from the mean""], ""cell_value"": """", ""record_value"": """"}"
0,2026-01-29 21:12:59,"{""cell"": [207, 66], ""error_types"": [""A numerical value was found with a value of greater than > 10 stds from the mean""], ""cell_value"": """", ""record_value"": """"}"
0,2026-01-29 21:12:59,"{""cell"": [92, 67], ""error_types"": [""A numerical value was found with a value of greater than > 10 stds from the mean""], ""cell_value"": """", ""record_value"": """"}"
0,2026-01-29 21:12:59,"{""cell"": [397, 67], ""error_types"": [""A numerical value was found with a value of greater than > 10 stds from the mean""], ""cell_value"": """", ""record_value"": """"}"
0,2026-01-29 21:12:59,"{""cell"": [614, 67], ""error_types"": [""A numerical value was found with a value of greater than > 10 stds from the mean""], ""cell_value"": """", ""record_value"": """"}"
0,2026-01-29 21:12:59,"{""cell"": [649, 68], ""error_types"": [""A numerical value was found with a value of greater than > 10 stds from the mean""], ""cell_value"": """", ""record_value"": """"}"
0,2026-01-29 21:12:59,"{""cell"": [341, 69], ""error_types"": [""A numerical value was found with a value of greater than > 10 stds from the mean""], ""cell_value"": """", ""record_value"": """"}"
0,2026-01-29 21:12:59,"{""cell"": [545, 69], ""error_types"": [""A numerical value was found with a value of greater than > 10 stds from the mean""], ""cell_value"": """", ""record_value"": """"}"
0,2026-01-29 21:12:59,"{""cell"": [114, 71], ""error_types"": [""A numerical value was found with a value of greater than > 10 stds from the mean""], ""cell_value"": """", ""record_value"": """"}"
0,2026-01-29 21:12:59,"{""cell"": [445, 71], ""error_types"": [""A numerical value was found with a value of greater than > 10 stds from the mean""], ""cell_value"": """", ""record_value"": """"}"
0,2026-01-29 21:12:59,"{""cell"": [610, 71], ""error_types"": [""A numerical value was found with a value of greater than > 10 stds from the mean""], ""cell_value"": """", ""record_value"": """"}"
0,2026-01-29 21:12:59,"{""cell"": [561, 72], ""error_types"": [""A numerical value was found with a value of greater than > 10 stds from the mean""], ""cell_value"": """", ""record_value"": """"}"
0,2026-01-29 21:12:59,"{""cell"": [175, 74], ""error_types"": [""A numerical value was found with a value of greater than > 10 stds from the mean""], ""cell_value"": """", ""record_value"": """"}"
0,2026-01-29 21:12:59,"{""cell"": [460, 75], ""error_types"": [""A numerical value was found with a value of greater than > 10 stds from the mean""], ""cell_value"": """", ""record_value"": """"}"
0,2026-01-29 21:12:59,"{""cell"": [506, 79], ""error_types"": [""A numerical value was found with a value of greater than > 10 stds from the mean""], ""cell_value"": """", ""record_value"": """"}"
0,2026-01-29 21:12:59,"{""cell"": [10, 80], ""error_types"": [""A numerical value was found with a value of greater than > 10 stds from the mean""], ""cell_value"": """", ""record_value"": """"}"
0,2026-01-29 21:12:59,"{""cell"": [131, 81], ""error_types"": [""A numerical value was found with a value of greater than > 10 stds from the mean""], ""cell_value"": """", ""record_value"": """"}"
0,2026-01-29 21:12:59,"{""cell"": [244, 81], ""error_types"": [""A numerical value was found with a value of greater than > 10 stds from the mean""], ""cell_value"": """", ""record_value"": """"}"
0,2026-01-29 21:12:59,"{""cell"": [325, 81], ""error_types"": [""A numerical value was found with a value of greater than > 10 stds from the mean""], ""cell_value"": """", ""record_value"": """"}"
0,2026-01-29 21:12:59,"{""cell"": [12, 82], ""error_types"": [""A numerical value was found with a value of greater than > 10 stds from the mean""], ""cell_value"": """", ""record_value"": """"}"
0,2026-01-29 21:12:59,"{""cell"": [148, 82], ""error_types"": [""A numerical value was found with a value of greater than > 10 stds from the mean""], ""cell_value"": """", ""record_value"": """"}"
0,2026-01-29 21:12:59,"{""cell"": [194, 83], ""error_types"": [""A numerical value was found with a value of greater than > 10 stds from the mean""], ""cell_value"": """", ""record_value"": """"}"
0,2026-01-29 21:12:59,"{""cell"": [395, 83], ""error_types"": [""A numerical value was found with a value of greater than > 10 stds from the mean""], ""cell_value"": """", ""record_value"": """"}"
0,2026-01-29 21:12:59,"{""cell"": [400, 83], ""error_types"": [""A numerical value was found with a value of greater than > 10 stds from the mean""], ""cell_value"": """", ""record_value"": """"}"
0,2026-01-29 21:12:59,"{""cell"": [176, 84], ""error_types"": [""A numerical value was found with a value of greater than > 10 stds from the mean""], ""cell_value"": """", ""record_value"": """"}"
0,2026-01-29 21:12:59,"{""cell"": [214, 85], ""error_types"": [""A numerical value was found with a value of greater than > 10 stds from the mean""], ""cell_value"": """", ""record_value"": """"}"
0,2026-01-29 21:12:59,"{""cell"": [250, 85], ""error_types"": [""A numerical value was found with a value of greater than > 10 stds from the mean""], ""cell_value"": """", ""record_value"": """"}"
0,2026-01-29 21:12:59,"{""cell"": [498, 85], ""error_types"": [""A numerical value was found with a value of greater than > 10 stds from the mean""], ""cell_value"": """", ""record_value"": """"}"
0,2026-01-29 21:12:59,"{""cell"": [517, 87], ""error_types"": [""A numerical value was found with a value of greater than > 10 stds from the mean""], ""cell_value"": """", ""record_value"": """"}"
0,2026-01-29 21:12:59,"{""cell"": [319, 89], ""error_types"": [""A numerical value was found with a value of greater than > 10 stds from the mean""], ""cell_value"": """", ""record_value"": """"}"
0,2026-01-29 21:12:59,"{""cell"": [65, 90], ""error_types"": [""A numerical value was found with a value of greater than > 10 stds from the mean""], ""cell_value"": """", ""record_value"": """"}"
0,2026-01-29 21:12:59,"{""cell"": [492, 90], ""error_types"": [""A numerical value was found with a value of greater than > 10 stds from the mean""], ""cell_value"": """", ""record_value"": """"}"
0,2026-01-29 21:12:59,"{""cell"": [360, 91], ""error_types"": [""A numerical value was found with a value of greater than > 10 stds from the mean""], ""cell_value"": """", ""record_value"": """"}"
0,2026-01-29 21:12:59,"{""cell"": [180, 92], ""error_types"": [""A numerical value was found with a value of greater than > 10 stds from the mean""], ""cell_value"": """", ""record_value"": """"}"
0,2026-01-29 21:12:59,"{""cell"": [314, 92], ""error_types"": [""A numerical value was found with a value of greater than > 10 stds from the mean""], ""cell_value"": """", ""record_value"": """"}"
0,2026-01-29 21:12:59,"{""cell"": [479, 93], ""error_types"": [""A numerical value was found with a value of greater than > 10 stds from the mean""], ""cell_value"": """", ""record_value"": """"}"
0,2026-01-29 21:12:59,"{""cell"": [326, 94], ""error_types"": [""A numerical value was found with a value of greater than > 10 stds from the mean""], ""cell_value"": """", ""record_value"": """"}"
0,2026-01-29 21:12:59,"{""cell"": [336, 94], ""error_types"": [""A numerical value was found with a value of greater than > 10 stds from the mean""], ""cell_value"": """", ""record_value"": """"}"
0,2026-01-29 21:12:59,"{""cell"": [275, 96], ""error_types"": [""A numerical value was found with a value of greater than > 10 stds from the mean""], ""cell_value"": """", ""record_value"": """"}"
0,2026-01-29 21:12:59,"{""cell"": [514, 96], ""error_types"": [""A numerical value was found with a value of greater than > 10 stds from the mean""], ""cell_value"": """", ""record_value"": """"}"
0,2026-01-29 21:12:59,"{""cell"": [60, 97], ""error_types"": [""A numerical value was found with a value of greater than > 10 stds from the mean""], ""cell_value"": """", ""record_value"": """"}"
0,2026-01-29 21:12:59,"{""cell"": [431, 97], ""error_types"": [""A numerical value was found with a value of greater than > 10 stds from the mean""], ""cell_value"": """", ""record_value"": """"}"
0,2026-01-29 21:12:59,"{""cell"": [645, 97], ""error_types"": [""A numerical value was found with a value of greater than > 10 stds from the mean""], ""cell_value"": """", ""record_value"": """"}"
0,2026-01-29 21:12:59,"{""cell"": [3, 98], ""error_types"": [""A numerical value was found with a value of greater than > 10 stds from the mean""], ""cell_value"": """", ""record_value"": """"}"
0,2026-01-29 21:12:59,"{""cell"": [161, 98], ""error_types"": [""A numerical value was found with a value of greater than > 10 stds from the mean""], ""cell_value"": """", ""record_value"": """"}"
0,2026-01-29 21:12:59,"{""cell"": [373, 98], ""error_types"": [""A numerical value was found with a value of greater than > 10 stds from the mean""], ""cell_value"": """", ""record_value"": """"}"
0,2026-01-29 21:12:59,"{""cell"": [654, 98], ""error_types"": [""A numerical value was found with a value of greater than > 10 stds from the mean""], ""cell_value"": """", ""record_value"": """"}"
0,2026-01-29 21:12:59,"{""cell"": [328, 99], ""error_types"": [""A numerical value was found with a value of greater than > 10 stds from the mean""], ""cell_value"": """", ""record_value"": """"}"
0,2026-01-29 21:12:59,"{""cell"": [515, 99], ""error_types"": [""A numerical value was found with a value of greater than > 10 stds from the mean""], ""cell_value"": """", ""record_value"": """"}"
0,2026-01-29 21:12:59,"{""cell"": [186, 100], ""error_types"": [""A numerical value was found with a value of greater than > 10 stds from the mean""], ""cell_value"": """", ""record_value"": """"}"
0,2026-01-29 21:12:59,"{""cell"": [223, 100], ""error_types"": [""A numerical value was found with a value of greater than > 10 stds from the mean""], ""cell_value"": """", ""record_value"": """"}"
0,2026-01-29 21:12:59,"{""cell"": [670, 100], ""error_types"": [""A numerical value was found with a value of greater than > 10 stds from the mean""], ""cell_value"": """", ""record_value"": """"}"
0,2026-01-29 21:12:59,"{""cell"": [22, 101], ""error_types"": [""A numerical value was found with a value of greater than > 10 stds from the mean""], ""cell_value"": """", ""record_value"": """"}"
0,2026-01-29 21:12:59,"{""cell"": [34, 101], ""error_types"": [""A numerical value was found with a value of greater than > 10 stds from the mean""], ""cell_value"": """", ""record_value"": """"}"
0,2026-01-29 21:12:59,"{""cell"": [90, 101], ""error_types"": [""A numerical value was found with a value of greater than > 10 stds from the mean""], ""cell_value"": """", ""record_value"": """"}"
0,2026-01-29 21:12:59,"{""cell"": [300, 101], ""error_types"": [""A numerical value was found with a value of greater than > 10 stds from the mean""], ""cell_value"": """", ""record_value"": """"}"
0,2026-01-29 21:12:59,"{""cell"": [93, 102], ""error_types"": [""A numerical value was found with a value of greater than > 10 stds from the mean""], ""cell_value"": """", ""record_value"": """"}"
0,2026-01-29 21:12:59,"{""cell"": [313, 102], ""error_types"": [""A numerical value was found with a value of greater than > 10 stds from the mean""], ""cell_value"": """", ""record_value"": """"}"
0,2026-01-29 21:12:59,"{""cell"": [442, 103], ""error_types"": [""A numerical value was found with a value of greater than > 10 stds from the mean""], ""cell_value"": """", ""record_value"": """"}"
0,2026-01-29 21:12:59,"{""cell"": [585, 103], ""error_types"": [""A numerical value was found with a value of greater than > 10 stds from the mean""], ""cell_value"": """", ""record_value"": """"}"
0,2026-01-29 21:12:59,"{""cell"": [608, 103], ""error_types"": [""A numerical value was found with a value of greater than > 10 stds from the mean""], ""cell_value"": """", ""record_value"": """"}"
0,2026-01-29 21:12:59,"{""cell"": [123, 104], ""error_types"": [""A numerical value was found with a value of greater than > 10 stds from the mean""], ""cell_value"": """", ""record_value"": """"}"
0,2026-01-29 21:12:59,"{""cell"": [128, 104], ""error_types"": [""A numerical value was found with a value of greater than > 10 stds from the mean""], ""cell_value"": """", ""record_value"": """"}"
0,2026-01-29 21:12:59,"{""cell"": [568, 104], ""error_types"": [""A numerical value was found with a value of greater than > 10 stds from the mean""], ""cell_value"": """", ""record_value"": """"}"
0,2026-01-29 21:12:59,"{""cell"": [135, 105], ""error_types"": [""A numerical value was found with a value of greater than > 10 stds from the mean""], ""cell_value"": """", ""record_value"": """"}"
0,2026-01-29 21:12:59,"{""cell"": [239, 105], ""error_types"": [""A numerical value was found with a value of greater than > 10 stds from the mean""], ""cell_value"": """", ""record_value"": """"}"
0,2026-01-29 21:12:59,"{""cell"": [315, 105], ""error_types"": [""A numerical value was found with a value of greater than > 10 stds from the mean""], ""cell_value"": """", ""record_value"": """"}"
0,2026-01-29 21:12:59,"{""cell"": [427, 105], ""error_types"": [""A numerical value was found with a value of greater than > 10 stds from the mean""], ""cell_value"": """", ""record_value"": """"}"
0,2026-01-29 21:12:59,"{""cell"": [15, 106], ""error_types"": [""A numerical value was found with a value of greater than > 10 stds from the mean""], ""cell_value"": """", ""record_value"": """"}"
0,2026-01-29 21:12:59,"{""cell"": [527, 109], ""error_types"": [""A numerical value was found with a value of greater than > 10 stds from the mean""], ""cell_value"": """", ""record_value"": """"}"
0,2026-01-29 21:12:59,"{""cell"": [253, 111], ""error_types"": [""A numerical value was found with a value of greater than > 10 stds from the mean""], ""cell_value"": """", ""record_value"": """"}"
0,2026-01-29 21:12:59,"{""cell"": [486, 111], ""error_types"": [""A numerical value was found with a value of greater than > 10 stds from the mean""], ""cell_value"": """", ""record_value"": """"}"
0,2026-01-29 21:12:59,"{""cell"": [311, 112], ""error_types"": [""A numerical value was found with a value of greater than > 10 stds from the mean""], ""cell_value"": """", ""record_value"": """"}"
0,2026-01-29 21:12:59,"{""cell"": [121, 113], ""error_types"": [""A numerical value was found with a value of greater than > 10 stds from the mean""], ""cell_value"": """", ""record_value"": """"}"
0,2026-01-29 21:12:59,"{""cell"": [289, 116], ""error_types"": [""A numerical value was found with a value of greater than > 10 stds from the mean""], ""cell_value"": """", ""record_value"": """"}"
0,2026-01-29 21:12:59,"{""cell"": [659, 116], ""error_types"": [""A numerical value was found with a value of greater than > 10 stds from the mean""], ""cell_value"": """", ""record_value"": """"}"
0,2026-01-29 21:12:59,"{""cell"": [584, 117], ""error_types"": [""A numerical value was found with a value of greater than > 10 stds from the mean""], ""cell_value"": """", ""record_value"": """"}"
0,2026-01-29 21:12:59,"{""cell"": [656, 117], ""error_types"": [""A numerical value was found with a value of greater than > 10 stds from the mean""], ""cell_value"": """", ""record_value"": """"}"
0,2026-01-29 21:12:59,"{""cell"": [447, 118], ""error_types"": [""A numerical value was found with a value of greater than > 10 stds from the mean""], ""cell_value"": """", ""record_value"": """"}"
0,2026-01-29 21:12:59,"{""cell"": [490, 118], ""error_types"": [""A numerical value was found with a value of greater than > 10 stds from the mean""], ""cell_value"": """", ""record_value"": """"}"
0,2026-01-29 21:12:59,"{""cell"": [106, 120], ""error_types"": [""A numerical value was found with a value of greater than > 10 stds from the mean""], ""cell_value"": """", ""record_value"": """"}"
0,2026-01-29 21:12:59,"{""cell"": [195, 120], ""error_types"": [""A numerical value was found with a value of greater than > 10 stds from the mean""], ""cell_value"": """", ""record_value"": """"}"
0,2026-01-29 21:12:59,"{""cell"": [282, 120], ""error_types"": [""A numerical value was found with a value of greater than > 10 stds from the mean""], ""cell_value"": """", ""record_value"": """"}"
0,2026-01-29 21:12:59,"{""cell"": [352, 120], ""error_types"": [""A numerical value was found with a value of greater than > 10 stds from the mean""], ""cell_value"": """", ""record_value"": """"}"
0,2026-01-29 21:12:59,"{""cell"": [471, 120], ""error_types"": [""A numerical value was found with a value of greater than > 10 stds from the mean""], ""cell_value"": """", ""record_value"": """"}"
0,2026-01-29 21:12:59,"{""cell"": [613, 120], ""error_types"": [""A numerical value was found with a value of greater than > 10 stds from the mean""], ""cell_value"": """", ""record_value"": """"}"
0,2026-01-29 21:12:59,"{""cell"": [221, 121], ""error_types"": [""A numerical value was found with a value of greater than > 10 stds from the mean""], ""cell_value"": """", ""record_value"": """"}"
0,2026-01-29 21:12:59,"{""cell"": [1, 122], ""error_types"": [""A numerical value was found with a value of greater than > 10 stds from the mean""], ""cell_value"": """", ""record_value"": """"}"
0,2026-01-29 21:12:59,"{""cell"": [241, 122], ""error_types"": [""A numerical value was found with a value of greater than > 10 stds from the mean""], ""cell_value"": """", ""record_value"": """"}"
0,2026-01-29 21:12:59,"{""cell"": [446, 123], ""error_types"": [""A numerical value was found with a value of greater than > 10 stds from the mean""], ""cell_value"": """", ""record_value"": """"}"
0,2026-01-29 21:12:59,"{""cell"": [520, 123], ""error_types"": [""A numerical value was found with a value of greater than > 10 stds from the mean""], ""cell_value"": """", ""record_value"": """"}"
0,2026-01-29 21:12:59,"{""cell"": [309, 125], ""error_types"": [""A numerical value was found with a value of greater than > 10 stds from the mean""], ""cell_value"": """", ""record_value"": """"}"
0,2026-01-29 21:12:59,"{""cell"": [418, 126], ""error_types"": [""A numerical value was found with a value of greater than > 10 stds from the mean""], ""cell_value"": """", ""record_value"": """"}"
0,2026-01-29 21:12:59,"{""cell"": [26, 127], ""error_types"": [""A numerical value was found with a value of greater than > 10 stds from the mean""], ""cell_value"": """", ""record_value"": """"}"
0,2026-01-29 21:12:59,"{""cell"": [278, 127], ""error_types"": [""A numerical value was found with a value of greater than > 10 stds from the mean""], ""cell_value"": """", ""record_value"": """"}"
0,2026-01-29 21:12:59,"{""cell"": [523, 127], ""error_types"": [""A numerical value was found with a value of greater than > 10 stds from the mean""], ""cell_value"": """", ""record_value"": """"}"
