运行开始时间: 2026-04-08 03:36:26
============================================================
UniClean 数据清洗
============================================================
脏数据: Data/smartfactory/dirty_index.csv
数据集: smartfactory
任务名称: smartfactory_uniclean_vzekai
------------------------------------------------------------
从规则文件加载清洗器: Data/smartfactory/rules.txt
成功加载 5 个清洗器
------------------------------------------------------------
执行时间: 4827.33 秒
执行状态: 成功
清洗器数量: 5
真值使用成本: 0 (全自动)

============================================================
调用统一测评模块 getScoreML
============================================================

结果已保存到: results/uniclean/smartfactory_uniclean_vzekai
============================================================
