
============================================================
Running CtxPipe with dirty file: Data/har/dirty_index.csv
Task name: har_ctxpipe_vzekai
Model tag: ctx_50000
============================================================


CtxPipe output saved to: results/ctxpipe/har_ctxpipe_vzekai/har_ctxpipe_vzekai_cleaned.csv
Pipeline info saved to: results/ctxpipe/har_ctxpipe_vzekai/har_ctxpipe_vzekai_pipeline_info.txt

============================================================
CtxPipe Results:
============================================================
AI Sequence: ['ImputerNumMode', 'ImputerCatMode', 'LabelEncoder', 'VarianceThreshold', 'PowerTransformer', 'RandomTreesEmbedding']
ML Score: -1.0000
Execution Time: 14.35 seconds
============================================================

============================================================
Traditional Data Cleaning Evaluation
Note: CtxPipe is designed for ML data preparation,
      traditional cleaning metrics may not be applicable.
============================================================

Traditional Evaluation Results:
Accuracy: 0.17134629229661627
Recall: 0.030417667808394253
F1 Score: 0.051663880843562715
EDR: 0.01341955932723276
Hybrid Distance: 0.27281663641801646
R-EDR: 0.01118651420780267
Time: 14.35s
Speed: 0.0205 seconds/100num

============================================================
调用统一测评模块 getScoreML
============================================================

getScoreML统一测评完成

============================================================
CtxPipe finished successfully!
Results saved to: results/ctxpipe/har_ctxpipe_vzekai
============================================================

