2026-01-29 21:05:44,720 - INFO - ============================================================
2026-01-29 21:05:44,720 - INFO - RepairAll Baseline (完美修复)
2026-01-29 21:05:44,720 - INFO - ============================================================
2026-01-29 21:05:44,720 - INFO - 脏数据: Data/soilmoisture/dirty_index.csv
2026-01-29 21:05:44,720 - INFO - 干净数据: Data/soilmoisture/clean_index.csv
2026-01-29 21:05:44,720 - INFO - 任务名称: soilmoisture_repairall_vzekai
2026-01-29 21:05:44,720 - INFO - ------------------------------------------------------------
2026-01-29 21:05:46,050 - INFO - 输出数据已保存: results/repairall/soilmoisture_repairall_vzekai/soilmoisture_repairall_vzekai_cleaned.csv
2026-01-29 21:05:46,050 - INFO - 原始行数: 679
2026-01-29 21:05:46,050 - INFO - 修复单元格数: 26490
2026-01-29 21:05:46,050 - INFO - ------------------------------------------------------------
2026-01-29 21:05:46,050 - INFO - 执行时间: 1.33 秒
2026-01-29 21:05:46,050 - INFO - 执行状态: 成功
2026-01-29 21:05:46,050 - INFO - 真值使用成本: 26490
2026-01-29 21:05:46,050 - INFO - 
2026-01-29 21:05:46,050 - INFO - ============================================================
2026-01-29 21:05:46,050 - INFO - 调用统一测评模块 getScoreML
2026-01-29 21:05:46,050 - INFO - ============================================================
2026-01-29 21:07:49,212 - INFO - 结果已保存到: results/repairall/soilmoisture_repairall_vzekai
2026-01-29 21:07:49,212 - INFO - 日志文件: results/repairall/soilmoisture_repairall_vzekai/soilmoisture_repairall_vzekai.log
2026-01-29 21:07:49,212 - INFO - ============================================================
