2026-01-29 20:12:24,175 - INFO - ============================================================
2026-01-29 20:12:24,176 - INFO - MLImputer 数据清洗 (mice)
2026-01-29 20:12:24,176 - INFO - ============================================================
2026-01-29 20:12:24,176 - INFO - 脏数据: Data/mercedes/dirty_index.csv
2026-01-29 20:12:24,176 - INFO - 干净数据: Data/mercedes/clean_index.csv
2026-01-29 20:12:24,176 - INFO - 任务名称: mercedes_mlimputer_vzekai
2026-01-29 20:12:24,176 - INFO - 插补方法: mice
2026-01-29 20:12:24,176 - INFO - ------------------------------------------------------------
2026-01-29 20:19:14,826 - INFO - 修复后数据已保存: results/mlimputer/mercedes_mlimputer_vzekai/mercedes_mlimputer_vzekai_cleaned.csv
2026-01-29 20:19:14,826 - INFO - ------------------------------------------------------------
2026-01-29 20:19:14,826 - INFO - 执行时间: 410.65 秒
2026-01-29 20:19:14,826 - INFO - 执行状态: 成功
2026-01-29 20:19:14,826 - INFO - 填充单元格数: 1679
2026-01-29 20:19:14,826 - INFO - 真值使用成本: 0 (全自动)
2026-01-29 20:19:14,826 - INFO - 
2026-01-29 20:19:14,826 - INFO - ============================================================
2026-01-29 20:19:14,826 - INFO - 调用统一测评模块 getScoreML
2026-01-29 20:19:14,826 - INFO - ============================================================
2026-01-29 21:09:11,698 - INFO - 结果已保存到: results/mlimputer/mercedes_mlimputer_vzekai
2026-01-29 21:09:11,698 - INFO - 日志文件: results/mlimputer/mercedes_mlimputer_vzekai/mercedes_mlimputer_vzekai.log
2026-01-29 21:09:11,698 - INFO - ============================================================
