[2026-03-04 00:01:59,731] INFO - demandclean: ==================================================
[2026-03-04 00:01:59,732] INFO - demandclean: DemandClean 训练开始
[2026-03-04 00:01:59,732] INFO - demandclean:   检测器模式: auto
[2026-03-04 00:01:59,732] INFO - demandclean:   训练模式: clean_base
[2026-03-04 00:01:59,732] INFO - demandclean:   Agent类型: dueling_two_stage
[2026-03-04 00:01:59,732] INFO - demandclean:   推理模式: single_phase
[2026-03-04 00:01:59,732] INFO - demandclean:   FD规则: 1
[2026-03-04 00:01:59,732] INFO - demandclean:   丰富规则: 有
[2026-03-04 00:01:59,732] INFO - demandclean: ==================================================
[2026-03-04 00:01:59,732] INFO - demandclean: 
[Step 1] 初始化错误检测器...
[2026-03-04 00:01:59,998] INFO - demandclean: 
[Step 1.5] 运行 RAHA 检测获取标注行...
[2026-03-04 01:50:31,805] INFO - demandclean:   [预修复] 利用 RAHA 标注行修复 0 个特征单元格 + 8 个标签
[2026-03-04 01:50:31,808] INFO - demandclean:   标注行: [543, 1129, 1463, 1503, 1574, 1798, 1819, 2041, 2290, 2397]... (共 60 行)
[2026-03-04 01:50:31,809] INFO - demandclean: 
[Step 2] 训练 DQN Agent...
[2026-03-04 01:50:31,809] INFO - demandclean: 开始训练 (dueling_two_stage Agent, mode=clean_base)
[2026-03-04 01:50:31,809] INFO - demandclean:   任务类型: classification
[2026-03-04 01:50:31,809] INFO - demandclean:   模型类型: random_forest
[2026-03-04 01:50:31,809] INFO - demandclean:   原始数据: 27133 行
[2026-03-04 01:53:18,502] INFO - demandclean:   Clean Base 自动选择 (5-fold CV, 样本保留率加权):
[2026-03-04 01:53:18,504] INFO - demandclean:     DeleteFix: 22870 行, CV=0.8937, 权重=0.918, 加权=0.8205
[2026-03-04 01:53:18,504] INFO - demandclean:     VE-Fill:   27133 行, CV=0.8780, 权重=1.000, 加权=0.8780
[2026-03-04 01:53:18,504] INFO - demandclean:     → 选择 VE-Fill (27133 行)
[2026-03-04 01:53:18,511] INFO - demandclean:   标签注入: 检测到 4263 个标签错误, rate=0.157, symmetric=False
[2026-03-04 01:53:18,511] INFO - demandclean:   自适应注入比例范围 (基于检测结果):
[2026-03-04 01:53:18,511] INFO - demandclean:     missing: 不注入
[2026-03-04 01:53:18,511] INFO - demandclean:     semantic: (0.0050, 0.0200)
[2026-03-04 01:53:18,511] INFO - demandclean:     syntactic: 不注入
[2026-03-04 01:53:18,511] INFO - demandclean:     label: (0.1257, 0.1885)
[2026-03-04 01:53:18,749] INFO - demandclean:   ErrorInjector: rich_rules=True, domain=5, cfd=24, fd=1
[2026-03-04 01:53:18,749] INFO - demandclean:   Oracle 模式: reward 使用干净验证集 (9044 行)
[2026-03-04 01:53:18,749] INFO - demandclean:   开始训练 DQN (400 episodes, 起始轮=0)...
