2026-01-29 20:12:12,854 - INFO - ============================================================
2026-01-29 20:12:12,855 - INFO - RepairAll Baseline (完美修复)
2026-01-29 20:12:12,855 - INFO - ============================================================
2026-01-29 20:12:12,855 - INFO - 脏数据: Data/mercedes/dirty_index.csv
2026-01-29 20:12:12,855 - INFO - 干净数据: Data/mercedes/clean_index.csv
2026-01-29 20:12:12,855 - INFO - 任务名称: mercedes_repairall_vzekai
2026-01-29 20:12:12,855 - INFO - ------------------------------------------------------------
2026-01-29 20:12:39,253 - INFO - 输出数据已保存: results/repairall/mercedes_repairall_vzekai/mercedes_repairall_vzekai_cleaned.csv
2026-01-29 20:12:39,254 - INFO - 原始行数: 4209
2026-01-29 20:12:39,254 - INFO - 修复单元格数: 1548948
2026-01-29 20:12:39,254 - INFO - ------------------------------------------------------------
2026-01-29 20:12:39,254 - INFO - 执行时间: 26.40 秒
2026-01-29 20:12:39,254 - INFO - 执行状态: 成功
2026-01-29 20:12:39,254 - INFO - 真值使用成本: 1548948
2026-01-29 20:12:39,254 - INFO - 
2026-01-29 20:12:39,254 - INFO - ============================================================
2026-01-29 20:12:39,254 - INFO - 调用统一测评模块 getScoreML
2026-01-29 20:12:39,254 - INFO - ============================================================
2026-01-29 20:59:55,632 - INFO - 结果已保存到: results/repairall/mercedes_repairall_vzekai
2026-01-29 20:59:55,632 - INFO - 日志文件: results/repairall/mercedes_repairall_vzekai/mercedes_repairall_vzekai.log
2026-01-29 20:59:55,632 - INFO - ============================================================
