============================================================
ActiveClean 数据清洗
============================================================
脏数据: Data/beers/dirty_index.csv
干净数据: Data/beers/clean_index.csv
任务名称: beers_activeclean_vzekai
------------------------------------------------------------
清洗后数据已保存到: results/activeclean/beers_activeclean_vzekai/beers_activeclean_vzekai_output.csv
------------------------------------------------------------
执行时间: 1.06 秒
真值使用量 (Ground Truth Cost): 500

============================================================
调用统一测评模块 getScoreML
============================================================
2026-01-29 19:51:45.336935: W tensorflow/compiler/xla/stream_executor/platform/default/dso_loader.cc:64] Could not load dynamic library 'libnvinfer.so.7'; dlerror: libnvinfer.so.7: cannot open shared object file: No such file or directory
2026-01-29 19:51:45.336997: W tensorflow/compiler/xla/stream_executor/platform/default/dso_loader.cc:64] Could not load dynamic library 'libnvinfer_plugin.so.7'; dlerror: libnvinfer_plugin.so.7: cannot open shared object file: No such file or directory
2026-01-29 19:51:45.337004: W tensorflow/compiler/tf2tensorrt/utils/py_utils.cc:38] TF-TRT Warning: Cannot dlopen some TensorRT libraries. If you would like to use Nvidia GPU with TensorRT, please make sure the missing libraries mentioned above are installed properly.
/home/qianzekai/miniconda3/envs/multibaseline/lib/python3.7/site-packages/sklearn/metrics/_classification.py:1245: UndefinedMetricWarning: Precision is ill-defined and being set to 0.0 in labels with no predicted samples. Use `zero_division` parameter to control this behavior.
  _warn_prf(average, modifier, msg_start, len(result))
/home/qianzekai/miniconda3/envs/multibaseline/lib/python3.7/site-packages/sklearn/metrics/_classification.py:1245: UndefinedMetricWarning: Recall is ill-defined and being set to 0.0 in labels with no true samples. Use `zero_division` parameter to control this behavior.
  _warn_prf(average, modifier, msg_start, len(result))
/home/qianzekai/miniconda3/envs/multibaseline/lib/python3.7/site-packages/sklearn/metrics/_classification.py:1245: UndefinedMetricWarning: Precision is ill-defined and being set to 0.0 in labels with no predicted samples. Use `zero_division` parameter to control this behavior.
  _warn_prf(average, modifier, msg_start, len(result))
/home/qianzekai/miniconda3/envs/multibaseline/lib/python3.7/site-packages/sklearn/metrics/_classification.py:1245: UndefinedMetricWarning: Recall is ill-defined and being set to 0.0 in labels with no true samples. Use `zero_division` parameter to control this behavior.
  _warn_prf(average, modifier, msg_start, len(result))
/home/qianzekai/miniconda3/envs/multibaseline/lib/python3.7/site-packages/sklearn/metrics/_classification.py:1245: UndefinedMetricWarning: Precision is ill-defined and being set to 0.0 in labels with no predicted samples. Use `zero_division` parameter to control this behavior.
  _warn_prf(average, modifier, msg_start, len(result))
/home/qianzekai/miniconda3/envs/multibaseline/lib/python3.7/site-packages/sklearn/metrics/_classification.py:1245: UndefinedMetricWarning: Precision is ill-defined and being set to 0.0 in labels with no predicted samples. Use `zero_division` parameter to control this behavior.
  _warn_prf(average, modifier, msg_start, len(result))
/home/qianzekai/miniconda3/envs/multibaseline/lib/python3.7/site-packages/sklearn/metrics/_classification.py:1245: UndefinedMetricWarning: Recall is ill-defined and being set to 0.0 in labels with no true samples. Use `zero_division` parameter to control this behavior.
  _warn_prf(average, modifier, msg_start, len(result))
/home/qianzekai/miniconda3/envs/multibaseline/lib/python3.7/site-packages/sklearn/metrics/_classification.py:1245: UndefinedMetricWarning: Precision is ill-defined and being set to 0.0 in labels with no predicted samples. Use `zero_division` parameter to control this behavior.
  _warn_prf(average, modifier, msg_start, len(result))
/home/qianzekai/miniconda3/envs/multibaseline/lib/python3.7/site-packages/sklearn/metrics/_classification.py:1245: UndefinedMetricWarning: Recall is ill-defined and being set to 0.0 in labels with no true samples. Use `zero_division` parameter to control this behavior.
  _warn_prf(average, modifier, msg_start, len(result))
/home/qianzekai/miniconda3/envs/multibaseline/lib/python3.7/site-packages/sklearn/metrics/_classification.py:1245: UndefinedMetricWarning: Precision is ill-defined and being set to 0.0 in labels with no predicted samples. Use `zero_division` parameter to control this behavior.
  _warn_prf(average, modifier, msg_start, len(result))
/home/qianzekai/miniconda3/envs/multibaseline/lib/python3.7/site-packages/sklearn/metrics/_classification.py:1245: UndefinedMetricWarning: Recall is ill-defined and being set to 0.0 in labels with no true samples. Use `zero_division` parameter to control this behavior.
  _warn_prf(average, modifier, msg_start, len(result))
[1;34m[19:51:45][0m[1;33m WARNING Snoopy may use all CPU cores! Set env. variable 'SNOOPY_LIMIT_CPU' to 'y' to limit CPU usage. [0m[1;34m(__init__ -> _init_tf_pytorch on MainThread)[0m
2026-01-29 19:51:45.963110: E tensorflow/compiler/xla/stream_executor/cuda/cuda_driver.cc:267] failed call to cuInit: CUDA_ERROR_NO_DEVICE: no CUDA-capable device is detected
/home/qianzekai/miniconda3/envs/multibaseline/lib/python3.7/site-packages/sklearn/model_selection/_split.py:668: UserWarning: The least populated class in y has only 1 members, which is less than n_splits=5.
  % (min_groups, self.n_splits)), UserWarning)
/home/qianzekai/miniconda3/envs/multibaseline/lib/python3.7/site-packages/sklearn/model_selection/_split.py:668: UserWarning: The least populated class in y has only 1 members, which is less than n_splits=5.
  % (min_groups, self.n_splits)), UserWarning)
/home/qianzekai/miniconda3/envs/multibaseline/lib/python3.7/site-packages/sklearn/model_selection/_split.py:668: UserWarning: The least populated class in y has only 1 members, which is less than n_splits=5.
  % (min_groups, self.n_splits)), UserWarning)
结果已保存到: results/activeclean/beers_activeclean_vzekai
日志文件: results/activeclean/beers_activeclean_vzekai/beers_activeclean_vzekai.log
============================================================
[ActiveClean Wrapper] 检测到非数值列，自动进行向量化...
[ActiveClean Wrapper] 向量化完成，编码列: ['beer_name', 'style', 'ounces', 'abv', 'ibu', 'brewery_id', 'brewery_name', 'city', 'state']
[ActiveClean Wrapper] 数据集: 2410 行, 2410 脏行, 0 干净行
[ActiveClean] Initialization
[ActiveClean] 检测到分类任务，类别数: 52
[ActiveClean] Number Cleaned So Far: 50
[ActiveClean] Internal Accuracy: 0.0166
[ActiveClean] Number Cleaned So Far: 100
[ActiveClean] Internal Accuracy: 0.0788
[ActiveClean] Number Cleaned So Far: 150
[ActiveClean] Internal Accuracy: 0.0498
[ActiveClean] Number Cleaned So Far: 200
[ActiveClean] Internal Accuracy: 0.1328
[ActiveClean] Number Cleaned So Far: 250
[ActiveClean] Internal Accuracy: 0.0726
[ActiveClean] Number Cleaned So Far: 300
[ActiveClean] Internal Accuracy: 0.1079
[ActiveClean] Number Cleaned So Far: 350
[ActiveClean] Internal Accuracy: 0.1183
[ActiveClean] Number Cleaned So Far: 400
[ActiveClean] Internal Accuracy: 0.0477
[ActiveClean] Number Cleaned So Far: 450
[ActiveClean] Internal Accuracy: 0.1473
[ActiveClean] Final - Number Cleaned: 500
[ActiveClean Wrapper] 清洗完成: 500 行被替换为干净数据
======================================================================
Clean4MLBaseline 统一测评 - beers_activeclean_vzekai
======================================================================

[1/5] 传统清洗指标
--------------------------------------------------
调试文件已保存到: results/activeclean/beers_activeclean_vzekai/debug
修复准确率: 1.0, 修复召回率: 0.20696843359142347, F1值: 0.3429558351553998
========================================
错误减少率 (EDR): 0.20696843359142347
========================================
混合距离 (Hybrid Distance): 0.06998862698442475
========================================
基于条目的错误减少率 (R-EDR): 0.2074688796680498
========================================
numeric: Index(['id'], dtype='object')
categorical: Index(['beer_name', 'style', 'ounces', 'abv', 'ibu', 'brewery_id',
       'brewery_name', 'city', 'state'],
      dtype='object')
列级平均RMSE (数值列, 归一化): 0.000000
  id: 0.000000
列级平均F1 (类别列, weighted): 0.907177
  beer_name: 1.000000
  style: 0.999170
  ounces: 0.343897
  abv: 0.867639
  ibu: 1.000000
  brewery_id: 0.999585
  brewery_name: 1.000000
  city: 0.976445
  state: 0.977855
========================================

[2/5] 下游任务性能 (classification)
--------------------------------------------------
RF - Accuracy: 0.3693, F1: 0.3205, Precision: 0.3328, Recall: 0.3693
LR - Accuracy: 0.2282, F1: 0.1262, Precision: 0.0962, Recall: 0.2282
SVM - Accuracy: 0.2490, F1: 0.1537, Precision: 0.1252, Recall: 0.2490
KNN - Accuracy: 0.2054, F1: 0.1782, Precision: 0.1780, Recall: 0.2054
DT - Accuracy: 0.2863, F1: 0.2887, Precision: 0.2971, Recall: 0.2863
GB - Accuracy: 0.3340, F1: 0.2966, Precision: 0.2927, Recall: 0.3340

[3/5] 模型容忍度
--------------------------------------------------

容忍度计算结果:
  P_do_nothing (脏数据性能): 0.3797
  P_demand_clean (清洗后性能): 0.3734
  P_repair_all (完全修复性能): 0.3859
  先验容忍度 (Tolerance_prior): 0.9836
  后验容忍度 (Tolerance_post): -1.0000

[4/5] Snoopy上界评估
--------------------------------------------------
Snoopy模块可用，正在评估数据质量上界...
  脏数据上界: 0.2606
  清洗后上界: 0.2585
  干净数据上界: 0.2581
  上界提升比例: 0.8333

[5/5] 真值使用成本
--------------------------------------------------
  方法类型: Type 3 (需迭代交互)
  实际真值使用: 500
  理想最小成本: 695
  总修改单元格: 695
  正确修复: 695
  错误修复: 0

======================================================================
测评完成，结果已保存到: results/activeclean/beers_activeclean_vzekai/beers_activeclean_vzekai_report.txt
======================================================================
