============================================================
ActiveClean 数据清洗
============================================================
脏数据: Data/bike/dirty_index.csv
干净数据: Data/bike/clean_index.csv
任务名称: bike_activeclean_vzekai
------------------------------------------------------------
清洗后数据已保存到: results/activeclean/bike_activeclean_vzekai/bike_activeclean_vzekai_output.csv
------------------------------------------------------------
执行时间: 1.42 秒
真值使用量 (Ground Truth Cost): 500

============================================================
调用统一测评模块 getScoreML
============================================================
2026-01-29 19:53:13.494726: W tensorflow/compiler/xla/stream_executor/platform/default/dso_loader.cc:64] Could not load dynamic library 'libnvinfer.so.7'; dlerror: libnvinfer.so.7: cannot open shared object file: No such file or directory
2026-01-29 19:53:13.494788: W tensorflow/compiler/xla/stream_executor/platform/default/dso_loader.cc:64] Could not load dynamic library 'libnvinfer_plugin.so.7'; dlerror: libnvinfer_plugin.so.7: cannot open shared object file: No such file or directory
2026-01-29 19:53:13.494795: W tensorflow/compiler/tf2tensorrt/utils/py_utils.cc:38] TF-TRT Warning: Cannot dlopen some TensorRT libraries. If you would like to use Nvidia GPU with TensorRT, please make sure the missing libraries mentioned above are installed properly.
[1;34m[19:53:14][0m[1;33m WARNING Snoopy may use all CPU cores! Set env. variable 'SNOOPY_LIMIT_CPU' to 'y' to limit CPU usage. [0m[1;34m(__init__ -> _init_tf_pytorch on MainThread)[0m
2026-01-29 19:53:14.073026: E tensorflow/compiler/xla/stream_executor/cuda/cuda_driver.cc:267] failed call to cuInit: CUDA_ERROR_NO_DEVICE: no CUDA-capable device is detected
结果已保存到: results/activeclean/bike_activeclean_vzekai
日志文件: results/activeclean/bike_activeclean_vzekai/bike_activeclean_vzekai.log
============================================================
[ActiveClean Wrapper] 数据集: 17379 行, 16900 脏行, 479 干净行
[ActiveClean] Initialization
[ActiveClean] 检测到回归/高基数任务，使用简单采样策略
[ActiveClean] Number Cleaned So Far: 50
[ActiveClean] Number Cleaned So Far: 100
[ActiveClean] Number Cleaned So Far: 150
[ActiveClean] Number Cleaned So Far: 200
[ActiveClean] Number Cleaned So Far: 250
[ActiveClean] Number Cleaned So Far: 300
[ActiveClean] Number Cleaned So Far: 350
[ActiveClean] Number Cleaned So Far: 400
[ActiveClean] Number Cleaned So Far: 450
[ActiveClean] Final - Number Cleaned: 500
[ActiveClean Wrapper] 清洗完成: 500 行被替换为干净数据
======================================================================
Clean4MLBaseline 统一测评 - bike_activeclean_vzekai
======================================================================

[1/5] 传统清洗指标
--------------------------------------------------
调试文件已保存到: results/activeclean/bike_activeclean_vzekai/debug
修复准确率: 1.0, 修复召回率: 0.030051439400776103, F1值: 0.05834939547357132
========================================
错误减少率 (EDR): 0.030051439400776103
========================================
混合距离 (Hybrid Distance): 0.4105276439324467
========================================
基于条目的错误减少率 (R-EDR): 0.028994082840236687
========================================
numeric: Index(['dteday', 'season', 'yr', 'mnth', 'hr', 'holiday', 'weekday',
       'workingday', 'weathersit', 'temp', 'atemp', 'hum', 'windspeed',
       'casual', 'registered', 'cnt'],
      dtype='object')
categorical: (none)
列级平均RMSE (数值列, 归一化): 20.291269
  dteday: 0.881952
  season: 40.558300
  yr: 0.855727
  mnth: 1.627145
  hr: 0.857703
  holiday: 271.923485
  weekday: 0.878406
  workingday: 0.984611
  weathersit: 0.862435
  temp: 0.922522
  atemp: 0.825957
  hum: 0.861156
  windspeed: 0.849403
  casual: 0.897957
  registered: 0.873555
  cnt: 0.000000
列级平均F1: N/A (无类别列)
========================================

[2/5] 下游任务性能 (regression)
--------------------------------------------------
RF - MSE: 1439.3645, R2: 0.9545, MAE: 10.3125, RMSE: 37.9390
LR - MSE: 10673.1564, R2: 0.6629, MAE: 65.3722, RMSE: 103.3110
RIDGE - MSE: 10673.1020, R2: 0.6629, MAE: 65.3749, RMSE: 103.3107
LASSO - MSE: 10659.2323, R2: 0.6634, MAE: 65.4175, RMSE: 103.2436
KNN - MSE: 5842.0756, R2: 0.8155, MAE: 49.4850, RMSE: 76.4335
GB - MSE: 1827.0103, R2: 0.9423, MAE: 15.9183, RMSE: 42.7435

[3/5] 模型容忍度
--------------------------------------------------

容忍度计算结果:
  P_do_nothing (脏数据性能): -4012.2852
  P_demand_clean (清洗后性能): -4227.3218
  P_repair_all (完全修复性能): -7.8371
  先验容忍度 (Tolerance_prior): 1.0536
  后验容忍度 (Tolerance_post): -0.0537

[4/5] Snoopy上界评估
--------------------------------------------------
Snoopy模块可用，正在评估数据质量上界...
  脏数据上界: 1825.2803
  清洗后上界: 1791.3273
  干净数据上界: 25.4989
  上界提升比例: 0.0189

[5/5] 真值使用成本
--------------------------------------------------
  方法类型: Type 3 (需迭代交互)
  实际真值使用: 500
  理想最小成本: 1332
  总修改单元格: 1332
  正确修复: 1332
  错误修复: 0

======================================================================
测评完成，结果已保存到: results/activeclean/bike_activeclean_vzekai/bike_activeclean_vzekai_report.txt
======================================================================
