============================================================
ActiveClean 数据清洗
============================================================
脏数据: Data/breast_cancer/dirty_index.csv
干净数据: Data/breast_cancer/clean_index.csv
任务名称: breast_cancer_activeclean_vzekai
------------------------------------------------------------
清洗后数据已保存到: results/activeclean/breast_cancer_activeclean_vzekai/breast_cancer_activeclean_vzekai_output.csv
------------------------------------------------------------
执行时间: 0.91 秒
真值使用量 (Ground Truth Cost): 500

============================================================
调用统一测评模块 getScoreML
============================================================
2026-01-29 19:57:58.744253: W tensorflow/compiler/xla/stream_executor/platform/default/dso_loader.cc:64] Could not load dynamic library 'libnvinfer.so.7'; dlerror: libnvinfer.so.7: cannot open shared object file: No such file or directory
2026-01-29 19:57:58.744321: W tensorflow/compiler/xla/stream_executor/platform/default/dso_loader.cc:64] Could not load dynamic library 'libnvinfer_plugin.so.7'; dlerror: libnvinfer_plugin.so.7: cannot open shared object file: No such file or directory
2026-01-29 19:57:58.744329: W tensorflow/compiler/tf2tensorrt/utils/py_utils.cc:38] TF-TRT Warning: Cannot dlopen some TensorRT libraries. If you would like to use Nvidia GPU with TensorRT, please make sure the missing libraries mentioned above are installed properly.
[1;34m[19:57:59][0m[1;33m WARNING Snoopy may use all CPU cores! Set env. variable 'SNOOPY_LIMIT_CPU' to 'y' to limit CPU usage. [0m[1;34m(__init__ -> _init_tf_pytorch on MainThread)[0m
2026-01-29 19:57:59.300380: E tensorflow/compiler/xla/stream_executor/cuda/cuda_driver.cc:267] failed call to cuInit: CUDA_ERROR_NO_DEVICE: no CUDA-capable device is detected
结果已保存到: results/activeclean/breast_cancer_activeclean_vzekai
日志文件: results/activeclean/breast_cancer_activeclean_vzekai/breast_cancer_activeclean_vzekai.log
============================================================
[ActiveClean Wrapper] 检测到非数值列，自动进行向量化...
[ActiveClean Wrapper] 向量化完成，编码列: ['Clump Thickness', 'Uniformity of Cell Size', 'Uniformity of Cell Shape', 'Marginal Adhesion', 'Single Epithelial Cell Size', 'Bare Nuclei', 'Bland Chromatin', 'Normal Nucleoli', 'Mitoses']
[ActiveClean Wrapper] 数据集: 699 行, 699 脏行, 0 干净行
[ActiveClean] Initialization
[ActiveClean] 检测到分类任务，类别数: 2
[ActiveClean] Number Cleaned So Far: 50
[ActiveClean] Internal Accuracy: 0.6571
[ActiveClean] Number Cleaned So Far: 100
[ActiveClean] Internal Accuracy: 0.6357
[ActiveClean] Number Cleaned So Far: 150
[ActiveClean] Internal Accuracy: 0.6714
[ActiveClean] Number Cleaned So Far: 200
[ActiveClean] Internal Accuracy: 0.7143
[ActiveClean] Number Cleaned So Far: 250
[ActiveClean] Internal Accuracy: 0.6786
[ActiveClean] Number Cleaned So Far: 300
[ActiveClean] Internal Accuracy: 0.3571
[ActiveClean] Number Cleaned So Far: 350
[ActiveClean] Internal Accuracy: 0.6857
[ActiveClean] Number Cleaned So Far: 400
[ActiveClean] Internal Accuracy: 0.6929
[ActiveClean] Number Cleaned So Far: 450
[ActiveClean] Internal Accuracy: 0.7214
[ActiveClean] Final - Number Cleaned: 500
[ActiveClean Wrapper] 清洗完成: 500 行被替换为干净数据
======================================================================
Clean4MLBaseline 统一测评 - breast_cancer_activeclean_vzekai
======================================================================

[1/5] 传统清洗指标
--------------------------------------------------
调试文件已保存到: results/activeclean/breast_cancer_activeclean_vzekai/debug
修复准确率: 1.0, 修复召回率: 0.7213740458015268, F1值: 0.8381374722351237
========================================
错误减少率 (EDR): 0.7213740458015268
========================================
混合距离 (Hybrid Distance): 0.0813544715732999
========================================
基于条目的错误减少率 (R-EDR): 0.7092731829573935
========================================
numeric: Index(['Clump Thickness', 'Uniformity of Cell Size',
       'Uniformity of Cell Shape', 'Marginal Adhesion',
       'Single Epithelial Cell Size', 'Bland Chromatin', 'Normal Nucleoli',
       'Mitoses', 'class'],
      dtype='object')
categorical: Index(['Bare Nuclei'], dtype='object')
列级平均RMSE (数值列, 归一化): 0.710306
  Clump Thickness: 0.256818
  Uniformity of Cell Size: 1.622519
  Uniformity of Cell Shape: 0.481788
  Marginal Adhesion: 0.290724
  Single Epithelial Cell Size: 0.936104
  Bland Chromatin: 0.845394
  Normal Nucleoli: 1.275206
  Mitoses: 0.525045
  class: 0.159158
列级平均F1 (类别列, weighted): 0.988223
  Bare Nuclei: 0.988223
========================================

[2/5] 下游任务性能 (classification)
--------------------------------------------------
RF - Accuracy: 0.9714, F1: 0.9716, Precision: 0.9722, Recall: 0.9714
LR - Accuracy: 0.9143, F1: 0.9138, Precision: 0.9137, Recall: 0.9143
SVM - Accuracy: 0.9429, F1: 0.9435, Precision: 0.9457, Recall: 0.9429
KNN - Accuracy: 0.9500, F1: 0.9501, Precision: 0.9504, Recall: 0.9500
DT - Accuracy: 0.9357, F1: 0.9355, Precision: 0.9354, Recall: 0.9357
GB - Accuracy: 0.9571, F1: 0.9571, Precision: 0.9571, Recall: 0.9571

[3/5] 模型容忍度
--------------------------------------------------

容忍度计算结果:
  P_do_nothing (脏数据性能): 0.9640
  P_demand_clean (清洗后性能): 0.9712
  P_repair_all (完全修复性能): 0.9712
  先验容忍度 (Tolerance_prior): 1.0075
  后验容忍度 (Tolerance_post): 1.0000

[4/5] Snoopy上界评估
--------------------------------------------------
Snoopy模块可用，正在评估数据质量上界...
  脏数据上界: 0.9371
  清洗后上界: 0.9371
  干净数据上界: 0.9557
  上界提升比例: -0.0006

[5/5] 真值使用成本
--------------------------------------------------
  方法类型: Type 3 (需迭代交互)
  实际真值使用: 500
  理想最小成本: 2685
  总修改单元格: 2685
  正确修复: 2685
  错误修复: 0

======================================================================
测评完成，结果已保存到: results/activeclean/breast_cancer_activeclean_vzekai/breast_cancer_activeclean_vzekai_report.txt
======================================================================
