============================================================
ActiveClean 数据清洗
============================================================
脏数据: Data/har/dirty_index.csv
干净数据: Data/har/clean_index.csv
任务名称: har_activeclean_vzekai
------------------------------------------------------------
清洗后数据已保存到: results/activeclean/har_activeclean_vzekai/har_activeclean_vzekai_output.csv
------------------------------------------------------------
执行时间: 2.78 秒
真值使用量 (Ground Truth Cost): 500

============================================================
调用统一测评模块 getScoreML
============================================================
2026-02-03 16:23:11.862992: W tensorflow/compiler/xla/stream_executor/platform/default/dso_loader.cc:64] Could not load dynamic library 'libnvinfer.so.7'; dlerror: libnvinfer.so.7: cannot open shared object file: No such file or directory
2026-02-03 16:23:11.863062: W tensorflow/compiler/xla/stream_executor/platform/default/dso_loader.cc:64] Could not load dynamic library 'libnvinfer_plugin.so.7'; dlerror: libnvinfer_plugin.so.7: cannot open shared object file: No such file or directory
2026-02-03 16:23:11.863069: W tensorflow/compiler/tf2tensorrt/utils/py_utils.cc:38] TF-TRT Warning: Cannot dlopen some TensorRT libraries. If you would like to use Nvidia GPU with TensorRT, please make sure the missing libraries mentioned above are installed properly.
[1;34m[16:23:12][0m[1;33m WARNING Snoopy may use all CPU cores! Set env. variable 'SNOOPY_LIMIT_CPU' to 'y' to limit CPU usage. [0m[1;34m(__init__ -> _init_tf_pytorch on MainThread)[0m
2026-02-03 16:23:12.429784: E tensorflow/compiler/xla/stream_executor/cuda/cuda_driver.cc:267] failed call to cuInit: CUDA_ERROR_NO_DEVICE: no CUDA-capable device is detected
结果已保存到: results/activeclean/har_activeclean_vzekai
日志文件: results/activeclean/har_activeclean_vzekai/har_activeclean_vzekai.log
============================================================
[ActiveClean Wrapper] 检测到非数值列，自动进行向量化...
[ActiveClean Wrapper] 向量化完成，编码列: ['x', 'y', 'z', 'gt']
[ActiveClean Wrapper] 数据集: 70000 行, 70000 脏行, 0 干净行
[ActiveClean] Initialization
[ActiveClean] 检测到分类任务，类别数: 3
[ActiveClean] Number Cleaned So Far: 50
[ActiveClean] Internal Accuracy: 0.5729
[ActiveClean] Number Cleaned So Far: 100
[ActiveClean] Internal Accuracy: 0.4178
[ActiveClean] Number Cleaned So Far: 150
[ActiveClean] Internal Accuracy: 0.4178
[ActiveClean] Number Cleaned So Far: 200
[ActiveClean] Internal Accuracy: 0.4178
[ActiveClean] Number Cleaned So Far: 250
[ActiveClean] Internal Accuracy: 0.4179
[ActiveClean] Number Cleaned So Far: 300
[ActiveClean] Internal Accuracy: 0.4178
[ActiveClean] Number Cleaned So Far: 350
[ActiveClean] Internal Accuracy: 0.5729
[ActiveClean] Number Cleaned So Far: 400
[ActiveClean] Internal Accuracy: 0.4178
[ActiveClean] Number Cleaned So Far: 450
[ActiveClean] Internal Accuracy: 0.4178
[ActiveClean] Final - Number Cleaned: 500
[ActiveClean Wrapper] 清洗完成: 500 行被替换为干净数据
======================================================================
Clean4MLBaseline 统一测评 - har_activeclean_vzekai
======================================================================

[1/5] 传统清洗指标
--------------------------------------------------
调试文件已保存到: results/activeclean/har_activeclean_vzekai/debug
修复准确率: 1.0, 修复召回率: 0.0068248044578498035, F1值: 0.013557084463859503
========================================
错误减少率 (EDR): 0.0068248044578498035
========================================
混合距离 (Hybrid Distance): 0.26939824691363773
========================================
基于条目的错误减少率 (R-EDR): 0.006600353258343405
========================================
numeric: Index(['x', 'y', 'z'], dtype='object')
categorical: Index(['gt'], dtype='object')
列级平均RMSE (数值列, 归一化): 1.737235
  x: 1.551048
  y: 1.542647
  z: 2.118011
列级平均F1 (类别列, weighted): 0.979164
  gt: 0.979164
========================================

[2/5] 下游任务性能 (clustering)
--------------------------------------------------
数据集较大 (70000 行)，对聚类评估进行采样到 10000 行
KMEANS - Silhouette: 0.6152, ARI: 0.6950 (采样)
AGGLOMERATIVE - Silhouette: 0.5921, ARI: 0.6025 (采样)

[3/5] 模型容忍度
--------------------------------------------------

容忍度计算结果:
  P_do_nothing (脏数据性能): -0.1375
  P_demand_clean (清洗后性能): -0.1339
  P_repair_all (完全修复性能): -0.0203
  先验容忍度 (Tolerance_prior): 0.9739
  后验容忍度 (Tolerance_post): 0.0306

[4/5] Snoopy上界评估
--------------------------------------------------
Snoopy模块可用，正在评估数据质量上界...
数据集较大 (70000 行)，对Snoopy评估进行采样到 10000 行
  脏数据上界: 0.0399
  清洗后上界: 0.1268
  干净数据上界: 0.0252
  上界提升比例: -5.8806

[5/5] 真值使用成本
--------------------------------------------------
  方法类型: Type 3 (需迭代交互)
  实际真值使用: 500
  理想最小成本: 267
  总修改单元格: 267
  正确修复: 267
  错误修复: 0

======================================================================
测评完成，结果已保存到: results/activeclean/har_activeclean_vzekai/har_activeclean_vzekai_report.txt
======================================================================
