============================================================
ActiveClean 数据清洗
============================================================
脏数据: Data/mercedes/dirty_index.csv
干净数据: Data/mercedes/clean_index.csv
任务名称: mercedes_activeclean_vzekai
------------------------------------------------------------
sys:1: DtypeWarning: Columns (9,10,11,13,14,15,16,17,18,19,20,21,22,23,24,25,27,28,29,30,32,33,34,35,36,37,39,40,42,43,44,45,46,47,48,49,51,53,54,55,56,57,58,59,60,61,62,63,64,65,66,67,68,69,70,71,72,73,75,76,77,79,80,81,82,83,84,85,86,87,88,89,90,91,92,93,94,95,96,97,98,99,100,101,102,103,105,106,107,108,109,110,111,112,113,114,115,117,118,119,120,121,122,123,124,125,126,128,129,130,131,132,133,134,135,136,137,140,141,142,143,144,145,146,147,148,150,151,152,153,154,155,156,157,158,159,160,161,163,164,165,166,167,168,169,170,171,172,173,175,176,177,178,179,180,181,182,183,184,185,186,187,188,189,191,192,193,194,195,196,197,198,199,200,201,202,203,204,205,207,208,209,210,211,212,213,214,215,216,217,218,219,220,221,222,223,224,225,226,227,228,229,230,231,232,233,235,236,237,239,240,241,242,243,244,245,246,247,248,249,251,252,253,254,255,256,257,258,260,261,262,263,264,266,267,268,269,270,271,272,273,274,275,276,277,278,279,280,281,282,283,284,285,287,288,289,290,291,292,293,294,295,296,297,298,300,301,302,303,304,305,306,307,308,309,310,311,312,313,314,315,316,317,318,319,320,321,322,323,324,325,326,327,329,330,331,332,333,334,335,337,338,339,340,341,342,344,345,346,347,348,349,350,351,352,353,354,355,356,357,358,359,360,361,362,364,365,366,369,370,371,372,373,375,376) have mixed types.Specify dtype option on import or set low_memory=False.
清洗后数据已保存到: results/activeclean/mercedes_activeclean_vzekai/mercedes_activeclean_vzekai_output.csv
------------------------------------------------------------
执行时间: 36.99 秒
真值使用量 (Ground Truth Cost): 500

============================================================
调用统一测评模块 getScoreML
============================================================
[ActiveClean Wrapper] 检测到非数值列，自动进行向量化...
[ActiveClean Wrapper] 向量化完成，编码列: ['X0', 'X1', 'X2', 'X3', 'X4', 'X5', 'X6', 'X8', 'X10', 'X11', 'X12', 'X13', 'X14', 'X15', 'X16', 'X17', 'X18', 'X19', 'X20', 'X21', 'X22', 'X23', 'X24', 'X26', 'X27', 'X28', 'X29', 'X30', 'X31', 'X32', 'X33', 'X34', 'X35', 'X36', 'X37', 'X38', 'X39', 'X40', 'X41', 'X42', 'X43', 'X44', 'X45', 'X46', 'X47', 'X48', 'X49', 'X50', 'X51', 'X53', 'X54', 'X55', 'X56', 'X57', 'X58', 'X59', 'X60', 'X61', 'X62', 'X63', 'X64', 'X65', 'X66', 'X67', 'X68', 'X69', 'X70', 'X71', 'X73', 'X74', 'X75', 'X76', 'X77', 'X78', 'X79', 'X80', 'X81', 'X82', 'X83', 'X84', 'X85', 'X86', 'X87', 'X88', 'X89', 'X90', 'X91', 'X92', 'X93', 'X94', 'X95', 'X96', 'X97', 'X98', 'X99', 'X100', 'X101', 'X102', 'X103', 'X104', 'X105', 'X106', 'X107', 'X108', 'X109', 'X110', 'X111', 'X112', 'X113', 'X114', 'X115', 'X116', 'X117', 'X118', 'X119', 'X120', 'X122', 'X123', 'X124', 'X125', 'X126', 'X127', 'X128', 'X129', 'X130', 'X131', 'X132', 'X133', 'X134', 'X135', 'X136', 'X137', 'X138', 'X139', 'X140', 'X141', 'X143', 'X144', 'X145', 'X146', 'X147', 'X148', 'X150', 'X151', 'X152', 'X153', 'X154', 'X155', 'X156', 'X157', 'X158', 'X159', 'X160', 'X161', 'X162', 'X163', 'X164', 'X165', 'X166', 'X167', 'X168', 'X169', 'X170', 'X171', 'X172', 'X173', 'X174', 'X175', 'X176', 'X177', 'X178', 'X179', 'X180', 'X181', 'X182', 'X183', 'X184', 'X185', 'X186', 'X187', 'X189', 'X190', 'X191', 'X192', 'X194', 'X195', 'X196', 'X197', 'X198', 'X199', 'X200', 'X201', 'X202', 'X203', 'X204', 'X205', 'X206', 'X207', 'X208', 'X209', 'X210', 'X211', 'X212', 'X213', 'X214', 'X215', 'X216', 'X217', 'X218', 'X219', 'X220', 'X221', 'X222', 'X223', 'X224', 'X225', 'X226', 'X227', 'X228', 'X229', 'X230', 'X231', 'X232', 'X233', 'X234', 'X235', 'X236', 'X237', 'X238', 'X239', 'X240', 'X241', 'X242', 'X243', 'X244', 'X246', 'X247', 'X248', 'X249', 'X250', 'X251', 'X252', 'X253', 'X254', 'X255', 'X256', 'X257', 'X258', 'X259', 'X260', 'X261', 'X262', 'X263', 'X264', 'X265', 'X267', 'X268', 'X269', 'X270', 'X271', 'X272', 'X273', 'X274', 'X275', 'X276', 'X277', 'X278', 'X279', 'X280', 'X281', 'X282', 'X283', 'X284', 'X285', 'X286', 'X287', 'X288', 'X289', 'X290', 'X291', 'X292', 'X293', 'X294', 'X295', 'X296', 'X297', 'X298', 'X299', 'X300', 'X301', 'X302', 'X304', 'X305', 'X306', 'X307', 'X308', 'X309', 'X310', 'X311', 'X312', 'X313', 'X314', 'X315', 'X316', 'X317', 'X318', 'X319', 'X320', 'X321', 'X322', 'X323', 'X324', 'X325', 'X326', 'X327', 'X328', 'X329', 'X330', 'X331', 'X332', 'X333', 'X334', 'X335', 'X336', 'X337', 'X338', 'X339', 'X340', 'X341', 'X342', 'X343', 'X344', 'X345', 'X346', 'X347', 'X348', 'X349', 'X350', 'X351', 'X352', 'X353', 'X354', 'X355', 'X356', 'X357', 'X358', 'X359', 'X360', 'X361', 'X362', 'X363', 'X364', 'X365', 'X366', 'X367', 'X368', 'X369', 'X370', 'X371', 'X372', 'X373', 'X374', 'X375', 'X376', 'X377', 'X378', 'X379', 'X380', 'X382', 'X383', 'X384', 'X385']
[ActiveClean Wrapper] 数据集: 4209 行, 4209 脏行, 0 干净行
[ActiveClean] Initialization
[ActiveClean] 检测到回归/高基数任务，使用简单采样策略
[ActiveClean] Number Cleaned So Far: 50
[ActiveClean] Number Cleaned So Far: 100
[ActiveClean] Number Cleaned So Far: 150
[ActiveClean] Number Cleaned So Far: 200
[ActiveClean] Number Cleaned So Far: 250
[ActiveClean] Number Cleaned So Far: 300
[ActiveClean] Number Cleaned So Far: 350
[ActiveClean] Number Cleaned So Far: 400
[ActiveClean] Number Cleaned So Far: 450
[ActiveClean] Final - Number Cleaned: 500
[ActiveClean Wrapper] 清洗完成: 500 行被替换为干净数据
======================================================================
Clean4MLBaseline 统一测评 - mercedes_activeclean_vzekai
======================================================================

[1/5] 传统清洗指标
--------------------------------------------------
调试文件已保存到: results/activeclean/mercedes_activeclean_vzekai/debug
修复准确率: 1.0, 修复召回率: 0.11866753894536193, F1值: 0.2121587242025979
========================================
错误减少率 (EDR): 0.11866753894536193
========================================
混合距离 (Hybrid Distance): 0.4698606398857334
========================================
基于条目的错误减少率 (R-EDR): 0.11879306248515087
========================================
numeric: Index(['X10', 'X11', 'X12', 'X13', 'X14', 'X15', 'X16', 'X17', 'X18', 'X19',
       ...
       'X376', 'X377', 'X378', 'X379', 'X380', 'X382', 'X383', 'X384', 'X385',
       'y'],
      dtype='object', length=369)
categorical: Index(['X0', 'X1', 'X2', 'X3', 'X4', 'X5', 'X6', 'X8'], dtype='object')
列级平均RMSE (数值列, 归一化): 1.622949
  X10: 1.717080
  X11: 0.000000
  X12: 1.684119
  X13: 1.712003
  X14: 1.681341
  X15: 1.662709
  X16: 1.541024
  X17: 1.725258
  X18: 1.613929
  X19: 1.653040
  X20: 1.594463
  X21: 1.749673
  X22: 1.767908
  X23: 1.641028
  X24: 1.720109
  X26: 1.693549
  X27: 1.684798
  X28: 1.649552
  X29: 1.595192
  X30: 1.661277
  X31: 1.685719
  X32: 1.759530
  X33: 1.693031
  X34: 1.717459
  X35: 1.700814
  X36: 1.717357
  X37: 1.675280
  X38: 1.714875
  X39: 1.734273
  X40: 1.713169
  X41: 1.689946
  X42: 1.699032
  X43: 1.605819
  X44: 1.579927
  X45: 1.631579
  X46: 1.685617
  X47: 1.688726
  X48: 1.642101
  X49: 1.693301
  X50: 1.644219
  X51: 1.768555
  X52: 1.729519
  X53: 1.630279
  X54: 1.646151
  X55: 1.656961
  X56: 1.673134
  X57: 1.700434
  X58: 1.676266
  X59: 1.661152
  X60: 1.611253
  X61: 1.639212
  X62: 1.729425
  X63: 1.653563
  X64: 1.743420
  X65: 1.621112
  X66: 1.677041
  X67: 1.732382
  X68: 1.707875
  X69: 1.663737
  X70: 1.662879
  X71: 1.714719
  X73: 1.677386
  X74: 2.080675
  X75: 1.652038
  X76: 1.805380
  X77: 1.700170
  X78: 1.734789
  X79: 1.629132
  X80: 1.689500
  X81: 1.671418
  X82: 1.586644
  X83: 1.655354
  X84: 1.680157
  X85: 1.726205
  X86: 1.681381
  X87: 1.753381
  X88: 1.742621
  X89: 1.653132
  X90: 1.660912
  X91: 1.667991
  X92: 1.657133
  X93: 0.000000
  X94: 1.657910
  X95: 1.683922
  X96: 1.726019
  X97: 1.670063
  X98: 1.648495
  X99: 1.573327
  X100: 1.739170
  X101: 1.630445
  X102: 1.613860
  X103: 1.624744
  X104: 1.632415
  X105: 1.666324
  X106: 1.746509
  X107: 0.000000
  X108: 1.666472
  X109: 1.680409
  X110: 1.623722
  X111: 1.777855
  X112: 1.748043
  X113: 1.830482
  X114: 1.610780
  X115: 1.692292
  X116: 1.692159
  X117: 1.599926
  X118: 1.676841
  X119: 1.630924
  X120: 1.707191
  X122: 1.656710
  X123: 1.694981
  X124: 1.735297
  X125: 1.718245
  X126: 1.655614
  X127: 1.724017
  X128: 1.690065
  X129: 1.640444
  X130: 1.803994
  X131: 1.744493
  X132: 1.804546
  X133: 1.660195
  X134: 1.581161
  X135: 1.756118
  X136: 1.617057
  X137: 1.631492
  X138: 1.641450
  X139: 1.711719
  X140: 1.619388
  X141: 1.719208
  X142: 1.645017
  X143: 1.732407
  X144: 1.654335
  X145: 1.657458
  X146: 1.649114
  X147: 1.675794
  X148: 1.642507
  X150: 1.714041
  X151: 1.675834
  X152: 1.565506
  X153: 1.720877
  X154: 1.655863
  X155: 1.619167
  X156: 1.773392
  X157: 1.571777
  X158: 1.691070
  X159: 1.727079
  X160: 1.745722
  X161: 1.681589
  X162: 1.628977
  X163: 1.674846
  X164: 1.705202
  X165: 1.638638
  X166: 1.704631
  X167: 1.627667
  X168: 1.618914
  X169: 1.657214
  X170: 1.670477
  X171: 1.703779
  X172: 1.684259
  X173: 1.723965
  X174: 1.638154
  X175: 1.805170
  X176: 1.653545
  X177: 1.758318
  X178: 1.688485
  X179: 1.618902
  X180: 1.622315
  X181: 1.706838
  X182: 1.711644
  X183: 1.679590
  X184: 1.713961
  X185: 1.753955
  X186: 1.652270
  X187: 1.709645
  X189: 1.729412
  X190: 1.668297
  X191: 1.655685
  X192: 1.724496
  X194: 1.779806
  X195: 1.706723
  X196: 1.723057
  X197: 1.707903
  X198: 1.727311
  X199: 1.653113
  X200: 1.684682
  X201: 1.673390
  X202: 1.721431
  X203: 1.719621
  X204: 1.662910
  X205: 2.393914
  X206: 1.761108
  X207: 1.643691
  X208: 1.705698
  X209: 1.660833
  X210: 1.673010
  X211: 1.614505
  X212: 1.633839
  X213: 1.657811
  X214: 1.620485
  X215: 1.706669
  X216: 1.649157
  X217: 1.746704
  X218: 1.681150
  X219: 1.616987
  X220: 1.634590
  X221: 1.736859
  X222: 1.6985252026-01-29 20:08:43.549176: W tensorflow/compiler/xla/stream_executor/platform/default/dso_loader.cc:64] Could not load dynamic library 'libnvinfer.so.7'; dlerror: libnvinfer.so.7: cannot open shared object file: No such file or directory
2026-01-29 20:08:43.549252: W tensorflow/compiler/xla/stream_executor/platform/default/dso_loader.cc:64] Could not load dynamic library 'libnvinfer_plugin.so.7'; dlerror: libnvinfer_plugin.so.7: cannot open shared object file: No such file or directory
2026-01-29 20:08:43.549261: W tensorflow/compiler/tf2tensorrt/utils/py_utils.cc:38] TF-TRT Warning: Cannot dlopen some TensorRT libraries. If you would like to use Nvidia GPU with TensorRT, please make sure the missing libraries mentioned above are installed properly.
sys:1: DtypeWarning: Columns (9,10,11,13,14,15,16,17,18,19,20,21,22,23,24,25,27,28,29,30,32,33,34,35,36,37,39,40,42,43,44,45,46,47,48,49,51,53,54,55,56,57,58,59,60,61,62,63,64,65,66,67,68,69,70,71,72,73,75,76,77,79,80,81,82,83,84,85,86,87,88,89,90,91,92,93,94,95,96,97,98,99,100,101,102,103,105,106,107,108,109,110,111,112,113,114,115,117,118,119,120,121,122,123,124,125,126,128,129,130,131,132,133,134,135,136,137,140,141,142,143,144,145,146,147,148,150,151,152,153,154,155,156,157,158,159,160,161,163,164,165,166,167,168,169,170,171,172,173,175,176,177,178,179,180,181,182,183,184,185,186,187,188,189,191,192,193,194,195,196,197,198,199,200,201,202,203,204,205,207,208,209,210,211,212,213,214,215,216,217,218,219,220,221,222,223,224,225,226,227,228,229,230,231,232,233,235,236,237,239,240,241,242,243,244,245,246,247,248,249,251,252,253,254,255,256,257,258,260,261,262,263,264,266,267,268,269,270,271,272,273,274,275,276,277,278,279,280,281,282,283,284,285,287,288,289,290,291,292,293,294,295,296,297,298,300,301,302,303,304,305,306,307,308,309,310,311,312,313,314,315,316,317,318,319,320,321,322,323,324,325,326,327,329,330,331,332,333,334,335,337,338,339,340,341,342,344,345,346,347,348,349,350,351,352,353,354,355,356,357,358,359,360,361,362,364,365,366,369,370,371,372,373,375,376) have mixed types.Specify dtype option on import or set low_memory=False.
sys:1: DtypeWarning: Columns (9,10,11,13,14,15,16,17,18,19,20,21,22,23,24,25,27,28,29,30,32,33,34,35,36,37,39,40,42,43,44,45,46,47,48,49,51,53,54,55,56,57,58,59,60,61,62,63,64,65,66,67,68,69,70,71,72,73,74,75,76,77,78,79,80,81,82,83,84,85,86,87,88,89,90,91,92,93,94,95,96,97,98,99,100,101,102,103,105,106,107,108,109,110,111,112,113,114,115,117,118,119,120,121,122,123,124,125,126,128,129,130,131,132,133,134,135,136,137,140,141,142,143,144,145,146,147,148,150,151,152,153,154,155,156,157,158,160,161,163,164,165,166,167,168,169,170,171,172,173,175,176,177,178,179,180,181,182,183,184,185,186,187,188,189,191,192,193,194,195,196,197,198,199,200,201,202,203,204,205,206,207,208,209,210,211,212,213,214,215,216,217,218,219,220,221,222,223,224,225,226,227,228,229,230,231,232,233,235,236,237,239,240,241,242,243,244,245,246,247,248,249,250,251,252,253,254,255,256,257,258,260,261,262,263,264,266,267,268,269,270,271,272,273,274,275,276,277,278,279,280,281,282,283,284,285,286,287,288,289,290,291,292,293,294,295,296,297,298,300,301,302,303,304,305,306,307,308,309,310,311,312,313,314,315,316,317,318,319,320,321,322,323,324,325,326,327,329,330,331,332,333,334,335,337,338,339,340,341,342,344,345,346,347,348,349,350,351,352,353,354,355,356,357,358,359,360,361,362,363,364,365,366,369,370,371,372,373,375,376) have mixed types.Specify dtype option on import or set low_memory=False.
[1;34m[20:08:44][0m[1;33m WARNING Snoopy may use all CPU cores! Set env. variable 'SNOOPY_LIMIT_CPU' to 'y' to limit CPU usage. [0m[1;34m(__init__ -> _init_tf_pytorch on MainThread)[0m
2026-01-29 20:08:44.128739: E tensorflow/compiler/xla/stream_executor/cuda/cuda_driver.cc:267] failed call to cuInit: CUDA_ERROR_NO_DEVICE: no CUDA-capable device is detected
结果已保存到: results/activeclean/mercedes_activeclean_vzekai
日志文件: results/activeclean/mercedes_activeclean_vzekai/mercedes_activeclean_vzekai.log
============================================================

  X223: 1.675557
  X224: 1.600680
  X225: 1.685176
  X226: 1.694982
  X227: 1.593883
  X228: 1.576987
  X229: 1.596319
  X230: 1.736580
  X231: 1.563137
  X232: 1.664777
  X233: 0.000000
  X234: 1.683910
  X235: 0.000000
  X236: 1.608170
  X237: 1.654367
  X238: 1.715457
  X239: 1.720772
  X240: 1.588699
  X241: 1.715786
  X242: 1.776687
  X243: 1.767316
  X244: 1.736414
  X245: 1.697548
  X246: 1.733849
  X247: 1.672380
  X248: 1.709202
  X249: 1.739192
  X250: 1.648642
  X251: 1.618059
  X252: 1.605193
  X253: 1.509399
  X254: 1.649330
  X255: 1.647311
  X256: 1.719432
  X257: 1.723169
  X258: 1.703946
  X259: 1.685254
  X260: 1.745235
  X261: 1.750067
  X262: 1.625469
  X263: 1.725925
  X264: 1.569941
  X265: 1.674020
  X266: 1.688259
  X267: 1.656922
  X268: 0.000000
  X269: 1.669267
  X270: 1.698173
  X271: 1.679883
  X272: 1.768305
  X273: 1.705637
  X274: 1.654053
  X275: 1.687988
  X276: 1.600099
  X277: 1.731427
  X278: 1.684843
  X279: 1.668431
  X280: 1.740955
  X281: 1.637202
  X282: 1.660255
  X283: 1.646601
  X284: 1.626887
  X285: 1.713791
  X286: 1.609589
  X287: 1.626833
  X288: 1.628810
  X289: 0.000000
  X290: 0.000000
  X291: 1.767154
  X292: 1.650024
  X293: 0.000000
  X294: 1.663157
  X295: 1.728085
  X296: 1.641059
  X297: 0.000000
  X298: 1.663249
  X299: 1.713108
  X300: 1.646100
  X301: 1.734816
  X302: 1.627611
  X304: 1.797485
  X305: 1.799929
  X306: 1.657828
  X307: 1.720436
  X308: 1.647527
  X309: 1.688356
  X310: 1.730247
  X311: 1.766732
  X312: 1.657662
  X313: 1.538085
  X314: 1.559608
  X315: 1.660240
  X316: 1.634993
  X317: 1.615761
  X318: 1.764716
  X319: 1.717702
  X320: 1.724711
  X321: 1.655753
  X322: 1.717239
  X323: 1.666382
  X324: 1.665386
  X325: 1.662920
  X326: 1.699334
  X327: 1.673804
  X328: 1.746303
  X329: 1.667318
  X330: 0.000000
  X331: 1.644148
  X332: 1.602179
  X333: 1.695513
  X334: 1.632951
  X335: 1.701170
  X336: 1.739757
  X337: 1.681949
  X338: 1.627092
  X339: 1.728092
  X340: 1.684143
  X341: 1.651854
  X342: 1.692920
  X343: 1.618196
  X344: 1.701145
  X345: 1.755244
  X346: 1.707060
  X347: 0.000000
  X348: 1.710609
  X349: 1.615014
  X350: 1.640641
  X351: 1.634573
  X352: 1.643657
  X353: 1.714206
  X354: 1.679424
  X355: 1.665470
  X356: 1.581119
  X357: 1.676272
  X358: 1.691065
  X359: 1.697132
  X360: 1.701581
  X361: 1.719171
  X362: 1.563545
  X363: 1.629890
  X364: 1.712785
  X365: 1.677964
  X366: 1.619098
  X367: 1.696125
  X368: 1.691959
  X369: 1.716553
  X370: 1.742263
  X371: 1.666206
  X372: 1.642878
  X373: 1.746064
  X374: 1.742080
  X375: 1.631635
  X376: 1.749861
  X377: 1.627026
  X378: 1.685054
  X379: 1.662360
  X380: 1.713751
  X382: 1.658971
  X383: 1.660508
  X384: 1.632656
  X385: 1.698380
  y: 0.000000
列级平均F1 (类别列, weighted): 0.999523
  X0: 0.999641
  X1: 0.999045
  X2: 0.999762
  X3: 0.999524
  X4: 0.999287
  X5: 0.999643
  X6: 0.999643
  X8: 0.999643
========================================

[2/5] 下游任务性能 (regression)
--------------------------------------------------
RF - MSE: 73.5356, R2: 0.5276, MAE: 5.9260, RMSE: 8.5753
LR - MSE: 107.8050, R2: 0.3074, MAE: 7.8252, RMSE: 10.3829
RIDGE - MSE: 107.7698, R2: 0.3076, MAE: 7.8235, RMSE: 10.3812
LASSO - MSE: 103.8843, R2: 0.3326, MAE: 7.7050, RMSE: 10.1924
KNN - MSE: 111.6213, R2: 0.2829, MAE: 7.9517, RMSE: 10.5651
GB - MSE: 75.9280, R2: 0.5122, MAE: 6.0502, RMSE: 8.7137

[3/5] 模型容忍度
--------------------------------------------------

容忍度计算结果:
  P_do_nothing (脏数据性能): -70.1801
  P_demand_clean (清洗后性能): -70.8626
  P_repair_all (完全修复性能): -79.0839
  先验容忍度 (Tolerance_prior): 1.0097
  后验容忍度 (Tolerance_post): 0.0766

[4/5] Snoopy上界评估
--------------------------------------------------
Snoopy模块可用，正在评估数据质量上界...
  脏数据上界: 82.4356
  清洗后上界: 81.3253
  干净数据上界: 82.6160
  上界提升比例: -6.1542

[5/5] 真值使用成本
--------------------------------------------------
  方法类型: Type 3 (需迭代交互)
  实际真值使用: 500
  理想最小成本: 152237
  总修改单元格: 158318
  正确修复: 152237
  错误修复: 6081

======================================================================
测评完成，结果已保存到: results/activeclean/mercedes_activeclean_vzekai/mercedes_activeclean_vzekai_report.txt
======================================================================
