============================================================
ActiveClean 数据清洗
============================================================
脏数据: Data/nasa/dirty_index.csv
干净数据: Data/nasa/clean_index.csv
任务名称: nasa_activeclean_vzekai
------------------------------------------------------------
清洗后数据已保存到: results/activeclean/nasa_activeclean_vzekai/nasa_activeclean_vzekai_output.csv
------------------------------------------------------------
执行时间: 0.57 秒
真值使用量 (Ground Truth Cost): 500

============================================================
调用统一测评模块 getScoreML
============================================================
2026-01-29 20:57:04.743730: W tensorflow/compiler/xla/stream_executor/platform/default/dso_loader.cc:64] Could not load dynamic library 'libnvinfer.so.7'; dlerror: libnvinfer.so.7: cannot open shared object file: No such file or directory
2026-01-29 20:57:04.743794: W tensorflow/compiler/xla/stream_executor/platform/default/dso_loader.cc:64] Could not load dynamic library 'libnvinfer_plugin.so.7'; dlerror: libnvinfer_plugin.so.7: cannot open shared object file: No such file or directory
2026-01-29 20:57:04.743801: W tensorflow/compiler/tf2tensorrt/utils/py_utils.cc:38] TF-TRT Warning: Cannot dlopen some TensorRT libraries. If you would like to use Nvidia GPU with TensorRT, please make sure the missing libraries mentioned above are installed properly.
[1;34m[20:57:05][0m[1;33m WARNING Snoopy may use all CPU cores! Set env. variable 'SNOOPY_LIMIT_CPU' to 'y' to limit CPU usage. [0m[1;34m(__init__ -> _init_tf_pytorch on MainThread)[0m
2026-01-29 20:57:05.308264: E tensorflow/compiler/xla/stream_executor/cuda/cuda_driver.cc:267] failed call to cuInit: CUDA_ERROR_NO_DEVICE: no CUDA-capable device is detected
结果已保存到: results/activeclean/nasa_activeclean_vzekai
日志文件: results/activeclean/nasa_activeclean_vzekai/nasa_activeclean_vzekai.log
============================================================
[ActiveClean Wrapper] 检测到非数值列，自动进行向量化...
[ActiveClean Wrapper] 向量化完成，编码列: ['frequency', 'angle', 'chord_length', 'velocity', 'thickness']
[ActiveClean Wrapper] 数据集: 1503 行, 1503 脏行, 0 干净行
[ActiveClean] Initialization
[ActiveClean] 检测到回归/高基数任务，使用简单采样策略
[ActiveClean] Number Cleaned So Far: 50
[ActiveClean] Number Cleaned So Far: 100
[ActiveClean] Number Cleaned So Far: 150
[ActiveClean] Number Cleaned So Far: 200
[ActiveClean] Number Cleaned So Far: 250
[ActiveClean] Number Cleaned So Far: 300
[ActiveClean] Number Cleaned So Far: 350
[ActiveClean] Number Cleaned So Far: 400
[ActiveClean] Number Cleaned So Far: 450
[ActiveClean] Final - Number Cleaned: 500
[ActiveClean Wrapper] 清洗完成: 500 行被替换为干净数据
======================================================================
Clean4MLBaseline 统一测评 - nasa_activeclean_vzekai
======================================================================

[1/5] 传统清洗指标
--------------------------------------------------
调试文件已保存到: results/activeclean/nasa_activeclean_vzekai/debug
修复准确率: 1.0, 修复召回率: 0.33515731874145005, F1值: 0.5020491802902666
========================================
错误减少率 (EDR): 0.33515731874145005
========================================
混合距离 (Hybrid Distance): 0.2641581664461539
========================================
基于条目的错误减少率 (R-EDR): 0.33515731874145005
========================================
numeric: Index(['frequency', 'angle', 'chord_length', 'velocity', 'thickness',
       'sound_pressure_level'],
      dtype='object')
categorical: (none)
列级平均RMSE (数值列, 归一化): 72333215085.049362
  frequency: 9021.713761
  angle: 511.574462
  chord_length: 9597915.511548
  velocity: 1341.713570
  thickness: 433989681719.782776
  sound_pressure_level: 0.000000
列级平均F1: N/A (无类别列)
========================================

[2/5] 下游任务性能 (regression)
--------------------------------------------------
RF - MSE: 30.1972, R2: 0.3972, MAE: 4.0345, RMSE: 5.4952
LR - MSE: 45.4876, R2: 0.0920, MAE: 5.5120, RMSE: 6.7444
RIDGE - MSE: 45.4883, R2: 0.0920, MAE: 5.5121, RMSE: 6.7445
LASSO - MSE: 48.6379, R2: 0.0292, MAE: 5.7089, RMSE: 6.9741
KNN - MSE: 49.9651, R2: 0.0027, MAE: 5.5895, RMSE: 7.0686
GB - MSE: 30.7146, R2: 0.3869, MAE: 4.3206, RMSE: 5.5421

[3/5] 模型容忍度
--------------------------------------------------

容忍度计算结果:
  P_do_nothing (脏数据性能): -64.5243
  P_demand_clean (清洗后性能): -67.7688
  P_repair_all (完全修复性能): -3.3429
  先验容忍度 (Tolerance_prior): 1.0503
  后验容忍度 (Tolerance_post): -0.0530

[4/5] Snoopy上界评估
--------------------------------------------------
Snoopy模块可用，正在评估数据质量上界...
  脏数据上界: 33.0118
  清洗后上界: 30.2323
  干净数据上界: 13.0157
  上界提升比例: 0.1390

[5/5] 真值使用成本
--------------------------------------------------
  方法类型: Type 3 (需迭代交互)
  实际真值使用: 500
  理想最小成本: 873
  总修改单元格: 873
  正确修复: 873
  错误修复: 0

======================================================================
测评完成，结果已保存到: results/activeclean/nasa_activeclean_vzekai/nasa_activeclean_vzekai_report.txt
======================================================================
