============================================================
ActiveClean 数据清洗
============================================================
脏数据: Data/soilmoisture/dirty_index.csv
干净数据: Data/soilmoisture/clean_index.csv
任务名称: soilmoisture_activeclean_vzekai
------------------------------------------------------------
清洗后数据已保存到: results/activeclean/soilmoisture_activeclean_vzekai/soilmoisture_activeclean_vzekai_output.csv
------------------------------------------------------------
执行时间: 8.09 秒
真值使用量 (Ground Truth Cost): 500

============================================================
调用统一测评模块 getScoreML
============================================================
2026-01-29 21:03:41.121481: W tensorflow/compiler/xla/stream_executor/platform/default/dso_loader.cc:64] Could not load dynamic library 'libnvinfer.so.7'; dlerror: libnvinfer.so.7: cannot open shared object file: No such file or directory
2026-01-29 21:03:41.121541: W tensorflow/compiler/xla/stream_executor/platform/default/dso_loader.cc:64] Could not load dynamic library 'libnvinfer_plugin.so.7'; dlerror: libnvinfer_plugin.so.7: cannot open shared object file: No such file or directory
2026-01-29 21:03:41.121548: W tensorflow/compiler/tf2tensorrt/utils/py_utils.cc:38] TF-TRT Warning: Cannot dlopen some TensorRT libraries. If you would like to use Nvidia GPU with TensorRT, please make sure the missing libraries mentioned above are installed properly.
[1;34m[21:03:41][0m[1;33m WARNING Snoopy may use all CPU cores! Set env. variable 'SNOOPY_LIMIT_CPU' to 'y' to limit CPU usage. [0m[1;34m(__init__ -> _init_tf_pytorch on MainThread)[0m
2026-01-29 21:03:41.694414: E tensorflow/compiler/xla/stream_executor/cuda/cuda_driver.cc:267] failed call to cuInit: CUDA_ERROR_NO_DEVICE: no CUDA-capable device is detected
结果已保存到: results/activeclean/soilmoisture_activeclean_vzekai
日志文件: results/activeclean/soilmoisture_activeclean_vzekai/soilmoisture_activeclean_vzekai.log
============================================================
[ActiveClean Wrapper] 检测到非数值列，自动进行向量化...
[ActiveClean Wrapper] 向量化完成，编码列: ['datetime', '458', '462', '466', '470', '474', '478', '482', '486', '490', '494', '498', '502', '518', '522', '530', '534', '538', '546', '550', '554', '558', '562', '570', '574', '578', '582', '586', '590', '594', '598', '602', '606', '610', '614', '618', '622', '626', '630', '634', '638', '642', '646', '650', '654', '662', '666', '670', '674', '682', '686', '690', '698', '706', '710', '714', '718', '726', '730', '738', '742', '758', '762', '766', '770', '774', '778', '782', '790', '798', '802', '806', '810', '814', '818', '826', '830', '834', '838', '842', '846', '850', '854', '858', '862', '866', '878', '886', '890', '894', '906', '910', '914', '922', '926', '930', '934', '942', '946', '950']
[ActiveClean Wrapper] 数据集: 679 行, 679 脏行, 0 干净行
[ActiveClean] Initialization
[ActiveClean] 检测到回归/高基数任务，使用简单采样策略
[ActiveClean] Number Cleaned So Far: 50
[ActiveClean] Number Cleaned So Far: 100
[ActiveClean] Number Cleaned So Far: 150
[ActiveClean] Number Cleaned So Far: 200
[ActiveClean] Number Cleaned So Far: 250
[ActiveClean] Number Cleaned So Far: 300
[ActiveClean] Number Cleaned So Far: 350
[ActiveClean] Number Cleaned So Far: 400
[ActiveClean] Number Cleaned So Far: 450
[ActiveClean] Final - Number Cleaned: 500
[ActiveClean Wrapper] 清洗完成: 500 行被替换为干净数据
======================================================================
Clean4MLBaseline 统一测评 - soilmoisture_activeclean_vzekai
======================================================================

[1/5] 传统清洗指标
--------------------------------------------------
调试文件已保存到: results/activeclean/soilmoisture_activeclean_vzekai/debug
修复准确率: 1.0, 修复召回率: 0.7381794418390097, F1值: 0.8493708118139294
========================================
错误减少率 (EDR): 0.7381794418390097
========================================
混合距离 (Hybrid Distance): 0.16933651876496136
========================================
基于条目的错误减少率 (R-EDR): 0.7363770250368189
========================================
numeric: Index(['datetime', 'soil_temperature', '454', '458', '462', '466', '470',
       '474', '478', '482',
       ...
       '918', '922', '926', '930', '934', '938', '942', '946', '950',
       'soil_moisture'],
      dtype='object', length=128)
categorical: (none)
列级平均RMSE (数值列, 归一化): 1.106124
  datetime: 1.177272
  soil_temperature: 1.075526
  454: 1.372605
  458: 1.138135
  462: 1.337938
  466: 1.167597
  470: 0.935654
  474: 1.092222
  478: 0.953978
  482: 1.140922
  486: 1.164628
  490: 1.100439
  494: 1.070278
  498: 1.135248
  502: 0.880447
  506: 1.107020
  510: 1.412006
  514: 1.012506
  518: 1.126832
  522: 1.194058
  526: 0.954771
  530: 1.073440
  534: 1.130908
  538: 1.355761
  542: 1.053979
  546: 1.290057
  550: 1.046040
  554: 1.293260
  558: 1.309687
  562: 1.004438
  566: 1.126953
  570: 1.117772
  574: 1.137254
  578: 1.050059
  582: 0.972758
  586: 1.187715
  590: 1.403298
  594: 1.045363
  598: 0.933526
  602: 1.275614
  606: 1.192275
  610: 1.221994
  614: 1.106152
  618: 1.165590
  622: 1.227434
  626: 1.038019
  630: 1.059756
  634: 1.079733
  638: 0.981103
  642: 1.441269
  646: 1.035425
  650: 1.116154
  654: 1.166572
  658: 1.342875
  662: 0.989112
  666: 1.110308
  670: 1.167569
  674: 0.933683
  678: 1.028153
  682: 0.983729
  686: 1.082820
  690: 1.178799
  694: 1.039094
  698: 1.173155
  702: 0.998068
  706: 0.959137
  710: 1.007567
  714: 1.090498
  718: 1.035833
  722: 1.102795
  726: 1.096910
  730: 1.001944
  734: 1.254682
  738: 1.105429
  742: 1.325352
  746: 1.080368
  750: 1.198258
  754: 1.161165
  758: 1.189359
  762: 1.144596
  766: 1.101853
  770: 0.706598
  774: 1.275284
  778: 0.974942
  782: 1.263596
  786: 0.908994
  790: 1.126402
  794: 1.257985
  798: 1.060902
  802: 0.981886
  806: 1.125104
  810: 0.926945
  814: 0.912810
  818: 1.198743
  822: 0.864978
  826: 1.250054
  830: 1.070736
  834: 1.295200
  838: 1.192549
  842: 1.228861
  846: 1.082574
  850: 1.130696
  854: 1.042988
  858: 0.963114
  862: 1.025525
  866: 1.100991
  870: 1.124066
  874: 1.268084
  878: 1.142858
  882: 1.180578
  886: 1.113798
  890: 1.140805
  894: 1.222912
  898: 1.236211
  902: 1.006315
  906: 1.288657
  910: 0.973873
  914: 1.021010
  918: 1.048939
  922: 0.899261
  926: 1.222757
  930: 0.928068
  934: 1.077328
  938: 1.259289
  942: 1.090041
  946: 1.124304
  950: 1.173772
  soil_moisture: 0.000000
列级平均F1: N/A (无类别列)
========================================

[2/5] 下游任务性能 (regression)
--------------------------------------------------
RF - MSE: 3.0356, R2: 0.7881, MAE: 1.2229, RMSE: 1.7423
LR - MSE: 5637.0191, R2: -392.5779, MAE: 59.5369, RMSE: 75.0801
RIDGE - MSE: 128.9959, R2: -8.0065, MAE: 8.9689, RMSE: 11.3576
LASSO - MSE: 9.9035, R2: 0.3085, MAE: 2.4069, RMSE: 3.1470
KNN - MSE: 6.0226, R2: 0.5795, MAE: 1.5314, RMSE: 2.4541
GB - MSE: 4.2751, R2: 0.7015, MAE: 1.2949, RMSE: 2.0676

[3/5] 模型容忍度
--------------------------------------------------

容忍度计算结果:
  P_do_nothing (脏数据性能): -4.8276
  P_demand_clean (清洗后性能): -4.4134
  P_repair_all (完全修复性能): -0.8688
  先验容忍度 (Tolerance_prior): 0.9142
  后验容忍度 (Tolerance_post): 0.1046

[4/5] Snoopy上界评估
--------------------------------------------------
Snoopy模块可用，正在评估数据质量上界...
  脏数据上界: 5.0025
  清洗后上界: 4.5311
  干净数据上界: 8.7752
  上界提升比例: -0.1249

[5/5] 真值使用成本
--------------------------------------------------
  方法类型: Type 3 (需迭代交互)
  实际真值使用: 500
  理想最小成本: 19203
  总修改单元格: 19203
  正确修复: 19203
  错误修复: 0

======================================================================
测评完成，结果已保存到: results/activeclean/soilmoisture_activeclean_vzekai/soilmoisture_activeclean_vzekai_report.txt
======================================================================
