2026-01-29 19:38:42,958 - INFO - ============================================================
2026-01-29 19:38:42,958 - INFO - MLImputer 数据清洗 (mice)
2026-01-29 19:38:42,958 - INFO - ============================================================
2026-01-29 19:38:42,958 - INFO - 脏数据: Data/adult/dirty_index.csv
2026-01-29 19:38:42,959 - INFO - 干净数据: Data/adult/clean_index.csv
2026-01-29 19:38:42,959 - INFO - 任务名称: adult_mlimputer_vzekai
2026-01-29 19:38:42,959 - INFO - 插补方法: mice
2026-01-29 19:38:42,959 - INFO - ------------------------------------------------------------
2026-01-29 19:38:45,708 - INFO - 修复后数据已保存: results/mlimputer/adult_mlimputer_vzekai/adult_mlimputer_vzekai_cleaned.csv
2026-01-29 19:38:45,709 - INFO - ------------------------------------------------------------
2026-01-29 19:38:45,709 - INFO - 执行时间: 2.75 秒
2026-01-29 19:38:45,709 - INFO - 执行状态: 成功
2026-01-29 19:38:45,709 - INFO - 填充单元格数: 0
2026-01-29 19:38:45,709 - INFO - 真值使用成本: 0 (全自动)
2026-01-29 19:38:45,709 - INFO - 
2026-01-29 19:38:45,709 - INFO - ============================================================
2026-01-29 19:38:45,709 - INFO - 调用统一测评模块 getScoreML
2026-01-29 19:38:45,709 - INFO - ============================================================
2026-01-29 19:50:54,383 - INFO - 结果已保存到: results/mlimputer/adult_mlimputer_vzekai
2026-01-29 19:50:54,383 - INFO - 日志文件: results/mlimputer/adult_mlimputer_vzekai/adult_mlimputer_vzekai.log
2026-01-29 19:50:54,383 - INFO - ============================================================
