2026-01-29 19:50:56,329 - INFO - ============================================================
2026-01-29 19:50:56,329 - INFO - MLImputer 数据清洗 (mice)
2026-01-29 19:50:56,329 - INFO - ============================================================
2026-01-29 19:50:56,329 - INFO - 脏数据: Data/beers/dirty_index.csv
2026-01-29 19:50:56,329 - INFO - 干净数据: Data/beers/clean_index.csv
2026-01-29 19:50:56,329 - INFO - 任务名称: beers_mlimputer_vzekai
2026-01-29 19:50:56,329 - INFO - 插补方法: mice
2026-01-29 19:50:56,329 - INFO - ------------------------------------------------------------
2026-01-29 19:50:57,817 - INFO - 修复后数据已保存: results/mlimputer/beers_mlimputer_vzekai/beers_mlimputer_vzekai_cleaned.csv
2026-01-29 19:50:57,899 - INFO - ------------------------------------------------------------
2026-01-29 19:50:57,899 - INFO - 执行时间: 1.57 秒
2026-01-29 19:50:57,900 - INFO - 执行状态: 成功
2026-01-29 19:50:57,900 - INFO - 填充单元格数: 1200
2026-01-29 19:50:57,900 - INFO - 真值使用成本: 0 (全自动)
2026-01-29 19:50:57,900 - INFO - 
2026-01-29 19:50:57,900 - INFO - ============================================================
2026-01-29 19:50:57,900 - INFO - 调用统一测评模块 getScoreML
2026-01-29 19:50:57,900 - INFO - ============================================================
2026-01-29 19:51:50.989672: W tensorflow/compiler/xla/stream_executor/platform/default/dso_loader.cc:64] Could not load dynamic library 'libnvinfer.so.7'; dlerror: libnvinfer.so.7: cannot open shared object file: No such file or directory
2026-01-29 19:51:50.989741: W tensorflow/compiler/xla/stream_executor/platform/default/dso_loader.cc:64] Could not load dynamic library 'libnvinfer_plugin.so.7'; dlerror: libnvinfer_plugin.so.7: cannot open shared object file: No such file or directory
2026-01-29 19:51:50.989747: W tensorflow/compiler/tf2tensorrt/utils/py_utils.cc:38] TF-TRT Warning: Cannot dlopen some TensorRT libraries. If you would like to use Nvidia GPU with TensorRT, please make sure the missing libraries mentioned above are installed properly.
/home/qianzekai/miniconda3/envs/multibaseline/lib/python3.7/site-packages/sklearn/metrics/_classification.py:1245: UndefinedMetricWarning: Precision is ill-defined and being set to 0.0 in labels with no predicted samples. Use `zero_division` parameter to control this behavior.
  _warn_prf(average, modifier, msg_start, len(result))
/home/qianzekai/miniconda3/envs/multibaseline/lib/python3.7/site-packages/sklearn/metrics/_classification.py:1245: UndefinedMetricWarning: Recall is ill-defined and being set to 0.0 in labels with no true samples. Use `zero_division` parameter to control this behavior.
  _warn_prf(average, modifier, msg_start, len(result))
/home/qianzekai/miniconda3/envs/multibaseline/lib/python3.7/site-packages/sklearn/metrics/_classification.py:1245: UndefinedMetricWarning: Precision is ill-defined and being set to 0.0 in labels with no predicted samples. Use `zero_division` parameter to control this behavior.
  _warn_prf(average, modifier, msg_start, len(result))
/home/qianzekai/miniconda3/envs/multibaseline/lib/python3.7/site-packages/sklearn/metrics/_classification.py:1245: UndefinedMetricWarning: Precision is ill-defined and being set to 0.0 in labels with no predicted samples. Use `zero_division` parameter to control this behavior.
  _warn_prf(average, modifier, msg_start, len(result))
/home/qianzekai/miniconda3/envs/multibaseline/lib/python3.7/site-packages/sklearn/metrics/_classification.py:1245: UndefinedMetricWarning: Precision is ill-defined and being set to 0.0 in labels with no predicted samples. Use `zero_division` parameter to control this behavior.
  _warn_prf(average, modifier, msg_start, len(result))
/home/qianzekai/miniconda3/envs/multibaseline/lib/python3.7/site-packages/sklearn/metrics/_classification.py:1245: UndefinedMetricWarning: Recall is ill-defined and being set to 0.0 in labels with no true samples. Use `zero_division` parameter to control this behavior.
  _warn_prf(average, modifier, msg_start, len(result))
/home/qianzekai/miniconda3/envs/multibaseline/lib/python3.7/site-packages/sklearn/metrics/_classification.py:1245: UndefinedMetricWarning: Precision is ill-defined and being set to 0.0 in labels with no predicted samples. Use `zero_division` parameter to control this behavior.
  _warn_prf(average, modifier, msg_start, len(result))
/home/qianzekai/miniconda3/envs/multibaseline/lib/python3.7/site-packages/sklearn/metrics/_classification.py:1245: UndefinedMetricWarning: Recall is ill-defined and being set to 0.0 in labels with no true samples. Use `zero_division` parameter to control this behavior.
  _warn_prf(average, modifier, msg_start, len(result))
/home/qianzekai/miniconda3/envs/multibaseline/lib/python3.7/site-packages/sklearn/metrics/_classification.py:1245: UndefinedMetricWarning: Precision is ill-defined and being set to 0.0 in labels with no predicted samples. Use `zero_division` parameter to control this behavior.
  _warn_prf(average, modifier, msg_start, len(result))
/home/qianzekai/miniconda3/envs/multibaseline/lib/python3.7/site-packages/sklearn/metrics/_classification.py:1245: UndefinedMetricWarning: Recall is ill-defined and being set to 0.0 in labels with no true samples. Use `zero_division` parameter to control this behavior.
  _warn_prf(average, modifier, msg_start, len(result))
[1;34m[19:51:51][0m[1;33m WARNING Snoopy may use all CPU cores! Set env. variable 'SNOOPY_LIMIT_CPU' to 'y' to limit CPU usage. [0m[1;34m(__init__ -> _init_tf_pytorch on MainThread)[0m
2026-01-29 19:51:51.561971: E tensorflow/compiler/xla/stream_executor/cuda/cuda_driver.cc:267] failed call to cuInit: CUDA_ERROR_NO_DEVICE: no CUDA-capable device is detected
/home/qianzekai/miniconda3/envs/multibaseline/lib/python3.7/site-packages/sklearn/model_selection/_split.py:668: UserWarning: The least populated class in y has only 1 members, which is less than n_splits=5.
  % (min_groups, self.n_splits)), UserWarning)
/home/qianzekai/miniconda3/envs/multibaseline/lib/python3.7/site-packages/sklearn/model_selection/_split.py:668: UserWarning: The least populated class in y has only 1 members, which is less than n_splits=5.
  % (min_groups, self.n_splits)), UserWarning)
/home/qianzekai/miniconda3/envs/multibaseline/lib/python3.7/site-packages/sklearn/model_selection/_split.py:668: UserWarning: The least populated class in y has only 1 members, which is less than n_splits=5.
  % (min_groups, self.n_splits)), UserWarning)
2026-01-29 19:52:17,533 - INFO - 结果已保存到: results/mlimputer/beers_mlimputer_vzekai
2026-01-29 19:52:17,533 - INFO - 日志文件: results/mlimputer/beers_mlimputer_vzekai/beers_mlimputer_vzekai.log
2026-01-29 19:52:17,533 - INFO - ============================================================
[IterativeImputer] Completing matrix with shape (2410, 11)
[IterativeImputer] Ending imputation round 1/10, elapsed time 0.47
[IterativeImputer] Change: 34.46424460143597, scaled tolerance: 2.692 
[IterativeImputer] Ending imputation round 2/10, elapsed time 0.90
[IterativeImputer] Change: 5.031043313293402, scaled tolerance: 2.692 
[IterativeImputer] Ending imputation round 3/10, elapsed time 1.28
[IterativeImputer] Change: 0.8704628743722225, scaled tolerance: 2.692 
[IterativeImputer] Early stopping criterion reached.
======================================================================
Clean4MLBaseline 统一测评 - beers_mlimputer_vzekai
======================================================================

[1/5] 传统清洗指标
--------------------------------------------------
调试文件已保存到: results/mlimputer/beers_mlimputer_vzekai/debug
修复准确率: 0.0008333333333333334, 修复召回率: 0.0002977963073257892, F1值: 0.0004387889037265519
========================================
错误减少率 (EDR): -0.31923764145324596
========================================
混合距离 (Hybrid Distance): 0.08082328070532578
========================================
基于条目的错误减少率 (R-EDR): 0.0
========================================
numeric: Index(['id'], dtype='object')
categorical: Index(['beer_name', 'style', 'ounces', 'abv', 'ibu', 'brewery_id',
       'brewery_name', 'city', 'state'],
      dtype='object')
列级平均RMSE (数值列, 归一化): 0.000000
  id: 0.000000
列级平均F1 (类别列, weighted): 0.798917
  beer_name: 1.000000
  style: 0.996790
  ounces: 0.000000
  abv: 0.791773
  ibu: 0.481727
  brewery_id: 0.999585
  brewery_name: 1.000000
  city: 0.970079
  state: 0.950303
========================================

[2/5] 下游任务性能 (classification)
--------------------------------------------------
RF - Accuracy: 0.3755, F1: 0.3377, Precision: 0.3531, Recall: 0.3755
LR - Accuracy: 0.2344, F1: 0.1377, Precision: 0.1035, Recall: 0.2344
SVM - Accuracy: 0.2697, F1: 0.1758, Precision: 0.1532, Recall: 0.2697
KNN - Accuracy: 0.2220, F1: 0.1902, Precision: 0.1866, Recall: 0.2220
DT - Accuracy: 0.2801, F1: 0.2904, Precision: 0.3196, Recall: 0.2801
GB - Accuracy: 0.3465, F1: 0.3271, Precision: 0.3531, Recall: 0.3465

[3/5] 模型容忍度
--------------------------------------------------

容忍度计算结果:
  P_do_nothing (脏数据性能): 0.3797
  P_demand_clean (清洗后性能): 0.2427
  P_repair_all (完全修复性能): 0.3859
  先验容忍度 (Tolerance_prior): 0.6393
  后验容忍度 (Tolerance_post): -22.0000

[4/5] Snoopy上界评估
--------------------------------------------------
Snoopy模块可用，正在评估数据质量上界...
  脏数据上界: 0.2606
  清洗后上界: 0.2751
  干净数据上界: 0.2581
  上界提升比例: -5.8333

[5/5] 真值使用成本
--------------------------------------------------
  方法类型: Type 1 (全自动)
  实际真值使用: 0
  理想最小成本: 1
  总修改单元格: 3610
  正确修复: 1
  错误修复: 3609

======================================================================
测评完成，结果已保存到: results/mlimputer/beers_mlimputer_vzekai/beers_mlimputer_vzekai_report.txt
======================================================================
