2026-02-03 16:32:47,302 - INFO - ============================================================
2026-02-03 16:32:47,302 - INFO - MLImputer 数据清洗 (mice)
2026-02-03 16:32:47,302 - INFO - ============================================================
2026-02-03 16:32:47,302 - INFO - 脏数据: Data/har/dirty_index.csv
2026-02-03 16:32:47,302 - INFO - 干净数据: Data/har/clean_index.csv
2026-02-03 16:32:47,302 - INFO - 任务名称: har_mlimputer_vzekai
2026-02-03 16:32:47,302 - INFO - 插补方法: mice
2026-02-03 16:32:47,302 - INFO - ------------------------------------------------------------
2026-02-03 16:32:51,356 - INFO - 修复后数据已保存: results/mlimputer/har_mlimputer_vzekai/har_mlimputer_vzekai_cleaned.csv
2026-02-03 16:32:51,356 - INFO - ------------------------------------------------------------
2026-02-03 16:32:51,356 - INFO - 执行时间: 4.05 秒
2026-02-03 16:32:51,356 - INFO - 执行状态: 成功
2026-02-03 16:32:51,356 - INFO - 填充单元格数: 9112
2026-02-03 16:32:51,356 - INFO - 真值使用成本: 0 (全自动)
2026-02-03 16:32:51,356 - INFO - 
2026-02-03 16:32:51,356 - INFO - ============================================================
2026-02-03 16:32:51,356 - INFO - 调用统一测评模块 getScoreML
2026-02-03 16:32:51,356 - INFO - ============================================================
2026-02-03 16:35:10.180350: W tensorflow/compiler/xla/stream_executor/platform/default/dso_loader.cc:64] Could not load dynamic library 'libnvinfer.so.7'; dlerror: libnvinfer.so.7: cannot open shared object file: No such file or directory
2026-02-03 16:35:10.180428: W tensorflow/compiler/xla/stream_executor/platform/default/dso_loader.cc:64] Could not load dynamic library 'libnvinfer_plugin.so.7'; dlerror: libnvinfer_plugin.so.7: cannot open shared object file: No such file or directory
2026-02-03 16:35:10.180438: W tensorflow/compiler/tf2tensorrt/utils/py_utils.cc:38] TF-TRT Warning: Cannot dlopen some TensorRT libraries. If you would like to use Nvidia GPU with TensorRT, please make sure the missing libraries mentioned above are installed properly.
[1;34m[16:35:10][0m[1;33m WARNING Snoopy may use all CPU cores! Set env. variable 'SNOOPY_LIMIT_CPU' to 'y' to limit CPU usage. [0m[1;34m(__init__ -> _init_tf_pytorch on MainThread)[0m
2026-02-03 16:35:10.854167: E tensorflow/compiler/xla/stream_executor/cuda/cuda_driver.cc:267] failed call to cuInit: CUDA_ERROR_NO_DEVICE: no CUDA-capable device is detected
2026-02-03 16:38:22,963 - INFO - 结果已保存到: results/mlimputer/har_mlimputer_vzekai
2026-02-03 16:38:22,963 - INFO - 日志文件: results/mlimputer/har_mlimputer_vzekai/har_mlimputer_vzekai.log
2026-02-03 16:38:22,963 - INFO - ============================================================
[IterativeImputer] Completing matrix with shape (70000, 5)
[IterativeImputer] Ending imputation round 1/10, elapsed time 0.54
[IterativeImputer] Change: 4624.246541804893, scaled tolerance: 70.0 
[IterativeImputer] Ending imputation round 2/10, elapsed time 1.16
[IterativeImputer] Change: 1148.4966850305555, scaled tolerance: 70.0 
[IterativeImputer] Ending imputation round 3/10, elapsed time 1.91
[IterativeImputer] Change: 396.30154484904944, scaled tolerance: 70.0 
[IterativeImputer] Ending imputation round 4/10, elapsed time 2.48
[IterativeImputer] Change: 140.99246876612423, scaled tolerance: 70.0 
[IterativeImputer] Ending imputation round 5/10, elapsed time 2.90
[IterativeImputer] Change: 50.13246405068884, scaled tolerance: 70.0 
[IterativeImputer] Early stopping criterion reached.
======================================================================
Clean4MLBaseline 统一测评 - har_mlimputer_vzekai
======================================================================

[1/5] 传统清洗指标
--------------------------------------------------
调试文件已保存到: results/mlimputer/har_mlimputer_vzekai/debug
修复准确率: 0.22585601404741001, 修复召回率: 0.05260467256275241, F1值: 0.08533399673512199
========================================
错误减少率 (EDR): 0.03560656408159092
========================================
混合距离 (Hybrid Distance): 0.2717622743979405
========================================
基于条目的错误减少率 (R-EDR): 0.02773387871463543
========================================
numeric: Index(['x', 'y', 'z'], dtype='object')
categorical: Index(['gt'], dtype='object')
列级平均RMSE (数值列, 归一化): 1.541957
  x: 1.546301
  y: 1.546493
  z: 1.533077
列级平均F1 (类别列, weighted): 0.985314
  gt: 0.985314
========================================

[2/5] 下游任务性能 (clustering)
--------------------------------------------------
数据集较大 (70000 行)，对聚类评估进行采样到 10000 行
KMEANS - Silhouette: 0.5524, ARI: 0.6605 (采样)
AGGLOMERATIVE - Silhouette: 0.5305, ARI: 0.6263 (采样)

[3/5] 模型容忍度
--------------------------------------------------

容忍度计算结果:
  P_do_nothing (脏数据性能): -0.1375
  P_demand_clean (清洗后性能): -0.2021
  P_repair_all (完全修复性能): -0.0203
  先验容忍度 (Tolerance_prior): 1.4698
  后验容忍度 (Tolerance_post): -0.5512

[4/5] Snoopy上界评估
--------------------------------------------------
Snoopy模块可用，正在评估数据质量上界...
数据集较大 (70000 行)，对Snoopy评估进行采样到 10000 行
  脏数据上界: 0.0399
  清洗后上界: 0.0052
  干净数据上界: 0.0252
  上界提升比例: 2.3527

[5/5] 真值使用成本
--------------------------------------------------
  方法类型: Type 1 (全自动)
  实际真值使用: 0
  理想最小成本: 2058
  总修改单元格: 9112
  正确修复: 2058
  错误修复: 7054

======================================================================
测评完成，结果已保存到: results/mlimputer/har_mlimputer_vzekai/har_mlimputer_vzekai_report.txt
======================================================================
