2026-01-29 20:12:24,175 - INFO - ============================================================
2026-01-29 20:12:24,176 - INFO - MLImputer 数据清洗 (mice)
2026-01-29 20:12:24,176 - INFO - ============================================================
2026-01-29 20:12:24,176 - INFO - 脏数据: Data/mercedes/dirty_index.csv
2026-01-29 20:12:24,176 - INFO - 干净数据: Data/mercedes/clean_index.csv
2026-01-29 20:12:24,176 - INFO - 任务名称: mercedes_mlimputer_vzekai
2026-01-29 20:12:24,176 - INFO - 插补方法: mice
2026-01-29 20:12:24,176 - INFO - ------------------------------------------------------------
MethodsRunScript/run_mlimputer/run_mlimputer_base.py:210: DtypeWarning: Columns (9,10,11,13,14,15,16,17,18,19,20,21,22,23,24,25,27,28,29,30,32,33,34,35,36,37,39,40,42,43,44,45,46,47,48,49,51,53,54,55,56,57,58,59,60,61,62,63,64,65,66,67,68,69,70,71,72,73,75,76,77,79,80,81,82,83,84,85,86,87,88,89,90,91,92,93,94,95,96,97,98,99,100,101,102,103,105,106,107,108,109,110,111,112,113,114,115,117,118,119,120,121,122,123,124,125,126,128,129,130,131,132,133,134,135,136,137,140,141,142,143,144,145,146,147,148,150,151,152,153,154,155,156,157,158,159,160,161,163,164,165,166,167,168,169,170,171,172,173,175,176,177,178,179,180,181,182,183,184,185,186,187,188,189,191,192,193,194,195,196,197,198,199,200,201,202,203,204,205,207,208,209,210,211,212,213,214,215,216,217,218,219,220,221,222,223,224,225,226,227,228,229,230,231,232,233,235,236,237,239,240,241,242,243,244,245,246,247,248,249,251,252,253,254,255,256,257,258,260,261,262,263,264,266,267,268,269,270,271,272,273,274,275,276,277,278,279,280,281,282,283,284,285,287,288,289,290,291,292,293,294,295,296,297,298,300,301,302,303,304,305,306,307,308,309,310,311,312,313,314,315,316,317,318,319,320,321,322,323,324,325,326,327,329,330,331,332,333,334,335,337,338,339,340,341,342,344,345,346,347,348,349,350,351,352,353,354,355,356,357,358,359,360,361,362,364,365,366,369,370,371,372,373,375,376) have mixed types.Specify dtype option on import or set low_memory=False.
  main()
2026-01-29 20:19:14,826 - INFO - 修复后数据已保存: results/mlimputer/mercedes_mlimputer_vzekai/mercedes_mlimputer_vzekai_cleaned.csv
2026-01-29 20:19:14,826 - INFO - ------------------------------------------------------------
2026-01-29 20:19:14,826 - INFO - 执行时间: 410.65 秒
2026-01-29 20:19:14,826 - INFO - 执行状态: 成功
2026-01-29 20:19:14,826 - INFO - 填充单元格数: 1679
2026-01-29 20:19:14,826 - INFO - 真值使用成本: 0 (全自动)
2026-01-29 20:19:14,826 - INFO - 
2026-01-29 20:19:14,826 - INFO - ============================================================
2026-01-29 20:19:14,826 - INFO - 调用统一测评模块 getScoreML
2026-01-29 20:19:14,826 - INFO - ============================================================
[IterativeImputer] Completing matrix with shape (4209, 378)
[IterativeImputer] Ending imputation round 1/10, elapsed time 204.92
[IterativeImputer] Change: 251.05048047580345, scaled tolerance: 4.2090000000000005 
[IterativeImputer] Ending imputation round 2/10, elapsed time 401.88
[IterativeImputer] Change: 1.6308869059936342, scaled tolerance: 4.2090000000000005 
[IterativeImputer] Early stopping criterion reached.
======================================================================
Clean4MLBaseline 统一测评 - mercedes_mlimputer_vzekai
======================================================================

[1/5] 传统清洗指标
--------------------------------------------------
调试文件已保存到: results/mlimputer/mercedes_mlimputer_vzekai/debug
修复准确率: 0.06908874329958309, 修复召回率: 0.00038521952531656077, F1值: 0.0007661671157971174
========================================
错误减少率 (EDR): 0.00038521952531656077
========================================
混合距离 (Hybrid Distance): 0.47006881686226837
========================================
基于条目的错误减少率 (R-EDR): 0.0
========================================
numeric: Index(['X10', 'X11', 'X12', 'X13', 'X14', 'X15', 'X16', 'X17', 'X18', 'X19',
       ...
       'X376', 'X377', 'X378', 'X379', 'X380', 'X382', 'X383', 'X384', 'X385',
       'y'],
      dtype='object', length=369)
categorical: Index(['X0', 'X1', 'X2', 'X3', 'X4', 'X5', 'X6', 'X8'], dtype='object')
列级平均RMSE (数值列, 归一化): 1.732794
  X10: 1.851457
  X11: 0.000000
  X12: 1.809454
  X13: 1.828852
  X14: 1.787862
  X15: 1.839962
  X16: 1.687294
  X17: 1.876971
  X18: 1.720804
  X19: 1.763793
  X20: 1.695257
  X21: 1.863891
  X22: 1.914589
  X23: 1.748073
  X24: 1.889363
  X26: 1.804141
  X27: 1.781320
  X28: 1.772445
  X29: 1.736008
  X30: 1.774768
  X31: 1.790387
  X32: 1.880889
  X33: 1.832563
  X34: 1.807524
  X35: 1.842497
  X36: 1.797107
  X37: 1.832307
  X38: 1.849585
  X39: 1.879607
  X40: 1.837605
  X41: 1.792355
  X42: 1.807380
  X43: 1.722328
  X44: 1.709513
  X45: 1.723409
  X46: 1.791900
  X47: 1.827604
  X48: 1.762619
  X49: 1.795598
  X50: 1.762801
  X51: 1.868862
  X52: 1.841306
  X53: 1.745676
  X54: 1.755285
  X55: 1.781077
  X56: 1.795644
  X57: 1.823107
  X58: 1.802895
  X59: 1.810795
  X60: 1.698914
  X61: 1.735998
  X62: 1.814092
  X63: 1.751154
  X64: 1.848477
  X65: 1.779916
  X66: 1.804836
  X67: 1.842677
  X68: 1.824009
  X69: 1.794861
  X70: 1.760873
  X71: 1.822163
  X73: 1.798587
  X74: 1.724130
  X75: 1.753215
  X76: 1.944519
  X77: 1.793588
  X78: 1.856602
  X79: 1.743416
  X80: 1.800412
  X81: 1.787193
  X82: 1.735517
  X83: 1.812602
  X84: 1.808944
  X85: 1.849245
  X86: 1.812156
  X87: 1.850562
  X88: 1.835215
  X89: 1.735467
  X90: 1.795294
  X91: 1.789451
  X92: 1.806888
  X93: 0.000000
  X94: 1.797479
  X95: 1.774412
  X96: 1.837708
  X97: 1.777326
  X98: 1.746117
  X99: 1.725102
  X100: 1.833244
  X101: 1.739214
  X102: 1.756326
  X103: 1.754343
  X104: 1.755356
  X105: 1.803955
  X106: 1.879042
  X107: 0.000000
  X108: 1.815414
  X109: 1.800915
  X110: 1.735466
  X111: 1.864347
  X112: 1.844619
  X113: 1.941023
  X114: 1.728731
  X115: 1.814624
  X116: 1.801911
  X117: 1.717060
  X118: 1.758196
  X119: 1.759317
  X120: 1.833063
  X122: 1.756868
  X123: 1.829287
  X124: 1.832704
  X125: 1.839698
  X126: 1.770084
  X127: 1.792922
  X128: 1.792250
  X129: 1.760443
  X130: 1.899147
  X131: 1.849974
  X132: 1.880480
  X133: 1.774201
  X134: 1.688096
  X135: 1.872136
  X136: 1.729357
  X137: 1.740461
  X138: 1.740307
  X139: 1.827118
  X140: 1.703073
  X141: 1.848778
  X142: 1.796476
  X143: 1.847084
  X144: 1.751011
  X145: 1.757491
  X146: 1.754425
  X147: 1.808641
  X148: 1.767015
  X150: 1.787046
  X151: 1.806200
  X152: 1.708091
  X153: 1.851243
  X154: 1.757951
  X155: 1.750856
  X156: 1.891222
  X157: 1.661741
  X158: 1.779002
  X159: 1.875832
  X160: 1.889722
  X161: 1.819853
  X162: 1.716160
  X163: 1.770658
  X164: 1.787071
  X165: 1.782861
  X166: 1.806734
  X167: 1.770528
  X168: 1.726252
  X169: 1.792948
  X170: 1.796786
  X171: 1.810704
  X172: 1.840661
  X173: 1.838368
  X174: 1.769096
  X175: 1.912325
  X176: 1.800269
  X177: 1.880322
  X178: 1.807255
  X179: 1.730319
  X180: 1.752474
  X181: 1.818728
  X182: 1.837458
  X183: 1.838509
  X184: 1.848553
  X185: 1.891342
  X186: 1.798872
  X187: 1.817252
  X189: 1.832797
  X190: 1.779522
  X191: 1.766492
  X192: 1.817934
  X194: 1.869433
  X195: 1.814391
  X196: 1.826958
  X197: 1.840278
  X198: 1.838601
  X199: 1.781156
  X200: 1.809141
  X201: 1.804816
  X202: 1.843452
  X203: 1.848393
  X204: 1.762775
  X205: 1.767310
  X206: 1.868623
  X207: 1.768837
  X208: 1.814286
  X209: 1.755971
  X210: 1.808923
  X211: 1.713754
  X212: 1.724640
  X213: 1.801788
  X214: 1.749770
  X215: 1.858639
  X216: 1.766904
  X217: 1.856025
  X218: 1.785183
  X219: 1.688434
  X220: 1.768045
  X221: 1.845615
  X222: 1.838578
  X223: 1.780256
  X224: 1.710468
  X225: 1.809810
  X226: 1.802454
  X227: 1.732481
  X228: 1.701421
  X229: 1.705654
  X230: 1.819818
  X231: 1.701185
  X232: 1.787595
  X233: 0.000000
  X234: 1.795775
  X235: 0.000000
  X236: 1.719805
  X237: 1.735565
  X238: 1.788836
  X239: 1.823737
  X240: 1.706821
  X241: 1.843952
  X242: 1.882214
  X243: 1.846695
  X244: 1.831775
  X245: 1.844377
  X246: 1.861900
  X247: 1.789016
  X248: 1.822183
  X249: 1.849248
  X250: 1.754711
  X251: 1.754214
  X252: 1.755874
  X253: 1.618368
  X254: 1.779269
  X255: 1.780687
  X256: 1.830976
  X257: 1.862424
  X258: 1.850015
  X259: 1.790581
  X260: 1.899889
  X261: 1.853069
  X262: 1.780968
  X263: 1.830845
  X264: 1.702699
  X265: 1.783334
  X266: 1.815894
  X267: 1.826601
  X268: 0.000000
  X269: 1.769309
  X270: 1.845421
  X271: 1.804433
  X272: 1.873052
  X273: 1.803747
  X274: 1.799514
  X275: 1.805407
  X276: 1.712354
  X277: 1.830858
  X278: 1.799857
  X279: 1.798731
  X280: 1.852998
  X281: 1.732290
  X282: 1.761995
  X283: 1.759450
  X284: 1.778503
  X285: 1.806398
  X286: 1.743531
  X287: 1.741779
  X288: 1.756737
  X289: 0.000000
  X290: 0.000000
  X291: 1.870340
  X292: 1.785585
  X293: 0.000000
  X294: 1.794816
  X295: 1.834029
  X296: 1.801780
  X297: 0.000000
  X298: 1.750072
  X299: 1.861187
  X300: 1.755449
  X301: 1.849268
  X302: 1.758976
  X304: 1.895166
  X305: 1.916629
  X306: 1.760823
  X307: 1.839046
  X308: 1.755034
  X309: 1.824882
  X310: 1.829029
  X311: 1.882000
  X312: 1.775979
  X313: 1.680815
  X314: 1.661309
  X315: 1.811142
  X316: 1.739972
  X317: 1.755790
  X318: 1.889874
  X319: 1.852931
  X320: 1.803767
  X321: 1.756453
  X322: 1.832170
  X323: 1.785464
  X324: 1.753424
  X325: 1.763714
  X326: 1.785771
  X327: 1.817540
  X328: 1.826716
  X329: 1.747771
  X330: 0.000000
  X331: 1.763661
  X332: 1.758101
  X333: 1.813627
  X334: 1.732267
  X335: 1.812888
  X336: 1.840866
  X337: 1.818944
  X338: 1.760604
  X339: 1.811792
  X340: 1.806133
  X341: 1.774662
  X342: 1.816103
  X343: 1.748992
  X344: 1.856337
  X345: 1.845835
  X346: 1.837717
  X347: 0.000000
  X348: 1.792991
  X349: 1.732856
  X350: 1.739587
  X351: 1.718819
  X352: 1.735151
  X353: 1.845584
  X354: 1.786556
  X355: 1.771617
  X356: 1.720092
  X357: 1.813734
  X358: 1.774695
  X359: 1.801930
  X360: 1.804733
  X361: 1.815308
  X362: 1.705660
  X363: 1.756393
  X364: 1.819507
  X365: 1.816870
  X366: 1.746065
  X367: 1.796745
  X368: 1.785838
  X369: 1.821961
  X370: 1.866157
  X371: 1.823754
  X372: 1.752780
  X373: 1.811408
  X374: 1.835107
  X375: 1.729696
  X376: 1.917397
  X377: 1.744646
  X378: 1.844249
  X379: 1.779750
  X380: 1.825429
  X382: 1.778579
  X383: 1.762120
  X384: 1.773772
  X385: 1.840437
  y: 0.000000
列级平均F1 (类别列, weighted): 0.999146
  X0: 0.999291
  X1: 0.998370
  X2: 0.999294
  X3: 0.999051
  X4: 1.000000
  X5: 0.999057
  X6: 0.999289
  X8: 0.998813
========================================

[2/5] 下游任务性能 (regression)
--------------------------------------------------
RF - MSE: 77.3158, R2: 0.5033, MAE: 5.8420, RMSE: 8.7929
LR - MSE: 105.5278, R2: 0.3220, MAE: 7.6530, RMSE: 10.2727
RIDGE - MSE: 105.2885, R2: 0.3236, MAE: 7.6419, RMSE: 10.26102026-01-29 20:23:24.600890: W tensorflow/compiler/xla/stream_executor/platform/default/dso_loader.cc:64] Could not load dynamic library 'libnvinfer.so.7'; dlerror: libnvinfer.so.7: cannot open shared object file: No such file or directory
2026-01-29 20:23:24.600950: W tensorflow/compiler/xla/stream_executor/platform/default/dso_loader.cc:64] Could not load dynamic library 'libnvinfer_plugin.so.7'; dlerror: libnvinfer_plugin.so.7: cannot open shared object file: No such file or directory
2026-01-29 20:23:24.600959: W tensorflow/compiler/tf2tensorrt/utils/py_utils.cc:38] TF-TRT Warning: Cannot dlopen some TensorRT libraries. If you would like to use Nvidia GPU with TensorRT, please make sure the missing libraries mentioned above are installed properly.
sys:1: DtypeWarning: Columns (9,10,11,13,14,15,16,17,18,19,20,21,22,23,24,25,27,28,29,30,32,33,34,35,36,37,39,40,42,43,44,45,46,47,48,49,51,53,54,55,56,57,58,59,60,61,62,63,64,65,66,67,68,69,70,71,72,73,75,76,77,79,80,81,82,83,84,85,86,87,88,89,90,91,92,93,94,95,96,97,98,99,100,101,102,103,105,106,107,108,109,110,111,112,113,114,115,117,118,119,120,121,122,123,124,125,126,128,129,130,131,132,133,134,135,136,137,140,141,142,143,144,145,146,147,148,150,151,152,153,154,155,156,157,158,159,160,161,163,164,165,166,167,168,169,170,171,172,173,175,176,177,178,179,180,181,182,183,184,185,186,187,188,189,191,192,193,194,195,196,197,198,199,200,201,202,203,204,205,207,208,209,210,211,212,213,214,215,216,217,218,219,220,221,222,223,224,225,226,227,228,229,230,231,232,233,235,236,237,239,240,241,242,243,244,245,246,247,248,249,251,252,253,254,255,256,257,258,260,261,262,263,264,266,267,268,269,270,271,272,273,274,275,276,277,278,279,280,281,282,283,284,285,287,288,289,290,291,292,293,294,295,296,297,298,300,301,302,303,304,305,306,307,308,309,310,311,312,313,314,315,316,317,318,319,320,321,322,323,324,325,326,327,329,330,331,332,333,334,335,337,338,339,340,341,342,344,345,346,347,348,349,350,351,352,353,354,355,356,357,358,359,360,361,362,364,365,366,369,370,371,372,373,375,376) have mixed types.Specify dtype option on import or set low_memory=False.
[1;34m[20:23:25][0m[1;33m WARNING Snoopy may use all CPU cores! Set env. variable 'SNOOPY_LIMIT_CPU' to 'y' to limit CPU usage. [0m[1;34m(__init__ -> _init_tf_pytorch on MainThread)[0m
2026-01-29 20:23:25.194213: E tensorflow/compiler/xla/stream_executor/cuda/cuda_driver.cc:267] failed call to cuInit: CUDA_ERROR_NO_DEVICE: no CUDA-capable device is detected
2026-01-29 21:09:11,698 - INFO - 结果已保存到: results/mlimputer/mercedes_mlimputer_vzekai
2026-01-29 21:09:11,698 - INFO - 日志文件: results/mlimputer/mercedes_mlimputer_vzekai/mercedes_mlimputer_vzekai.log
2026-01-29 21:09:11,698 - INFO - ============================================================

LASSO - MSE: 110.1344, R2: 0.2924, MAE: 8.1394, RMSE: 10.4945
KNN - MSE: 121.0891, R2: 0.2220, MAE: 8.3616, RMSE: 11.0040
GB - MSE: 77.0407, R2: 0.5050, MAE: 6.0022, RMSE: 8.7773

[3/5] 模型容忍度
--------------------------------------------------

容忍度计算结果:
  P_do_nothing (脏数据性能): -70.1801
  P_demand_clean (清洗后性能): -74.6163
  P_repair_all (完全修复性能): -79.0839
  先验容忍度 (Tolerance_prior): 1.0632
  后验容忍度 (Tolerance_post): 0.4982

[4/5] Snoopy上界评估
--------------------------------------------------
Snoopy模块可用，正在评估数据质量上界...
  脏数据上界: 82.4356
  清洗后上界: 83.8914
  干净数据上界: 82.6160
  上界提升比例: 8.0696

[5/5] 真值使用成本
--------------------------------------------------
  方法类型: Type 1 (全自动)
  实际真值使用: 0
  理想最小成本: 7
  总修改单元格: 1679
  正确修复: 7
  错误修复: 1672

======================================================================
测评完成，结果已保存到: results/mlimputer/mercedes_mlimputer_vzekai/mercedes_mlimputer_vzekai_report.txt
======================================================================
