2026-01-29 21:09:13,050 - INFO - ============================================================
2026-01-29 21:09:13,050 - INFO - MLImputer 数据清洗 (mice)
2026-01-29 21:09:13,050 - INFO - ============================================================
2026-01-29 21:09:13,050 - INFO - 脏数据: Data/nasa/dirty_index.csv
2026-01-29 21:09:13,050 - INFO - 干净数据: Data/nasa/clean_index.csv
2026-01-29 21:09:13,050 - INFO - 任务名称: nasa_mlimputer_vzekai
2026-01-29 21:09:13,050 - INFO - 插补方法: mice
2026-01-29 21:09:13,050 - INFO - ------------------------------------------------------------
2026-01-29 21:09:13,130 - INFO - 修复后数据已保存: results/mlimputer/nasa_mlimputer_vzekai/nasa_mlimputer_vzekai_cleaned.csv
2026-01-29 21:09:13,130 - INFO - ------------------------------------------------------------
2026-01-29 21:09:13,130 - INFO - 执行时间: 0.08 秒
2026-01-29 21:09:13,130 - INFO - 执行状态: 成功
2026-01-29 21:09:13,130 - INFO - 填充单元格数: 30
2026-01-29 21:09:13,130 - INFO - 真值使用成本: 0 (全自动)
2026-01-29 21:09:13,130 - INFO - 
2026-01-29 21:09:13,130 - INFO - ============================================================
2026-01-29 21:09:13,130 - INFO - 调用统一测评模块 getScoreML
2026-01-29 21:09:13,130 - INFO - ============================================================
2026-01-29 21:09:17.786556: W tensorflow/compiler/xla/stream_executor/platform/default/dso_loader.cc:64] Could not load dynamic library 'libnvinfer.so.7'; dlerror: libnvinfer.so.7: cannot open shared object file: No such file or directory
2026-01-29 21:09:17.786618: W tensorflow/compiler/xla/stream_executor/platform/default/dso_loader.cc:64] Could not load dynamic library 'libnvinfer_plugin.so.7'; dlerror: libnvinfer_plugin.so.7: cannot open shared object file: No such file or directory
2026-01-29 21:09:17.786624: W tensorflow/compiler/tf2tensorrt/utils/py_utils.cc:38] TF-TRT Warning: Cannot dlopen some TensorRT libraries. If you would like to use Nvidia GPU with TensorRT, please make sure the missing libraries mentioned above are installed properly.
[1;34m[21:09:18][0m[1;33m WARNING Snoopy may use all CPU cores! Set env. variable 'SNOOPY_LIMIT_CPU' to 'y' to limit CPU usage. [0m[1;34m(__init__ -> _init_tf_pytorch on MainThread)[0m
2026-01-29 21:09:18.357187: E tensorflow/compiler/xla/stream_executor/cuda/cuda_driver.cc:267] failed call to cuInit: CUDA_ERROR_NO_DEVICE: no CUDA-capable device is detected
2026-01-29 21:09:28,408 - INFO - 结果已保存到: results/mlimputer/nasa_mlimputer_vzekai
2026-01-29 21:09:28,408 - INFO - 日志文件: results/mlimputer/nasa_mlimputer_vzekai/nasa_mlimputer_vzekai.log
2026-01-29 21:09:28,408 - INFO - ============================================================
[IterativeImputer] Completing matrix with shape (1503, 7)
[IterativeImputer] Ending imputation round 1/10, elapsed time 0.01
[IterativeImputer] Change: 7.33324184207148, scaled tolerance: 1.5030000000000001 
[IterativeImputer] Ending imputation round 2/10, elapsed time 0.02
[IterativeImputer] Change: 0.00017883810085805862, scaled tolerance: 1.5030000000000001 
[IterativeImputer] Early stopping criterion reached.
======================================================================
Clean4MLBaseline 统一测评 - nasa_mlimputer_vzekai
======================================================================

[1/5] 传统清洗指标
--------------------------------------------------
调试文件已保存到: results/mlimputer/nasa_mlimputer_vzekai/debug
修复准确率: 0.0, 修复召回率: 0.0, F1值: 0.0
========================================
错误减少率 (EDR): 0.0
========================================
混合距离 (Hybrid Distance): 0.283638950970263
========================================
基于条目的错误减少率 (R-EDR): 0.0
========================================
numeric: Index(['frequency', 'angle', 'chord_length', 'velocity', 'thickness',
       'sound_pressure_level'],
      dtype='object')
categorical: (none)
列级平均RMSE (数值列, 归一化): 103303686535.009689
  frequency: 12791.453439
  angle: 514.759205
  chord_length: 15262836.742180
  velocity: 2012.756015
  thickness: 619806841054.347290
  sound_pressure_level: 0.000000
列级平均F1: N/A (无类别列)
========================================

[2/5] 下游任务性能 (regression)
--------------------------------------------------
RF - MSE: 29.9099, R2: 0.4030, MAE: 4.0617, RMSE: 5.4690
LR - MSE: 46.1925, R2: 0.0780, MAE: 5.5575, RMSE: 6.7965
RIDGE - MSE: 46.1940, R2: 0.0779, MAE: 5.5576, RMSE: 6.7966
LASSO - MSE: 49.2217, R2: 0.0175, MAE: 5.7417, RMSE: 7.0158
KNN - MSE: 47.1155, R2: 0.0595, MAE: 5.5288, RMSE: 6.8641
GB - MSE: 30.5933, R2: 0.3893, MAE: 4.3590, RMSE: 5.5311

[3/5] 模型容忍度
--------------------------------------------------

容忍度计算结果:
  P_do_nothing (脏数据性能): -64.5243
  P_demand_clean (清洗后性能): -65.9354
  P_repair_all (完全修复性能): -3.3429
  先验容忍度 (Tolerance_prior): 1.0219
  后验容忍度 (Tolerance_post): -0.0231

[4/5] Snoopy上界评估
--------------------------------------------------
Snoopy模块可用，正在评估数据质量上界...
  脏数据上界: 33.0118
  清洗后上界: 33.1418
  干净数据上界: 13.0157
  上界提升比例: -0.0065

[5/5] 真值使用成本
--------------------------------------------------
  方法类型: Type 1 (全自动)
  实际真值使用: 0
  理想最小成本: 0
  总修改单元格: 30
  正确修复: 0
  错误修复: 30

======================================================================
测评完成，结果已保存到: results/mlimputer/nasa_mlimputer_vzekai/nasa_mlimputer_vzekai_report.txt
======================================================================
