2026-01-29 21:09:29,654 - INFO - ============================================================
2026-01-29 21:09:29,654 - INFO - MLImputer 数据清洗 (mice)
2026-01-29 21:09:29,654 - INFO - ============================================================
2026-01-29 21:09:29,654 - INFO - 脏数据: Data/smartfactory/dirty_index.csv
2026-01-29 21:09:29,654 - INFO - 干净数据: Data/smartfactory/clean_index.csv
2026-01-29 21:09:29,654 - INFO - 任务名称: smartfactory_mlimputer_vzekai
2026-01-29 21:09:29,654 - INFO - 插补方法: mice
2026-01-29 21:09:29,654 - INFO - ------------------------------------------------------------
2026-01-29 21:09:33,993 - INFO - 修复后数据已保存: results/mlimputer/smartfactory_mlimputer_vzekai/smartfactory_mlimputer_vzekai_cleaned.csv
2026-01-29 21:09:33,993 - INFO - ------------------------------------------------------------
2026-01-29 21:09:33,993 - INFO - 执行时间: 4.34 秒
2026-01-29 21:09:33,993 - INFO - 执行状态: 成功
2026-01-29 21:09:33,993 - INFO - 填充单元格数: 7093
2026-01-29 21:09:33,993 - INFO - 真值使用成本: 0 (全自动)
2026-01-29 21:09:33,993 - INFO - 
2026-01-29 21:09:33,993 - INFO - ============================================================
2026-01-29 21:09:33,993 - INFO - 调用统一测评模块 getScoreML
2026-01-29 21:09:33,993 - INFO - ============================================================
2026-01-29 21:10:33.559500: W tensorflow/compiler/xla/stream_executor/platform/default/dso_loader.cc:64] Could not load dynamic library 'libnvinfer.so.7'; dlerror: libnvinfer.so.7: cannot open shared object file: No such file or directory
2026-01-29 21:10:33.559562: W tensorflow/compiler/xla/stream_executor/platform/default/dso_loader.cc:64] Could not load dynamic library 'libnvinfer_plugin.so.7'; dlerror: libnvinfer_plugin.so.7: cannot open shared object file: No such file or directory
2026-01-29 21:10:33.559568: W tensorflow/compiler/tf2tensorrt/utils/py_utils.cc:38] TF-TRT Warning: Cannot dlopen some TensorRT libraries. If you would like to use Nvidia GPU with TensorRT, please make sure the missing libraries mentioned above are installed properly.
[1;34m[21:10:34][0m[1;33m WARNING Snoopy may use all CPU cores! Set env. variable 'SNOOPY_LIMIT_CPU' to 'y' to limit CPU usage. [0m[1;34m(__init__ -> _init_tf_pytorch on MainThread)[0m
2026-01-29 21:10:34.129886: E tensorflow/compiler/xla/stream_executor/cuda/cuda_driver.cc:267] failed call to cuInit: CUDA_ERROR_NO_DEVICE: no CUDA-capable device is detected
2026-01-29 21:14:54,683 - INFO - 结果已保存到: results/mlimputer/smartfactory_mlimputer_vzekai
2026-01-29 21:14:54,684 - INFO - 日志文件: results/mlimputer/smartfactory_mlimputer_vzekai/smartfactory_mlimputer_vzekai.log
2026-01-29 21:14:54,684 - INFO - ============================================================
[IterativeImputer] Completing matrix with shape (23645, 20)
[IterativeImputer] Ending imputation round 1/10, elapsed time 1.33
[IterativeImputer] Change: 654.8555623443299, scaled tolerance: 23.645 
[IterativeImputer] Ending imputation round 2/10, elapsed time 2.30
[IterativeImputer] Change: 99.55543404436628, scaled tolerance: 23.645 
[IterativeImputer] Ending imputation round 3/10, elapsed time 3.29
[IterativeImputer] Change: 1.9195397319216454, scaled tolerance: 23.645 
[IterativeImputer] Early stopping criterion reached.
======================================================================
Clean4MLBaseline 统一测评 - smartfactory_mlimputer_vzekai
======================================================================

[1/5] 传统清洗指标
--------------------------------------------------
调试文件已保存到: results/mlimputer/smartfactory_mlimputer_vzekai/debug
修复准确率: 0.06372479909770196, 修复召回率: 0.06372479909770196, F1值: 0.06372479904770195
========================================
错误减少率 (EDR): 0.06372479909770196
========================================
混合距离 (Hybrid Distance): 147860.59066638406
========================================
基于条目的错误减少率 (R-EDR): 0.06372479909770196
========================================
numeric: Index(['i_w_blo_weg', 'o_w_blo_power', 'o_w_blo_voltage', 'i_w_bhl_weg',
       'o_w_bhl_power', 'o_w_bhl_voltage', 'i_w_bhr_weg', 'o_w_bhr_power',
       'o_w_bhr_voltage', 'i_w_bru_weg', 'o_w_bru_power', 'o_w_bru_voltage',
       'i_w_hr_weg', 'o_w_hr_power', 'o_w_hr_voltage', 'i_w_hl_weg',
       'o_w_hl_power', 'o_w_hl_voltage', 'labels'],
      dtype='object')
categorical: (none)
列级平均RMSE (数值列, 归一化): 0.173825
  i_w_blo_weg: 0.217982
  o_w_blo_power: 0.137075
  o_w_blo_voltage: 0.424205
  i_w_bhl_weg: 0.107303
  o_w_bhl_power: 0.204963
  o_w_bhl_voltage: 0.099971
  i_w_bhr_weg: 0.087192
  o_w_bhr_power: 0.153912
  o_w_bhr_voltage: 0.100116
  i_w_bru_weg: 0.140581
  o_w_bru_power: 0.198030
  o_w_bru_voltage: 0.092102
  i_w_hr_weg: 0.130845
  o_w_hr_power: 0.244865
  o_w_hr_voltage: 0.306319
  i_w_hl_weg: 0.119410
  o_w_hl_power: 0.228640
  o_w_hl_voltage: 0.309158
  labels: 0.000000
列级平均F1: N/A (无类别列)
========================================

[2/5] 下游任务性能 (classification)
--------------------------------------------------
RF - Accuracy: 0.9698, F1: 0.9695, Precision: 0.9696, Recall: 0.9698
LR - Accuracy: 0.7697, F1: 0.6770, Precision: 0.6898, Recall: 0.7697
SVM - Accuracy: 0.7790, F1: 0.6911, Precision: 0.8083, Recall: 0.7790
KNN - Accuracy: 0.8158, F1: 0.8078, Precision: 0.8045, Recall: 0.8158
DT - Accuracy: 0.9440, F1: 0.9442, Precision: 0.9444, Recall: 0.9440
GB - Accuracy: 0.8044, F1: 0.7483, Precision: 0.8196, Recall: 0.8044

[3/5] 模型容忍度
--------------------------------------------------

容忍度计算结果:
  P_do_nothing (脏数据性能): 0.7484
  P_demand_clean (清洗后性能): 0.7657
  P_repair_all (完全修复性能): 0.9816
  先验容忍度 (Tolerance_prior): 1.0232
  后验容忍度 (Tolerance_post): 0.0743

[4/5] Snoopy上界评估
--------------------------------------------------
Snoopy模块可用，正在评估数据质量上界...
  脏数据上界: 0.7223
  清洗后上界: 0.7091
  干净数据上界: 0.7010
  上界提升比例: 0.6203

[5/5] 真值使用成本
--------------------------------------------------
  方法类型: Type 1 (全自动)
  实际真值使用: 0
  理想最小成本: 0
  总修改单元格: 30738
  正确修复: 0
  错误修复: 30738

======================================================================
测评完成，结果已保存到: results/mlimputer/smartfactory_mlimputer_vzekai/smartfactory_mlimputer_vzekai_report.txt
======================================================================
