2026-01-29 21:14:56,028 - INFO - ============================================================
2026-01-29 21:14:56,028 - INFO - MLImputer 数据清洗 (mice)
2026-01-29 21:14:56,028 - INFO - ============================================================
2026-01-29 21:14:56,028 - INFO - 脏数据: Data/soilmoisture/dirty_index.csv
2026-01-29 21:14:56,028 - INFO - 干净数据: Data/soilmoisture/clean_index.csv
2026-01-29 21:14:56,028 - INFO - 任务名称: soilmoisture_mlimputer_vzekai
2026-01-29 21:14:56,028 - INFO - 插补方法: mice
2026-01-29 21:14:56,028 - INFO - ------------------------------------------------------------
2026-01-29 21:15:13,794 - INFO - 修复后数据已保存: results/mlimputer/soilmoisture_mlimputer_vzekai/soilmoisture_mlimputer_vzekai_cleaned.csv
2026-01-29 21:15:13,794 - INFO - ------------------------------------------------------------
2026-01-29 21:15:13,794 - INFO - 执行时间: 17.77 秒
2026-01-29 21:15:13,795 - INFO - 执行状态: 成功
2026-01-29 21:15:13,795 - INFO - 填充单元格数: 200
2026-01-29 21:15:13,795 - INFO - 真值使用成本: 0 (全自动)
2026-01-29 21:15:13,795 - INFO - 
2026-01-29 21:15:13,795 - INFO - ============================================================
2026-01-29 21:15:13,795 - INFO - 调用统一测评模块 getScoreML
2026-01-29 21:15:13,795 - INFO - ============================================================
2026-01-29 21:15:31.141802: W tensorflow/compiler/xla/stream_executor/platform/default/dso_loader.cc:64] Could not load dynamic library 'libnvinfer.so.7'; dlerror: libnvinfer.so.7: cannot open shared object file: No such file or directory
2026-01-29 21:15:31.141865: W tensorflow/compiler/xla/stream_executor/platform/default/dso_loader.cc:64] Could not load dynamic library 'libnvinfer_plugin.so.7'; dlerror: libnvinfer_plugin.so.7: cannot open shared object file: No such file or directory
2026-01-29 21:15:31.141872: W tensorflow/compiler/tf2tensorrt/utils/py_utils.cc:38] TF-TRT Warning: Cannot dlopen some TensorRT libraries. If you would like to use Nvidia GPU with TensorRT, please make sure the missing libraries mentioned above are installed properly.
[1;34m[21:15:31][0m[1;33m WARNING Snoopy may use all CPU cores! Set env. variable 'SNOOPY_LIMIT_CPU' to 'y' to limit CPU usage. [0m[1;34m(__init__ -> _init_tf_pytorch on MainThread)[0m
2026-01-29 21:15:31.695100: E tensorflow/compiler/xla/stream_executor/cuda/cuda_driver.cc:267] failed call to cuInit: CUDA_ERROR_NO_DEVICE: no CUDA-capable device is detected
2026-01-29 21:17:05,490 - INFO - 结果已保存到: results/mlimputer/soilmoisture_mlimputer_vzekai
2026-01-29 21:17:05,490 - INFO - 日志文件: results/mlimputer/soilmoisture_mlimputer_vzekai/soilmoisture_mlimputer_vzekai.log
2026-01-29 21:17:05,490 - INFO - ============================================================
[IterativeImputer] Completing matrix with shape (679, 129)
[IterativeImputer] Ending imputation round 1/10, elapsed time 4.49
[IterativeImputer] Change: 268.93576773612017, scaled tolerance: 0.679 
[IterativeImputer] Ending imputation round 2/10, elapsed time 12.40
[IterativeImputer] Change: 3.8390417363297615, scaled tolerance: 0.679 
[IterativeImputer] Ending imputation round 3/10, elapsed time 16.73
[IterativeImputer] Change: 0.009667563546656766, scaled tolerance: 0.679 
[IterativeImputer] Early stopping criterion reached.
======================================================================
Clean4MLBaseline 统一测评 - soilmoisture_mlimputer_vzekai
======================================================================

[1/5] 传统清洗指标
--------------------------------------------------
调试文件已保存到: results/mlimputer/soilmoisture_mlimputer_vzekai/debug
修复准确率: 0.0, 修复召回率: 0.0, F1值: 0.0
========================================
错误减少率 (EDR): 0.0
========================================
混合距离 (Hybrid Distance): 0.6515709684785435
========================================
基于条目的错误减少率 (R-EDR): 0.0
========================================
numeric: Index(['datetime', 'soil_temperature', '454', '458', '462', '466', '470',
       '474', '478', '482',
       ...
       '918', '922', '926', '930', '934', '938', '942', '946', '950',
       'soil_moisture'],
      dtype='object', length=128)
categorical: (none)
列级平均RMSE (数值列, 归一化): 2.153309
  datetime: 2.216154
  soil_temperature: 2.242505
  454: 2.393852
  458: 2.151792
  462: 2.133499
  466: 2.518915
  470: 2.262406
  474: 2.245630
  478: 2.079157
  482: 2.102719
  486: 2.352704
  490: 2.221561
  494: 2.006658
  498: 2.115936
  502: 2.201525
  506: 2.359721
  510: 2.247141
  514: 2.183693
  518: 2.359167
  522: 2.384198
  526: 2.010066
  530: 1.967365
  534: 2.055441
  538: 2.230292
  542: 2.070171
  546: 2.241563
  550: 2.108881
  554: 2.327797
  558: 2.211925
  562: 2.232516
  566: 2.193497
  570: 2.217173
  574: 2.108799
  578: 1.973981
  582: 2.034448
  586: 2.131197
  590: 2.310535
  594: 2.160910
  598: 2.118442
  602: 2.376225
  606: 2.329731
  610: 2.232442
  614: 2.191879
  618: 2.181338
  622: 2.223539
  626: 2.351795
  630: 2.168273
  634: 2.066190
  638: 1.952477
  642: 2.361388
  646: 2.212416
  650: 2.190736
  654: 2.138639
  658: 2.337562
  662: 2.007818
  666: 2.214966
  670: 2.237527
  674: 1.846022
  678: 1.971906
  682: 1.915489
  686: 2.271454
  690: 2.201635
  694: 2.363635
  698: 2.180905
  702: 2.214251
  706: 2.204323
  710: 2.117358
  714: 2.020988
  718: 2.041217
  722: 2.159293
  726: 2.140974
  730: 2.222281
  734: 2.240759
  738: 2.336402
  742: 2.376689
  746: 1.956797
  750: 1.976396
  754: 2.104229
  758: 2.195725
  762: 2.159772
  766: 2.326323
  770: 2.132939
  774: 2.083104
  778: 2.014730
  782: 2.244782
  786: 2.079727
  790: 2.173844
  794: 2.368967
  798: 2.262131
  802: 2.050784
  806: 2.073751
  810: 2.132310
  814: 2.156141
  818: 2.311980
  822: 2.129253
  826: 2.161783
  830: 1.917090
  834: 2.164470
  838: 2.263340
  842: 2.123680
  846: 2.224679
  850: 2.141743
  854: 2.237892
  858: 2.120190
  862: 2.215259
  866: 2.231767
  870: 2.086701
  874: 2.345684
  878: 2.105591
  882: 2.311855
  886: 2.107925
  890: 2.330151
  894: 2.139453
  898: 2.184277
  902: 1.924444
  906: 2.119588
  910: 2.169061
  914: 2.008779
  918: 2.197173
  922: 1.873495
  926: 2.201550
  930: 1.910079
  934: 2.077987
  938: 2.303686
  942: 2.117292
  946: 2.214496
  950: 2.074193
  soil_moisture: 0.000000
列级平均F1: N/A (无类别列)
========================================

[2/5] 下游任务性能 (regression)
--------------------------------------------------
RF - MSE: 2.7519, R2: 0.8079, MAE: 1.1748, RMSE: 1.6589
LR - MSE: 8.4936, R2: 0.4070, MAE: 2.2641, RMSE: 2.9144
RIDGE - MSE: 8.4810, R2: 0.4079, MAE: 2.2629, RMSE: 2.9122
LASSO - MSE: 11.3228, R2: 0.2094, MAE: 2.7281, RMSE: 3.3649
KNN - MSE: 6.8951, R2: 0.5186, MAE: 1.9224, RMSE: 2.6259
GB - MSE: 3.0010, R2: 0.7905, MAE: 1.1857, RMSE: 1.7323

[3/5] 模型容忍度
--------------------------------------------------

容忍度计算结果:
  P_do_nothing (脏数据性能): -4.8276
  P_demand_clean (清洗后性能): -3.2166
  P_repair_all (完全修复性能): -0.8688
  先验容忍度 (Tolerance_prior): 0.6663
  后验容忍度 (Tolerance_post): 0.4069

[4/5] Snoopy上界评估
--------------------------------------------------
Snoopy模块可用，正在评估数据质量上界...
  脏数据上界: 5.0025
  清洗后上界: 5.0166
  干净数据上界: 8.7752
  上界提升比例: 0.0038

[5/5] 真值使用成本
--------------------------------------------------
  方法类型: Type 1 (全自动)
  实际真值使用: 0
  理想最小成本: 0
  总修改单元格: 200
  正确修复: 0
  错误修复: 200

======================================================================
测评完成，结果已保存到: results/mlimputer/soilmoisture_mlimputer_vzekai/soilmoisture_mlimputer_vzekai_report.txt
======================================================================
