2026-01-29 21:09:13,050 - INFO - ============================================================
2026-01-29 21:09:13,050 - INFO - MLImputer 数据清洗 (mice)
2026-01-29 21:09:13,050 - INFO - ============================================================
2026-01-29 21:09:13,050 - INFO - 脏数据: Data/nasa/dirty_index.csv
2026-01-29 21:09:13,050 - INFO - 干净数据: Data/nasa/clean_index.csv
2026-01-29 21:09:13,050 - INFO - 任务名称: nasa_mlimputer_vzekai
2026-01-29 21:09:13,050 - INFO - 插补方法: mice
2026-01-29 21:09:13,050 - INFO - ------------------------------------------------------------
2026-01-29 21:09:13,130 - INFO - 修复后数据已保存: results/mlimputer/nasa_mlimputer_vzekai/nasa_mlimputer_vzekai_cleaned.csv
2026-01-29 21:09:13,130 - INFO - ------------------------------------------------------------
2026-01-29 21:09:13,130 - INFO - 执行时间: 0.08 秒
2026-01-29 21:09:13,130 - INFO - 执行状态: 成功
2026-01-29 21:09:13,130 - INFO - 填充单元格数: 30
2026-01-29 21:09:13,130 - INFO - 真值使用成本: 0 (全自动)
2026-01-29 21:09:13,130 - INFO - 
2026-01-29 21:09:13,130 - INFO - ============================================================
2026-01-29 21:09:13,130 - INFO - 调用统一测评模块 getScoreML
2026-01-29 21:09:13,130 - INFO - ============================================================
2026-01-29 21:09:28,408 - INFO - 结果已保存到: results/mlimputer/nasa_mlimputer_vzekai
2026-01-29 21:09:28,408 - INFO - 日志文件: results/mlimputer/nasa_mlimputer_vzekai/nasa_mlimputer_vzekai.log
2026-01-29 21:09:28,408 - INFO - ============================================================
