2026-01-29 19:38:42,485 - INFO - ============================================================
2026-01-29 19:38:42,485 - INFO - RepairAll Baseline (完美修复)
2026-01-29 19:38:42,485 - INFO - ============================================================
2026-01-29 19:38:42,485 - INFO - 脏数据: Data/adult/dirty_index.csv
2026-01-29 19:38:42,485 - INFO - 干净数据: Data/adult/clean_index.csv
2026-01-29 19:38:42,485 - INFO - 任务名称: adult_repairall_vzekai
2026-01-29 19:38:42,485 - INFO - ------------------------------------------------------------
2026-01-29 19:38:53,526 - INFO - 输出数据已保存: results/repairall/adult_repairall_vzekai/adult_repairall_vzekai_cleaned.csv
2026-01-29 19:38:53,526 - INFO - 原始行数: 45222
2026-01-29 19:38:53,526 - INFO - 修复单元格数: 1701
2026-01-29 19:38:53,526 - INFO - ------------------------------------------------------------
2026-01-29 19:38:53,526 - INFO - 执行时间: 11.04 秒
2026-01-29 19:38:53,526 - INFO - 执行状态: 成功
2026-01-29 19:38:53,527 - INFO - 真值使用成本: 1701
2026-01-29 19:38:53,527 - INFO - 
2026-01-29 19:38:53,527 - INFO - ============================================================
2026-01-29 19:38:53,527 - INFO - 调用统一测评模块 getScoreML
2026-01-29 19:38:53,527 - INFO - ============================================================
2026-01-29 19:51:06,673 - INFO - 结果已保存到: results/repairall/adult_repairall_vzekai
2026-01-29 19:51:06,673 - INFO - 日志文件: results/repairall/adult_repairall_vzekai/adult_repairall_vzekai.log
2026-01-29 19:51:06,673 - INFO - ============================================================
