2026-01-29 19:50:42,289 - INFO - ============================================================
2026-01-29 19:50:42,290 - INFO - SimpleImputer 数据清洗 (mean)
2026-01-29 19:50:42,290 - INFO - ============================================================
2026-01-29 19:50:42,290 - INFO - 脏数据: Data/beers/dirty_index.csv
2026-01-29 19:50:42,290 - INFO - 干净数据: Data/beers/clean_index.csv
2026-01-29 19:50:42,290 - INFO - 任务名称: beers_simpleimputer_vzekai
2026-01-29 19:50:42,290 - INFO - 填充策略: mean
2026-01-29 19:50:42,290 - INFO - ------------------------------------------------------------
2026-01-29 19:50:42,387 - INFO - 修复后数据已保存: results/simpleimputer/beers_simpleimputer_vzekai/beers_simpleimputer_vzekai_cleaned.csv
2026-01-29 19:50:42,387 - INFO - ------------------------------------------------------------
2026-01-29 19:50:42,387 - INFO - 执行时间: 0.10 秒
2026-01-29 19:50:42,387 - INFO - 执行状态: 成功
2026-01-29 19:50:42,387 - INFO - 填充单元格数: 1200
2026-01-29 19:50:42,388 - INFO - 真值使用成本: 0 (全自动)
2026-01-29 19:50:42,388 - INFO - 
2026-01-29 19:50:42,388 - INFO - ============================================================
2026-01-29 19:50:42,388 - INFO - 调用统一测评模块 getScoreML
2026-01-29 19:50:42,388 - INFO - ============================================================
2026-01-29 19:52:02,740 - INFO - 结果已保存到: results/simpleimputer/beers_simpleimputer_vzekai
2026-01-29 19:52:02,740 - INFO - 日志文件: results/simpleimputer/beers_simpleimputer_vzekai/beers_simpleimputer_vzekai.log
2026-01-29 19:52:02,740 - INFO - ============================================================
