2026-01-29 18:42:17,188 - INFO - ============================================================
2026-01-29 18:42:17,188 - INFO - SimpleImputer 数据清洗 (mean)
2026-01-29 18:42:17,189 - INFO - ============================================================
2026-01-29 18:42:17,189 - INFO - 脏数据: Data/beers/dirty_index.csv
2026-01-29 18:42:17,189 - INFO - 干净数据: Data/beers/clean_index.csv
2026-01-29 18:42:17,189 - INFO - 任务名称: beers_simpleimputer
2026-01-29 18:42:17,189 - INFO - 填充策略: mean
2026-01-29 18:42:17,189 - INFO - ------------------------------------------------------------
2026-01-29 18:42:17,287 - INFO - 修复后数据已保存: results/simpleimputer/beers_simpleimputer/beers_simpleimputer_cleaned.csv
2026-01-29 18:42:17,287 - INFO - ------------------------------------------------------------
2026-01-29 18:42:17,288 - INFO - 执行时间: 0.10 秒
2026-01-29 18:42:17,288 - INFO - 执行状态: 成功
2026-01-29 18:42:17,288 - INFO - 填充单元格数: 1200
2026-01-29 18:42:17,288 - INFO - 真值使用成本: 0 (全自动)
2026-01-29 18:42:17,288 - INFO - 
2026-01-29 18:42:17,288 - INFO - ============================================================
2026-01-29 18:42:17,288 - INFO - 调用统一测评模块 getScoreML
2026-01-29 18:42:17,288 - INFO - ============================================================
2026-01-29 18:43:05.670549: W tensorflow/compiler/xla/stream_executor/platform/default/dso_loader.cc:64] Could not load dynamic library 'libnvinfer.so.7'; dlerror: libnvinfer.so.7: cannot open shared object file: No such file or directory
2026-01-29 18:43:05.670608: W tensorflow/compiler/xla/stream_executor/platform/default/dso_loader.cc:64] Could not load dynamic library 'libnvinfer_plugin.so.7'; dlerror: libnvinfer_plugin.so.7: cannot open shared object file: No such file or directory
2026-01-29 18:43:05.670615: W tensorflow/compiler/tf2tensorrt/utils/py_utils.cc:38] TF-TRT Warning: Cannot dlopen some TensorRT libraries. If you would like to use Nvidia GPU with TensorRT, please make sure the missing libraries mentioned above are installed properly.
/home/qianzekai/miniconda3/envs/multibaseline/lib/python3.7/site-packages/sklearn/metrics/_classification.py:1245: UndefinedMetricWarning: Precision is ill-defined and being set to 0.0 in labels with no predicted samples. Use `zero_division` parameter to control this behavior.
  _warn_prf(average, modifier, msg_start, len(result))
/home/qianzekai/miniconda3/envs/multibaseline/lib/python3.7/site-packages/sklearn/metrics/_classification.py:1245: UndefinedMetricWarning: Recall is ill-defined and being set to 0.0 in labels with no true samples. Use `zero_division` parameter to control this behavior.
  _warn_prf(average, modifier, msg_start, len(result))
/home/qianzekai/miniconda3/envs/multibaseline/lib/python3.7/site-packages/sklearn/metrics/_classification.py:1245: UndefinedMetricWarning: Precision is ill-defined and being set to 0.0 in labels with no predicted samples. Use `zero_division` parameter to control this behavior.
  _warn_prf(average, modifier, msg_start, len(result))
/home/qianzekai/miniconda3/envs/multibaseline/lib/python3.7/site-packages/sklearn/metrics/_classification.py:1245: UndefinedMetricWarning: Recall is ill-defined and being set to 0.0 in labels with no true samples. Use `zero_division` parameter to control this behavior.
  _warn_prf(average, modifier, msg_start, len(result))
/home/qianzekai/miniconda3/envs/multibaseline/lib/python3.7/site-packages/sklearn/metrics/_classification.py:1245: UndefinedMetricWarning: Precision is ill-defined and being set to 0.0 in labels with no predicted samples. Use `zero_division` parameter to control this behavior.
  _warn_prf(average, modifier, msg_start, len(result))
/home/qianzekai/miniconda3/envs/multibaseline/lib/python3.7/site-packages/sklearn/metrics/_classification.py:1245: UndefinedMetricWarning: Precision is ill-defined and being set to 0.0 in labels with no predicted samples. Use `zero_division` parameter to control this behavior.
  _warn_prf(average, modifier, msg_start, len(result))
/home/qianzekai/miniconda3/envs/multibaseline/lib/python3.7/site-packages/sklearn/metrics/_classification.py:1245: UndefinedMetricWarning: Recall is ill-defined and being set to 0.0 in labels with no true samples. Use `zero_division` parameter to control this behavior.
  _warn_prf(average, modifier, msg_start, len(result))
/home/qianzekai/miniconda3/envs/multibaseline/lib/python3.7/site-packages/sklearn/metrics/_classification.py:1245: UndefinedMetricWarning: Precision is ill-defined and being set to 0.0 in labels with no predicted samples. Use `zero_division` parameter to control this behavior.
  _warn_prf(average, modifier, msg_start, len(result))
/home/qianzekai/miniconda3/envs/multibaseline/lib/python3.7/site-packages/sklearn/metrics/_classification.py:1245: UndefinedMetricWarning: Recall is ill-defined and being set to 0.0 in labels with no true samples. Use `zero_division` parameter to control this behavior.
  _warn_prf(average, modifier, msg_start, len(result))
/home/qianzekai/miniconda3/envs/multibaseline/lib/python3.7/site-packages/sklearn/metrics/_classification.py:1245: UndefinedMetricWarning: Precision is ill-defined and being set to 0.0 in labels with no predicted samples. Use `zero_division` parameter to control this behavior.
  _warn_prf(average, modifier, msg_start, len(result))
/home/qianzekai/miniconda3/envs/multibaseline/lib/python3.7/site-packages/sklearn/metrics/_classification.py:1245: UndefinedMetricWarning: Recall is ill-defined and being set to 0.0 in labels with no true samples. Use `zero_division` parameter to control this behavior.
  _warn_prf(average, modifier, msg_start, len(result))
[1;34m[18:43:06][0m[1;33m WARNING Snoopy may use all CPU cores! Set env. variable 'SNOOPY_LIMIT_CPU' to 'y' to limit CPU usage. [0m[1;34m(__init__ -> _init_tf_pytorch on MainThread)[0m
2026-01-29 18:43:06.213585: E tensorflow/compiler/xla/stream_executor/cuda/cuda_driver.cc:267] failed call to cuInit: CUDA_ERROR_NO_DEVICE: no CUDA-capable device is detected
/home/qianzekai/miniconda3/envs/multibaseline/lib/python3.7/site-packages/sklearn/model_selection/_split.py:668: UserWarning: The least populated class in y has only 1 members, which is less than n_splits=5.
  % (min_groups, self.n_splits)), UserWarning)
/home/qianzekai/miniconda3/envs/multibaseline/lib/python3.7/site-packages/sklearn/model_selection/_split.py:668: UserWarning: The least populated class in y has only 1 members, which is less than n_splits=5.
  % (min_groups, self.n_splits)), UserWarning)
/home/qianzekai/miniconda3/envs/multibaseline/lib/python3.7/site-packages/sklearn/model_selection/_split.py:668: UserWarning: The least populated class in y has only 1 members, which is less than n_splits=5.
  % (min_groups, self.n_splits)), UserWarning)
2026-01-29 18:43:31,253 - INFO - 结果已保存到: results/simpleimputer/beers_simpleimputer
2026-01-29 18:43:31,254 - INFO - 日志文件: results/simpleimputer/beers_simpleimputer/beers_simpleimputer.log
2026-01-29 18:43:31,254 - INFO - ============================================================
======================================================================
Clean4MLBaseline 统一测评 - beers_simpleimputer
======================================================================

[1/5] 传统清洗指标
--------------------------------------------------
调试文件已保存到: results/simpleimputer/beers_simpleimputer/debug
修复准确率: 0.014166666666666666, 修复召回率: 0.005062537224538415, F1值: 0.007459411984024924
========================================
错误减少率 (EDR): -0.31447290053603333
========================================
混合距离 (Hybrid Distance): 0.07832626409269439
========================================
基于条目的错误减少率 (R-EDR): 0.0
========================================
numeric: Index(['id'], dtype='object')
categorical: Index(['beer_name', 'style', 'ounces', 'abv', 'ibu', 'brewery_id',
       'brewery_name', 'city', 'state'],
      dtype='object')
列级平均RMSE (数值列, 归一化): 0.000000
  id: 0.000000
列级平均F1 (类别列, weighted): 0.808824
  beer_name: 1.000000
  style: 0.996684
  ounces: 0.000000
  abv: 0.802535
  ibu: 0.554155
  brewery_id: 0.999585
  brewery_name: 1.000000
  city: 0.970079
  state: 0.956380
========================================

[2/5] 下游任务性能 (classification)
--------------------------------------------------
RF - Accuracy: 0.3714, F1: 0.3300, Precision: 0.3449, Recall: 0.3714
LR - Accuracy: 0.2510, F1: 0.1600, Precision: 0.1233, Recall: 0.2510
SVM - Accuracy: 0.2635, F1: 0.1759, Precision: 0.1489, Recall: 0.2635
KNN - Accuracy: 0.2407, F1: 0.2136, Precision: 0.2012, Recall: 0.2407
DT - Accuracy: 0.3154, F1: 0.3201, Precision: 0.3383, Recall: 0.3154
GB - Accuracy: 0.3340, F1: 0.3033, Precision: 0.3075, Recall: 0.3340

[3/5] 模型容忍度
--------------------------------------------------

容忍度计算结果:
  P_do_nothing (脏数据性能): 0.3797
  P_demand_clean (清洗后性能): 0.2054
  P_repair_all (完全修复性能): 0.3859
  先验容忍度 (Tolerance_prior): 0.5410
  后验容忍度 (Tolerance_post): -28.0000

[4/5] Snoopy上界评估
--------------------------------------------------
Snoopy模块可用，正在评估数据质量上界...
  脏数据上界: 0.2606
  清洗后上界: 0.2581
  干净数据上界: 0.2581
  上界提升比例: 1.0000

[5/5] 真值使用成本
--------------------------------------------------
  方法类型: Type 1 (全自动)
  实际真值使用: 0
  理想最小成本: 17
  总修改单元格: 3610
  正确修复: 17
  错误修复: 3593

======================================================================
测评完成，结果已保存到: results/simpleimputer/beers_simpleimputer/beers_simpleimputer_report.txt
======================================================================
