2026-01-29 19:52:03,940 - INFO - ============================================================
2026-01-29 19:52:03,940 - INFO - SimpleImputer 数据清洗 (mean)
2026-01-29 19:52:03,940 - INFO - ============================================================
2026-01-29 19:52:03,940 - INFO - 脏数据: Data/bike/dirty_index.csv
2026-01-29 19:52:03,940 - INFO - 干净数据: Data/bike/clean_index.csv
2026-01-29 19:52:03,940 - INFO - 任务名称: bike_simpleimputer_vzekai
2026-01-29 19:52:03,940 - INFO - 填充策略: mean
2026-01-29 19:52:03,940 - INFO - ------------------------------------------------------------
2026-01-29 19:52:04,147 - INFO - 修复后数据已保存: results/simpleimputer/bike_simpleimputer_vzekai/bike_simpleimputer_vzekai_cleaned.csv
2026-01-29 19:52:04,147 - INFO - ------------------------------------------------------------
2026-01-29 19:52:04,147 - INFO - 执行时间: 0.21 秒
2026-01-29 19:52:04,147 - INFO - 执行状态: 成功
2026-01-29 19:52:04,147 - INFO - 填充单元格数: 0
2026-01-29 19:52:04,147 - INFO - 真值使用成本: 0 (全自动)
2026-01-29 19:52:04,147 - INFO - 
2026-01-29 19:52:04,147 - INFO - ============================================================
2026-01-29 19:52:04,147 - INFO - 调用统一测评模块 getScoreML
2026-01-29 19:52:04,147 - INFO - ============================================================
2026-01-29 19:53:02.784185: W tensorflow/compiler/xla/stream_executor/platform/default/dso_loader.cc:64] Could not load dynamic library 'libnvinfer.so.7'; dlerror: libnvinfer.so.7: cannot open shared object file: No such file or directory
2026-01-29 19:53:02.784249: W tensorflow/compiler/xla/stream_executor/platform/default/dso_loader.cc:64] Could not load dynamic library 'libnvinfer_plugin.so.7'; dlerror: libnvinfer_plugin.so.7: cannot open shared object file: No such file or directory
2026-01-29 19:53:02.784256: W tensorflow/compiler/tf2tensorrt/utils/py_utils.cc:38] TF-TRT Warning: Cannot dlopen some TensorRT libraries. If you would like to use Nvidia GPU with TensorRT, please make sure the missing libraries mentioned above are installed properly.
[1;34m[19:53:03][0m[1;33m WARNING Snoopy may use all CPU cores! Set env. variable 'SNOOPY_LIMIT_CPU' to 'y' to limit CPU usage. [0m[1;34m(__init__ -> _init_tf_pytorch on MainThread)[0m
2026-01-29 19:53:03.375170: E tensorflow/compiler/xla/stream_executor/cuda/cuda_driver.cc:267] failed call to cuInit: CUDA_ERROR_NO_DEVICE: no CUDA-capable device is detected
2026-01-29 19:57:24,886 - INFO - 结果已保存到: results/simpleimputer/bike_simpleimputer_vzekai
2026-01-29 19:57:24,886 - INFO - 日志文件: results/simpleimputer/bike_simpleimputer_vzekai/bike_simpleimputer_vzekai.log
2026-01-29 19:57:24,886 - INFO - ============================================================
======================================================================
Clean4MLBaseline 统一测评 - bike_simpleimputer_vzekai
======================================================================

[1/5] 传统清洗指标
--------------------------------------------------
调试文件已保存到: results/simpleimputer/bike_simpleimputer_vzekai/debug
修复准确率: 0.0, 修复召回率: 0.0, F1值: 0.0
========================================
错误减少率 (EDR): 0.0
========================================
混合距离 (Hybrid Distance): 0.4115586345713895
========================================
基于条目的错误减少率 (R-EDR): 0.0
========================================
numeric: Index(['dteday', 'season', 'yr', 'mnth', 'hr', 'holiday', 'weekday',
       'workingday', 'weathersit', 'temp', 'atemp', 'hum', 'windspeed',
       'casual', 'registered', 'cnt'],
      dtype='object')
categorical: (none)
列级平均RMSE (数值列, 归一化): 20.698670
  dteday: 0.899367
  season: 41.106570
  yr: 0.869426
  mnth: 1.646402
  hr: 0.868667
  holiday: 277.692694
  weekday: 0.895391
  workingday: 1.006198
  weathersit: 0.881992
  temp: 0.930405
  atemp: 0.830908
  hum: 0.878016
  windspeed: 0.867359
  casual: 0.914173
  registered: 0.891156
  cnt: 0.000000
列级平均F1: N/A (无类别列)
========================================

[2/5] 下游任务性能 (regression)
--------------------------------------------------
RF - MSE: 1367.0748, R2: 0.9568, MAE: 10.1381, RMSE: 36.9740
LR - MSE: 10663.9498, R2: 0.6632, MAE: 66.2942, RMSE: 103.2664
RIDGE - MSE: 10663.9329, R2: 0.6632, MAE: 66.2969, RMSE: 103.2663
LASSO - MSE: 10653.5823, R2: 0.6636, MAE: 66.3477, RMSE: 103.2162
KNN - MSE: 5885.9471, R2: 0.8141, MAE: 49.5083, RMSE: 76.7199
GB - MSE: 1752.6228, R2: 0.9447, MAE: 15.9688, RMSE: 41.8643

[3/5] 模型容忍度
--------------------------------------------------

容忍度计算结果:
  P_do_nothing (脏数据性能): -4012.2852
  P_demand_clean (清洗后性能): -4012.2852
  P_repair_all (完全修复性能): -7.8371
  先验容忍度 (Tolerance_prior): 1.0000
  后验容忍度 (Tolerance_post): 0.0000

[4/5] Snoopy上界评估
--------------------------------------------------
Snoopy模块可用，正在评估数据质量上界...
  脏数据上界: 1825.2803
  清洗后上界: 1825.2803
  干净数据上界: 25.4989
  上界提升比例: -0.0000

[5/5] 真值使用成本
--------------------------------------------------
  方法类型: Type 1 (全自动)
  实际真值使用: 0
  理想最小成本: 0
  总修改单元格: 0
  正确修复: 0
  错误修复: 0

======================================================================
测评完成，结果已保存到: results/simpleimputer/bike_simpleimputer_vzekai/bike_simpleimputer_vzekai_report.txt
======================================================================
