2026-01-29 19:57:26,134 - INFO - ============================================================
2026-01-29 19:57:26,134 - INFO - SimpleImputer 数据清洗 (mean)
2026-01-29 19:57:26,134 - INFO - ============================================================
2026-01-29 19:57:26,134 - INFO - 脏数据: Data/breast_cancer/dirty_index.csv
2026-01-29 19:57:26,134 - INFO - 干净数据: Data/breast_cancer/clean_index.csv
2026-01-29 19:57:26,134 - INFO - 任务名称: breast_cancer_simpleimputer_vzekai
2026-01-29 19:57:26,134 - INFO - 填充策略: mean
2026-01-29 19:57:26,134 - INFO - ------------------------------------------------------------
2026-01-29 19:57:26,200 - INFO - 修复后数据已保存: results/simpleimputer/breast_cancer_simpleimputer_vzekai/breast_cancer_simpleimputer_vzekai_cleaned.csv
2026-01-29 19:57:26,200 - INFO - ------------------------------------------------------------
2026-01-29 19:57:26,200 - INFO - 执行时间: 0.07 秒
2026-01-29 19:57:26,200 - INFO - 执行状态: 成功
2026-01-29 19:57:26,200 - INFO - 填充单元格数: 223
2026-01-29 19:57:26,200 - INFO - 真值使用成本: 0 (全自动)
2026-01-29 19:57:26,200 - INFO - 
2026-01-29 19:57:26,201 - INFO - ============================================================
2026-01-29 19:57:26,201 - INFO - 调用统一测评模块 getScoreML
2026-01-29 19:57:26,201 - INFO - ============================================================
2026-01-29 19:57:29.329725: W tensorflow/compiler/xla/stream_executor/platform/default/dso_loader.cc:64] Could not load dynamic library 'libnvinfer.so.7'; dlerror: libnvinfer.so.7: cannot open shared object file: No such file or directory
2026-01-29 19:57:29.329786: W tensorflow/compiler/xla/stream_executor/platform/default/dso_loader.cc:64] Could not load dynamic library 'libnvinfer_plugin.so.7'; dlerror: libnvinfer_plugin.so.7: cannot open shared object file: No such file or directory
2026-01-29 19:57:29.329793: W tensorflow/compiler/tf2tensorrt/utils/py_utils.cc:38] TF-TRT Warning: Cannot dlopen some TensorRT libraries. If you would like to use Nvidia GPU with TensorRT, please make sure the missing libraries mentioned above are installed properly.
[1;34m[19:57:29][0m[1;33m WARNING Snoopy may use all CPU cores! Set env. variable 'SNOOPY_LIMIT_CPU' to 'y' to limit CPU usage. [0m[1;34m(__init__ -> _init_tf_pytorch on MainThread)[0m
2026-01-29 19:57:29.906715: E tensorflow/compiler/xla/stream_executor/cuda/cuda_driver.cc:267] failed call to cuInit: CUDA_ERROR_NO_DEVICE: no CUDA-capable device is detected
2026-01-29 19:57:36,452 - INFO - 结果已保存到: results/simpleimputer/breast_cancer_simpleimputer_vzekai
2026-01-29 19:57:36,452 - INFO - 日志文件: results/simpleimputer/breast_cancer_simpleimputer_vzekai/breast_cancer_simpleimputer_vzekai.log
2026-01-29 19:57:36,452 - INFO - ============================================================
======================================================================
Clean4MLBaseline 统一测评 - breast_cancer_simpleimputer_vzekai
======================================================================

[1/5] 传统清洗指标
--------------------------------------------------
调试文件已保存到: results/simpleimputer/breast_cancer_simpleimputer_vzekai/debug
修复准确率: 0.5022421524663677, 修复召回率: 0.21374045801526717, F1值: 0.29986613114955063
========================================
错误减少率 (EDR): 0.18893129770992367
========================================
混合距离 (Hybrid Distance): 0.17189622924958708
========================================
基于条目的错误减少率 (R-EDR): 0.16791979949874686
========================================
numeric: Index(['Clump Thickness', 'Uniformity of Cell Size',
       'Uniformity of Cell Shape', 'Marginal Adhesion',
       'Single Epithelial Cell Size', 'Bland Chromatin', 'Normal Nucleoli',
       'Mitoses', 'class'],
      dtype='object')
categorical: Index(['Bare Nuclei'], dtype='object')
列级平均RMSE (数值列, 归一化): 1.938680
  Clump Thickness: 3.467276
  Uniformity of Cell Size: 1.984460
  Uniformity of Cell Shape: 1.546636
  Marginal Adhesion: 1.437759
  Single Epithelial Cell Size: 1.980657
  Bland Chromatin: 2.731065
  Normal Nucleoli: 1.796969
  Mitoses: 2.195091
  class: 0.308207
列级平均F1 (类别列, weighted): 0.924473
  Bare Nuclei: 0.924473
========================================

[2/5] 下游任务性能 (classification)
--------------------------------------------------
RF - Accuracy: 0.9643, F1: 0.9644, Precision: 0.9646, Recall: 0.9643
LR - Accuracy: 0.9071, F1: 0.9056, Precision: 0.9068, Recall: 0.9071
SVM - Accuracy: 0.9357, F1: 0.9362, Precision: 0.9377, Recall: 0.9357
KNN - Accuracy: 0.9071, F1: 0.9063, Precision: 0.9063, Recall: 0.9071
DT - Accuracy: 0.8929, F1: 0.8937, Precision: 0.8955, Recall: 0.8929
GB - Accuracy: 0.9571, F1: 0.9574, Precision: 0.9581, Recall: 0.9571

[3/5] 模型容忍度
--------------------------------------------------

容忍度计算结果:
  P_do_nothing (脏数据性能): 0.9640
  P_demand_clean (清洗后性能): 0.9784
  P_repair_all (完全修复性能): 0.9712
  先验容忍度 (Tolerance_prior): 1.0149
  后验容忍度 (Tolerance_post): 2.0000

[4/5] Snoopy上界评估
--------------------------------------------------
Snoopy模块可用，正在评估数据质量上界...
  脏数据上界: 0.9371
  清洗后上界: 0.9228
  干净数据上界: 0.9557
  上界提升比例: -0.7720

[5/5] 真值使用成本
--------------------------------------------------
  方法类型: Type 1 (全自动)
  实际真值使用: 0
  理想最小成本: 53
  总修改单元格: 922
  正确修复: 53
  错误修复: 869

======================================================================
测评完成，结果已保存到: results/simpleimputer/breast_cancer_simpleimputer_vzekai/breast_cancer_simpleimputer_vzekai_report.txt
======================================================================
