2026-01-29 20:02:46,909 - INFO - ============================================================
2026-01-29 20:02:46,909 - INFO - SimpleImputer 数据清洗 (mean)
2026-01-29 20:02:46,909 - INFO - ============================================================
2026-01-29 20:02:46,909 - INFO - 脏数据: Data/mercedes/dirty_index.csv
2026-01-29 20:02:46,909 - INFO - 干净数据: Data/mercedes/clean_index.csv
2026-01-29 20:02:46,909 - INFO - 任务名称: mercedes_simpleimputer_vzekai
2026-01-29 20:02:46,909 - INFO - 填充策略: mean
2026-01-29 20:02:46,909 - INFO - ------------------------------------------------------------
MethodsRunScript/run_simpleimputer/run_simpleimputer_base.py:207: DtypeWarning: Columns (9,10,11,13,14,15,16,17,18,19,20,21,22,23,24,25,27,28,29,30,32,33,34,35,36,37,39,40,42,43,44,45,46,47,48,49,51,53,54,55,56,57,58,59,60,61,62,63,64,65,66,67,68,69,70,71,72,73,75,76,77,79,80,81,82,83,84,85,86,87,88,89,90,91,92,93,94,95,96,97,98,99,100,101,102,103,105,106,107,108,109,110,111,112,113,114,115,117,118,119,120,121,122,123,124,125,126,128,129,130,131,132,133,134,135,136,137,140,141,142,143,144,145,146,147,148,150,151,152,153,154,155,156,157,158,159,160,161,163,164,165,166,167,168,169,170,171,172,173,175,176,177,178,179,180,181,182,183,184,185,186,187,188,189,191,192,193,194,195,196,197,198,199,200,201,202,203,204,205,207,208,209,210,211,212,213,214,215,216,217,218,219,220,221,222,223,224,225,226,227,228,229,230,231,232,233,235,236,237,239,240,241,242,243,244,245,246,247,248,249,251,252,253,254,255,256,257,258,260,261,262,263,264,266,267,268,269,270,271,272,273,274,275,276,277,278,279,280,281,282,283,284,285,287,288,289,290,291,292,293,294,295,296,297,298,300,301,302,303,304,305,306,307,308,309,310,311,312,313,314,315,316,317,318,319,320,321,322,323,324,325,326,327,329,330,331,332,333,334,335,337,338,339,340,341,342,344,345,346,347,348,349,350,351,352,353,354,355,356,357,358,359,360,361,362,364,365,366,369,370,371,372,373,375,376) have mixed types.Specify dtype option on import or set low_memory=False.
  main()
2026-01-29 20:02:52,222 - INFO - 修复后数据已保存: results/simpleimputer/mercedes_simpleimputer_vzekai/mercedes_simpleimputer_vzekai_cleaned.csv
2026-01-29 20:02:52,222 - INFO - ------------------------------------------------------------
2026-01-29 20:02:52,222 - INFO - 执行时间: 5.31 秒
2026-01-29 20:02:52,222 - INFO - 执行状态: 成功
2026-01-29 20:02:52,222 - INFO - 填充单元格数: 1679
2026-01-29 20:02:52,222 - INFO - 真值使用成本: 0 (全自动)
2026-01-29 20:02:52,222 - INFO - 
2026-01-29 20:02:52,222 - INFO - ============================================================
2026-01-29 20:02:52,222 - INFO - 调用统一测评模块 getScoreML
2026-01-29 20:02:52,222 - INFO - ============================================================
======================================================================
Clean4MLBaseline 统一测评 - mercedes_simpleimputer_vzekai
======================================================================

[1/5] 传统清洗指标
--------------------------------------------------
调试文件已保存到: results/simpleimputer/mercedes_simpleimputer_vzekai/debug
修复准确率: 0.9082787373436569, 修复召回率: 0.0050643084147220276, F1值: 0.010072455630555742
========================================
错误减少率 (EDR): 0.0050643084147220276
========================================
混合距离 (Hybrid Distance): 0.4700221663899211
========================================
基于条目的错误减少率 (R-EDR): 0.0
========================================
numeric: Index(['X10', 'X11', 'X12', 'X13', 'X14', 'X15', 'X16', 'X17', 'X18', 'X19',
       ...
       'X376', 'X377', 'X378', 'X379', 'X380', 'X382', 'X383', 'X384', 'X385',
       'y'],
      dtype='object', length=369)
categorical: Index(['X0', 'X1', 'X2', 'X3', 'X4', 'X5', 'X6', 'X8'], dtype='object')
列级平均RMSE (数值列, 归一化): 1.724759
  X10: 1.826341
  X11: 0.000000
  X12: 1.809436
  X13: 1.814682
  X14: 1.783430
  X15: 1.787550
  X16: 1.664332
  X17: 1.864117
  X18: 1.721177
  X19: 1.763747
  X20: 1.694368
  X21: 1.847112
  X22: 1.911248
  X23: 1.744048
  X24: 1.889363
  X26: 1.790279
  X27: 1.781752
  X28: 1.772429
  X29: 1.731592
  X30: 1.774767
  X31: 1.790590
  X32: 1.869317
  X33: 1.816714
  X34: 1.807524
  X35: 1.836667
  X36: 1.797107
  X37: 1.813176
  X38: 1.845846
  X39: 1.836808
  X40: 1.817522
  X41: 1.780578
  X42: 1.807380
  X43: 1.712577
  X44: 1.698139
  X45: 1.723929
  X46: 1.792892
  X47: 1.800559
  X48: 1.746613
  X49: 1.785951
  X50: 1.762936
  X51: 1.868731
  X52: 1.841306
  X53: 1.723854
  X54: 1.749498
  X55: 1.773973
  X56: 1.795639
  X57: 1.818774
  X58: 1.803400
  X59: 1.757533
  X60: 1.698914
  X61: 1.735996
  X62: 1.814072
  X63: 1.744234
  X64: 1.848378
  X65: 1.766275
  X66: 1.804823
  X67: 1.830775
  X68: 1.815676
  X69: 1.791915
  X70: 1.760858
  X71: 1.803588
  X73: 1.798587
  X74: 1.724129
  X75: 1.753206
  X76: 1.941261
  X77: 1.793580
  X78: 1.847735
  X79: 1.731721
  X80: 1.800404
  X81: 1.787502
  X82: 1.735511
  X83: 1.762019
  X84: 1.789050
  X85: 1.846382
  X86: 1.805518
  X87: 1.850562
  X88: 1.835200
  X89: 1.735467
  X90: 1.777148
  X91: 1.779178
  X92: 1.787165
  X93: 0.000000
  X94: 1.797461
  X95: 1.774412
  X96: 1.837773
  X97: 1.777325
  X98: 1.746080
  X99: 1.709787
  X100: 1.833428
  X101: 1.740021
  X102: 1.735213
  X103: 1.754491
  X104: 1.748695
  X105: 1.767817
  X106: 1.870048
  X107: 0.000000
  X108: 1.804136
  X109: 1.792425
  X110: 1.735466
  X111: 1.864338
  X112: 1.844619
  X113: 1.930623
  X114: 1.725632
  X115: 1.814527
  X116: 1.801779
  X117: 1.717014
  X118: 1.758598
  X119: 1.759833
  X120: 1.833005
  X122: 1.753150
  X123: 1.829286
  X124: 1.832703
  X125: 1.839697
  X126: 1.746504
  X127: 1.793004
  X128: 1.792197
  X129: 1.751938
  X130: 1.900093
  X131: 1.845911
  X132: 1.880462
  X133: 1.766068
  X134: 1.673716
  X135: 1.867009
  X136: 1.729337
  X137: 1.740715
  X138: 1.735645
  X139: 1.820093
  X140: 1.700395
  X141: 1.848818
  X142: 1.796476
  X143: 1.835699
  X144: 1.751378
  X145: 1.757489
  X146: 1.754424
  X147: 1.799901
  X148: 1.758528
  X150: 1.787353
  X151: 1.806551
  X152: 1.692979
  X153: 1.835184
  X154: 1.749969
  X155: 1.739547
  X156: 1.891212
  X157: 1.662607
  X158: 1.778881
  X159: 1.856547
  X160: 1.848080
  X161: 1.801758
  X162: 1.712949
  X163: 1.770932
  X164: 1.776790
  X165: 1.775626
  X166: 1.802817
  X167: 1.745564
  X168: 1.726149
  X169: 1.777672
  X170: 1.784126
  X171: 1.811108
  X172: 1.797415
  X173: 1.823475
  X174: 1.755763
  X175: 1.912317
  X176: 1.789083
  X177: 1.880305
  X178: 1.807909
  X179: 1.720730
  X180: 1.748375
  X181: 1.809614
  X182: 1.833676
  X183: 1.807541
  X184: 1.809527
  X185: 1.891342
  X186: 1.794443
  X187: 1.817887
  X189: 1.832743
  X190: 1.779522
  X191: 1.766920
  X192: 1.817934
  X194: 1.870134
  X195: 1.809849
  X196: 1.819831
  X197: 1.823581
  X198: 1.828200
  X199: 1.768392
  X200: 1.809130
  X201: 1.797312
  X202: 1.833918
  X203: 1.840469
  X204: 1.762775
  X205: 1.767310
  X206: 1.863749
  X207: 1.755242
  X208: 1.814272
  X209: 1.755907
  X210: 1.781874
  X211: 1.713912
  X212: 1.713759
  X213: 1.776953
  X214: 1.727572
  X215: 1.840221
  X216: 1.766904
  X217: 1.856014
  X218: 1.785465
  X219: 1.688382
  X220: 1.768045
  X221: 1.835679
  X222: 1.828506
  X223: 1.780934
  X224: 1.710664
  X225: 1.804029
  X226: 1.798493
  X227: 1.719544
  X228: 1.695300
  X229: 1.705574
  X230: 1.819818
  X231: 1.701182
  X232: 1.787588
  X233: 0.000000
  X234: 1.784166
  X235: 0.000000
  X236: 1.719804
  X237: 1.729271
  X238: 1.788677
  X239: 1.823737
  X240: 1.672865
  X241: 1.819065
  X242: 1.863838
  X243: 1.841836
  X244: 1.826374
  X245: 1.844377
  X246: 1.846690
  X247: 1.781125
  X248: 1.822182
  X249: 1.840112
  X250: 1.752260
  X251: 1.750571
  X252: 1.721077
  X253: 1.618366
  X254: 1.764627
  X255: 1.775267
  X256: 1.827148
  X257: 1.810420
  X258: 1.830382
  X259: 1.790581
  X260: 1.869017
  X261: 1.853052
  X262: 1.763459
  X263: 1.830840
  X264: 1.679105
  X265: 1.783257
  X266: 1.815894
  X267: 1.756066
  X268: 0.000000
  X269: 1.769309
  X270: 1.799690
  X271: 1.791896
  X272: 1.867634
  X273: 1.803890
  X274: 1.787691
  X275: 1.805689
  X276: 1.699771
  X277: 1.822851
  X278: 1.787892
  X279: 1.789037
  X280: 1.835753
  X281: 1.722037
  X282: 1.748376
  X283: 1.755810
  X284: 1.768749
  X285: 1.806665
  X286: 1.730109
  X287: 1.737355
  X288: 1.756737
  X289: 0.000000
  X290: 0.000000
  X291: 1.870339
  X292: 1.785585
  X293: 0.000000
  X294: 1.794801
  X295: 1.834029
  X296: 1.753336
  X297: 0.000000
  X298: 1.750072
  X299: 1.804662
  X300: 1.751034
  X301: 1.842430
  X302: 1.758976
  X304: 1.895127
  X305: 1.901941
  X306: 1.754184
  X307: 1.839046
  X308: 1.755033
  X309: 1.810461
  X310: 1.829028
  X311: 1.879248
  X312: 1.764412
  X313: 1.680801
  X314: 1.661515
  X315: 1.788152
  X316: 1.736923
  X317: 1.726284
  X318: 1.889874
  X319: 1.835850
  X320: 1.798839
  X321: 1.756688
  X322: 1.801755
  X323: 1.777898
  X324: 1.753660
  X325: 1.763714
  X326: 1.784164
  X327: 1.811772
  X328: 1.826704
  X329: 1.748546
  X330: 0.000000
  X331: 1.742554
  X332: 1.711004
  X333: 1.810468
  X334: 1.732757
  X335: 1.805878
  X336: 1.831139
  X337: 1.812665
  X338: 1.730751
  X339: 1.811792
  X340: 1.806114
  X341: 1.757163
  X342: 1.798750
  X343: 1.736910
  X344: 1.814788
  X345: 1.839567
  X346: 1.820652
  X347: 0.000000
  X348: 1.794166
  X349: 1.718191
  X350: 1.739444
  X351: 1.719202
  X352: 1.730923
  X353: 1.845583
  X354: 1.786881
  X355: 1.771916
  X356: 1.717662
  X357: 1.800048
  X358: 1.774963
  X359: 1.796247
  X360: 1.801063
  X361: 1.815287
  X362: 1.705936
  X363: 1.756385
  X364: 1.793307
  X365: 1.816869
  X366: 1.723002
  X367: 1.784435
  X368: 1.771690
  X369: 1.799809
  X370: 1.841785
  X371: 1.814717
  X372: 1.752780
  X373: 1.806170
  X374: 1.834981
  X375: 1.723951
  X376: 1.888606
  X377: 1.744855
  X378: 1.819952
  X379: 1.769791
  X380: 1.825417
  X382: 1.751809
  X383: 1.762120
  X384: 1.773770
  X385: 1.823523
  y: 0.000000
列级平均F1 (类别列, weighted): 0.999228
  X0: 0.999286
  X1: 0.998336
  X2: 0.999285
  X3: 0.999525
  X4: 1.000000
  X5: 0.999052
  X6: 0.999287
  X8: 0.999051
========================================

[2/5] 下游任务性能 (regression)
--------------------------------------------------
RF - MSE: 76.9616, R2: 0.5055, MAE: 5.8812, RMSE: 8.7728
LR - MSE: 107.0594, R2: 0.3122, MAE: 7.6929, RMSE: 10.3469
RIDGE - MSE: 105.0787, R2: 0.3249, MAE: 7.6142, RMSE: 10.2508
LASSO - MSE: 110.0680, R2: 0.2928, MAE: 8.1383, RMSE: 10.4913
KNN - MSE: 120.9738, R2: 0.2228, MAE: 8.3139, RMSE: 10.9988
GB - MSE: 77.4852, R2: 0.5022, MAE: 6.0278, RMSE: 8.8026

[3/5] 模型容忍度
--------------------------------------------------

容忍度计算结果:
  P_do_nothing (脏数据性能): -70.1801
  P_demand_clean (清洗后性能): -73.3270
  P_repair_all (完全修复性能): -79.08392026-01-29 20:08:06.701705: W tensorflow/compiler/xla/stream_executor/platform/default/dso_loader.cc:64] Could not load dynamic library 'libnvinfer.so.7'; dlerror: libnvinfer.so.7: cannot open shared object file: No such file or directory
2026-01-29 20:08:06.701770: W tensorflow/compiler/xla/stream_executor/platform/default/dso_loader.cc:64] Could not load dynamic library 'libnvinfer_plugin.so.7'; dlerror: libnvinfer_plugin.so.7: cannot open shared object file: No such file or directory
2026-01-29 20:08:06.701779: W tensorflow/compiler/tf2tensorrt/utils/py_utils.cc:38] TF-TRT Warning: Cannot dlopen some TensorRT libraries. If you would like to use Nvidia GPU with TensorRT, please make sure the missing libraries mentioned above are installed properly.
sys:1: DtypeWarning: Columns (9,10,11,13,14,15,16,17,18,19,20,21,22,23,24,25,27,28,29,30,32,33,34,35,36,37,39,40,42,43,44,45,46,47,48,49,51,53,54,55,56,57,58,59,60,61,62,63,64,65,66,67,68,69,70,71,72,73,75,76,77,79,80,81,82,83,84,85,86,87,88,89,90,91,92,93,94,95,96,97,98,99,100,101,102,103,105,106,107,108,109,110,111,112,113,114,115,117,118,119,120,121,122,123,124,125,126,128,129,130,131,132,133,134,135,136,137,140,141,142,143,144,145,146,147,148,150,151,152,153,154,155,156,157,158,159,160,161,163,164,165,166,167,168,169,170,171,172,173,175,176,177,178,179,180,181,182,183,184,185,186,187,188,189,191,192,193,194,195,196,197,198,199,200,201,202,203,204,205,207,208,209,210,211,212,213,214,215,216,217,218,219,220,221,222,223,224,225,226,227,228,229,230,231,232,233,235,236,237,239,240,241,242,243,244,245,246,247,248,249,251,252,253,254,255,256,257,258,260,261,262,263,264,266,267,268,269,270,271,272,273,274,275,276,277,278,279,280,281,282,283,284,285,287,288,289,290,291,292,293,294,295,296,297,298,300,301,302,303,304,305,306,307,308,309,310,311,312,313,314,315,316,317,318,319,320,321,322,323,324,325,326,327,329,330,331,332,333,334,335,337,338,339,340,341,342,344,345,346,347,348,349,350,351,352,353,354,355,356,357,358,359,360,361,362,364,365,366,369,370,371,372,373,375,376) have mixed types.Specify dtype option on import or set low_memory=False.
[1;34m[20:08:07][0m[1;33m WARNING Snoopy may use all CPU cores! Set env. variable 'SNOOPY_LIMIT_CPU' to 'y' to limit CPU usage. [0m[1;34m(__init__ -> _init_tf_pytorch on MainThread)[0m
2026-01-29 20:08:07.276646: E tensorflow/compiler/xla/stream_executor/cuda/cuda_driver.cc:267] failed call to cuInit: CUDA_ERROR_NO_DEVICE: no CUDA-capable device is detected
2026-01-29 20:57:17,631 - INFO - 结果已保存到: results/simpleimputer/mercedes_simpleimputer_vzekai
2026-01-29 20:57:17,631 - INFO - 日志文件: results/simpleimputer/mercedes_simpleimputer_vzekai/mercedes_simpleimputer_vzekai.log
2026-01-29 20:57:17,631 - INFO - ============================================================

  先验容忍度 (Tolerance_prior): 1.0448
  后验容忍度 (Tolerance_post): 0.3534

[4/5] Snoopy上界评估
--------------------------------------------------
Snoopy模块可用，正在评估数据质量上界...
  脏数据上界: 82.4356
  清洗后上界: 85.3077
  干净数据上界: 82.6160
  上界提升比例: 15.9203

[5/5] 真值使用成本
--------------------------------------------------
  方法类型: Type 1 (全自动)
  实际真值使用: 0
  理想最小成本: 10
  总修改单元格: 1679
  正确修复: 10
  错误修复: 1669

======================================================================
测评完成，结果已保存到: results/simpleimputer/mercedes_simpleimputer_vzekai/mercedes_simpleimputer_vzekai_report.txt
======================================================================
