2026-01-29 20:57:18,883 - INFO - ============================================================
2026-01-29 20:57:18,883 - INFO - SimpleImputer 数据清洗 (mean)
2026-01-29 20:57:18,883 - INFO - ============================================================
2026-01-29 20:57:18,883 - INFO - 脏数据: Data/nasa/dirty_index.csv
2026-01-29 20:57:18,883 - INFO - 干净数据: Data/nasa/clean_index.csv
2026-01-29 20:57:18,883 - INFO - 任务名称: nasa_simpleimputer_vzekai
2026-01-29 20:57:18,883 - INFO - 填充策略: mean
2026-01-29 20:57:18,883 - INFO - ------------------------------------------------------------
2026-01-29 20:57:18,935 - INFO - 修复后数据已保存: results/simpleimputer/nasa_simpleimputer_vzekai/nasa_simpleimputer_vzekai_cleaned.csv
2026-01-29 20:57:18,936 - INFO - ------------------------------------------------------------
2026-01-29 20:57:18,936 - INFO - 执行时间: 0.05 秒
2026-01-29 20:57:18,936 - INFO - 执行状态: 成功
2026-01-29 20:57:18,936 - INFO - 填充单元格数: 30
2026-01-29 20:57:18,936 - INFO - 真值使用成本: 0 (全自动)
2026-01-29 20:57:18,936 - INFO - 
2026-01-29 20:57:18,936 - INFO - ============================================================
2026-01-29 20:57:18,936 - INFO - 调用统一测评模块 getScoreML
2026-01-29 20:57:18,936 - INFO - ============================================================
2026-01-29 20:57:23.564667: W tensorflow/compiler/xla/stream_executor/platform/default/dso_loader.cc:64] Could not load dynamic library 'libnvinfer.so.7'; dlerror: libnvinfer.so.7: cannot open shared object file: No such file or directory
2026-01-29 20:57:23.564729: W tensorflow/compiler/xla/stream_executor/platform/default/dso_loader.cc:64] Could not load dynamic library 'libnvinfer_plugin.so.7'; dlerror: libnvinfer_plugin.so.7: cannot open shared object file: No such file or directory
2026-01-29 20:57:23.564736: W tensorflow/compiler/tf2tensorrt/utils/py_utils.cc:38] TF-TRT Warning: Cannot dlopen some TensorRT libraries. If you would like to use Nvidia GPU with TensorRT, please make sure the missing libraries mentioned above are installed properly.
[1;34m[20:57:24][0m[1;33m WARNING Snoopy may use all CPU cores! Set env. variable 'SNOOPY_LIMIT_CPU' to 'y' to limit CPU usage. [0m[1;34m(__init__ -> _init_tf_pytorch on MainThread)[0m
2026-01-29 20:57:24.144239: E tensorflow/compiler/xla/stream_executor/cuda/cuda_driver.cc:267] failed call to cuInit: CUDA_ERROR_NO_DEVICE: no CUDA-capable device is detected
2026-01-29 20:57:34,155 - INFO - 结果已保存到: results/simpleimputer/nasa_simpleimputer_vzekai
2026-01-29 20:57:34,155 - INFO - 日志文件: results/simpleimputer/nasa_simpleimputer_vzekai/nasa_simpleimputer_vzekai.log
2026-01-29 20:57:34,155 - INFO - ============================================================
======================================================================
Clean4MLBaseline 统一测评 - nasa_simpleimputer_vzekai
======================================================================

[1/5] 传统清洗指标
--------------------------------------------------
调试文件已保存到: results/simpleimputer/nasa_simpleimputer_vzekai/debug
修复准确率: 0.2, 修复召回率: 0.008207934336525308, F1值: 0.015768725353793075
========================================
错误减少率 (EDR): 0.008207934336525308
========================================
混合距离 (Hybrid Distance): 0.2834428016113296
========================================
基于条目的错误减少率 (R-EDR): 0.008207934336525308
========================================
numeric: Index(['frequency', 'angle', 'chord_length', 'velocity', 'thickness',
       'sound_pressure_level'],
      dtype='object')
categorical: (none)
列级平均RMSE (数值列, 归一化): 103303686535.009689
  frequency: 12791.453439
  angle: 514.759162
  chord_length: 15262836.742180
  velocity: 2012.756015
  thickness: 619806841054.347290
  sound_pressure_level: 0.000000
列级平均F1: N/A (无类别列)
========================================

[2/5] 下游任务性能 (regression)
--------------------------------------------------
RF - MSE: 29.7711, R2: 0.4057, MAE: 4.0503, RMSE: 5.4563
LR - MSE: 46.1968, R2: 0.0779, MAE: 5.5577, RMSE: 6.7968
RIDGE - MSE: 46.1983, R2: 0.0779, MAE: 5.5578, RMSE: 6.7969
LASSO - MSE: 49.2217, R2: 0.0175, MAE: 5.7417, RMSE: 7.0158
KNN - MSE: 47.3016, R2: 0.0558, MAE: 5.5894, RMSE: 6.8776
GB - MSE: 29.3973, R2: 0.4132, MAE: 4.2769, RMSE: 5.4219

[3/5] 模型容忍度
--------------------------------------------------

容忍度计算结果:
  P_do_nothing (脏数据性能): -64.5243
  P_demand_clean (清洗后性能): -65.8021
  P_repair_all (完全修复性能): -3.3429
  先验容忍度 (Tolerance_prior): 1.0198
  后验容忍度 (Tolerance_post): -0.0209

[4/5] Snoopy上界评估
--------------------------------------------------
Snoopy模块可用，正在评估数据质量上界...
  脏数据上界: 33.0118
  清洗后上界: 32.6555
  干净数据上界: 13.0157
  上界提升比例: 0.0178

[5/5] 真值使用成本
--------------------------------------------------
  方法类型: Type 1 (全自动)
  实际真值使用: 0
  理想最小成本: 0
  总修改单元格: 30
  正确修复: 0
  错误修复: 30

======================================================================
测评完成，结果已保存到: results/simpleimputer/nasa_simpleimputer_vzekai/nasa_simpleimputer_vzekai_report.txt
======================================================================
