2026-01-29 20:57:35,426 - INFO - ============================================================
2026-01-29 20:57:35,426 - INFO - SimpleImputer 数据清洗 (mean)
2026-01-29 20:57:35,426 - INFO - ============================================================
2026-01-29 20:57:35,426 - INFO - 脏数据: Data/smartfactory/dirty_index.csv
2026-01-29 20:57:35,426 - INFO - 干净数据: Data/smartfactory/clean_index.csv
2026-01-29 20:57:35,426 - INFO - 任务名称: smartfactory_simpleimputer_vzekai
2026-01-29 20:57:35,426 - INFO - 填充策略: mean
2026-01-29 20:57:35,426 - INFO - ------------------------------------------------------------
2026-01-29 20:57:36,250 - INFO - 修复后数据已保存: results/simpleimputer/smartfactory_simpleimputer_vzekai/smartfactory_simpleimputer_vzekai_cleaned.csv
2026-01-29 20:57:36,250 - INFO - ------------------------------------------------------------
2026-01-29 20:57:36,250 - INFO - 执行时间: 0.82 秒
2026-01-29 20:57:36,250 - INFO - 执行状态: 成功
2026-01-29 20:57:36,250 - INFO - 填充单元格数: 7093
2026-01-29 20:57:36,250 - INFO - 真值使用成本: 0 (全自动)
2026-01-29 20:57:36,250 - INFO - 
2026-01-29 20:57:36,250 - INFO - ============================================================
2026-01-29 20:57:36,250 - INFO - 调用统一测评模块 getScoreML
2026-01-29 20:57:36,250 - INFO - ============================================================
2026-01-29 20:58:35.933396: W tensorflow/compiler/xla/stream_executor/platform/default/dso_loader.cc:64] Could not load dynamic library 'libnvinfer.so.7'; dlerror: libnvinfer.so.7: cannot open shared object file: No such file or directory
2026-01-29 20:58:35.933456: W tensorflow/compiler/xla/stream_executor/platform/default/dso_loader.cc:64] Could not load dynamic library 'libnvinfer_plugin.so.7'; dlerror: libnvinfer_plugin.so.7: cannot open shared object file: No such file or directory
2026-01-29 20:58:35.933462: W tensorflow/compiler/tf2tensorrt/utils/py_utils.cc:38] TF-TRT Warning: Cannot dlopen some TensorRT libraries. If you would like to use Nvidia GPU with TensorRT, please make sure the missing libraries mentioned above are installed properly.
[1;34m[20:58:36][0m[1;33m WARNING Snoopy may use all CPU cores! Set env. variable 'SNOOPY_LIMIT_CPU' to 'y' to limit CPU usage. [0m[1;34m(__init__ -> _init_tf_pytorch on MainThread)[0m
2026-01-29 20:58:36.484261: E tensorflow/compiler/xla/stream_executor/cuda/cuda_driver.cc:267] failed call to cuInit: CUDA_ERROR_NO_DEVICE: no CUDA-capable device is detected
2026-01-29 21:02:59,540 - INFO - 结果已保存到: results/simpleimputer/smartfactory_simpleimputer_vzekai
2026-01-29 21:02:59,540 - INFO - 日志文件: results/simpleimputer/smartfactory_simpleimputer_vzekai/smartfactory_simpleimputer_vzekai.log
2026-01-29 21:02:59,540 - INFO - ============================================================
======================================================================
Clean4MLBaseline 统一测评 - smartfactory_simpleimputer_vzekai
======================================================================

[1/5] 传统清洗指标
--------------------------------------------------
调试文件已保存到: results/simpleimputer/smartfactory_simpleimputer_vzekai/debug
修复准确率: 0.3782602565910052, 修复召回率: 0.3782602565910052, F1值: 0.3782602565410052
========================================
错误减少率 (EDR): 0.3782602565910052
========================================
混合距离 (Hybrid Distance): 117379.96203402273
========================================
基于条目的错误减少率 (R-EDR): 0.3782602565910052
========================================
numeric: Index(['i_w_blo_weg', 'o_w_blo_power', 'o_w_blo_voltage', 'i_w_bhl_weg',
       'o_w_bhl_power', 'o_w_bhl_voltage', 'i_w_bhr_weg', 'o_w_bhr_power',
       'o_w_bhr_voltage', 'i_w_bru_weg', 'o_w_bru_power', 'o_w_bru_voltage',
       'i_w_hr_weg', 'o_w_hr_power', 'o_w_hr_voltage', 'i_w_hl_weg',
       'o_w_hl_power', 'o_w_hl_voltage', 'labels'],
      dtype='object')
categorical: (none)
列级平均RMSE (数值列, 归一化): 0.142445
  i_w_blo_weg: 0.126134
  o_w_blo_power: 0.152189
  o_w_blo_voltage: 0.139639
  i_w_bhl_weg: 0.135468
  o_w_bhl_power: 0.163951
  o_w_bhl_voltage: 0.173670
  i_w_bhr_weg: 0.163838
  o_w_bhr_power: 0.154830
  o_w_bhr_voltage: 0.151716
  i_w_bru_weg: 0.138860
  o_w_bru_power: 0.144908
  o_w_bru_voltage: 0.172110
  i_w_hr_weg: 0.186249
  o_w_hr_power: 0.133971
  o_w_hr_voltage: 0.114773
  i_w_hl_weg: 0.186109
  o_w_hl_power: 0.137867
  o_w_hl_voltage: 0.130167
  labels: 0.000000
列级平均F1: N/A (无类别列)
========================================

[2/5] 下游任务性能 (classification)
--------------------------------------------------
RF - Accuracy: 0.9719, F1: 0.9717, Precision: 0.9717, Recall: 0.9719
LR - Accuracy: 0.7704, F1: 0.6754, Precision: 0.6924, Recall: 0.7704
SVM - Accuracy: 0.7775, F1: 0.6878, Precision: 0.8036, Recall: 0.7775
KNN - Accuracy: 0.8198, F1: 0.8146, Precision: 0.8117, Recall: 0.8198
DT - Accuracy: 0.9552, F1: 0.9553, Precision: 0.9554, Recall: 0.9552
GB - Accuracy: 0.8050, F1: 0.7494, Precision: 0.8204, Recall: 0.8050

[3/5] 模型容忍度
--------------------------------------------------

容忍度计算结果:
  P_do_nothing (脏数据性能): 0.7484
  P_demand_clean (清洗后性能): 0.8357
  P_repair_all (完全修复性能): 0.9816
  先验容忍度 (Tolerance_prior): 1.1167
  后验容忍度 (Tolerance_post): 0.3744

[4/5] Snoopy上界评估
--------------------------------------------------
Snoopy模块可用，正在评估数据质量上界...
  脏数据上界: 0.7223
  清洗后上界: 0.7158
  干净数据上界: 0.7010
  上界提升比例: 0.3062

[5/5] 真值使用成本
--------------------------------------------------
  方法类型: Type 1 (全自动)
  实际真值使用: 0
  理想最小成本: 0
  总修改单元格: 30738
  正确修复: 0
  错误修复: 30738

======================================================================
测评完成，结果已保存到: results/simpleimputer/smartfactory_simpleimputer_vzekai/smartfactory_simpleimputer_vzekai_report.txt
======================================================================
