2026-01-29 21:03:00,814 - INFO - ============================================================
2026-01-29 21:03:00,814 - INFO - SimpleImputer 数据清洗 (mean)
2026-01-29 21:03:00,814 - INFO - ============================================================
2026-01-29 21:03:00,814 - INFO - 脏数据: Data/soilmoisture/dirty_index.csv
2026-01-29 21:03:00,814 - INFO - 干净数据: Data/soilmoisture/clean_index.csv
2026-01-29 21:03:00,814 - INFO - 任务名称: soilmoisture_simpleimputer_vzekai
2026-01-29 21:03:00,814 - INFO - 填充策略: mean
2026-01-29 21:03:00,814 - INFO - ------------------------------------------------------------
2026-01-29 21:03:01,429 - INFO - 修复后数据已保存: results/simpleimputer/soilmoisture_simpleimputer_vzekai/soilmoisture_simpleimputer_vzekai_cleaned.csv
2026-01-29 21:03:01,430 - INFO - ------------------------------------------------------------
2026-01-29 21:03:01,430 - INFO - 执行时间: 0.62 秒
2026-01-29 21:03:01,430 - INFO - 执行状态: 成功
2026-01-29 21:03:01,430 - INFO - 填充单元格数: 200
2026-01-29 21:03:01,430 - INFO - 真值使用成本: 0 (全自动)
2026-01-29 21:03:01,430 - INFO - 
2026-01-29 21:03:01,430 - INFO - ============================================================
2026-01-29 21:03:01,430 - INFO - 调用统一测评模块 getScoreML
2026-01-29 21:03:01,430 - INFO - ============================================================
2026-01-29 21:03:18.788988: W tensorflow/compiler/xla/stream_executor/platform/default/dso_loader.cc:64] Could not load dynamic library 'libnvinfer.so.7'; dlerror: libnvinfer.so.7: cannot open shared object file: No such file or directory
2026-01-29 21:03:18.789051: W tensorflow/compiler/xla/stream_executor/platform/default/dso_loader.cc:64] Could not load dynamic library 'libnvinfer_plugin.so.7'; dlerror: libnvinfer_plugin.so.7: cannot open shared object file: No such file or directory
2026-01-29 21:03:18.789058: W tensorflow/compiler/tf2tensorrt/utils/py_utils.cc:38] TF-TRT Warning: Cannot dlopen some TensorRT libraries. If you would like to use Nvidia GPU with TensorRT, please make sure the missing libraries mentioned above are installed properly.
[1;34m[21:03:19][0m[1;33m WARNING Snoopy may use all CPU cores! Set env. variable 'SNOOPY_LIMIT_CPU' to 'y' to limit CPU usage. [0m[1;34m(__init__ -> _init_tf_pytorch on MainThread)[0m
2026-01-29 21:03:19.340814: E tensorflow/compiler/xla/stream_executor/cuda/cuda_driver.cc:267] failed call to cuInit: CUDA_ERROR_NO_DEVICE: no CUDA-capable device is detected
2026-01-29 21:04:53,007 - INFO - 结果已保存到: results/simpleimputer/soilmoisture_simpleimputer_vzekai
2026-01-29 21:04:53,007 - INFO - 日志文件: results/simpleimputer/soilmoisture_simpleimputer_vzekai/soilmoisture_simpleimputer_vzekai.log
2026-01-29 21:04:53,007 - INFO - ============================================================
======================================================================
Clean4MLBaseline 统一测评 - soilmoisture_simpleimputer_vzekai
======================================================================

[1/5] 传统清洗指标
--------------------------------------------------
调试文件已保存到: results/simpleimputer/soilmoisture_simpleimputer_vzekai/debug
修复准确率: 0.0, 修复召回率: 0.0, F1值: 0.0
========================================
错误减少率 (EDR): 0.0
========================================
混合距离 (Hybrid Distance): 0.6511916925905736
========================================
基于条目的错误减少率 (R-EDR): 0.0
========================================
numeric: Index(['datetime', 'soil_temperature', '454', '458', '462', '466', '470',
       '474', '478', '482',
       ...
       '918', '922', '926', '930', '934', '938', '942', '946', '950',
       'soil_moisture'],
      dtype='object', length=128)
categorical: (none)
列级平均RMSE (数值列, 归一化): 2.164361
  datetime: 2.321468
  soil_temperature: 2.242505
  454: 2.393852
  458: 2.187795
  462: 2.138041
  466: 2.530154
  470: 2.269412
  474: 2.248614
  478: 2.102322
  482: 2.106098
  486: 2.355434
  490: 2.224362
  494: 2.019972
  498: 2.119439
  502: 2.204565
  506: 2.359721
  510: 2.247141
  514: 2.183693
  518: 2.373657
  522: 2.390527
  526: 2.010066
  530: 1.979704
  534: 2.071753
  538: 2.243031
  542: 2.070171
  546: 2.246363
  550: 2.116085
  554: 2.343233
  558: 2.221542
  562: 2.239449
  566: 2.193497
  570: 2.231050
  574: 2.116336
  578: 1.978783
  582: 2.060339
  586: 2.136392
  590: 2.313706
  594: 2.165081
  598: 2.123310
  602: 2.404614
  606: 2.333087
  610: 2.235585
  614: 2.208671
  618: 2.216046
  622: 2.226643
  626: 2.362744
  630: 2.184799
  634: 2.078284
  638: 1.978419
  642: 2.366462
  646: 2.221512
  650: 2.194255
  654: 2.151201
  658: 2.337562
  662: 2.032126
  666: 2.223880
  670: 2.256193
  674: 1.852152
  678: 1.971906
  682: 1.936519
  686: 2.286304
  690: 2.206254
  694: 2.363635
  698: 2.201868
  702: 2.214251
  706: 2.212691
  710: 2.135999
  714: 2.025049
  718: 2.067530
  722: 2.159293
  726: 2.161250
  730: 2.227030
  734: 2.240759
  738: 2.339936
  742: 2.382754
  746: 1.956797
  750: 1.976396
  754: 2.104229
  758: 2.201508
  762: 2.164000
  766: 2.351465
  770: 2.142033
  774: 2.098270
  778: 2.019204
  782: 2.276947
  786: 2.079727
  790: 2.180368
  794: 2.368967
  798: 2.269964
  802: 2.064292
  806: 2.082307
  810: 2.142715
  814: 2.163527
  818: 2.328543
  822: 2.129253
  826: 2.174379
  830: 1.938495
  834: 2.186229
  838: 2.278294
  842: 2.148800
  846: 2.250303
  850: 2.157720
  854: 2.256457
  858: 2.137181
  862: 2.250916
  866: 2.236660
  870: 2.086701
  874: 2.345684
  878: 2.112575
  882: 2.311855
  886: 2.134307
  890: 2.336224
  894: 2.151018
  898: 2.184277
  902: 1.924444
  906: 2.133375
  910: 2.180380
  914: 2.027296
  918: 2.197173
  922: 1.929785
  926: 2.214981
  930: 1.935570
  934: 2.096202
  938: 2.303686
  942: 2.123728
  946: 2.222512
  950: 2.094582
  soil_moisture: 0.000000
列级平均F1: N/A (无类别列)
========================================

[2/5] 下游任务性能 (regression)
--------------------------------------------------
RF - MSE: 2.8599, R2: 0.8003, MAE: 1.2007, RMSE: 1.6911
LR - MSE: 8.5871, R2: 0.4004, MAE: 2.2787, RMSE: 2.9304
RIDGE - MSE: 8.5731, R2: 0.4014, MAE: 2.2774, RMSE: 2.9280
LASSO - MSE: 11.3470, R2: 0.2078, MAE: 2.7326, RMSE: 3.3685
KNN - MSE: 6.8983, R2: 0.5184, MAE: 1.9387, RMSE: 2.6265
GB - MSE: 3.0395, R2: 0.7878, MAE: 1.2103, RMSE: 1.7434

[3/5] 模型容忍度
--------------------------------------------------

容忍度计算结果:
  P_do_nothing (脏数据性能): -4.8276
  P_demand_clean (清洗后性能): -3.3243
  P_repair_all (完全修复性能): -0.8688
  先验容忍度 (Tolerance_prior): 0.6886
  后验容忍度 (Tolerance_post): 0.3797

[4/5] Snoopy上界评估
--------------------------------------------------
Snoopy模块可用，正在评估数据质量上界...
  脏数据上界: 5.0025
  清洗后上界: 5.0985
  干净数据上界: 8.7752
  上界提升比例: 0.0255

[5/5] 真值使用成本
--------------------------------------------------
  方法类型: Type 1 (全自动)
  实际真值使用: 0
  理想最小成本: 0
  总修改单元格: 200
  正确修复: 0
  错误修复: 200

======================================================================
测评完成，结果已保存到: results/simpleimputer/soilmoisture_simpleimputer_vzekai/soilmoisture_simpleimputer_vzekai_report.txt
======================================================================
