2026-01-29 19:52:03,940 - INFO - ============================================================
2026-01-29 19:52:03,940 - INFO - SimpleImputer 数据清洗 (mean)
2026-01-29 19:52:03,940 - INFO - ============================================================
2026-01-29 19:52:03,940 - INFO - 脏数据: Data/bike/dirty_index.csv
2026-01-29 19:52:03,940 - INFO - 干净数据: Data/bike/clean_index.csv
2026-01-29 19:52:03,940 - INFO - 任务名称: bike_simpleimputer_vzekai
2026-01-29 19:52:03,940 - INFO - 填充策略: mean
2026-01-29 19:52:03,940 - INFO - ------------------------------------------------------------
2026-01-29 19:52:04,147 - INFO - 修复后数据已保存: results/simpleimputer/bike_simpleimputer_vzekai/bike_simpleimputer_vzekai_cleaned.csv
2026-01-29 19:52:04,147 - INFO - ------------------------------------------------------------
2026-01-29 19:52:04,147 - INFO - 执行时间: 0.21 秒
2026-01-29 19:52:04,147 - INFO - 执行状态: 成功
2026-01-29 19:52:04,147 - INFO - 填充单元格数: 0
2026-01-29 19:52:04,147 - INFO - 真值使用成本: 0 (全自动)
2026-01-29 19:52:04,147 - INFO - 
2026-01-29 19:52:04,147 - INFO - ============================================================
2026-01-29 19:52:04,147 - INFO - 调用统一测评模块 getScoreML
2026-01-29 19:52:04,147 - INFO - ============================================================
2026-01-29 19:57:24,886 - INFO - 结果已保存到: results/simpleimputer/bike_simpleimputer_vzekai
2026-01-29 19:57:24,886 - INFO - 日志文件: results/simpleimputer/bike_simpleimputer_vzekai/bike_simpleimputer_vzekai.log
2026-01-29 19:57:24,886 - INFO - ============================================================
