运行开始时间: 2026-04-08 02:47:22
============================================================
UniClean 数据清洗
============================================================
脏数据: Data/mercedes/dirty_index.csv
数据集: mercedes
任务名称: mercedes_uniclean_vzekai
------------------------------------------------------------
从规则文件加载清洗器: Data/mercedes/rules.txt
成功加载 10 个清洗器
------------------------------------------------------------
执行时间: 64.74 秒
执行状态: 成功
清洗器数量: 10
真值使用成本: 0 (全自动)

============================================================
调用统一测评模块 getScoreML
============================================================

结果已保存到: results/uniclean/mercedes_uniclean_vzekai
============================================================
