[2026-02-22 07:16:26,288] INFO - demandclean: ==================================================
[2026-02-22 07:16:26,288] INFO - demandclean: DemandClean 训练开始
[2026-02-22 07:16:26,288] INFO - demandclean:   检测器模式: oracle
[2026-02-22 07:16:26,288] INFO - demandclean:   训练模式: clean_base
[2026-02-22 07:16:26,288] INFO - demandclean:   Agent类型: single
[2026-02-22 07:16:26,288] INFO - demandclean:   推理模式: single_phase
[2026-02-22 07:16:26,288] INFO - demandclean:   FD规则: 0
[2026-02-22 07:16:26,288] INFO - demandclean:   丰富规则: 有
[2026-02-22 07:16:26,288] INFO - demandclean: ==================================================
[2026-02-22 07:16:26,288] INFO - demandclean: 
[Step 1] 初始化错误检测器...
[2026-02-22 07:16:26,288] INFO - demandclean: 
[Step 2] 训练 DQN Agent...
[2026-02-22 07:16:26,288] INFO - demandclean: 开始训练 (single Agent, mode=clean_base)
[2026-02-22 07:16:26,288] INFO - demandclean:   任务类型: classification
[2026-02-22 07:16:26,288] INFO - demandclean:   模型类型: random_forest
[2026-02-22 07:16:26,288] INFO - demandclean:   原始数据: 23645 行
[2026-02-22 07:16:26,289] INFO - demandclean:   基准数据: 16552 行
[2026-02-22 07:16:26,849] INFO - demandclean:   ErrorInjector: rich_rules=True, domain=18, cfd=0, fd=0
[2026-02-22 07:16:26,849] INFO - demandclean:   开始训练 DQN (50 episodes)...
[2026-02-22 07:32:58,073] INFO - demandclean:   Episode 50/50: Score=0.9859, Best=0.9923, Eps=0.778
[2026-02-22 07:32:58,074] INFO - demandclean:     Actions: {'no_action': 784, 'repair_value': 862, 'delete': 1700, 'replace_nearby': 807}
[2026-02-22 07:32:58,074] INFO - demandclean: 
已恢复最佳模型权重 (Episode 33, Score=0.9923, Cost=759)
[2026-02-22 07:32:58,074] INFO - demandclean: 
训练完成! 最佳分数: 0.9923
[2026-02-22 07:32:58,075] INFO - demandclean:   最佳动作分布: {'no_action': 765, 'repair_value': 759, 'delete': 749, 'replace_nearby': 1344}
[2026-02-22 07:32:58,076] INFO - demandclean: 
训练完成!
[2026-02-22 07:32:58,079] INFO - demandclean: 模型已保存: /Users/qianzekai/PycharmProjects/TolerDM/results/demandclean/smartfactory/v3_oracle_plain_single/model/v3_oracle_plain_single_agent.pt
[2026-02-22 07:32:58,080] INFO - demandclean: 
==================================================
[2026-02-22 07:32:58,080] INFO - demandclean: 单阶段推理
[2026-02-22 07:32:58,080] INFO - demandclean: ==================================================
