2026-01-29 19:51:07,644 - INFO - ============================================================
2026-01-29 19:51:07,644 - INFO - RepairAll Baseline (完美修复)
2026-01-29 19:51:07,645 - INFO - ============================================================
2026-01-29 19:51:07,645 - INFO - 脏数据: Data/beers/dirty_index.csv
2026-01-29 19:51:07,645 - INFO - 干净数据: Data/beers/clean_index.csv
2026-01-29 19:51:07,645 - INFO - 任务名称: beers_repairall_vzekai
2026-01-29 19:51:07,645 - INFO - ------------------------------------------------------------
2026-01-29 19:51:07,989 - INFO - 输出数据已保存: results/repairall/beers_repairall_vzekai/beers_repairall_vzekai_cleaned.csv
2026-01-29 19:51:07,989 - INFO - 原始行数: 2410
2026-01-29 19:51:07,989 - INFO - 修复单元格数: 3358
2026-01-29 19:51:07,989 - INFO - ------------------------------------------------------------
2026-01-29 19:51:07,989 - INFO - 执行时间: 0.34 秒
2026-01-29 19:51:07,989 - INFO - 执行状态: 成功
2026-01-29 19:51:07,989 - INFO - 真值使用成本: 3358
2026-01-29 19:51:07,989 - INFO - 
2026-01-29 19:51:07,989 - INFO - ============================================================
2026-01-29 19:51:07,989 - INFO - 调用统一测评模块 getScoreML
2026-01-29 19:51:07,989 - INFO - ============================================================
2026-01-29 19:52:24,717 - INFO - 结果已保存到: results/repairall/beers_repairall_vzekai
2026-01-29 19:52:24,717 - INFO - 日志文件: results/repairall/beers_repairall_vzekai/beers_repairall_vzekai.log
2026-01-29 19:52:24,717 - INFO - ============================================================
