2026-01-29 19:52:25,577 - INFO - ============================================================
2026-01-29 19:52:25,577 - INFO - RepairAll Baseline (完美修复)
2026-01-29 19:52:25,577 - INFO - ============================================================
2026-01-29 19:52:25,577 - INFO - 脏数据: Data/bike/dirty_index.csv
2026-01-29 19:52:25,577 - INFO - 干净数据: Data/bike/clean_index.csv
2026-01-29 19:52:25,577 - INFO - 任务名称: bike_repairall_vzekai
2026-01-29 19:52:25,577 - INFO - ------------------------------------------------------------
2026-01-29 19:52:29,721 - INFO - 输出数据已保存: results/repairall/bike_repairall_vzekai/bike_repairall_vzekai_cleaned.csv
2026-01-29 19:52:29,721 - INFO - 原始行数: 17379
2026-01-29 19:52:29,721 - INFO - 修复单元格数: 189097
2026-01-29 19:52:29,721 - INFO - ------------------------------------------------------------
2026-01-29 19:52:29,721 - INFO - 执行时间: 4.14 秒
2026-01-29 19:52:29,721 - INFO - 执行状态: 成功
2026-01-29 19:52:29,721 - INFO - 真值使用成本: 189097
2026-01-29 19:52:29,721 - INFO - 
2026-01-29 19:52:29,721 - INFO - ============================================================
2026-01-29 19:52:29,721 - INFO - 调用统一测评模块 getScoreML
2026-01-29 19:52:29,722 - INFO - ============================================================
2026-01-29 19:58:02,072 - INFO - 结果已保存到: results/repairall/bike_repairall_vzekai
2026-01-29 19:58:02,072 - INFO - 日志文件: results/repairall/bike_repairall_vzekai/bike_repairall_vzekai.log
2026-01-29 19:58:02,072 - INFO - ============================================================
