============================================================
HoloClean 数据清洗
============================================================
脏数据: Data/beers/dirty_index.csv
约束文件: Data/beers/rules.txt
任务名称: beers_holoclean_vzekai
数据库: holo
------------------------------------------------------------
Step 1: 统一缺失值标记...
Step 2: 移除索引列...
Step 3: 转换clean数据为HoloClean格式...
Step 4: 初始化HoloClean...
Step 5: 加载数据到HoloClean...
Step 6: 加载约束规则...
解析到 4 条DC规则
Step 7: 检测错误...
Step 8: 设置域...
Step 9: 特征提取...
Step 10: 修复错误...
Step 11: 保存修复结果...
修复后数据已保存: results/holoclean/beers_holoclean_vzekai/beers_holoclean_vzekai_cleaned.csv
------------------------------------------------------------
执行时间: 148.46 秒
执行状态: 成功
真值使用成本: 0 (全自动)

============================================================
调用统一测评模块 getScoreML
============================================================

结果已保存到: results/holoclean/beers_holoclean_vzekai
============================================================
