2026-01-29 19:38:42,962 - INFO - ============================================================
2026-01-29 19:38:42,962 - INFO - SimpleImputer 数据清洗 (mean)
2026-01-29 19:38:42,962 - INFO - ============================================================
2026-01-29 19:38:42,962 - INFO - 脏数据: Data/adult/dirty_index.csv
2026-01-29 19:38:42,962 - INFO - 干净数据: Data/adult/clean_index.csv
2026-01-29 19:38:42,962 - INFO - 任务名称: adult_simpleimputer_vzekai
2026-01-29 19:38:42,962 - INFO - 填充策略: mean
2026-01-29 19:38:42,962 - INFO - ------------------------------------------------------------
2026-01-29 19:38:44,240 - INFO - 修复后数据已保存: results/simpleimputer/adult_simpleimputer_vzekai/adult_simpleimputer_vzekai_cleaned.csv
2026-01-29 19:38:44,240 - INFO - ------------------------------------------------------------
2026-01-29 19:38:44,240 - INFO - 执行时间: 1.28 秒
2026-01-29 19:38:44,240 - INFO - 执行状态: 成功
2026-01-29 19:38:44,241 - INFO - 填充单元格数: 0
2026-01-29 19:38:44,241 - INFO - 真值使用成本: 0 (全自动)
2026-01-29 19:38:44,241 - INFO - 
2026-01-29 19:38:44,241 - INFO - ============================================================
2026-01-29 19:38:44,241 - INFO - 调用统一测评模块 getScoreML
2026-01-29 19:38:44,241 - INFO - ============================================================
2026-01-29 19:50:41,092 - INFO - 结果已保存到: results/simpleimputer/adult_simpleimputer_vzekai
2026-01-29 19:50:41,092 - INFO - 日志文件: results/simpleimputer/adult_simpleimputer_vzekai/adult_simpleimputer_vzekai.log
2026-01-29 19:50:41,092 - INFO - ============================================================
