============================================================
Lopster 数据清洗
============================================================
数据集: smartfactory
数据路径: Data
任务名称: smartfactory_lopster_vzekai
潜在维度: 120
训练轮数: 100
------------------------------------------------------------

准备 Lopster 数据格式（输出到 results 目录，不修改原始数据）...
  源文件: clean_index.csv, dirty_index.csv
  Lopster 数据目录: /home/qianzekai/Clean4MLBaseline/results/lopster/smartfactory_lopster_vzekai/lopster_data/smartfactory

生成 Lopster 训练数据 (无 index):
  - 移除 index 列
  - 保存到: /home/qianzekai/Clean4MLBaseline/results/lopster/smartfactory_lopster_vzekai/lopster_data/smartfactory/clean.csv
  - 形状: (23645, 20) → (23645, 19)

生成 Lopster 清洗数据 (无 index):
  - 移除 index 列
  - 转换为数值列: ['i_w_blo_weg', 'o_w_blo_power', 'o_w_blo_voltage', 'i_w_bhl_weg', 'o_w_bhl_power', 'o_w_bhl_voltage', 'i_w_bhr_weg', 'o_w_bhr_power', 'o_w_bhr_voltage', 'i_w_bru_weg', 'o_w_bru_power', 'o_w_bru_voltage', 'i_w_hr_weg', 'o_w_hr_power', 'o_w_hr_voltage', 'i_w_hl_weg', 'o_w_hl_power', 'o_w_hl_voltage']
  - 保存到: /home/qianzekai/Clean4MLBaseline/results/lopster/smartfactory_lopster_vzekai/lopster_data/smartfactory/dirty01.csv
  - 形状: (23645, 20) → (23645, 19)

生成测评用数据 (带 index，编码后):
  - clean_encoded.csv: /home/qianzekai/Clean4MLBaseline/results/lopster/smartfactory_lopster_vzekai/clean_encoded.csv
  - dirty_encoded.csv: /home/qianzekai/Clean4MLBaseline/results/lopster/smartfactory_lopster_vzekai/dirty_encoded.csv

Lopster 数据准备完成!

使用预处理数据: /home/qianzekai/Clean4MLBaseline/results/lopster/smartfactory_lopster_vzekai/lopster_data/smartfactory
------------------------------------------------------------
执行时间: 391.73 秒
执行状态: 成功
真值使用成本: 23645 行 (用于训练VAE)

后处理 Lopster 输出...
  Lopster 输出行数: 23645
  原始数据行数: 23645
  还原 index 列
  最终列顺序: ['index', 'i_w_blo_weg', 'o_w_blo_power', 'o_w_blo_voltage', 'i_w_bhl_weg', 'o_w_bhl_power', 'o_w_bhl_voltage', 'i_w_bhr_weg', 'o_w_bhr_power', 'o_w_bhr_voltage', 'i_w_bru_weg', 'o_w_bru_power', 'o_w_bru_voltage', 'i_w_hr_weg', 'o_w_hr_power', 'o_w_hr_voltage', 'i_w_hl_weg', 'o_w_hl_power', 'o_w_hl_voltage', 'labels']
  保存到: /home/qianzekai/Clean4MLBaseline/results/lopster/smartfactory_lopster_vzekai/smartfactory_lopster_vzekai_cleaned.csv
  最终行数: 23645

============================================================
调用统一测评模块 getScoreML
============================================================
使用编码后的数据进行测评（确保格式一致）:
  - dirty: /home/qianzekai/Clean4MLBaseline/results/lopster/smartfactory_lopster_vzekai/dirty_encoded.csv
  - cleaned: /home/qianzekai/Clean4MLBaseline/results/lopster/smartfactory_lopster_vzekai/smartfactory_lopster_vzekai_cleaned.csv
  - clean: /home/qianzekai/Clean4MLBaseline/results/lopster/smartfactory_lopster_vzekai/clean_encoded.csv

结果已保存到: /home/qianzekai/Clean4MLBaseline/results/lopster/smartfactory_lopster_vzekai
============================================================
