Preprocessing missing values...
============================================================
Running CtxPipe with dirty file: Data/beers/dirty_index.csv
Task name: beers_ctxpipe_vzekai
Model tag: ctx_50000
============================================================


CtxPipe output saved to: results/ctxpipe/beers_ctxpipe_vzekai/beers_ctxpipe_vzekai_cleaned.csv
Pipeline info saved to: results/ctxpipe/beers_ctxpipe_vzekai/beers_ctxpipe_vzekai_pipeline_info.txt

============================================================
CtxPipe Results:
============================================================
AI Sequence: ['ImputerNumMode', 'ImputerCatMode', 'LabelEncoder', 'blank', 'PowerTransformer', 'RandomTreesEmbedding']
ML Score: -1.0000
Execution Time: 6.54 seconds
============================================================

============================================================
Traditional Data Cleaning Evaluation
Note: CtxPipe is designed for ML data preparation,
      traditional cleaning metrics may not be applicable.
============================================================

Traditional Evaluation Results:
Accuracy: 0.014178482068390326
Recall: 0.005062537224538415
F1 Score: 0.007461048896926526
EDR: -0.3141751042287076
Hybrid Distance: 0.07832626409269439
R-EDR: 0.0
Time: 6.54s
Speed: 0.2714 seconds/100num

============================================================
调用统一测评模块 getScoreML
============================================================

getScoreML统一测评完成

============================================================
CtxPipe finished successfully!
Results saved to: results/ctxpipe/beers_ctxpipe_vzekai
============================================================

