2026-01-29 21:03:00,814 - INFO - ============================================================
2026-01-29 21:03:00,814 - INFO - SimpleImputer 数据清洗 (mean)
2026-01-29 21:03:00,814 - INFO - ============================================================
2026-01-29 21:03:00,814 - INFO - 脏数据: Data/soilmoisture/dirty_index.csv
2026-01-29 21:03:00,814 - INFO - 干净数据: Data/soilmoisture/clean_index.csv
2026-01-29 21:03:00,814 - INFO - 任务名称: soilmoisture_simpleimputer_vzekai
2026-01-29 21:03:00,814 - INFO - 填充策略: mean
2026-01-29 21:03:00,814 - INFO - ------------------------------------------------------------
2026-01-29 21:03:01,429 - INFO - 修复后数据已保存: results/simpleimputer/soilmoisture_simpleimputer_vzekai/soilmoisture_simpleimputer_vzekai_cleaned.csv
2026-01-29 21:03:01,430 - INFO - ------------------------------------------------------------
2026-01-29 21:03:01,430 - INFO - 执行时间: 0.62 秒
2026-01-29 21:03:01,430 - INFO - 执行状态: 成功
2026-01-29 21:03:01,430 - INFO - 填充单元格数: 200
2026-01-29 21:03:01,430 - INFO - 真值使用成本: 0 (全自动)
2026-01-29 21:03:01,430 - INFO - 
2026-01-29 21:03:01,430 - INFO - ============================================================
2026-01-29 21:03:01,430 - INFO - 调用统一测评模块 getScoreML
2026-01-29 21:03:01,430 - INFO - ============================================================
2026-01-29 21:04:53,007 - INFO - 结果已保存到: results/simpleimputer/soilmoisture_simpleimputer_vzekai
2026-01-29 21:04:53,007 - INFO - 日志文件: results/simpleimputer/soilmoisture_simpleimputer_vzekai/soilmoisture_simpleimputer_vzekai.log
2026-01-29 21:04:53,007 - INFO - ============================================================
