运行开始时间: 2026-02-04 12:20:31
============================================================
HoloClean 数据清洗
============================================================
脏数据: Data/smartfactory/dirty_index.csv
约束文件: Data/smartfactory/rules.txt
任务名称: smartfactory_holoclean_vzekai
数据库: holo
列拆分阈值: 40
行拆分阈值: 5000
------------------------------------------------------------
加载 0 条DC规则
数据集规模: 23645 行 × 20 列 (449255 cells)
行数 (23645) 超过阈值 (5000)，启用行拆分
行拆分模式: 23645 行，拆分为每组最多 5000 行
拆分为 5 个子集
  行子集 0/5: 行 0~5000 (5000 行)
  行子集 0 完成
  行子集 1/5: 行 5000~10000 (5000 行)
  行子集 1 完成
  行子集 2/5: 行 10000~15000 (5000 行)
  行子集 2 完成
  行子集 3/5: 行 15000~20000 (5000 行)
  行子集 3 完成
  行子集 4/5: 行 20000~23645 (3645 行)
  行子集 4 完成
合并所有行子集...
合并结果已保存: results/holoclean/smartfactory_holoclean_vzekai/smartfactory_holoclean_vzekai_cleaned.csv
------------------------------------------------------------
执行时间: 11119.21 秒
执行状态: 成功
真值使用成本: 0 (全自动)

============================================================
调用统一测评模块 getScoreML
============================================================

结果已保存到: results/holoclean/smartfactory_holoclean_vzekai
============================================================
