运行开始时间: 2026-04-08 02:36:50
============================================================
UniClean 数据清洗
============================================================
脏数据: Data/adult/dirty_index.csv
数据集: adult
任务名称: adult_uniclean_vzekai
------------------------------------------------------------
从规则文件加载清洗器: Data/adult/rules.txt
成功加载 6 个清洗器
26/04/08 02:36:52 WARN Utils: Your hostname, user-NF5280M6 resolves to a loopback address: 127.0.1.1; using 192.168.31.8 instead (on interface ens1f0np0)
26/04/08 02:36:52 WARN Utils: Set SPARK_LOCAL_IP if you need to bind to another address
26/04/08 02:37:12 WARN NativeCodeLoader: Unable to load native-hadoop library for your platform... using builtin-java classes where applicable
Using Spark's default log4j profile: org/apache/spark/log4j-defaults.properties
Setting default log level to "WARN".
To adjust logging level use sc.setLogLevel(newLevel). For SparkR, use setLogLevel(newLevel).
[Stage 0:===========================================================(1 + 0) / 1]                                                                                WARNING:root:No partitioning rule specified, processing might be slow
WARNING:root:No partitioning rule specified, processing might be slow
WARNING:root:No partitioning rule specified, processing might be slow
WARNING:root:No partitioning rule specified, processing might be slow
WARNING:root:No partitioning rule specified, processing might be slow
WARNING:root:No partitioning rule specified, processing might be slow
------------------------------------------------------------
INFO:adult_uniclean_vzekai:------------------------------------------------------------
执行时间: 33.03 秒
INFO:adult_uniclean_vzekai:执行时间: 33.03 秒
执行状态: 成功
INFO:adult_uniclean_vzekai:执行状态: 成功
清洗器数量: 6
INFO:adult_uniclean_vzekai:清洗器数量: 6
真值使用成本: 0 (全自动)
INFO:adult_uniclean_vzekai:真值使用成本: 0 (全自动)

============================================================
INFO:adult_uniclean_vzekai:
============================================================
调用统一测评模块 getScoreML
INFO:adult_uniclean_vzekai:调用统一测评模块 getScoreML
============================================================
INFO:adult_uniclean_vzekai:============================================================
2026-04-08 02:39:05.934350: W tensorflow/compiler/xla/stream_executor/platform/default/dso_loader.cc:64] Could not load dynamic library 'libnvinfer.so.7'; dlerror: libnvinfer.so.7: cannot open shared object file: No such file or directory
2026-04-08 02:39:05.934422: W tensorflow/compiler/xla/stream_executor/platform/default/dso_loader.cc:64] Could not load dynamic library 'libnvinfer_plugin.so.7'; dlerror: libnvinfer_plugin.so.7: cannot open shared object file: No such file or directory
2026-04-08 02:39:05.934429: W tensorflow/compiler/tf2tensorrt/utils/py_utils.cc:38] TF-TRT Warning: Cannot dlopen some TensorRT libraries. If you would like to use Nvidia GPU with TensorRT, please make sure the missing libraries mentioned above are installed properly.
[1;34m[02:39:06][0m[1;33m WARNING Snoopy may use all CPU cores! Set env. variable 'SNOOPY_LIMIT_CPU' to 'y' to limit CPU usage. [0m[1;34m(__init__ -> _init_tf_pytorch on MainThread)[0m
2026-04-08 02:39:06.456860: E tensorflow/compiler/xla/stream_executor/cuda/cuda_driver.cc:267] failed call to cuInit: CUDA_ERROR_NO_DEVICE: no CUDA-capable device is detected

结果已保存到: results/uniclean/adult_uniclean_vzekai
INFO:adult_uniclean_vzekai:
结果已保存到: results/uniclean/adult_uniclean_vzekai
============================================================
INFO:adult_uniclean_vzekai:============================================================
UniClean开始清洗，数据量: 45222
清洗器数量: 6
初始化清洗器和分析依赖关系...
处理单属性清洗算子：
处理单属性清洗算子：[Number:(domain=age, format=[-inf, inf])]
开始清洗属性 age 的数据
属性 age 的数据大小: 74
属性 age 没有可应用的清洗规则。
对属性 age 执行 Spark cast(double) 类型转换
处理单属性清洗算子：[Number:(domain=fnlwgt, format=[-inf, inf])]
开始清洗属性 fnlwgt 的数据
属性 fnlwgt 的数据大小: 26741
属性 fnlwgt 没有可应用的清洗规则。
对属性 fnlwgt 执行 Spark cast(double) 类型转换
处理单属性清洗算子：[Number:(domain=educational_num, format=[-inf, inf])]
开始清洗属性 educational_num 的数据
属性 educational_num 的数据大小: 16
属性 educational_num 没有可应用的清洗规则。
对属性 educational_num 执行 Spark cast(double) 类型转换
处理单属性清洗算子：[Number:(domain=capital_gain, format=[-inf, inf])]
开始清洗属性 capital_gain 的数据
属性 capital_gain 的数据大小: 121
属性 capital_gain 没有可应用的清洗规则。
对属性 capital_gain 执行 Spark cast(double) 类型转换
处理单属性清洗算子：[Number:(domain=capital_loss, format=[-inf, inf])]
开始清洗属性 capital_loss 的数据
属性 capital_loss 的数据大小: 97
属性 capital_loss 没有可应用的清洗规则。
对属性 capital_loss 执行 Spark cast(double) 类型转换
处理单属性清洗算子：[Number:(domain=hours_per_week, format=[-inf, inf])]
开始清洗属性 hours_per_week 的数据
属性 hours_per_week 的数据大小: 96
属性 hours_per_week 没有可应用的清洗规则。
对属性 hours_per_week 执行 Spark cast(double) 类型转换
执行层级和目标模型分类...
执行层级 (并行组): []
目标模型分类: {}

清洗规则溯源分析:

清洗流程展示:
======================================================================
Clean4MLBaseline 统一测评 - adult_uniclean_vzekai
======================================================================

[1/5] 传统清洗指标
--------------------------------------------------
差异文件已保存到: results/uniclean/adult_uniclean_vzekai/debug
修复错误数据文件已保存到: results/uniclean/adult_uniclean_vzekai/debug/adult_uniclean_vzekai_repair_errors.csv
未修复但是应该修复数据文件已保存到: results/uniclean/adult_uniclean_vzekai/debug/adult_uniclean_vzekai_unrepaired.csv
修复准确率: 0, 修复召回率: 0.0, F1值: 0.0
========================================
EDR 结果已保存到: results/uniclean/adult_uniclean_vzekai/adult_uniclean_vzekai_edr_evaluation.txt
错误减少率 (EDR): 0.0
========================================
混合距离结果已保存到: results/uniclean/adult_uniclean_vzekai/adult_uniclean_vzekai_hybrid_distance_evaluation.txt
混合距离 (Hybrid Distance): 0.0028402711481079965
========================================
R-EDR 结果已保存到: results/uniclean/adult_uniclean_vzekai/adult_uniclean_vzekai_record_based_edr_evaluation.txt
基于条目的错误减少率 (R-EDR): 0.0
========================================

[2/5] 下游任务性能 (classification)
--------------------------------------------------
RF - Accuracy: 0.8494, F1: 0.8473, Precision: 0.8460, Recall: 0.8494
LR - Accuracy: 0.8222, F1: 0.8093, Precision: 0.8106, Recall: 0.8222
SVM - Accuracy: 0.8491, F1: 0.8419, Precision: 0.8420, Recall: 0.8491
KNN - Accuracy: 0.8190, F1: 0.8180, Precision: 0.8172, Recall: 0.8190
DT - Accuracy: 0.7686, F1: 0.7755, Precision: 0.7863, Recall: 0.7686
GB - Accuracy: 0.8663, F1: 0.8608, Precision: 0.8612, Recall: 0.8663

[3/5] 模型容忍度
--------------------------------------------------

容忍度计算结果:
  P_do_nothing (脏数据性能): 0.8505
  P_demand_clean (清洗后性能): 0.8505
  P_repair_all (完全修复性能): 0.8543
  先验容忍度 (Tolerance_prior): 1.0000
  后验容忍度 (Tolerance_post): 0.0000

[4/5] Snoopy上界评估
--------------------------------------------------
Snoopy模块可用，正在评估数据质量上界...
  脏数据上界: 0.8184
  清洗后上界: 0.8184
  干净数据上界: 0.8523
  上界提升比例: 0.0000

[5/5] 真值使用成本
--------------------------------------------------
  方法类型: Type 1 (全自动)
  实际真值使用: 0
  理想最小成本: 0
  总修改单元格: 271332
  正确修复: 0
  错误修复: 271332

======================================================================
测评完成，结果已保存到: results/uniclean/adult_uniclean_vzekai/adult_uniclean_vzekai_report.txt
======================================================================
