============================================================
UniClean 数据清洗
============================================================
脏数据: Data/breast_cancer/dirty_index.csv
数据集: breast_cancer
任务名称: breast_cancer_uniclean_vzekai
------------------------------------------------------------
从规则文件加载清洗器: Data/breast_cancer/rules.txt
成功加载 9 个清洗器
26/01/31 06:10:05 WARN Utils: Your hostname, user-NF5280M6 resolves to a loopback address: 127.0.1.1; using 192.168.31.8 instead (on interface ens1f0np0)
26/01/31 06:10:05 WARN Utils: Set SPARK_LOCAL_IP if you need to bind to another address
26/01/31 06:10:15 WARN NativeCodeLoader: Unable to load native-hadoop library for your platform... using builtin-java classes where applicable
Using Spark's default log4j profile: org/apache/spark/log4j-defaults.properties
Setting default log level to "WARN".
To adjust logging level use sc.setLogLevel(newLevel). For SparkR, use setLogLevel(newLevel).
[Stage 0:===========================================================(1 + 0) / 1]                                                                                WARNING:root:No partitioning rule specified, processing might be slow
WARNING:root:No partitioning rule specified, processing might be slow
WARNING:root:No partitioning rule specified, processing might be slow
WARNING:root:No partitioning rule specified, processing might be slow
WARNING:root:No partitioning rule specified, processing might be slow
WARNING:root:No partitioning rule specified, processing might be slow
WARNING:root:No partitioning rule specified, processing might be slow
WARNING:root:No partitioning rule specified, processing might be slow
WARNING:root:No partitioning rule specified, processing might be slow
------------------------------------------------------------
INFO:breast_cancer_uniclean_vzekai:------------------------------------------------------------
执行时间: 24.84 秒
INFO:breast_cancer_uniclean_vzekai:执行时间: 24.84 秒
执行状态: 成功
INFO:breast_cancer_uniclean_vzekai:执行状态: 成功
清洗器数量: 9
INFO:breast_cancer_uniclean_vzekai:清洗器数量: 9
真值使用成本: 0 (全自动)
INFO:breast_cancer_uniclean_vzekai:真值使用成本: 0 (全自动)

============================================================
INFO:breast_cancer_uniclean_vzekai:
============================================================
调用统一测评模块 getScoreML
INFO:breast_cancer_uniclean_vzekai:调用统一测评模块 getScoreML
============================================================
INFO:breast_cancer_uniclean_vzekai:============================================================
2026-01-31 06:10:30.878215: W tensorflow/compiler/xla/stream_executor/platform/default/dso_loader.cc:64] Could not load dynamic library 'libnvinfer.so.7'; dlerror: libnvinfer.so.7: cannot open shared object file: No such file or directory
2026-01-31 06:10:30.878281: W tensorflow/compiler/xla/stream_executor/platform/default/dso_loader.cc:64] Could not load dynamic library 'libnvinfer_plugin.so.7'; dlerror: libnvinfer_plugin.so.7: cannot open shared object file: No such file or directory
2026-01-31 06:10:30.878287: W tensorflow/compiler/tf2tensorrt/utils/py_utils.cc:38] TF-TRT Warning: Cannot dlopen some TensorRT libraries. If you would like to use Nvidia GPU with TensorRT, please make sure the missing libraries mentioned above are installed properly.
[1;34m[06:10:31][0m[1;33m WARNING Snoopy may use all CPU cores! Set env. variable 'SNOOPY_LIMIT_CPU' to 'y' to limit CPU usage. [0m[1;34m(__init__ -> _init_tf_pytorch on MainThread)[0m
2026-01-31 06:10:31.433485: E tensorflow/compiler/xla/stream_executor/cuda/cuda_driver.cc:267] failed call to cuInit: CUDA_ERROR_NO_DEVICE: no CUDA-capable device is detected

结果已保存到: results/uniclean/breast_cancer_uniclean_vzekai
INFO:breast_cancer_uniclean_vzekai:
结果已保存到: results/uniclean/breast_cancer_uniclean_vzekai
============================================================
INFO:breast_cancer_uniclean_vzekai:============================================================
UniClean开始清洗，数据量: 699
清洗器数量: 9
初始化清洗器和分析依赖关系...
处理单属性清洗算子：
处理单属性清洗算子：[Number:(domain=Clump Thickness, format=[-inf, inf])]
开始清洗属性 Clump Thickness 的数据
属性 Clump Thickness 的数据大小: 20
应用 Clump Thickness 的清洗规则，编辑规则数量: 19
读入数据大小：699
处理了 19 条规则，更新数据...
所有编辑规则已更新完成
处理单属性清洗算子：[Number:(domain=Uniformity of Cell Size, format=[-inf, inf])]
开始清洗属性 Uniformity of Cell Size 的数据
属性 Uniformity of Cell Size 的数据大小: 16
应用 Uniformity of Cell Size 的清洗规则，编辑规则数量: 15
读入数据大小：699
处理了 15 条规则，更新数据...
所有编辑规则已更新完成
处理单属性清洗算子：[Number:(domain=Uniformity of Cell Shape, format=[-inf, inf])]
开始清洗属性 Uniformity of Cell Shape 的数据
属性 Uniformity of Cell Shape 的数据大小: 16
应用 Uniformity of Cell Shape 的清洗规则，编辑规则数量: 15
读入数据大小：699
处理了 15 条规则，更新数据...
所有编辑规则已更新完成
处理单属性清洗算子：[Number:(domain=Marginal Adhesion, format=[-inf, inf])]
开始清洗属性 Marginal Adhesion 的数据
属性 Marginal Adhesion 的数据大小: 14
应用 Marginal Adhesion 的清洗规则，编辑规则数量: 13
读入数据大小：699
处理了 13 条规则，更新数据...
所有编辑规则已更新完成
处理单属性清洗算子：[Number:(domain=Single Epithelial Cell Size, format=[-inf, inf])]
开始清洗属性 Single Epithelial Cell Size 的数据
属性 Single Epithelial Cell Size 的数据大小: 15
应用 Single Epithelial Cell Size 的清洗规则，编辑规则数量: 14
读入数据大小：699
处理了 14 条规则，更新数据...
所有编辑规则已更新完成
处理单属性清洗算子：[Number:(domain=Bare Nuclei, format=[-inf, inf])]
开始清洗属性 Bare Nuclei 的数据
属性 Bare Nuclei 的数据大小: 18
应用 Bare Nuclei 的清洗规则，编辑规则数量: 15
读入数据大小：699
处理了 15 条规则，更新数据...
所有编辑规则已更新完成
处理单属性清洗算子：[Number:(domain=Bland Chromatin, format=[-inf, inf])]
开始清洗属性 Bland Chromatin 的数据
属性 Bland Chromatin 的数据大小: 17
应用 Bland Chromatin 的清洗规则，编辑规则数量: 16
读入数据大小：699
处理了 16 条规则，更新数据...
所有编辑规则已更新完成
处理单属性清洗算子：[Number:(domain=Normal Nucleoli, format=[-inf, inf])]
开始清洗属性 Normal Nucleoli 的数据
属性 Normal Nucleoli 的数据大小: 16
应用 Normal Nucleoli 的清洗规则，编辑规则数量: 15
读入数据大小：699
处理了 15 条规则，更新数据...
所有编辑规则已更新完成
处理单属性清洗算子：[Number:(domain=Mitoses, format=[-inf, inf])]
开始清洗属性 Mitoses 的数据
属性 Mitoses 的数据大小: 13
应用 Mitoses 的清洗规则，编辑规则数量: 12
读入数据大小：699
处理了 12 条规则，更新数据...
所有编辑规则已更新完成
执行层级和目标模型分类...
执行层级 (并行组): []
目标模型分类: {}

清洗规则溯源分析:

清洗流程展示:
======================================================================
Clean4MLBaseline 统一测评 - breast_cancer_uniclean_vzekai
======================================================================

[1/5] 传统清洗指标
--------------------------------------------------
调试文件已保存到: results/uniclean/breast_cancer_uniclean_vzekai/debug
修复准确率: 1.0, 修复召回率: 0.011450381679389313, F1值: 0.022641509431723744
========================================
错误减少率 (EDR): 0.011450381679389313
========================================
混合距离 (Hybrid Distance): 0.15143217875289172
========================================
基于条目的错误减少率 (R-EDR): 0.005012531328320802
========================================
numeric: Index(['Clump Thickness', 'Uniformity of Cell Size',
       'Uniformity of Cell Shape', 'Marginal Adhesion',
       'Single Epithelial Cell Size', 'Bland Chromatin', 'Normal Nucleoli',
       'Mitoses', 'class'],
      dtype='object')
categorical: Index(['Bare Nuclei'], dtype='object')
列级平均RMSE (数值列, 归一化): 1.944074
  Clump Thickness: 3.469178
  Uniformity of Cell Size: 1.991078
  Uniformity of Cell Shape: 1.553334
  Marginal Adhesion: 1.436353
  Single Epithelial Cell Size: 1.999450
  Bland Chromatin: 2.743346
  Normal Nucleoli: 1.797525
  Mitoses: 2.198195
  class: 0.308207
列级平均F1 (类别列, weighted): 0.020522
  Bare Nuclei: 0.020522
========================================

[2/5] 下游任务性能 (classification)
--------------------------------------------------
RF - Accuracy: 0.9786, F1: 0.9787, Precision: 0.9799, Recall: 0.9786
LR - Accuracy: 0.9143, F1: 0.9138, Precision: 0.9137, Recall: 0.9143
SVM - Accuracy: 0.9357, F1: 0.9365, Precision: 0.9399, Recall: 0.9357
KNN - Accuracy: 0.9286, F1: 0.9286, Precision: 0.9286, Recall: 0.9286
DT - Accuracy: 0.9071, F1: 0.9079, Precision: 0.9095, Recall: 0.9071
GB - Accuracy: 0.9643, F1: 0.9646, Precision: 0.9658, Recall: 0.9643

[3/5] 模型容忍度
--------------------------------------------------

容忍度计算结果:
  P_do_nothing (脏数据性能): 0.9640
  P_demand_clean (清洗后性能): 0.9568
  P_repair_all (完全修复性能): 0.9712
  先验容忍度 (Tolerance_prior): 0.9925
  后验容忍度 (Tolerance_post): -1.0000

[4/5] Snoopy上界评估
--------------------------------------------------
Snoopy模块可用，正在评估数据质量上界...
  脏数据上界: 0.9371
  清洗后上界: 0.9185
  干净数据上界: 0.9557
  上界提升比例: -1.0006

[5/5] 真值使用成本
--------------------------------------------------
  方法类型: Type 1 (全自动)
  实际真值使用: 0
  理想最小成本: 0
  总修改单元格: 2686
  正确修复: 0
  错误修复: 2686

======================================================================
测评完成，结果已保存到: results/uniclean/breast_cancer_uniclean_vzekai/breast_cancer_uniclean_vzekai_report.txt
======================================================================
