运行开始时间: 2026-04-08 02:47:22
============================================================
UniClean 数据清洗
============================================================
脏数据: Data/mercedes/dirty_index.csv
数据集: mercedes
任务名称: mercedes_uniclean_vzekai
------------------------------------------------------------
从规则文件加载清洗器: Data/mercedes/rules.txt
成功加载 10 个清洗器
26/04/08 02:47:24 WARN Utils: Your hostname, user-NF5280M6 resolves to a loopback address: 127.0.1.1; using 192.168.31.8 instead (on interface ens1f0np0)
26/04/08 02:47:24 WARN Utils: Set SPARK_LOCAL_IP if you need to bind to another address
26/04/08 02:47:44 WARN NativeCodeLoader: Unable to load native-hadoop library for your platform... using builtin-java classes where applicable
Using Spark's default log4j profile: org/apache/spark/log4j-defaults.properties
Setting default log level to "WARN".
To adjust logging level use sc.setLogLevel(newLevel). For SparkR, use setLogLevel(newLevel).
26/04/08 02:47:50 WARN package: Truncated the string representation of a plan since it was too large. This behavior can be adjusted by setting 'spark.sql.debug.maxToStringFields'.
[Stage 2:>                                                          (0 + 3) / 3][Stage 2:===================>                                       (1 + 2) / 3][Stage 2:=======================================>                   (2 + 1) / 3]                                                                                WARNING:root:No partitioning rule specified, processing might be slow
WARNING:root:No partitioning rule specified, processing might be slow
WARNING:root:No partitioning rule specified, processing might be slow
WARNING:root:No partitioning rule specified, processing might be slow
WARNING:root:No partitioning rule specified, processing might be slow
WARNING:root:No partitioning rule specified, processing might be slow
WARNING:root:No partitioning rule specified, processing might be slow
WARNING:root:No partitioning rule specified, processing might be slow
WARNING:root:No partitioning rule specified, processing might be slow
WARNING:root:No partitioning rule specified, processing might be slow
UniClean开始清洗，数据量: 4209
清洗器数量: 10
初始化清洗器和分析依赖关系...
处理单属性清洗算子：
处理单属性清洗算子：[Number:(domain=y, format=[-inf, inf])]
开始清洗属性 y 的数据
属性 y 的数据大小: 2545
属性 y 没有可应用的清洗规则。
对属性 y 执行 Spark cast(double) 类型转换
处理单属性清洗算子：[Pattern:(domain= X0, format = ^[a-z]{1,2}$)]
开始清洗属性 X0 的数据
属性 X0 的数据大小: 48
属性 X0 没有可应用的清洗规则。
处理单属性清洗算子：[Pattern:(domain= X1, format = ^[a-z]{1,2}$)]
开始清洗属性 X1 的数据
属性 X1 的数据大小: 28
属性 X1 没有可应用的清洗规则。
处理单属性清洗算子：[Pattern:(domain= X2, format = ^[a-z]{1,2}$)]
开始清洗属性 X2 的数据
属性 X2 的数据大小: 45
属性 X2 没有可应用的清洗规则。
处理单属性清洗算子：[Pattern:(domain= X3, format = ^[a-z]{1,2}$)]
开始清洗属性 X3 的数据
属性 X3 的数据大小: 8
属性 X3 没有可应用的清洗规则。
处理单属性清洗算子：[Pattern:(domain= X4, format = ^[a-z]{1,2}$)]
开始清洗属性 X4 的数据
属性 X4 的数据大小: 5
属性 X4 没有可应用的清洗规则。
处理单属性清洗算子：[Pattern:(domain= X5, format = ^[a-z]{1,2}$)]
开始清洗属性 X5 的数据
属性 X5 的数据大小: 30
属性 X5 没有可应用的清洗规则。
处理单属性清洗算子：[Pattern:(domain= X6, format = ^[a-z]{1,2}$)]
开始清洗属性 X6 的数据
属性 X6 的数据大小: 13
属性 X6 没有可应用的清洗规则。
处理单属性清洗算子：[Pattern:(domain= X8, format = ^[a-z]{1,2}$)]
开始清洗属性 X8 的数据
属性 X8 的数据大小: 26
属性 X8 没有可应用的清洗规则。
执行层级和目标模型分类...
执行层级 (并行组): [[{'X0'}], [{'X4'}]]
目标模型分类: {'X4': [<SampleScrubber.cleaner.multiple.AttrRelation object at 0x76f5c54b7f50>]}

处理第 1 层级, 包含节点: ['X0']
  当前节点: X0 无可用清洗信号
  当前节点: X0 无清洗操作
['X0']的清洗完成

本层累积的编辑规则数: 0
本层没有可以进行的清洗操作，进行下一层

处理第 2 层级, 包含节点: ['X4']
  当前节点: X4 存在可用清洗信号
数据块大小: 4209
分块属性:
[['X0']]
Starting initial block mapping...
Initial number of blocks: 48
Final number of blocks after further splitting: 47
Computing Block 2 out of 47
Processing Block size=300
begin cleaner[FunctionalDependency:(s: {'X0'}, t: {'X4'})]*1.0
列 'p' 不存在，对列 X4 不过滤，直接选择所有非无效值。
clean_bool length:2
newest best op: Uniop(df,'X4','d',(['X0'], {('x',)}),{left: ("[FunctionalDependency:(s: {X0}, t: {X4})]", 0.0), operator: *, right: (1.0, 1.0), result: 0.0})
now error: 0.0
Block processing time: 1.409753 seconds
Computing Block 3 out of 47
Processing Block size=36
begin cleaner{left: ("[FunctionalDependency:(s: {X0}, t: {X4})]", 0.0), operator: *, right: (1.0, 1.0), result: 0.0}
列 'p' 不存在，对列 X4 不过滤，直接选择所有非无效值。
Block processing time: 0.082712 seconds
Computing Block 4 out of 47
Processing Block size=306
begin cleaner{left: ("[FunctionalDependency:(s: {X0}, t: {X4})]", 0.0), operator: *, right: (1.0, 1.0), result: 0.0}
列 'p' 不存在，对列 X4 不过滤，直接选择所有非无效值。
Block processing time: 0.717585 seconds
Computing Block 6 out of 47
Processing Block size=151
begin cleaner{left: ("[FunctionalDependency:(s: {X0}, t: {X4})]", 0.0), operator: *, right: (1.0, 1.0), result: 0.0}
列 'p' 不存在，对列 X4 不过滤，直接选择所有非无效值。
clean_bool length:3
newest best op: Uniop(df,'X4','d',(['X0'], {('aj',)}),{left: ("[FunctionalDependency:(s: {X0}, t: {X4})]", 0.0), operator: *, right: (1.0, 1.0), result: 0.0})
now error: 0.0
Block processing time: 1.083146 seconds
Computing Block 7 out of 47
Processing Block size=17
begin cleaner{left: ("[FunctionalDependency:(s: {X0}, t: {X4})]", 0.0), operator: *, right: (1.0, 1.0), result: 0.0}
列 'p' 不存在，对列 X4 不过滤，直接选择所有非无效值。
Block processing time: 0.039714 seconds
Computing Block 8 out of 47
Processing Block size=16
begin cleaner{left: ("[FunctionalDependency:(s: {X0}, t: {X4})]", 0.0), operator: *, right: (1.0, 1.0), result: 0.0}
列 'p' 不存在，对列 X4 不过滤，直接选择所有非无效值。
Block processing time: 0.037311 seconds
Computing Block 9 out of 47
Processing Block size=10
begin cleaner{left: ("[FunctionalDependency:(s: {X0}, t: {X4})]", 0.0), operator: *, right: (1.0, 1.0), result: 0.0}
列 'p' 不存在，对列 X4 不过滤，直接选择所有非无效值。
Block processing time: 0.023602 seconds
Computing Block 10 out of 47
Processing Block size=106
begin cleaner{left: ("[FunctionalDependency:(s: {X0}, t: {X4})]", 0.0), operator: *, right: (1.0, 1.0), result: 0.0}
列 'p' 不存在，对列 X4 不过滤，直接选择所有非无效值。
Block processing time: 0.244259 seconds
Computing Block 11 out of 47
Processing Block size=10
begin cleaner{left: ("[FunctionalDependency:(s: {X0}, t: {X4})]", 0.0), operator: *, right: (1.0, 1.0), result: 0.0}
列 'p' 不存在，对列 X4 不过滤，直接选择所有非无效值。
Block processing time: 0.023467 seconds
Computing Block 12 out of 47
Processing Block size=3
begin cleaner{left: ("[FunctionalDependency:(s: {X0}, t: {X4})]", 0.0), operator: *, right: (1.0, 1.0), result: 0.0}
列 'p' 不存在，对列 X4 不过滤，直接选择所有非无效值。
Block processing time: 0.007453 seconds
Computing Block 13 out of 47
Processing Block size=18
begin cleaner{left: ("[FunctionalDependency:(s: {X0}, t: {X4})]", 0.0), operator: *, right: (1.0, 1.0), result: 0.0}
列 'p' 不存在，对列 X4 不过滤，直接选择所有非无效值。
Block processing time: 0.042199 seconds
Computing Block 14 out of 47
Processing Block size=34
begin cleaner{left: ("[FunctionalDependency:(s: {X0}, t: {X4})]", 0.0), operator: *, right: (1.0, 1.0), result: 0.0}
列 'p' 不存在，对列 X4 不过滤，直接选择所有非无效值。
Block processing time: 0.079275 seconds
Computing Block 15 out of 47
Processing Block size=11
begin cleaner{left: ("[FunctionalDependency:(s: {X0}, t: {X4})]", 0.0), operator: *, right: (1.0, 1.0), result: 0.0}
列 'p' 不存在，对列 X4 不过滤，直接选择所有非无效值。
Block processing time: 0.026108 seconds
Computing Block 16 out of 47
Processing Block size=2
begin cleaner{left: ("[FunctionalDependency:(s: {X0}, t: {X4})]", 0.0), operator: *, right: (1.0, 1.0), result: 0.0}
列 'p' 不存在，对列 X4 不过滤，直接选择所有非无效值。
Block processing time: 0.005262 seconds
Computing Block 17 out of 47
Processing Block size=34
begin cleaner{left: ("[FunctionalDependency:(s: {X0}, t: {X4})]", 0.0), operator: *, right: (1.0, 1.0), result: 0.0}
列 'p' 不存在，对列 X4 不过滤，直接选择所有非无效值。
Block processing time: 0.078979 seconds
Computing Block 18 out of 47
Processing Block size=226
begin cleaner{left: ("[FunctionalDependency:(s: {X0}, t: {X4})]", 0.0), operator: *, right: (1.0, 1.0), result: 0.0}
列 'p' 不存在，对列 X4 不过滤，直接选择所有非无效值。
clean_bool length:2
newest best op: Uniop(df,'X4','d',(['X0'], {('f',)}),{left: ("[FunctionalDependency:(s: {X0}, t: {X4})]", 0.0), operator: *, right: (1.0, 1.0), result: 0.0})
now error: 0.0
Block processing time: 1.045382 seconds
Computing Block 19 out of 47
Processing Block size=103
begin cleaner{left: ("[FunctionalDependency:(s: {X0}, t: {X4})]", 0.0), operator: *, right: (1.0, 1.0), result: 0.0}
列 'p' 不存在，对列 X4 不过滤，直接选择所有非无效值。
clean_bool length:3
newest best op: Uniop(df,'X4','d',(['X0'], {('ap',)}),{left: ("[FunctionalDependency:(s: {X0}, t: {X4})]", 0.0), operator: *, right: (1.0, 1.0), result: 0.0})
now error: 0.0
Block processing time: 0.73058 seconds
Computing Block 20 out of 47
Processing Block size=181
begin cleaner{left: ("[FunctionalDependency:(s: {X0}, t: {X4})]", 0.0), operator: *, right: (1.0, 1.0), result: 0.0}
列 'p' 不存在，对列 X4 不过滤，直接选择所有非无效值。
Block processing time: 0.420666 seconds
Computing Block 21 out of 47
Processing Block size=19
begin cleaner{left: ("[FunctionalDependency:(s: {X0}, t: {X4})]", 0.0), operator: *, right: (1.0, 1.0), result: 0.0}
列 'p' 不存在，对列 X4 不过滤，直接选择所有非无效值。
Block processing time: 0.044233 seconds
Computing Block 22 out of 47
Processing Block size=16
begin cleaner{left: ("[FunctionalDependency:(s: {X0}, t: {X4})]", 0.0), operator: *, right: (1.0, 1.0), result: 0.0}
列 'p' 不存在，对列 X4 不过滤，直接选择所有非无效值。
Block processing time: 0.037178 seconds
Computing Block 24 out of 47
Processing Block size=67
begin cleaner{left: ("[FunctionalDependency:(s: {X0}, t: {X4})]", 0.0), operator: *, right: (1.0, 1.0), result: 0.0}
列 'p' 不存在，对列 X4 不过滤，直接选择所有非无效值。
clean_bool length:2
newest best op: Uniop(df,'X4','d',(['X0'], {('al',)}),{left: ("[FunctionalDependency:(s: {X0}, t: {X4})]", 0.0), operator: *, right: (1.0, 1.0), result: 0.0})
now error: 0.0
Block processing time: 0.308975 seconds
Computing Block 25 out of 47
Processing Block size=73
begin cleaner{left: ("[FunctionalDependency:(s: {X0}, t: {X4})]", 0.0), operator: *, right: (1.0, 1.0), result: 0.0}
列 'p' 不存在，对列 X4 不过滤，直接选择所有非无效值。
Block processing time: 0.169052 seconds
Computing Block 26 out of 47
Processing Block size=11
begin cleaner{left: ("[FunctionalDependency:(s: {X0}, t: {X4})]", 0.0), operator: *, right: (1.0, 1.0), result: 0.0}
列 'p' 不存在，对列 X4 不过滤，直接选择所有非无效值。
Block processing time: 0.026123 seconds
Computing Block 27 out of 47
Processing Block size=360
begin cleaner{left: ("[FunctionalDependency:(s: {X0}, t: {X4})]", 0.0), operator: *, right: (1.0, 1.0), result: 0.0}
列 'p' 不存在，对列 X4 不过滤，直接选择所有非无效值。
clean_bool length:3
newest best op: Uniop(df,'X4','d',(['X0'], {('z',)}),{left: ("[FunctionalDependency:(s: {X0}, t: {X4})]", 0.0), operator: *, right: (1.0, 1.0), result: 0.0})
now error: 0.0
Block processing time: 2.601444 seconds
Computing Block 28 out of 47
Processing Block size=75
begin cleaner{left: ("[FunctionalDependency:(s: {X0}, t: {X4})]", 0.0), operator: *, right: (1.0, 1.0), result: 0.0}
列 'p' 不存在，对列 X4 不过滤，直接选择所有非无效值。
Block processing time: 0.171742 seconds
Computing Block 29 out of 47
Processing Block size=324
begin cleaner{left: ("[FunctionalDependency:(s: {X0}, t: {X4})]", 0.0), operator: *, right: (1.0, 1.0), result: 0.0}
列 'p' 不存在，对列 X4 不过滤，直接选择所有非无效值。
Block processing time: 0.759723 seconds
Computing Block 30 out of 47
Processing Block size=21
begin cleaner{left: ("[FunctionalDependency:(s: {X0}, t: {X4})]", 0.0), operator: *, right: (1.0, 1.0), result: 0.0}
列 'p' 不存在，对列 X4 不过滤，直接选择所有非无效值。
Block processing time: 0.048493 seconds
Computing Block 31 out of 47
Processing Block size=2
begin cleaner{left: ("[FunctionalDependency:(s: {X0}, t: {X4})]", 0.0), operator: *, right: (1.0, 1.0), result: 0.0}
列 'p' 不存在，对列 X4 不过滤，直接选择所有非无效值。
Block processing time: 0.00523 seconds
Computing Block 32 out of 47
Processing Block size=195
begin cleaner{left: ("[FunctionalDependency:(s: {X0}, t: {X4})]", 0.0), operator: *, right: (1.0, 1.0), result: 0.0}
列 'p' 不存在，对列 X4 不过滤，直接选择所有非无效值。
Block processing time: 0.447701 seconds
Computing Block 33 out of 47
Processing Block size=182
begin cleaner{left: ("[FunctionalDependency:(s: {X0}, t: {X4})]", 0.0), operator: *, right: (1.0, 1.0), result: 0.0}
列 'p' 不存在，对列 X4 不过滤，直接选择所有非无效值。
Block processing time: 0.41733 seconds
Computing Block 34 out of 47
Processing Block size=11
begin cleaner{left: ("[FunctionalDependency:(s: {X0}, t: {X4})]", 0.0), operator: *, right: (1.0, 1.0), result: 0.0}
列 'p' 不存在，对列 X4 不过滤，直接选择所有非无效值。
Block processing time: 0.0258 seconds
Computing Block 35 out of 47
Processing Block size=25
begin cleaner{left: ("[FunctionalDependency:(s: {X0}, t: {X4})]", 0.0), operator: *, right: (1.0, 1.0), result: 0.0}
列 'p' 不存在，对列 X4 不过滤，直接选择所有非无效值。
Block processing time: 0.057674 seconds
Computing Block 36 out of 47
Processing Block size=4
begin cleaner{left: ("[FunctionalDependency:(s: {X0}, t: {X4})]", 0.0), operator: *, right: (1.0, 1.0), result: 0.0}
列 'p' 不存在，对列 X4 不过滤，直接选择所有非无效值。
Block processing time: 0.009873 seconds
Computing Block 37 out of 47
Processing Block size=6
begin cleaner{left: ("[FunctionalDependency:(s: {X0}, t: {X4})]", 0.0), operator: *, right: (1.0, 1.0), result: 0.0}
列 'p' 不存在，对列 X4 不过滤，直接选择所有非无效值。
Block processing time: 0.014415 seconds
Computing Block 38 out of 47
Processing Block size=269
begin cleaner{left: ("[FunctionalDependency:(s: {X0}, t: {X4})]", 0.0), operator: *, right: (1.0, 1.0), result: 0.0}
列 'p' 不存在，对列 X4 不过滤，直接选择所有非无效值。
clean_bool length:2
newest best op: Uniop(df,'X4','d',(['X0'], {('o',)}),{left: ("[FunctionalDependency:(s: {X0}, t: {X4})]", 0.0), operator: *, right: (1.0, 1.0), result: 0.0})
now error: 0.0
Block processing time: 1.248751 seconds
Computing Block 39 out of 47
Processing Block size=32
begin cleaner{left: ("[FunctionalDependency:(s: {X0}, t: {X4})]", 0.0), operator: *, right: (1.0, 1.0), result: 0.0}
列 'p' 不存在，对列 X4 不过滤，直接选择所有非无效值。
Block processing time: 0.073536 seconds
Computing Block 40 out of 47
Processing Block size=18
begin cleaner{left: ("[FunctionalDependency:(s: {X0}, t: {X4})]", 0.0), operator: *, right: (1.0, 1.0), result: 0.0}
列 'p' 不存在，对列 X4 不过滤，直接选择所有非无效值。
Block processing time: 0.041836 seconds
Computing Block 41 out of 47
Processing Block size=175
begin cleaner{left: ("[FunctionalDependency:(s: {X0}, t: {X4})]", 0.0), operator: *, right: (1.0, 1.0), result: 0.0}
列 'p' 不存在，对列 X4 不过滤，直接选择所有非无效值。
Block processing time: 0.404481 seconds
Computing Block 42 out of 47
Processing Block size=14
begin cleaner{left: ("[FunctionalDependency:(s: {X0}, t: {X4})]", 0.0), operator: *, right: (1.0, 1.0), result: 0.0}
列 'p' 不存在，对列 X4 不过滤，直接选择所有非无效值。
Block processing time: 0.032596 seconds
Computing Block 43 out of 47
Processing Block size=26
begin cleaner{left: ("[FunctionalDependency:(s: {X0}, t: {X4})]", 0.0), operator: *, right: (1.0, 1.0), result: 0.0}
列 'p' 不存在，对列 X4 不过滤，直接选择所有非无效值。
Block processing time: 0.059965 seconds
Computing Block 44 out of 47
Processing Block size=348
begin cleaner{left: ("[FunctionalDependency:(s: {X0}, t: {X4})]", 0.0), operator: *, right: (1.0, 1.0), result: 0.0}
列 'p' 不存在，对列 X4 不过滤，直接选择所有非无效值。
clean_bool length:3
newest best op: Uniop(df,'X4','d',(['X0'], {('ak',)}),{left: ("[FunctionalDependency:(s: {X0}, t: {X4})]", 0.0), operator: *, right: (1.0, 1.0), result: 0.0})
now error: 0.0
Block processing time: 2.518419 seconds
Computing Block 45 out of 47
Processing Block size=313
begin cleaner{left: ("[FunctionalDependency:(s: {X0}, t: {X4})]", 0.0), operator: *, right: (1.0, 1.0), result: 0.0}
列 'p' 不存在，对列 X4 不过滤，直接选择所有非无效值。
clean_bool length:2
newest best op: Uniop(df,'X4','d',(['X0'], {('ay',)}),{left: ("[FunctionalDependency:(s: {X0}, t: {X4})]", 0.0), operator: *, right: (1.0, 1.0), result: 0.0})
now error: 0.0
Block processing time: 1.464079 seconds
Computing Block 46 out of 47
Processing Block size=35
begin cleaner{left: ("[FunctionalDependency:(s: {X0}, t: {X4})]", 0.0), operator: *, right: (1.0, 1.0), result: 0.0}
列 'p' 不存在，对列 X4 不过滤，直接选择所有非无效值。[Stage 25:===================>                                      (1 + 2) / 3]                                                                                WARNING:root:No partitioning rule specified, processing might be slow

Block processing time: 0.08075 seconds
Computing Block 47 out of 47
Processing Block size=18
begin cleaner{left: ("[FunctionalDependency:(s: {X0}, t: {X4})]", 0.0), operator: *, right: (1.0, 1.0), result: 0.0}
列 'p' 不存在，对列 X4 不过滤，直接选择所有非无效值。
Block processing time: 0.041742 seconds
  当前节点: X4 有 9 个清洗操作
['X4']的清洗完成

本层累积的编辑规则数: 9
读入数据大小：4209
处理了 9 条规则，更新数据...
所有编辑规则已更新完成

处理第 1 层级, 包含节点: ['X0']
  跳过已清洗结束的节点: X0
['X0']的清洗完成

本层累积的编辑规则数: 0
本层没有可以进行的清洗操作，进行下一层

处理第 2 层级, 包含节点: ['X4']
  当前节点: X4 存在可用清洗信号
数据块大小: 4209
分块属性:
[['X0']]
Starting initial block mapping...
Initial number of blocks: 48
Final number of blocks after further splitting: 47
Computing Block 2 out of 47
Processing Block size=300
begin cleaner[FunctionalDependency:(s: {'X0'}, t: {'X4'})]*1.0
列 'p' 不存在，对列 X4 不过滤，直接选择所有非无效值。
Block processing time: 0.691464 seconds
Computing Block 3 out of 47
Processing Block size=36
begin cleaner{left: ("[FunctionalDependency:(s: {X0}, t: {X4})]", 0.0), operator: *, right: (1.0, 1.0), result: 0.0}
列 'p' 不存在，对列 X4 不过滤，直接选择所有非无效值。
Block processing time: 0.082364 seconds
Computing Block 4 out of 47
Processing Block size=306
begin cleaner{left: ("[FunctionalDependency:(s: {X0}, t: {X4})]", 0.0), operator: *, right: (1.0, 1.0), result: 0.0}
列 'p' 不存在，对列 X4 不过滤，直接选择所有非无效值。
Block processing time: 0.710822 seconds
Computing Block 6 out of 47
Processing Block size=151
begin cleaner{left: ("[FunctionalDependency:(s: {X0}, t: {X4})]", 0.0), operator: *, right: (1.0, 1.0), result: 0.0}
列 'p' 不存在，对列 X4 不过滤，直接选择所有非无效值。
Block processing time: 0.34698 seconds
Computing Block 7 out of 47
Processing Block size=17
begin cleaner{left: ("[FunctionalDependency:(s: {X0}, t: {X4})]", 0.0), operator: *, right: (1.0, 1.0), result: 0.0}
列 'p' 不存在，对列 X4 不过滤，直接选择所有非无效值。
Block processing time: 0.039823 seconds
Computing Block 8 out of 47
Processing Block size=16
begin cleaner{left: ("[FunctionalDependency:(s: {X0}, t: {X4})]", 0.0), operator: *, right: (1.0, 1.0), result: 0.0}
列 'p' 不存在，对列 X4 不过滤，直接选择所有非无效值。
Block processing time: 0.037438 seconds
Computing Block 9 out of 47
Processing Block size=10
begin cleaner{left: ("[FunctionalDependency:(s: {X0}, t: {X4})]", 0.0), operator: *, right: (1.0, 1.0), result: 0.0}
列 'p' 不存在，对列 X4 不过滤，直接选择所有非无效值。
Block processing time: 0.023716 seconds
Computing Block 10 out of 47
Processing Block size=106
begin cleaner{left: ("[FunctionalDependency:(s: {X0}, t: {X4})]", 0.0), operator: *, right: (1.0, 1.0), result: 0.0}
列 'p' 不存在，对列 X4 不过滤，直接选择所有非无效值。
Block processing time: 0.244404 seconds
Computing Block 11 out of 47
Processing Block size=10
begin cleaner{left: ("[FunctionalDependency:(s: {X0}, t: {X4})]", 0.0), operator: *, right: (1.0, 1.0), result: 0.0}
列 'p' 不存在，对列 X4 不过滤，直接选择所有非无效值。
Block processing time: 0.023409 seconds
Computing Block 12 out of 47
Processing Block size=3
begin cleaner{left: ("[FunctionalDependency:(s: {X0}, t: {X4})]", 0.0), operator: *, right: (1.0, 1.0), result: 0.0}
列 'p' 不存在，对列 X4 不过滤，直接选择所有非无效值。
Block processing time: 0.007447 seconds
Computing Block 13 out of 47
Processing Block size=18
begin cleaner{left: ("[FunctionalDependency:(s: {X0}, t: {X4})]", 0.0), operator: *, right: (1.0, 1.0), result: 0.0}
列 'p' 不存在，对列 X4 不过滤，直接选择所有非无效值。
Block processing time: 0.041708 seconds
Computing Block 14 out of 47
Processing Block size=34
begin cleaner{left: ("[FunctionalDependency:(s: {X0}, t: {X4})]", 0.0), operator: *, right: (1.0, 1.0), result: 0.0}
列 'p' 不存在，对列 X4 不过滤，直接选择所有非无效值。
Block processing time: 0.077816 seconds
Computing Block 15 out of 47
Processing Block size=11
begin cleaner{left: ("[FunctionalDependency:(s: {X0}, t: {X4})]", 0.0), operator: *, right: (1.0, 1.0), result: 0.0}
列 'p' 不存在，对列 X4 不过滤，直接选择所有非无效值。
Block processing time: 0.025661 seconds
Computing Block 16 out of 47
Processing Block size=2
begin cleaner{left: ("[FunctionalDependency:(s: {X0}, t: {X4})]", 0.0), operator: *, right: (1.0, 1.0), result: 0.0}
列 'p' 不存在，对列 X4 不过滤，直接选择所有非无效值。
Block processing time: 0.00527 seconds
Computing Block 17 out of 47
Processing Block size=34
begin cleaner{left: ("[FunctionalDependency:(s: {X0}, t: {X4})]", 0.0), operator: *, right: (1.0, 1.0), result: 0.0}
列 'p' 不存在，对列 X4 不过滤，直接选择所有非无效值。
Block processing time: 0.077739 seconds
Computing Block 18 out of 47
Processing Block size=226
begin cleaner{left: ("[FunctionalDependency:(s: {X0}, t: {X4})]", 0.0), operator: *, right: (1.0, 1.0), result: 0.0}
列 'p' 不存在，对列 X4 不过滤，直接选择所有非无效值。
Block processing time: 0.522805 seconds
Computing Block 19 out of 47
Processing Block size=103
begin cleaner{left: ("[FunctionalDependency:(s: {X0}, t: {X4})]", 0.0), operator: *, right: (1.0, 1.0), result: 0.0}
列 'p' 不存在，对列 X4 不过滤，直接选择所有非无效值。
Block processing time: 0.235179 seconds
Computing Block 20 out of 47
Processing Block size=181
begin cleaner{left: ("[FunctionalDependency:(s: {X0}, t: {X4})]", 0.0), operator: *, right: (1.0, 1.0), result: 0.0}
列 'p' 不存在，对列 X4 不过滤，直接选择所有非无效值。
Block processing time: 0.419497 seconds
Computing Block 21 out of 47
Processing Block size=19
begin cleaner{left: ("[FunctionalDependency:(s: {X0}, t: {X4})]", 0.0), operator: *, right: (1.0, 1.0), result: 0.0}
列 'p' 不存在，对列 X4 不过滤，直接选择所有非无效值。
Block processing time: 0.043925 seconds
Computing Block 22 out of 47
Processing Block size=16
begin cleaner{left: ("[FunctionalDependency:(s: {X0}, t: {X4})]", 0.0), operator: *, right: (1.0, 1.0), result: 0.0}
列 'p' 不存在，对列 X4 不过滤，直接选择所有非无效值。
Block processing time: 0.037212 seconds
Computing Block 24 out of 47
Processing Block size=67
begin cleaner{left: ("[FunctionalDependency:(s: {X0}, t: {X4})]", 0.0), operator: *, right: (1.0, 1.0), result: 0.0}
列 'p' 不存在，对列 X4 不过滤，直接选择所有非无效值。
Block processing time: 0.152775 seconds
Computing Block 25 out of 47
Processing Block size=73
begin cleaner{left: ("[FunctionalDependency:(s: {X0}, t: {X4})]", 0.0), operator: *, right: (1.0, 1.0), result: 0.0}
列 'p' 不存在，对列 X4 不过滤，直接选择所有非无效值。
Block processing time: 0.166905 seconds
Computing Block 26 out of 47
Processing Block size=11
begin cleaner{left: ("[FunctionalDependency:(s: {X0}, t: {X4})]", 0.0), operator: *, right: (1.0, 1.0), result: 0.0}
列 'p' 不存在，对列 X4 不过滤，直接选择所有非无效值。
Block processing time: 0.026101 seconds
Computing Block 27 out of 47
Processing Block size=360
begin cleaner{left: ("[FunctionalDependency:(s: {X0}, t: {X4})]", 0.0), operator: *, right: (1.0, 1.0), result: 0.0}
列 'p' 不存在，对列 X4 不过滤，直接选择所有非无效值。
Block processing time: 0.843543 seconds
Computing Block 28 out of 47
Processing Block size=75
begin cleaner{left: ("[FunctionalDependency:(s: {X0}, t: {X4})]", 0.0), operator: *, right: (1.0, 1.0), result: 0.0}
列 'p' 不存在，对列 X4 不过滤，直接选择所有非无效值。
Block processing time: 0.171175 seconds
Computing Block 29 out of 47
Processing Block size=324
begin cleaner{left: ("[FunctionalDependency:(s: {X0}, t: {X4})]", 0.0), operator: *, right: (1.0, 1.0), result: 0.0}------------------------------------------------------------
INFO:mercedes_uniclean_vzekai:------------------------------------------------------------
执行时间: 64.74 秒
INFO:mercedes_uniclean_vzekai:执行时间: 64.74 秒
执行状态: 成功
INFO:mercedes_uniclean_vzekai:执行状态: 成功
清洗器数量: 10
INFO:mercedes_uniclean_vzekai:清洗器数量: 10
真值使用成本: 0 (全自动)
INFO:mercedes_uniclean_vzekai:真值使用成本: 0 (全自动)

============================================================
INFO:mercedes_uniclean_vzekai:
============================================================
调用统一测评模块 getScoreML
INFO:mercedes_uniclean_vzekai:调用统一测评模块 getScoreML
============================================================
INFO:mercedes_uniclean_vzekai:============================================================
2026-04-08 02:52:25.897106: W tensorflow/compiler/xla/stream_executor/platform/default/dso_loader.cc:64] Could not load dynamic library 'libnvinfer.so.7'; dlerror: libnvinfer.so.7: cannot open shared object file: No such file or directory
2026-04-08 02:52:25.897179: W tensorflow/compiler/xla/stream_executor/platform/default/dso_loader.cc:64] Could not load dynamic library 'libnvinfer_plugin.so.7'; dlerror: libnvinfer_plugin.so.7: cannot open shared object file: No such file or directory
2026-04-08 02:52:25.897185: W tensorflow/compiler/tf2tensorrt/utils/py_utils.cc:38] TF-TRT Warning: Cannot dlopen some TensorRT libraries. If you would like to use Nvidia GPU with TensorRT, please make sure the missing libraries mentioned above are installed properly.
sys:1: DtypeWarning: Columns (9,10,11,13,14,15,16,17,18,19,20,21,22,23,24,25,27,28,29,30,32,33,34,35,36,37,39,40,42,43,44,45,46,47,48,49,51,53,54,55,56,57,58,59,60,61,62,63,64,65,66,67,68,69,70,71,72,73,75,76,77,79,80,81,82,83,84,85,86,87,88,89,90,91,92,93,94,95,96,97,98,99,100,101,102,103,105,106,107,108,109,110,111,112,113,114,115,117,118,119,120,121,122,123,124,125,126,128,129,130,131,132,133,134,135,136,137,140,141,142,143,144,145,146,147,148,150,151,152,153,154,155,156,157,158,159,160,161,163,164,165,166,167,168,169,170,171,172,173,175,176,177,178,179,180,181,182,183,184,185,186,187,188,189,191,192,193,194,195,196,197,198,199,200,201,202,203,204,205,207,208,209,210,211,212,213,214,215,216,217,218,219,220,221,222,223,224,225,226,227,228,229,230,231,232,233,235,236,237,239,240,241,242,243,244,245,246,247,248,249,251,252,253,254,255,256,257,258,260,261,262,263,264,266,267,268,269,270,271,272,273,274,275,276,277,278,279,280,281,282,283,284,285,287,288,289,290,291,292,293,294,295,296,297,298,300,301,302,303,304,305,306,307,308,309,310,311,312,313,314,315,316,317,318,319,320,321,322,323,324,325,326,327,329,330,331,332,333,334,335,337,338,339,340,341,342,344,345,346,347,348,349,350,351,352,353,354,355,356,357,358,359,360,361,362,364,365,366,369,370,371,372,373,375,376) have mixed types.Specify dtype option on import or set low_memory=False.
[1;34m[02:52:26][0m[1;33m WARNING Snoopy may use all CPU cores! Set env. variable 'SNOOPY_LIMIT_CPU' to 'y' to limit CPU usage. [0m[1;34m(__init__ -> _init_tf_pytorch on MainThread)[0m
2026-04-08 02:52:26.421988: E tensorflow/compiler/xla/stream_executor/cuda/cuda_driver.cc:267] failed call to cuInit: CUDA_ERROR_NO_DEVICE: no CUDA-capable device is detected

列 'p' 不存在，对列 X4 不过滤，直接选择所有非无效值。
Block processing time: 0.756977 seconds
Computing Block 30 out of 47
Processing Block size=21
begin cleaner{left: ("[FunctionalDependency:(s: {X0}, t: {X4})]", 0.0), operator: *, right: (1.0, 1.0), result: 0.0}
列 'p' 不存在，对列 X4 不过滤，直接选择所有非无效值。
Block processing time: 0.048299 seconds
Computing Block 31 out of 47
Processing Block size=2
begin cleaner{left: ("[FunctionalDependency:(s: {X0}, t: {X4})]", 0.0), operator: *, right: (1.0, 1.0), result: 0.0}
列 'p' 不存在，对列 X4 不过滤，直接选择所有非无效值。
Block processing time: 0.00522 seconds
Computing Block 32 out of 47
Processing Block size=195
begin cleaner{left: ("[FunctionalDependency:(s: {X0}, t: {X4})]", 0.0), operator: *, right: (1.0, 1.0), result: 0.0}
列 'p' 不存在，对列 X4 不过滤，直接选择所有非无效值。
Block processing time: 0.448823 seconds
Computing Block 33 out of 47
Processing Block size=182
begin cleaner{left: ("[FunctionalDependency:(s: {X0}, t: {X4})]", 0.0), operator: *, right: (1.0, 1.0), result: 0.0}
列 'p' 不存在，对列 X4 不过滤，直接选择所有非无效值。
Block processing time: 0.417632 seconds
Computing Block 34 out of 47
Processing Block size=11
begin cleaner{left: ("[FunctionalDependency:(s: {X0}, t: {X4})]", 0.0), operator: *, right: (1.0, 1.0), result: 0.0}
列 'p' 不存在，对列 X4 不过滤，直接选择所有非无效值。
Block processing time: 0.025742 seconds
Computing Block 35 out of 47
Processing Block size=25
begin cleaner{left: ("[FunctionalDependency:(s: {X0}, t: {X4})]", 0.0), operator: *, right: (1.0, 1.0), result: 0.0}
列 'p' 不存在，对列 X4 不过滤，直接选择所有非无效值。
Block processing time: 0.057314 seconds
Computing Block 36 out of 47
Processing Block size=4
begin cleaner{left: ("[FunctionalDependency:(s: {X0}, t: {X4})]", 0.0), operator: *, right: (1.0, 1.0), result: 0.0}
列 'p' 不存在，对列 X4 不过滤，直接选择所有非无效值。
Block processing time: 0.009895 seconds
Computing Block 37 out of 47
Processing Block size=6
begin cleaner{left: ("[FunctionalDependency:(s: {X0}, t: {X4})]", 0.0), operator: *, right: (1.0, 1.0), result: 0.0}
列 'p' 不存在，对列 X4 不过滤，直接选择所有非无效值。
Block processing time: 0.014298 seconds
Computing Block 38 out of 47
Processing Block size=269
begin cleaner{left: ("[FunctionalDependency:(s: {X0}, t: {X4})]", 0.0), operator: *, right: (1.0, 1.0), result: 0.0}
列 'p' 不存在，对列 X4 不过滤，直接选择所有非无效值。
Block processing time: 0.6225 seconds
Computing Block 39 out of 47
Processing Block size=32
begin cleaner{left: ("[FunctionalDependency:(s: {X0}, t: {X4})]", 0.0), operator: *, right: (1.0, 1.0), result: 0.0}
列 'p' 不存在，对列 X4 不过滤，直接选择所有非无效值。
Block processing time: 0.07349 seconds
Computing Block 40 out of 47
Processing Block size=18
begin cleaner{left: ("[FunctionalDependency:(s: {X0}, t: {X4})]", 0.0), operator: *, right: (1.0, 1.0), result: 0.0}
列 'p' 不存在，对列 X4 不过滤，直接选择所有非无效值。
Block processing time: 0.041524 seconds
Computing Block 41 out of 47
Processing Block size=175
begin cleaner{left: ("[FunctionalDependency:(s: {X0}, t: {X4})]", 0.0), operator: *, right: (1.0, 1.0), result: 0.0}
列 'p' 不存在，对列 X4 不过滤，直接选择所有非无效值。
Block processing time: 0.402564 seconds
Computing Block 42 out of 47
Processing Block size=14
begin cleaner{left: ("[FunctionalDependency:(s: {X0}, t: {X4})]", 0.0), operator: *, right: (1.0, 1.0), result: 0.0}
列 'p' 不存在，对列 X4 不过滤，直接选择所有非无效值。
Block processing time: 0.032483 seconds
Computing Block 43 out of 47
Processing Block size=26
begin cleaner{left: ("[FunctionalDependency:(s: {X0}, t: {X4})]", 0.0), operator: *, right: (1.0, 1.0), result: 0.0}
列 'p' 不存在，对列 X4 不过滤，直接选择所有非无效值。
Block processing time: 0.059415 seconds
Computing Block 44 out of 47
Processing Block size=348
begin cleaner{left: ("[FunctionalDependency:(s: {X0}, t: {X4})]", 0.0), operator: *, right: (1.0, 1.0), result: 0.0}
列 'p' 不存在，对列 X4 不过滤，直接选择所有非无效值。
Block processing time: 0.81097 seconds
Computing Block 45 out of 47
Processing Block size=313
begin cleaner{left: ("[FunctionalDependency:(s: {X0}, t: {X4})]", 0.0), operator: *, right: (1.0, 1.0), result: 0.0}
列 'p' 不存在，对列 X4 不过滤，直接选择所有非无效值。
Block processing time: 0.727717 seconds
Computing Block 46 out of 47
Processing Block size=35
begin cleaner{left: ("[FunctionalDependency:(s: {X0}, t: {X4})]", 0.0), operator: *, right: (1.0, 1.0), result: 0.0}
列 'p' 不存在，对列 X4 不过滤，直接选择所有非无效值。
Block processing time: 0.080275 seconds
Computing Block 47 out of 47
Processing Block size=18
begin cleaner{left: ("[FunctionalDependency:(s: {X0}, t: {X4})]", 0.0), operator: *, right: (1.0, 1.0), result: 0.0}
列 'p' 不存在，对列 X4 不过滤，直接选择所有非无效值。
Block processing time: 0.041679 seconds
  当前节点: X4 无清洗操作
['X4']的清洗完成

本层累积的编辑规则数: 0
本层没有可以进行的清洗操作，进行下一层

清洗规则溯源分析:

处理第 1 层级, 包含节点: ['X0']

处理第 2 层级, 包含节点: ['X4']

清洗流程展示:
======================================================================
Clean4MLBaseline 统一测评 - mercedes_uniclean_vzekai
======================================================================

[1/5] 传统清洗指标
--------------------------------------------------
差异文件已保存到: results/uniclean/mercedes_uniclean_vzekai/debug
修复错误数据文件已保存到: results/uniclean/mercedes_uniclean_vzekai/debug/mercedes_uniclean_vzekai_repair_errors.csv
未修复但是应该修复数据文件已保存到: results/uniclean/mercedes_uniclean_vzekai/debug/mercedes_uniclean_vzekai_unrepaired.csv
修复准确率: 0.6, 修复召回率: 1.992514786120142e-05, F1值: 3.98489723879831e-05
========================================
EDR 结果已保存到: results/uniclean/mercedes_uniclean_vzekai/mercedes_uniclean_vzekai_edr_evaluation.txt
错误减少率 (EDR): 6.641715953733807e-06
========================================
混合距离结果已保存到: results/uniclean/mercedes_uniclean_vzekai/mercedes_uniclean_vzekai_hybrid_distance_evaluation.txt
混合距离 (Hybrid Distance): 0.4710017446184661
========================================
R-EDR 结果已保存到: results/uniclean/mercedes_uniclean_vzekai/mercedes_uniclean_vzekai_record_based_edr_evaluation.txt
基于条目的错误减少率 (R-EDR): 0.0
========================================

[2/5] 下游任务性能 (regression)
--------------------------------------------------
RF - MSE: 75.8312, R2: 0.5128
LR - MSE: 103.7167, R2: 0.3337
RIDGE - MSE: 103.7202, R2: 0.3336
LASSO - MSE: 105.5118, R2: 0.3221
KNN - MSE: 119.8187, R2: 0.2302
GB - MSE: 72.7250, R2: 0.5328

[3/5] 模型容忍度
--------------------------------------------------

容忍度计算结果:
  P_do_nothing (脏数据性能): 0.5494
  P_demand_clean (清洗后性能): 0.5481
  P_repair_all (完全修复性能): 0.4922
  先验容忍度 (Tolerance_prior): 0.9976
  后验容忍度 (Tolerance_post): 0.0229

[4/5] Snoopy上界评估
--------------------------------------------------
Snoopy模块可用，正在评估数据质量上界...
  脏数据上界: 82.4356
  清洗后上界: 82.6209
  干净数据上界: 82.6160
  上界提升比例: 1.0274

[5/5] 真值使用成本
--------------------------------------------------
  方法类型: Type 1 (全自动)
  实际真值使用: 0
  理想最小成本: 6
  总修改单元格: 10
  正确修复: 6
  错误修复: 4

======================================================================
测评完成，结果已保存到: results/uniclean/mercedes_uniclean_vzekai/mercedes_uniclean_vzekai_report.txt
======================================================================
结果已保存到: results/uniclean/mercedes_uniclean_vzekai
INFO:mercedes_uniclean_vzekai:
结果已保存到: results/uniclean/mercedes_uniclean_vzekai
============================================================
INFO:mercedes_uniclean_vzekai:============================================================

