2026-01-29 20:02:46,909 - INFO - ============================================================
2026-01-29 20:02:46,909 - INFO - SimpleImputer 数据清洗 (mean)
2026-01-29 20:02:46,909 - INFO - ============================================================
2026-01-29 20:02:46,909 - INFO - 脏数据: Data/mercedes/dirty_index.csv
2026-01-29 20:02:46,909 - INFO - 干净数据: Data/mercedes/clean_index.csv
2026-01-29 20:02:46,909 - INFO - 任务名称: mercedes_simpleimputer_vzekai
2026-01-29 20:02:46,909 - INFO - 填充策略: mean
2026-01-29 20:02:46,909 - INFO - ------------------------------------------------------------
2026-01-29 20:02:52,222 - INFO - 修复后数据已保存: results/simpleimputer/mercedes_simpleimputer_vzekai/mercedes_simpleimputer_vzekai_cleaned.csv
2026-01-29 20:02:52,222 - INFO - ------------------------------------------------------------
2026-01-29 20:02:52,222 - INFO - 执行时间: 5.31 秒
2026-01-29 20:02:52,222 - INFO - 执行状态: 成功
2026-01-29 20:02:52,222 - INFO - 填充单元格数: 1679
2026-01-29 20:02:52,222 - INFO - 真值使用成本: 0 (全自动)
2026-01-29 20:02:52,222 - INFO - 
2026-01-29 20:02:52,222 - INFO - ============================================================
2026-01-29 20:02:52,222 - INFO - 调用统一测评模块 getScoreML
2026-01-29 20:02:52,222 - INFO - ============================================================
2026-01-29 20:57:17,631 - INFO - 结果已保存到: results/simpleimputer/mercedes_simpleimputer_vzekai
2026-01-29 20:57:17,631 - INFO - 日志文件: results/simpleimputer/mercedes_simpleimputer_vzekai/mercedes_simpleimputer_vzekai.log
2026-01-29 20:57:17,631 - INFO - ============================================================
