[2026-02-25 06:10:41,292] INFO - demandclean: ==================================================
[2026-02-25 06:10:41,293] INFO - demandclean: DemandClean 训练开始
[2026-02-25 06:10:41,293] INFO - demandclean:   检测器模式: auto
[2026-02-25 06:10:41,293] INFO - demandclean:   训练模式: clean_base
[2026-02-25 06:10:41,293] INFO - demandclean:   Agent类型: single
[2026-02-25 06:10:41,293] INFO - demandclean:   推理模式: single_phase
[2026-02-25 06:10:41,293] INFO - demandclean:   FD规则: 1
[2026-02-25 06:10:41,293] INFO - demandclean:   丰富规则: 有
[2026-02-25 06:10:41,293] INFO - demandclean: ==================================================
[2026-02-25 06:10:41,293] INFO - demandclean: 
[Step 1] 初始化错误检测器...
[2026-02-25 06:10:41,312] INFO - demandclean: 
[Step 1.5] 运行 RAHA 检测获取标注行...
[2026-02-25 07:02:19,009] INFO - demandclean:   [预修复] 利用 RAHA 标注行修复 0 个特征单元格 + 4 个标签
[2026-02-25 07:02:19,011] INFO - demandclean:   标注行: [709, 1140, 1431, 2003, 2562, 6296, 8277, 9787, 9902, 10143]... (共 60 行)
[2026-02-25 07:02:19,012] INFO - demandclean: 
[Step 2] 训练 DQN Agent...
[2026-02-25 07:02:19,013] INFO - demandclean: 开始训练 (single Agent, mode=clean_base)
[2026-02-25 07:02:19,013] INFO - demandclean:   任务类型: classification
[2026-02-25 07:02:19,013] INFO - demandclean:   模型类型: random_forest
[2026-02-25 07:02:19,013] INFO - demandclean:   原始数据: 45222 行
[2026-02-25 07:02:19,016] INFO - demandclean:   基准数据: 45222 行
[2026-02-25 07:02:19,023] INFO - demandclean:   标签注入: 检测到 4237 个标签错误, rate=0.094, symmetric=False
[2026-02-25 07:02:19,023] INFO - demandclean:   自适应注入比例范围 (基于检测结果):
[2026-02-25 07:02:19,024] INFO - demandclean:     missing: 不注入
[2026-02-25 07:02:19,024] INFO - demandclean:     semantic: 不注入
[2026-02-25 07:02:19,024] INFO - demandclean:     syntactic: 不注入
[2026-02-25 07:02:19,024] INFO - demandclean:     label: (0.0750, 0.1124)
[2026-02-25 07:02:19,105] INFO - demandclean:   ErrorInjector: rich_rules=True, domain=5, cfd=0, fd=1
[2026-02-25 07:02:19,105] INFO - demandclean:   开始训练 DQN (5 episodes, 起始轮=0)...
[2026-02-25 07:19:40,205] INFO - demandclean: 
已恢复最佳模型权重 (Episode 1, Score=0.9829, Cost=971)
[2026-02-25 07:19:40,206] INFO - demandclean: 
训练完成! 最佳分数: 0.9829 (共 5 episodes)
[2026-02-25 07:19:40,206] INFO - demandclean:   最佳动作分布: {'no_action': 908, 'repair_value': 971, 'delete': 901, 'replace_nearby': 923}
[2026-02-25 07:19:40,214] INFO - demandclean: 
训练完成!
[2026-02-25 07:19:40,239] INFO - demandclean: 模型已保存: /Users/qianzekai/PycharmProjects/TolerDM/results/demandclean/adult/v7_auto_plain_single/model/v7_auto_plain_single_agent.pt
[2026-02-25 07:19:40,242] INFO - demandclean: 
==================================================
[2026-02-25 07:19:40,242] INFO - demandclean: 单阶段推理
[2026-02-25 07:19:40,242] INFO - demandclean: ==================================================
[2026-02-25 07:20:07,162] INFO - demandclean:   [预修复] 利用 RAHA 标注行修复 0 个特征单元格 + 4 个标签
[2026-02-25 07:20:07,163] INFO - demandclean:   移除已修复错误: label_noise=4
