2026-02-03 16:23:07,604 - INFO - ============================================================
2026-02-03 16:23:07,604 - INFO - RepairAll Baseline (完美修复)
2026-02-03 16:23:07,605 - INFO - ============================================================
2026-02-03 16:23:07,605 - INFO - 脏数据: Data/har/dirty_index.csv
2026-02-03 16:23:07,605 - INFO - 干净数据: Data/har/clean_index.csv
2026-02-03 16:23:07,605 - INFO - 任务名称: har_repairall_vzekai
2026-02-03 16:23:07,605 - INFO - ------------------------------------------------------------
2026-02-03 16:23:11,626 - INFO - 输出数据已保存: results/repairall/har_repairall_vzekai/har_repairall_vzekai_cleaned.csv
2026-02-03 16:23:11,626 - INFO - 原始行数: 70000
2026-02-03 16:23:11,626 - INFO - 修复单元格数: 39122
2026-02-03 16:23:11,626 - INFO - ------------------------------------------------------------
2026-02-03 16:23:11,626 - INFO - 执行时间: 4.02 秒
2026-02-03 16:23:11,626 - INFO - 执行状态: 成功
2026-02-03 16:23:11,626 - INFO - 真值使用成本: 39122
2026-02-03 16:23:11,626 - INFO -
2026-02-03 16:23:11,627 - INFO - ============================================================
2026-02-03 16:23:11,627 - INFO - 调用统一测评模块 getScoreML
2026-02-03 16:23:11,627 - INFO - ============================================================
2026-02-03 16:28:09,802 - INFO - 结果已保存到: results/repairall/har_repairall_vzekai
2026-02-03 16:28:09,802 - INFO - 日志文件: results/repairall/har_repairall_vzekai/har_repairall_vzekai.log
2026-02-03 16:28:09,802 - INFO - ============================================================
