2026-01-29 20:42:09,148 - INFO - ============================================================
2026-01-29 20:42:09,148 - INFO - DeleteAll Baseline (drop_missing)
2026-01-29 20:42:09,148 - INFO - ============================================================
2026-01-29 20:42:09,148 - INFO - 脏数据: Data/smartfactory/dirty_index.csv
2026-01-29 20:42:09,148 - INFO - 干净数据: Data/smartfactory/clean_index.csv
2026-01-29 20:42:09,148 - INFO - 任务名称: smartfactory_deleteall_vzekai
2026-01-29 20:42:09,148 - INFO - 删除模式: drop_missing
2026-01-29 20:42:09,148 - INFO - ------------------------------------------------------------
2026-01-29 20:42:09,452 - INFO - 输出数据已保存: results/deleteall/smartfactory_deleteall_vzekai/smartfactory_deleteall_vzekai_cleaned.csv
2026-01-29 20:42:09,452 - INFO - 原始行数: 23645
2026-01-29 20:42:09,452 - INFO - 保留行数: 16552
2026-01-29 20:42:09,452 - INFO - 删除行数: 7093
2026-01-29 20:42:09,452 - INFO - ------------------------------------------------------------
2026-01-29 20:42:09,452 - INFO - 执行时间: 0.30 秒
2026-01-29 20:42:09,452 - INFO - 执行状态: 成功
2026-01-29 20:42:09,452 - INFO - 真值使用成本: 0
2026-01-29 20:42:09,452 - INFO - 
2026-01-29 20:42:09,452 - INFO - ============================================================
2026-01-29 20:42:09,452 - INFO - 调用统一测评模块 getScoreML
2026-01-29 20:42:09,452 - INFO - ============================================================
2026-01-29 20:46:31,060 - INFO - 结果已保存到: results/deleteall/smartfactory_deleteall_vzekai
2026-01-29 20:46:31,060 - INFO - 日志文件: results/deleteall/smartfactory_deleteall_vzekai/smartfactory_deleteall_vzekai.log
2026-01-29 20:46:31,060 - INFO - ============================================================
