2026-01-29 19:38:42,465 - INFO - ============================================================
2026-01-29 19:38:42,466 - INFO - DoNothing Baseline (不做任何清洗)
2026-01-29 19:38:42,466 - INFO - ============================================================
2026-01-29 19:38:42,466 - INFO - 脏数据: Data/adult/dirty_index.csv
2026-01-29 19:38:42,466 - INFO - 干净数据: Data/adult/clean_index.csv
2026-01-29 19:38:42,466 - INFO - 任务名称: adult_donothing_vzekai
2026-01-29 19:38:42,466 - INFO - ------------------------------------------------------------
2026-01-29 19:38:42,711 - INFO - 输出数据已保存: results/donothing/adult_donothing_vzekai/adult_donothing_vzekai_cleaned.csv
2026-01-29 19:38:42,712 - INFO - ------------------------------------------------------------
2026-01-29 19:38:42,712 - INFO - 执行时间: 0.25 秒
2026-01-29 19:38:42,712 - INFO - 执行状态: 成功
2026-01-29 19:38:42,712 - INFO - 真值使用成本: 0 (全自动，不做任何操作)
2026-01-29 19:38:42,712 - INFO - 
2026-01-29 19:38:42,712 - INFO - ============================================================
2026-01-29 19:38:42,712 - INFO - 调用统一测评模块 getScoreML
2026-01-29 19:38:42,712 - INFO - ============================================================
2026-01-29 19:42:01.833764: W tensorflow/compiler/xla/stream_executor/platform/default/dso_loader.cc:64] Could not load dynamic library 'libnvinfer.so.7'; dlerror: libnvinfer.so.7: cannot open shared object file: No such file or directory
2026-01-29 19:42:01.833946: W tensorflow/compiler/xla/stream_executor/platform/default/dso_loader.cc:64] Could not load dynamic library 'libnvinfer_plugin.so.7'; dlerror: libnvinfer_plugin.so.7: cannot open shared object file: No such file or directory
2026-01-29 19:42:01.833977: W tensorflow/compiler/tf2tensorrt/utils/py_utils.cc:38] TF-TRT Warning: Cannot dlopen some TensorRT libraries. If you would like to use Nvidia GPU with TensorRT, please make sure the missing libraries mentioned above are installed properly.
[1;34m[19:42:02][0m[1;33m WARNING Snoopy may use all CPU cores! Set env. variable 'SNOOPY_LIMIT_CPU' to 'y' to limit CPU usage. [0m[1;34m(__init__ -> _init_tf_pytorch on MainThread)[0m
2026-01-29 19:42:02.952781: E tensorflow/compiler/xla/stream_executor/cuda/cuda_driver.cc:267] failed call to cuInit: CUDA_ERROR_NO_DEVICE: no CUDA-capable device is detected
2026-01-29 19:50:47,692 - INFO - 结果已保存到: results/donothing/adult_donothing_vzekai
2026-01-29 19:50:47,692 - INFO - 日志文件: results/donothing/adult_donothing_vzekai/adult_donothing_vzekai.log
2026-01-29 19:50:47,692 - INFO - ============================================================
DoNothing: 读取数据 45222 行, 16 列
DoNothing: 不做任何清洗操作
======================================================================
Clean4MLBaseline 统一测评 - adult_donothing_vzekai
======================================================================

[1/5] 传统清洗指标
--------------------------------------------------
调试文件已保存到: results/donothing/adult_donothing_vzekai/debug
修复准确率: 0.0, 修复召回率: 0.0, F1值: 0.0
========================================
错误减少率 (EDR): 0.0
========================================
混合距离 (Hybrid Distance): 0.0028402711481079965
========================================
基于条目的错误减少率 (R-EDR): 0.0
========================================
numeric: Index(['age', 'fnlwgt', 'educational_num', 'capital_gain', 'capital_loss',
       'hours_per_week', 'income'],
      dtype='object')
categorical: Index(['workclass', 'education', 'marital_status', 'occupation',
       'relationship', 'race', 'gender', 'native_country'],
      dtype='object')
列级平均RMSE (数值列, 归一化): 0.064171
  age: 0.000000
  fnlwgt: 0.000000
  educational_num: 0.000000
  capital_gain: 0.000000
  capital_loss: 0.000000
  hours_per_week: 0.000000
  income: 0.449194
列级平均F1 (类别列, weighted): 1.000000
  workclass: 1.000000
  education: 1.000000
  marital_status: 1.000000
  occupation: 1.000000
  relationship: 1.000000
  race: 1.000000
  gender: 1.000000
  native_country: 1.000000
========================================

[2/5] 下游任务性能 (classification)
--------------------------------------------------
RF - Accuracy: 0.8551, F1: 0.8510, Precision: 0.8497, Recall: 0.8551
LR - Accuracy: 0.8211, F1: 0.8057, Precision: 0.8094, Recall: 0.8211
SVM - Accuracy: 0.8502, F1: 0.8417, Precision: 0.8433, Recall: 0.8502
KNN - Accuracy: 0.8279, F1: 0.8241, Precision: 0.8220, Recall: 0.8279
DT - Accuracy: 0.8060, F1: 0.8068, Precision: 0.8077, Recall: 0.8060
GB - Accuracy: 0.8671, F1: 0.8603, Precision: 0.8623, Recall: 0.8671

[3/5] 模型容忍度
--------------------------------------------------

容忍度计算结果:
  P_do_nothing (脏数据性能): 0.8543
  P_demand_clean (清洗后性能): 0.8543
  P_repair_all (完全修复性能): 0.8543
  先验容忍度 (Tolerance_prior): 1.0000
  后验容忍度 (Tolerance_post): 0.0000

[4/5] Snoopy上界评估
--------------------------------------------------
Snoopy模块可用，正在评估数据质量上界...
  脏数据上界: 0.8523
  清洗后上界: 0.8184
  干净数据上界: 0.8523
  上界提升比例: 0.0000

[5/5] 真值使用成本
--------------------------------------------------
  方法类型: Type 1 (全自动)
  实际真值使用: 0
  理想最小成本: 0
  总修改单元格: 0
  正确修复: 0
  错误修复: 0

======================================================================
测评完成，结果已保存到: results/donothing/adult_donothing_vzekai/adult_donothing_vzekai_report.txt
======================================================================
