2026-01-29 19:58:05,685 - INFO - ============================================================
2026-01-29 19:58:05,685 - INFO - DoNothing Baseline (不做任何清洗)
2026-01-29 19:58:05,685 - INFO - ============================================================
2026-01-29 19:58:05,685 - INFO - 脏数据: Data/har/dirty_index.csv
2026-01-29 19:58:05,685 - INFO - 干净数据: Data/har/clean_index.csv
2026-01-29 19:58:05,685 - INFO - 任务名称: har_donothing_vzekai
2026-01-29 19:58:05,685 - INFO - ------------------------------------------------------------
2026-01-29 19:58:05,830 - INFO - 输出数据已保存: results/donothing/har_donothing_vzekai/har_donothing_vzekai_cleaned.csv
2026-01-29 19:58:05,830 - INFO - ------------------------------------------------------------
2026-01-29 19:58:05,830 - INFO - 执行时间: 0.14 秒
2026-01-29 19:58:05,830 - INFO - 执行状态: 成功
2026-01-29 19:58:05,830 - INFO - 真值使用成本: 0 (全自动，不做任何操作)
2026-01-29 19:58:05,830 - INFO - 
2026-01-29 19:58:05,830 - INFO - ============================================================
2026-01-29 19:58:05,830 - INFO - 调用统一测评模块 getScoreML
2026-01-29 19:58:05,830 - INFO - ============================================================
2026-01-29 20:07:54.968676: W tensorflow/compiler/xla/stream_executor/platform/default/dso_loader.cc:64] Could not load dynamic library 'libnvinfer.so.7'; dlerror: libnvinfer.so.7: cannot open shared object file: No such file or directory
2026-01-29 20:07:54.968743: W tensorflow/compiler/xla/stream_executor/platform/default/dso_loader.cc:64] Could not load dynamic library 'libnvinfer_plugin.so.7'; dlerror: libnvinfer_plugin.so.7: cannot open shared object file: No such file or directory
2026-01-29 20:07:54.968750: W tensorflow/compiler/tf2tensorrt/utils/py_utils.cc:38] TF-TRT Warning: Cannot dlopen some TensorRT libraries. If you would like to use Nvidia GPU with TensorRT, please make sure the missing libraries mentioned above are installed properly.
/home/qianzekai/miniconda3/envs/multibaseline/lib/python3.7/site-packages/sklearn/metrics/cluster/_supervised.py:390: RuntimeWarning: overflow encountered in long_scalars
  (tp + fp) * (fp + tn))
/home/qianzekai/miniconda3/envs/multibaseline/lib/python3.7/site-packages/sklearn/metrics/cluster/_supervised.py:390: RuntimeWarning: overflow encountered in long_scalars
  (tp + fp) * (fp + tn))
[1;34m[20:07:55][0m[1;33m WARNING Snoopy may use all CPU cores! Set env. variable 'SNOOPY_LIMIT_CPU' to 'y' to limit CPU usage. [0m[1;34m(__init__ -> _init_tf_pytorch on MainThread)[0m
2026-01-29 20:07:55.545311: E tensorflow/compiler/xla/stream_executor/cuda/cuda_driver.cc:267] failed call to cuInit: CUDA_ERROR_NO_DEVICE: no CUDA-capable device is detected
2026-01-29 20:13:35,638 - INFO - 结果已保存到: results/donothing/har_donothing_vzekai
2026-01-29 20:13:35,639 - INFO - 日志文件: results/donothing/har_donothing_vzekai/har_donothing_vzekai.log
2026-01-29 20:13:35,639 - INFO - ============================================================
DoNothing: 读取数据 70000 行, 5 列
DoNothing: 不做任何清洗操作
======================================================================
Clean4MLBaseline 统一测评 - har_donothing_vzekai
======================================================================

[1/5] 传统清洗指标
--------------------------------------------------
调试文件已保存到: results/donothing/har_donothing_vzekai/debug
修复准确率: 0.0, 修复召回率: 0.0, F1值: 0.0
========================================
错误减少率 (EDR): 0.0
========================================
混合距离 (Hybrid Distance): 0.2696350706554699
========================================
基于条目的错误减少率 (R-EDR): 0.0
========================================
numeric: Index(['x', 'y', 'z'], dtype='object')
categorical: Index(['gt'], dtype='object')
列级平均RMSE (数值列, 归一化): 1.742858
  x: 1.555863
  y: 1.549460
  z: 2.123251
列级平均F1 (类别列, weighted): 0.979063
  gt: 0.979063
========================================

[2/5] 下游任务性能 (clustering)
--------------------------------------------------
KMEANS - Silhouette: 0.6121, ARI: -1.2974
AGGLOMERATIVE - Silhouette: 0.5421, ARI: -1.0097

[3/5] 模型容忍度
--------------------------------------------------

容忍度计算结果:
  P_do_nothing (脏数据性能): -0.1375
  P_demand_clean (清洗后性能): -0.1375
  P_repair_all (完全修复性能): -0.0203
  先验容忍度 (Tolerance_prior): 1.0000
  后验容忍度 (Tolerance_post): 0.0000

[4/5] Snoopy上界评估
--------------------------------------------------
Snoopy模块可用，正在评估数据质量上界...
  脏数据上界: 0.0833
  清洗后上界: 0.1618
  干净数据上界: 0.1080
  上界提升比例: 3.1694

[5/5] 真值使用成本
--------------------------------------------------
  方法类型: Type 1 (全自动)
  实际真值使用: 0
  理想最小成本: 0
  总修改单元格: 0
  正确修复: 0
  错误修复: 0

======================================================================
测评完成，结果已保存到: results/donothing/har_donothing_vzekai/har_donothing_vzekai_report.txt
======================================================================
