2026-01-29 21:06:02,583 - INFO - ============================================================
2026-01-29 21:06:02,583 - INFO - DoNothing Baseline (不做任何清洗)
2026-01-29 21:06:02,584 - INFO - ============================================================
2026-01-29 21:06:02,584 - INFO - 脏数据: Data/nasa/dirty_index.csv
2026-01-29 21:06:02,584 - INFO - 干净数据: Data/nasa/clean_index.csv
2026-01-29 21:06:02,584 - INFO - 任务名称: nasa_donothing_vzekai
2026-01-29 21:06:02,584 - INFO - ------------------------------------------------------------
2026-01-29 21:06:02,591 - INFO - 输出数据已保存: results/donothing/nasa_donothing_vzekai/nasa_donothing_vzekai_cleaned.csv
2026-01-29 21:06:02,591 - INFO - ------------------------------------------------------------
2026-01-29 21:06:02,592 - INFO - 执行时间: 0.01 秒
2026-01-29 21:06:02,592 - INFO - 执行状态: 成功
2026-01-29 21:06:02,592 - INFO - 真值使用成本: 0 (全自动，不做任何操作)
2026-01-29 21:06:02,592 - INFO - 
2026-01-29 21:06:02,592 - INFO - ============================================================
2026-01-29 21:06:02,592 - INFO - 调用统一测评模块 getScoreML
2026-01-29 21:06:02,592 - INFO - ============================================================
2026-01-29 21:06:07.647734: W tensorflow/compiler/xla/stream_executor/platform/default/dso_loader.cc:64] Could not load dynamic library 'libnvinfer.so.7'; dlerror: libnvinfer.so.7: cannot open shared object file: No such file or directory
2026-01-29 21:06:07.647795: W tensorflow/compiler/xla/stream_executor/platform/default/dso_loader.cc:64] Could not load dynamic library 'libnvinfer_plugin.so.7'; dlerror: libnvinfer_plugin.so.7: cannot open shared object file: No such file or directory
2026-01-29 21:06:07.647802: W tensorflow/compiler/tf2tensorrt/utils/py_utils.cc:38] TF-TRT Warning: Cannot dlopen some TensorRT libraries. If you would like to use Nvidia GPU with TensorRT, please make sure the missing libraries mentioned above are installed properly.
[1;34m[21:06:08][0m[1;33m WARNING Snoopy may use all CPU cores! Set env. variable 'SNOOPY_LIMIT_CPU' to 'y' to limit CPU usage. [0m[1;34m(__init__ -> _init_tf_pytorch on MainThread)[0m
2026-01-29 21:06:08.241523: E tensorflow/compiler/xla/stream_executor/cuda/cuda_driver.cc:267] failed call to cuInit: CUDA_ERROR_NO_DEVICE: no CUDA-capable device is detected
2026-01-29 21:06:18,344 - INFO - 结果已保存到: results/donothing/nasa_donothing_vzekai
2026-01-29 21:06:18,344 - INFO - 日志文件: results/donothing/nasa_donothing_vzekai/nasa_donothing_vzekai.log
2026-01-29 21:06:18,344 - INFO - ============================================================
DoNothing: 读取数据 1503 行, 7 列
DoNothing: 不做任何清洗操作
======================================================================
Clean4MLBaseline 统一测评 - nasa_donothing_vzekai
======================================================================

[1/5] 传统清洗指标
--------------------------------------------------
调试文件已保存到: results/donothing/nasa_donothing_vzekai/debug
修复准确率: 0.0, 修复召回率: 0.0, F1值: 0.0
========================================
错误减少率 (EDR): 0.0
========================================
混合距离 (Hybrid Distance): 0.28305959531011443
========================================
基于条目的错误减少率 (R-EDR): 0.0
========================================
numeric: Index(['frequency', 'angle', 'chord_length', 'velocity', 'thickness',
       'sound_pressure_level'],
      dtype='object')
categorical: (none)
列级平均RMSE (数值列, 归一化): 103303686535.009689
  frequency: 12791.453439
  angle: 514.759162
  chord_length: 15262836.742180
  velocity: 2012.756027
  thickness: 619806841054.347290
  sound_pressure_level: 0.000000
列级平均F1: N/A (无类别列)
========================================

[2/5] 下游任务性能 (regression)
--------------------------------------------------
RF - MSE: 29.9636, R2: 0.4019, MAE: 4.0410, RMSE: 5.4739
LR - MSE: 46.2541, R2: 0.0767, MAE: 5.5600, RMSE: 6.8010
RIDGE - MSE: 46.2556, R2: 0.0767, MAE: 5.5602, RMSE: 6.8011
LASSO - MSE: 49.2217, R2: 0.0175, MAE: 5.7417, RMSE: 7.0158
KNN - MSE: 47.7481, R2: 0.0469, MAE: 5.5978, RMSE: 6.9100
GB - MSE: 30.8328, R2: 0.3846, MAE: 4.3716, RMSE: 5.5527

[3/5] 模型容忍度
--------------------------------------------------

容忍度计算结果:
  P_do_nothing (脏数据性能): -64.5243
  P_demand_clean (清洗后性能): -64.5243
  P_repair_all (完全修复性能): -3.3429
  先验容忍度 (Tolerance_prior): 1.0000
  后验容忍度 (Tolerance_post): 0.0000

[4/5] Snoopy上界评估
--------------------------------------------------
Snoopy模块可用，正在评估数据质量上界...
  脏数据上界: 33.0118
  清洗后上界: 33.0118
  干净数据上界: 13.0157
  上界提升比例: -0.0000

[5/5] 真值使用成本
--------------------------------------------------
  方法类型: Type 1 (全自动)
  实际真值使用: 0
  理想最小成本: 0
  总修改单元格: 0
  正确修复: 0
  错误修复: 0

======================================================================
测评完成，结果已保存到: results/donothing/nasa_donothing_vzekai/nasa_donothing_vzekai_report.txt
======================================================================
