2026-01-29 21:06:19,300 - INFO - ============================================================
2026-01-29 21:06:19,300 - INFO - DoNothing Baseline (不做任何清洗)
2026-01-29 21:06:19,301 - INFO - ============================================================
2026-01-29 21:06:19,301 - INFO - 脏数据: Data/smartfactory/dirty_index.csv
2026-01-29 21:06:19,301 - INFO - 干净数据: Data/smartfactory/clean_index.csv
2026-01-29 21:06:19,301 - INFO - 任务名称: smartfactory_donothing_vzekai
2026-01-29 21:06:19,301 - INFO - ------------------------------------------------------------
2026-01-29 21:06:19,418 - INFO - 输出数据已保存: results/donothing/smartfactory_donothing_vzekai/smartfactory_donothing_vzekai_cleaned.csv
2026-01-29 21:06:19,418 - INFO - ------------------------------------------------------------
2026-01-29 21:06:19,418 - INFO - 执行时间: 0.12 秒
2026-01-29 21:06:19,418 - INFO - 执行状态: 成功
2026-01-29 21:06:19,418 - INFO - 真值使用成本: 0 (全自动，不做任何操作)
2026-01-29 21:06:19,418 - INFO - 
2026-01-29 21:06:19,418 - INFO - ============================================================
2026-01-29 21:06:19,418 - INFO - 调用统一测评模块 getScoreML
2026-01-29 21:06:19,418 - INFO - ============================================================
2026-01-29 21:07:19.676214: W tensorflow/compiler/xla/stream_executor/platform/default/dso_loader.cc:64] Could not load dynamic library 'libnvinfer.so.7'; dlerror: libnvinfer.so.7: cannot open shared object file: No such file or directory
2026-01-29 21:07:19.676284: W tensorflow/compiler/xla/stream_executor/platform/default/dso_loader.cc:64] Could not load dynamic library 'libnvinfer_plugin.so.7'; dlerror: libnvinfer_plugin.so.7: cannot open shared object file: No such file or directory
2026-01-29 21:07:19.676291: W tensorflow/compiler/tf2tensorrt/utils/py_utils.cc:38] TF-TRT Warning: Cannot dlopen some TensorRT libraries. If you would like to use Nvidia GPU with TensorRT, please make sure the missing libraries mentioned above are installed properly.
[1;34m[21:07:20][0m[1;33m WARNING Snoopy may use all CPU cores! Set env. variable 'SNOOPY_LIMIT_CPU' to 'y' to limit CPU usage. [0m[1;34m(__init__ -> _init_tf_pytorch on MainThread)[0m
2026-01-29 21:07:20.259105: E tensorflow/compiler/xla/stream_executor/cuda/cuda_driver.cc:267] failed call to cuInit: CUDA_ERROR_NO_DEVICE: no CUDA-capable device is detected
2026-01-29 21:12:11,592 - INFO - 结果已保存到: results/donothing/smartfactory_donothing_vzekai
2026-01-29 21:12:11,592 - INFO - 日志文件: results/donothing/smartfactory_donothing_vzekai/smartfactory_donothing_vzekai.log
2026-01-29 21:12:11,592 - INFO - ============================================================
DoNothing: 读取数据 23645 行, 20 列
DoNothing: 不做任何清洗操作
======================================================================
Clean4MLBaseline 统一测评 - smartfactory_donothing_vzekai
======================================================================

[1/5] 传统清洗指标
--------------------------------------------------
调试文件已保存到: results/donothing/smartfactory_donothing_vzekai/debug
修复准确率: 0.0, 修复召回率: 0.0, F1值: 0.0
========================================
错误减少率 (EDR): 0.0
========================================
混合距离 (Hybrid Distance): 0.0
========================================
基于条目的错误减少率 (R-EDR): 0.0
========================================
numeric: Index(['i_w_blo_weg', 'o_w_blo_power', 'o_w_blo_voltage', 'i_w_bhl_weg',
       'o_w_bhl_power', 'o_w_bhl_voltage', 'i_w_bhr_weg', 'o_w_bhr_power',
       'o_w_bhr_voltage', 'i_w_bru_weg', 'o_w_bru_power', 'o_w_bru_voltage',
       'i_w_hr_weg', 'o_w_hr_power', 'o_w_hr_voltage', 'i_w_hl_weg',
       'o_w_hl_power', 'o_w_hl_voltage', 'labels'],
      dtype='object')
categorical: (none)
列级平均RMSE (数值列, 归一化): 0.159036
  i_w_blo_weg: 0.127008
  o_w_blo_power: 0.152189
  o_w_blo_voltage: 0.139639
  i_w_bhl_weg: 0.135468
  o_w_bhl_power: 0.163951
  o_w_bhl_voltage: 0.173670
  i_w_bhr_weg: 0.130873
  o_w_bhr_power: 0.154830
  o_w_bhr_voltage: 0.151716
  i_w_bru_weg: 0.231784
  o_w_bru_power: 0.144908
  o_w_bru_voltage: 0.172110
  i_w_hr_weg: 0.186249
  o_w_hr_power: 0.241550
  o_w_hr_voltage: 0.129751
  i_w_hl_weg: 0.186109
  o_w_hl_power: 0.254851
  o_w_hl_voltage: 0.145030
  labels: 0.000000
列级平均F1: N/A (无类别列)
========================================

[2/5] 下游任务性能 (classification)
--------------------------------------------------
RF - Accuracy: 0.9689, F1: 0.9686, Precision: 0.9687, Recall: 0.9689
LR - Accuracy: 0.7744, F1: 0.6813, Precision: 0.7751, Recall: 0.7744
SVM - Accuracy: 0.7839, F1: 0.7060, Precision: 0.7914, Recall: 0.7839
KNN - Accuracy: 0.7991, F1: 0.7909, Precision: 0.7866, Recall: 0.7991
DT - Accuracy: 0.9355, F1: 0.9357, Precision: 0.9360, Recall: 0.9355
GB - Accuracy: 0.8116, F1: 0.7645, Precision: 0.8190, Recall: 0.8116

[3/5] 模型容忍度
--------------------------------------------------

容忍度计算结果:
  P_do_nothing (脏数据性能): 0.7484
  P_demand_clean (清洗后性能): 0.7484
  P_repair_all (完全修复性能): 0.9816
  先验容忍度 (Tolerance_prior): 1.0000
  后验容忍度 (Tolerance_post): 0.0000

[4/5] Snoopy上界评估
--------------------------------------------------
Snoopy模块可用，正在评估数据质量上界...
  脏数据上界: 0.7223
  清洗后上界: 0.7223
  干净数据上界: 0.7010
  上界提升比例: -0.0000

[5/5] 真值使用成本
--------------------------------------------------
  方法类型: Type 1 (全自动)
  实际真值使用: 0
  理想最小成本: 0
  总修改单元格: 0
  正确修复: 0
  错误修复: 0

======================================================================
测评完成，结果已保存到: results/donothing/smartfactory_donothing_vzekai/smartfactory_donothing_vzekai_report.txt
======================================================================
