2026-01-29 21:12:12,477 - INFO - ============================================================
2026-01-29 21:12:12,477 - INFO - DoNothing Baseline (不做任何清洗)
2026-01-29 21:12:12,477 - INFO - ============================================================
2026-01-29 21:12:12,477 - INFO - 脏数据: Data/soilmoisture/dirty_index.csv
2026-01-29 21:12:12,477 - INFO - 干净数据: Data/soilmoisture/clean_index.csv
2026-01-29 21:12:12,477 - INFO - 任务名称: soilmoisture_donothing_vzekai
2026-01-29 21:12:12,477 - INFO - ------------------------------------------------------------
2026-01-29 21:12:12,538 - INFO - 输出数据已保存: results/donothing/soilmoisture_donothing_vzekai/soilmoisture_donothing_vzekai_cleaned.csv
2026-01-29 21:12:12,538 - INFO - ------------------------------------------------------------
2026-01-29 21:12:12,538 - INFO - 执行时间: 0.06 秒
2026-01-29 21:12:12,539 - INFO - 执行状态: 成功
2026-01-29 21:12:12,539 - INFO - 真值使用成本: 0 (全自动，不做任何操作)
2026-01-29 21:12:12,539 - INFO - 
2026-01-29 21:12:12,539 - INFO - ============================================================
2026-01-29 21:12:12,539 - INFO - 调用统一测评模块 getScoreML
2026-01-29 21:12:12,539 - INFO - ============================================================
2026-01-29 21:12:30.338625: W tensorflow/compiler/xla/stream_executor/platform/default/dso_loader.cc:64] Could not load dynamic library 'libnvinfer.so.7'; dlerror: libnvinfer.so.7: cannot open shared object file: No such file or directory
2026-01-29 21:12:30.338686: W tensorflow/compiler/xla/stream_executor/platform/default/dso_loader.cc:64] Could not load dynamic library 'libnvinfer_plugin.so.7'; dlerror: libnvinfer_plugin.so.7: cannot open shared object file: No such file or directory
2026-01-29 21:12:30.338693: W tensorflow/compiler/tf2tensorrt/utils/py_utils.cc:38] TF-TRT Warning: Cannot dlopen some TensorRT libraries. If you would like to use Nvidia GPU with TensorRT, please make sure the missing libraries mentioned above are installed properly.
[1;34m[21:12:30][0m[1;33m WARNING Snoopy may use all CPU cores! Set env. variable 'SNOOPY_LIMIT_CPU' to 'y' to limit CPU usage. [0m[1;34m(__init__ -> _init_tf_pytorch on MainThread)[0m
2026-01-29 21:12:30.904911: E tensorflow/compiler/xla/stream_executor/cuda/cuda_driver.cc:267] failed call to cuInit: CUDA_ERROR_NO_DEVICE: no CUDA-capable device is detected
2026-01-29 21:14:18,264 - INFO - 结果已保存到: results/donothing/soilmoisture_donothing_vzekai
2026-01-29 21:14:18,264 - INFO - 日志文件: results/donothing/soilmoisture_donothing_vzekai/soilmoisture_donothing_vzekai.log
2026-01-29 21:14:18,264 - INFO - ============================================================
DoNothing: 读取数据 679 行, 129 列
DoNothing: 不做任何清洗操作
======================================================================
Clean4MLBaseline 统一测评 - soilmoisture_donothing_vzekai
======================================================================

[1/5] 传统清洗指标
--------------------------------------------------
调试文件已保存到: results/donothing/soilmoisture_donothing_vzekai/debug
修复准确率: 0.0, 修复召回率: 0.0, F1值: 0.0
========================================
错误减少率 (EDR): 0.0
========================================
混合距离 (Hybrid Distance): 0.6507164053981326
========================================
基于条目的错误减少率 (R-EDR): 0.0
========================================
numeric: Index(['datetime', 'soil_temperature', '454', '458', '462', '466', '470',
       '474', '478', '482',
       ...
       '918', '922', '926', '930', '934', '938', '942', '946', '950',
       'soil_moisture'],
      dtype='object', length=128)
categorical: (none)
列级平均RMSE (数值列, 归一化): 4.578899
  datetime: 311.430437
  soil_temperature: 2.242505
  454: 2.393852
  458: 2.186353
  462: 2.137844
  466: 2.530025
  470: 2.269383
  474: 2.248456
  478: 2.099924
  482: 2.105687
  486: 2.355347
  490: 2.224192
  494: 2.019910
  498: 2.119167
  502: 2.204516
  506: 2.359721
  510: 2.247141
  514: 2.183693
  518: 2.372831
  522: 2.390441
  526: 2.010066
  530: 1.979445
  534: 2.070589
  538: 2.242576
  542: 2.070171
  546: 2.246240
  550: 2.116058
  554: 2.342615
  558: 2.220952
  562: 2.239427
  566: 2.193497
  570: 2.230773
  574: 2.116274
  578: 1.978680
  582: 2.059760
  586: 2.136275
  590: 2.313622
  594: 2.164925
  598: 2.122880
  602: 2.404049
  606: 2.332976
  610: 2.235445
  614: 2.207865
  618: 2.213021
  622: 2.226407
  626: 2.361848
  630: 2.183991
  634: 2.076927
  638: 1.978158
  642: 2.366119
  646: 2.221360
  650: 2.194142
  654: 2.150456
  658: 2.337562
  662: 2.031934
  666: 2.223297
  670: 2.255528
  674: 1.852020
  678: 1.971906
  682: 1.936224
  686: 2.285690
  690: 2.206235
  694: 2.363635
  698: 2.201578
  702: 2.214251
  706: 2.212666
  710: 2.135337
  714: 2.024973
  718: 2.067324
  722: 2.159293
  726: 2.161008
  730: 2.226870
  734: 2.240759
  738: 2.339868
  742: 2.382670
  746: 1.956797
  750: 1.976396
  754: 2.104229
  758: 2.200618
  762: 2.163922
  766: 2.351168
  770: 2.141631
  774: 2.097950
  778: 2.019083
  782: 2.276540
  786: 2.079727
  790: 2.180176
  794: 2.368967
  798: 2.269737
  802: 2.064196
  806: 2.081483
  810: 2.142450
  814: 2.163328
  818: 2.328359
  822: 2.129253
  826: 2.174067
  830: 1.937129
  834: 2.186168
  838: 2.278224
  842: 2.146551
  846: 2.248917
  850: 2.157512
  854: 2.255372
  858: 2.136886
  862: 2.249485
  866: 2.236651
  870: 2.086701
  874: 2.345684
  878: 2.112459
  882: 2.311855
  886: 2.133786
  890: 2.335990
  894: 2.150543
  898: 2.184277
  902: 1.924444
  906: 2.132098
  910: 2.180362
  914: 2.027222
  918: 2.197173
  922: 1.925631
  926: 2.214766
  930: 1.935050
  934: 2.095229
  938: 2.303686
  942: 2.123708
  946: 2.221732
  950: 2.094027
  soil_moisture: 0.000000
列级平均F1: N/A (无类别列)
========================================

[2/5] 下游任务性能 (regression)
--------------------------------------------------
RF - MSE: 2.7177, R2: 0.8102, MAE: 1.1589, RMSE: 1.6486
LR - MSE: 8.1254, R2: 0.4327, MAE: 2.0855, RMSE: 2.8505
RIDGE - MSE: 8.1144, R2: 0.4335, MAE: 2.0840, RMSE: 2.8486
LASSO - MSE: 9.8365, R2: 0.3132, MAE: 2.4684, RMSE: 3.1363
KNN - MSE: 5.3018, R2: 0.6298, MAE: 1.5779, RMSE: 2.3026
GB - MSE: 3.4277, R2: 0.7607, MAE: 1.3086, RMSE: 1.8514

[3/5] 模型容忍度
--------------------------------------------------

容忍度计算结果:
  P_do_nothing (脏数据性能): -4.8276
  P_demand_clean (清洗后性能): -4.8276
  P_repair_all (完全修复性能): -0.8688
  先验容忍度 (Tolerance_prior): 1.0000
  后验容忍度 (Tolerance_post): 0.0000

[4/5] Snoopy上界评估
--------------------------------------------------
Snoopy模块可用，正在评估数据质量上界...
  脏数据上界: 5.0025
  清洗后上界: 5.0025
  干净数据上界: 8.7752
  上界提升比例: 0.0000

[5/5] 真值使用成本
--------------------------------------------------
  方法类型: Type 1 (全自动)
  实际真值使用: 0
  理想最小成本: 0
  总修改单元格: 0
  正确修复: 0
  错误修复: 0

======================================================================
测评完成，结果已保存到: results/donothing/soilmoisture_donothing_vzekai/soilmoisture_donothing_vzekai_report.txt
======================================================================
