[2026-03-05 02:42:09,456] INFO - demandclean: ==================================================
[2026-03-05 02:42:09,456] INFO - demandclean: DemandClean 训练开始
[2026-03-05 02:42:09,456] INFO - demandclean:   检测器模式: auto
[2026-03-05 02:42:09,456] INFO - demandclean:   训练模式: clean_base
[2026-03-05 02:42:09,456] INFO - demandclean:   Agent类型: dueling_two_stage
[2026-03-05 02:42:09,456] INFO - demandclean:   推理模式: single_phase
[2026-03-05 02:42:09,457] INFO - demandclean:   FD规则: 4
[2026-03-05 02:42:09,457] INFO - demandclean:   丰富规则: 有
[2026-03-05 02:42:09,457] INFO - demandclean: ==================================================
[2026-03-05 02:42:09,457] INFO - demandclean: 
[Step 1] 初始化错误检测器...
[2026-03-05 02:42:09,458] INFO - demandclean: 
[Step 1.5] 运行 RAHA 检测获取标注行...
[2026-03-05 02:45:19,780] INFO - demandclean:   [预修复] 利用 RAHA 标注行修复 36 个特征单元格 + 0 个标签
[2026-03-05 02:45:19,781] INFO - demandclean:   标注行: [56, 76, 77, 179, 335, 362, 465, 490, 624, 639]... (共 20 行)
[2026-03-05 02:45:19,781] INFO - demandclean: 
[Step 2] 训练 DQN Agent...
[2026-03-05 02:45:19,782] INFO - demandclean: 开始训练 (dueling_two_stage Agent, mode=clean_base)
[2026-03-05 02:45:19,782] INFO - demandclean:   任务类型: classification
[2026-03-05 02:45:19,782] INFO - demandclean:   模型类型: random_forest
[2026-03-05 02:45:19,782] INFO - demandclean:   原始数据: 1446 行
[2026-03-05 02:45:56,598] INFO - demandclean:   Clean Base 自动选择 (5-fold CV, 样本保留率加权):
[2026-03-05 02:45:56,599] INFO - demandclean:     DeleteFix: 289 行, CV=0.3320, 权重=0.447, 加权=0.1484
[2026-03-05 02:45:56,599] INFO - demandclean:     VE-Fill:   1446 行, CV=0.0000, 权重=1.000, 加权=0.0000
[2026-03-05 02:45:56,599] INFO - demandclean:     → 选择 DeleteFix (289 行)
[2026-03-05 02:45:56,599] INFO - demandclean:   标签注入: 检测器未发现标签错误，不注入
[2026-03-05 02:45:56,599] INFO - demandclean:   自适应注入比例范围 (基于检测结果):
[2026-03-05 02:45:56,599] INFO - demandclean:     missing: (0.1804, 0.2705)
[2026-03-05 02:45:56,600] INFO - demandclean:     semantic: (0.0050, 0.0100)
[2026-03-05 02:45:56,600] INFO - demandclean:     syntactic: (0.0050, 0.0100)
[2026-03-05 02:45:56,600] INFO - demandclean:     label: 不注入
[2026-03-05 02:46:01,495] INFO - demandclean:   ErrorInjector: rich_rules=True, domain=3, cfd=0, fd=4
[2026-03-05 02:46:01,495] INFO - demandclean:   Oracle 模式: reward 使用干净验证集 (482 行)
[2026-03-05 02:46:01,495] INFO - demandclean:   开始训练 DQN (400 episodes, 起始轮=0)...
[2026-03-05 02:48:13,294] INFO - demandclean:   Episode 50/400: Score=0.2054, Best=0.2386, Eps=0.778
[2026-03-05 02:48:13,296] INFO - demandclean:     Actions: {'no_action': 24, 'repair_value': 5, 'delete': 38, 'replace_nearby': 12}
[2026-03-05 02:50:02,811] INFO - demandclean:   Episode 100/400: Score=0.2241, Best=0.2490, Eps=0.606
[2026-03-05 02:50:02,815] INFO - demandclean:     Actions: {'no_action': 12, 'repair_value': 3, 'delete': 50, 'replace_nearby': 8}
[2026-03-05 02:51:46,493] INFO - demandclean:   Episode 150/400: Score=0.2095, Best=0.2490, Eps=0.471
[2026-03-05 02:51:46,494] INFO - demandclean:     Actions: {'no_action': 10, 'repair_value': 5, 'delete': 35, 'replace_nearby': 21}
[2026-03-05 02:53:31,323] INFO - demandclean:   Episode 200/400: Score=0.2220, Best=0.2490, Eps=0.367
[2026-03-05 02:53:31,325] INFO - demandclean:     Actions: {'no_action': 17, 'repair_value': 31, 'delete': 23, 'replace_nearby': 6}
[2026-03-05 02:55:23,202] INFO - demandclean:   Episode 250/400: Score=0.2137, Best=0.2490, Eps=0.286
[2026-03-05 02:55:23,204] INFO - demandclean:     Actions: {'no_action': 14, 'repair_value': 7, 'delete': 8, 'replace_nearby': 34}
[2026-03-05 02:57:14,340] INFO - demandclean:   Episode 300/400: Score=0.2116, Best=0.2490, Eps=0.222
[2026-03-05 02:57:14,341] INFO - demandclean:     Actions: {'no_action': 4, 'repair_value': 1, 'delete': 31, 'replace_nearby': 17}
[2026-03-05 02:58:53,768] INFO - demandclean:   Episode 350/400: Score=0.2220, Best=0.2490, Eps=0.173
[2026-03-05 02:58:53,769] INFO - demandclean:     Actions: {'no_action': 5, 'repair_value': 0, 'delete': 46, 'replace_nearby': 8}
[2026-03-05 03:00:31,919] INFO - demandclean:   Episode 400/400: Score=0.2158, Best=0.2510, Eps=0.135
[2026-03-05 03:00:31,921] INFO - demandclean:     Actions: {'no_action': 2, 'repair_value': 1, 'delete': 42, 'replace_nearby': 23}
[2026-03-05 03:00:31,922] INFO - demandclean: 
已恢复最佳模型权重 (Episode 356, Score=0.2510, Cost=46)
[2026-03-05 03:00:31,922] INFO - demandclean: 
训练完成! 最佳分数: 0.2510 (共 400 episodes)
[2026-03-05 03:00:31,922] INFO - demandclean:   最佳动作分布: {'no_action': 3, 'repair_value': 46, 'delete': 3, 'replace_nearby': 3}
[2026-03-05 03:00:31,922] INFO - demandclean: 
训练完成!
[2026-03-05 03:00:31,934] INFO - demandclean: 模型已保存: /Users/qianzekai/PycharmProjects/TolerDM/results/demandclean/beers/v5_auto_dueling_single/model/v5_auto_dueling_single_agent.pt
[2026-03-05 03:00:31,943] INFO - demandclean: 
==================================================
[2026-03-05 03:00:31,943] INFO - demandclean: 单阶段推理
[2026-03-05 03:00:31,944] INFO - demandclean: ==================================================
[2026-03-05 03:00:31,947] INFO - demandclean:   [预修复] 利用 RAHA 标注行修复 36 个特征单元格 + 0 个标签
[2026-03-05 03:00:31,947] INFO - demandclean:   移除已修复错误: missing=34, syntactic=2
