[2026-02-25 03:19:23,792] INFO - demandclean: ==================================================
[2026-02-25 03:19:23,792] INFO - demandclean: DemandClean 训练开始
[2026-02-25 03:19:23,792] INFO - demandclean:   检测器模式: auto
[2026-02-25 03:19:23,792] INFO - demandclean:   训练模式: clean_base
[2026-02-25 03:19:23,792] INFO - demandclean:   Agent类型: dueling_two_stage
[2026-02-25 03:19:23,792] INFO - demandclean:   推理模式: single_phase
[2026-02-25 03:19:23,792] INFO - demandclean:   FD规则: 4
[2026-02-25 03:19:23,792] INFO - demandclean:   丰富规则: 有
[2026-02-25 03:19:23,792] INFO - demandclean: ==================================================
[2026-02-25 03:19:23,792] INFO - demandclean: 
[Step 1] 初始化错误检测器...
[2026-02-25 03:19:23,793] INFO - demandclean: 
[Step 1.5] 运行 RAHA 检测获取标注行...
[2026-02-25 03:20:32,078] INFO - demandclean:   [预修复] 利用 RAHA 标注行修复 39 个特征单元格 + 1 个标签
[2026-02-25 03:20:32,079] INFO - demandclean:   标注行: [21, 121, 281, 367, 397, 594, 621, 970, 1000, 1110]... (共 20 行)
[2026-02-25 03:20:32,079] INFO - demandclean: 
[Step 2] 训练 DQN Agent...
[2026-02-25 03:20:32,079] INFO - demandclean: 开始训练 (dueling_two_stage Agent, mode=clean_base)
[2026-02-25 03:20:32,079] INFO - demandclean:   任务类型: classification
[2026-02-25 03:20:32,079] INFO - demandclean:   模型类型: random_forest
[2026-02-25 03:20:32,079] INFO - demandclean:   原始数据: 2410 行
[2026-02-25 03:20:32,079] INFO - demandclean:   基准数据: 20 行
[2026-02-25 03:20:32,080] INFO - demandclean:   标签注入: 检测到 78 个标签错误, rate=0.032, symmetric=True
[2026-02-25 03:20:32,080] INFO - demandclean:   自适应注入比例范围 (基于检测结果):
[2026-02-25 03:20:32,080] INFO - demandclean:     missing: (0.1784, 0.2676)
[2026-02-25 03:20:32,080] INFO - demandclean:     semantic: (0.0050, 0.0100)
[2026-02-25 03:20:32,080] INFO - demandclean:     syntactic: (0.0050, 0.0100)
[2026-02-25 03:20:32,080] INFO - demandclean:     label: (0.0259, 0.0388)
[2026-02-25 03:20:33,886] INFO - demandclean:   ErrorInjector: rich_rules=True, domain=3, cfd=0, fd=4
[2026-02-25 03:20:33,886] INFO - demandclean:   开始训练 DQN (5 episodes, 起始轮=0)...
[2026-02-25 03:20:37,601] INFO - demandclean: 
已恢复最佳模型权重 (Episode 4, Score=1.0000, Cost=1)
[2026-02-25 03:20:37,601] INFO - demandclean: 
训练完成! 最佳分数: 1.0000 (共 5 episodes)
[2026-02-25 03:20:37,601] INFO - demandclean:   最佳动作分布: {'no_action': 2, 'repair_value': 1, 'delete': 0, 'replace_nearby': 0}
[2026-02-25 03:20:37,602] INFO - demandclean: 
训练完成!
[2026-02-25 03:20:37,607] INFO - demandclean: 模型已保存: /Users/qianzekai/PycharmProjects/TolerDM/results/demandclean/beers/v5_auto_dueling_single/model/v5_auto_dueling_single_agent.pt
[2026-02-25 03:20:37,608] INFO - demandclean: 
==================================================
[2026-02-25 03:20:37,608] INFO - demandclean: 单阶段推理
[2026-02-25 03:20:37,608] INFO - demandclean: ==================================================
[2026-02-25 03:20:38,083] INFO - demandclean:   [预修复] 利用 RAHA 标注行修复 39 个特征单元格 + 1 个标签
[2026-02-25 03:20:38,083] INFO - demandclean:   移除已修复错误: missing=37, semantic=1, syntactic=1, label_noise=1
