[2026-03-03 21:27:24,908] INFO - demandclean: ==================================================
[2026-03-03 21:27:24,909] INFO - demandclean: DemandClean 训练开始
[2026-03-03 21:27:24,909] INFO - demandclean:   检测器模式: auto
[2026-03-03 21:27:24,909] INFO - demandclean:   训练模式: clean_base
[2026-03-03 21:27:24,909] INFO - demandclean:   Agent类型: dueling_two_stage
[2026-03-03 21:27:24,909] INFO - demandclean:   推理模式: single_phase
[2026-03-03 21:27:24,909] INFO - demandclean:   FD规则: 4
[2026-03-03 21:27:24,909] INFO - demandclean:   丰富规则: 有
[2026-03-03 21:27:24,909] INFO - demandclean: ==================================================
[2026-03-03 21:27:24,909] INFO - demandclean: 
[Step 1] 初始化错误检测器...
[2026-03-03 21:27:24,910] INFO - demandclean: 
[Step 1.5] 运行 RAHA 检测获取标注行...
[2026-03-03 21:30:02,247] INFO - demandclean:   [预修复] 利用 RAHA 标注行修复 46 个特征单元格 + 0 个标签
[2026-03-03 21:30:02,248] INFO - demandclean:   标注行: [49, 144, 213, 241, 255, 324, 332, 395, 418, 424]... (共 20 行)
[2026-03-03 21:30:02,249] INFO - demandclean: 
[Step 1.8] 加载续训模型: /Users/qianzekai/PycharmProjects/TolerDM/results/demandclean/beers/v5_auto_dueling_single/model/v5_auto_dueling_single_agent.pt
[2026-03-03 21:30:05,603] INFO - demandclean:   已训练 810 episodes, best_score=0.2386, epsilon=0.0997
[2026-03-03 21:30:05,603] INFO - demandclean: 
[Step 2] 训练 DQN Agent...
[2026-03-03 21:30:05,603] INFO - demandclean: 续训 (dueling_two_stage Agent, mode=clean_base)
[2026-03-03 21:30:05,603] INFO - demandclean:   任务类型: classification
[2026-03-03 21:30:05,603] INFO - demandclean:   模型类型: random_forest
[2026-03-03 21:30:05,603] INFO - demandclean:   原始数据: 1446 行
[2026-03-03 21:30:05,603] INFO - demandclean:   续训起始轮: 810
[2026-03-03 21:30:29,759] INFO - demandclean:   Clean Base 自动选择 (5-fold CV, 样本保留率加权):
[2026-03-03 21:30:29,761] INFO - demandclean:     DeleteFix: 289 行, CV=0.2803, 权重=0.447, 加权=0.1253
[2026-03-03 21:30:29,761] INFO - demandclean:     VE-Fill:   1446 行, CV=0.0000, 权重=1.000, 加权=0.0000
[2026-03-03 21:30:29,761] INFO - demandclean:     → 选择 DeleteFix (289 行)
[2026-03-03 21:30:29,762] INFO - demandclean:   标签注入: 检测器未发现标签错误，不注入
[2026-03-03 21:30:29,762] INFO - demandclean:   自适应注入比例范围 (基于检测结果):
[2026-03-03 21:30:29,762] INFO - demandclean:     missing: (0.1804, 0.2705)
[2026-03-03 21:30:29,762] INFO - demandclean:     semantic: (0.0068, 0.0118)
[2026-03-03 21:30:29,762] INFO - demandclean:     syntactic: (0.0050, 0.0100)
[2026-03-03 21:30:29,762] INFO - demandclean:     label: 不注入
[2026-03-03 21:30:29,764] INFO - demandclean:   ErrorInjector: rich_rules=True, domain=3, cfd=0, fd=4
[2026-03-03 21:30:29,764] INFO - demandclean:   Oracle 模式: reward 使用干净验证集 (482 行)
[2026-03-03 21:30:29,764] INFO - demandclean:   开始训练 DQN (400 episodes, 起始轮=810)...
[2026-03-03 21:31:30,233] INFO - demandclean:   Episode 850/1210: Score=0.2137, Best=0.2386, Eps=0.100
[2026-03-03 21:31:30,234] INFO - demandclean:     Actions: {'no_action': 18, 'repair_value': 3, 'delete': 25, 'replace_nearby': 13}
[2026-03-03 21:32:43,862] INFO - demandclean:   Episode 900/1210: Score=0.1992, Best=0.2386, Eps=0.100
[2026-03-03 21:32:43,864] INFO - demandclean:     Actions: {'no_action': 33, 'repair_value': 1, 'delete': 5, 'replace_nearby': 24}
[2026-03-03 21:33:58,658] INFO - demandclean:   Episode 950/1210: Score=0.1950, Best=0.2407, Eps=0.100
[2026-03-03 21:33:58,659] INFO - demandclean:     Actions: {'no_action': 46, 'repair_value': 2, 'delete': 5, 'replace_nearby': 15}
[2026-03-03 21:35:16,334] INFO - demandclean:   Episode 1000/1210: Score=0.2178, Best=0.2427, Eps=0.100
[2026-03-03 21:35:16,336] INFO - demandclean:     Actions: {'no_action': 59, 'repair_value': 0, 'delete': 3, 'replace_nearby': 8}
[2026-03-03 21:36:37,490] INFO - demandclean:   Episode 1050/1210: Score=0.2054, Best=0.2427, Eps=0.100
[2026-03-03 21:36:37,491] INFO - demandclean:     Actions: {'no_action': 43, 'repair_value': 0, 'delete': 1, 'replace_nearby': 22}
[2026-03-03 21:37:52,120] INFO - demandclean:   Episode 1100/1210: Score=0.2220, Best=0.2448, Eps=0.100
[2026-03-03 21:37:52,121] INFO - demandclean:     Actions: {'no_action': 30, 'repair_value': 0, 'delete': 20, 'replace_nearby': 6}
[2026-03-03 21:39:09,056] INFO - demandclean:   Episode 1150/1210: Score=0.2261, Best=0.2448, Eps=0.100
[2026-03-03 21:39:09,057] INFO - demandclean:     Actions: {'no_action': 12, 'repair_value': 1, 'delete': 21, 'replace_nearby': 23}
[2026-03-03 21:40:30,413] INFO - demandclean:   Episode 1200/1210: Score=0.2054, Best=0.2448, Eps=0.100
[2026-03-03 21:40:30,441] INFO - demandclean:     Actions: {'no_action': 57, 'repair_value': 0, 'delete': 2, 'replace_nearby': 13}
[2026-03-03 21:40:45,457] INFO - demandclean: 
已恢复最佳模型权重 (Episode 1070, Score=0.2448, Cost=0)
[2026-03-03 21:40:45,457] INFO - demandclean: 
训练完成! 最佳分数: 0.2448 (共 1210 episodes)
[2026-03-03 21:40:45,457] INFO - demandclean:   最佳动作分布: {'no_action': 49, 'repair_value': 0, 'delete': 11, 'replace_nearby': 2}
[2026-03-03 21:40:45,458] INFO - demandclean: 
训练完成!
[2026-03-03 21:40:45,466] INFO - demandclean: 模型已保存: /Users/qianzekai/PycharmProjects/TolerDM/results/demandclean/beers/v5_auto_dueling_single/model/v5_auto_dueling_single_agent.pt
[2026-03-03 21:40:45,611] INFO - demandclean: 
==================================================
[2026-03-03 21:40:45,611] INFO - demandclean: 单阶段推理
[2026-03-03 21:40:45,611] INFO - demandclean: ==================================================
[2026-03-03 21:40:45,613] INFO - demandclean:   [预修复] 利用 RAHA 标注行修复 46 个特征单元格 + 0 个标签
[2026-03-03 21:40:45,613] INFO - demandclean:   移除已修复错误: missing=42, semantic=1, syntactic=3
