[2026-03-01 05:35:44,861] INFO - demandclean: ==================================================
[2026-03-01 05:35:44,862] INFO - demandclean: DemandClean 训练开始
[2026-03-01 05:35:44,862] INFO - demandclean:   检测器模式: auto
[2026-03-01 05:35:44,862] INFO - demandclean:   训练模式: clean_base
[2026-03-01 05:35:44,862] INFO - demandclean:   Agent类型: dueling_two_stage
[2026-03-01 05:35:44,862] INFO - demandclean:   推理模式: single_phase
[2026-03-01 05:35:44,862] INFO - demandclean:   FD规则: 4
[2026-03-01 05:35:44,862] INFO - demandclean:   丰富规则: 有
[2026-03-01 05:35:44,862] INFO - demandclean: ==================================================
[2026-03-01 05:35:44,862] INFO - demandclean: 
[Step 1] 初始化错误检测器...
[2026-03-01 05:35:44,862] INFO - demandclean: 
[Step 1.5] 运行 RAHA 检测获取标注行...
[2026-03-01 05:39:19,845] INFO - demandclean:   [预修复] 利用 RAHA 标注行修复 44 个特征单元格 + 2 个标签
[2026-03-01 05:39:19,859] INFO - demandclean:   标注行: [17, 61, 671, 750, 751, 1006, 1051, 1136, 1185, 1212]... (共 20 行)
[2026-03-01 05:39:19,859] INFO - demandclean: 
[Step 2] 训练 DQN Agent...
[2026-03-01 05:39:19,859] INFO - demandclean: 开始训练 (dueling_two_stage Agent, mode=clean_base)
[2026-03-01 05:39:19,859] INFO - demandclean:   任务类型: classification
[2026-03-01 05:39:19,859] INFO - demandclean:   模型类型: random_forest
[2026-03-01 05:39:19,859] INFO - demandclean:   原始数据: 2410 行
[2026-03-01 05:40:17,112] INFO - demandclean:   Clean Base 自动选择 (5-fold CV, 样本保留率加权):
[2026-03-01 05:40:17,113] INFO - demandclean:     DeleteFix: 482 行, CV=0.3526, 权重=0.447, 加权=0.1577
[2026-03-01 05:40:17,113] INFO - demandclean:     VE-Fill:   2410 行, CV=0.2743, 权重=1.000, 加权=0.2743
[2026-03-01 05:40:17,113] INFO - demandclean:     → 选择 VE-Fill (2410 行)
[2026-03-01 05:40:17,114] INFO - demandclean:   标签注入: 检测到 20 个标签错误, rate=0.008, symmetric=True
[2026-03-01 05:40:17,114] INFO - demandclean:   自适应注入比例范围 (基于检测结果):
[2026-03-01 05:40:17,114] INFO - demandclean:     missing: (0.1784, 0.2676)
[2026-03-01 05:40:17,114] INFO - demandclean:     semantic: (0.0071, 0.0121)
[2026-03-01 05:40:17,114] INFO - demandclean:     syntactic: (0.0050, 0.0100)
[2026-03-01 05:40:17,114] INFO - demandclean:     label: (0.0066, 0.0116)
[2026-03-01 05:40:20,286] INFO - demandclean:   ErrorInjector: rich_rules=True, domain=3, cfd=0, fd=4
[2026-03-01 05:40:20,286] INFO - demandclean:   开始训练 DQN (10 episodes, 起始轮=0)...
[2026-03-01 05:48:41,128] INFO - demandclean: 
已恢复最佳模型权重 (Episode 5, Score=0.4651, Cost=84)
[2026-03-01 05:48:41,129] INFO - demandclean: 
训练完成! 最佳分数: 0.4651 (共 10 episodes)
[2026-03-01 05:48:41,129] INFO - demandclean:   最佳动作分布: {'no_action': 212, 'repair_value': 84, 'delete': 174, 'replace_nearby': 101}
[2026-03-01 05:48:41,129] INFO - demandclean: 
训练完成!
[2026-03-01 05:48:41,139] INFO - demandclean: 模型已保存: /Users/qianzekai/PycharmProjects/TolerDM/results/demandclean/beers/v5_auto_dueling_single/model/v5_auto_dueling_single_agent.pt
[2026-03-01 05:48:41,140] INFO - demandclean: 
==================================================
[2026-03-01 05:48:41,140] INFO - demandclean: 单阶段推理
[2026-03-01 05:48:41,140] INFO - demandclean: ==================================================
[2026-03-01 05:48:41,142] INFO - demandclean:   [预修复] 利用 RAHA 标注行修复 44 个特征单元格 + 2 个标签
[2026-03-01 05:48:41,142] INFO - demandclean:   移除已修复错误: missing=41, syntactic=3, label_noise=2
