[2026-03-03 01:59:41,103] INFO - demandclean: ==================================================
[2026-03-03 01:59:41,103] INFO - demandclean: DemandClean 训练开始
[2026-03-03 01:59:41,103] INFO - demandclean:   检测器模式: auto
[2026-03-03 01:59:41,103] INFO - demandclean:   训练模式: clean_base
[2026-03-03 01:59:41,103] INFO - demandclean:   Agent类型: dueling_two_stage
[2026-03-03 01:59:41,103] INFO - demandclean:   推理模式: single_phase
[2026-03-03 01:59:41,103] INFO - demandclean:   FD规则: 4
[2026-03-03 01:59:41,103] INFO - demandclean:   丰富规则: 有
[2026-03-03 01:59:41,103] INFO - demandclean: ==================================================
[2026-03-03 01:59:41,103] INFO - demandclean: 
[Step 1] 初始化错误检测器...
[2026-03-03 01:59:41,104] INFO - demandclean: 
[Step 1.5] 运行 RAHA 检测获取标注行...
[2026-03-03 02:02:29,054] INFO - demandclean:   [预修复] 利用 RAHA 标注行修复 40 个特征单元格 + 0 个标签
[2026-03-03 02:02:29,054] INFO - demandclean:   标注行: [104, 155, 214, 258, 468, 486, 589, 624, 705, 787]... (共 20 行)
[2026-03-03 02:02:29,055] INFO - demandclean: 
[Step 2] 训练 DQN Agent...
[2026-03-03 02:02:29,055] INFO - demandclean: 开始训练 (dueling_two_stage Agent, mode=clean_base)
[2026-03-03 02:02:29,055] INFO - demandclean:   任务类型: classification
[2026-03-03 02:02:29,055] INFO - demandclean:   模型类型: random_forest
[2026-03-03 02:02:29,055] INFO - demandclean:   原始数据: 1446 行
[2026-03-03 02:02:53,921] INFO - demandclean:   Clean Base 自动选择 (5-fold CV, 样本保留率加权):
[2026-03-03 02:02:53,922] INFO - demandclean:     DeleteFix: 289 行, CV=0.3320, 权重=0.447, 加权=0.1484
[2026-03-03 02:02:53,922] INFO - demandclean:     VE-Fill:   1446 行, CV=0.0000, 权重=1.000, 加权=0.0000
[2026-03-03 02:02:53,922] INFO - demandclean:     → 选择 DeleteFix (289 行)
[2026-03-03 02:02:53,923] INFO - demandclean:   标签注入: 检测器未发现标签错误，不注入
[2026-03-03 02:02:53,923] INFO - demandclean:   自适应注入比例范围 (基于检测结果):
[2026-03-03 02:02:53,947] INFO - demandclean:     missing: (0.1804, 0.2705)
[2026-03-03 02:02:53,947] INFO - demandclean:     semantic: (0.0053, 0.0103)
[2026-03-03 02:02:53,947] INFO - demandclean:     syntactic: (0.0050, 0.0100)
[2026-03-03 02:02:53,947] INFO - demandclean:     label: 不注入
[2026-03-03 02:02:57,936] INFO - demandclean:   ErrorInjector: rich_rules=True, domain=3, cfd=0, fd=4
[2026-03-03 02:02:57,936] INFO - demandclean:   Oracle 模式: reward 使用干净验证集 (482 行)
[2026-03-03 02:02:57,936] INFO - demandclean:   开始训练 DQN (400 episodes, 起始轮=0)...
[2026-03-03 02:04:49,664] INFO - demandclean:   Episode 50/400: Score=0.2012, Best=0.2386, Eps=0.778
[2026-03-03 02:04:49,664] INFO - demandclean:     Actions: {'no_action': 25, 'repair_value': 15, 'delete': 20, 'replace_nearby': 12}
[2026-03-03 02:06:40,727] INFO - demandclean:   Episode 100/400: Score=0.2075, Best=0.2386, Eps=0.606
[2026-03-03 02:06:40,728] INFO - demandclean:     Actions: {'no_action': 20, 'repair_value': 12, 'delete': 37, 'replace_nearby': 8}
[2026-03-03 02:08:31,895] INFO - demandclean:   Episode 150/400: Score=0.1950, Best=0.2427, Eps=0.471
[2026-03-03 02:08:31,896] INFO - demandclean:     Actions: {'no_action': 32, 'repair_value': 5, 'delete': 6, 'replace_nearby': 10}
[2026-03-03 02:10:21,214] INFO - demandclean:   Episode 200/400: Score=0.1950, Best=0.2427, Eps=0.367
[2026-03-03 02:10:21,214] INFO - demandclean:     Actions: {'no_action': 8, 'repair_value': 4, 'delete': 41, 'replace_nearby': 4}
[2026-03-03 02:12:14,290] INFO - demandclean:   Episode 250/400: Score=0.2324, Best=0.2427, Eps=0.286
[2026-03-03 02:12:14,291] INFO - demandclean:     Actions: {'no_action': 14, 'repair_value': 11, 'delete': 4, 'replace_nearby': 31}
[2026-03-03 02:14:02,041] INFO - demandclean:   Episode 300/400: Score=0.2137, Best=0.2427, Eps=0.222
[2026-03-03 02:14:02,042] INFO - demandclean:     Actions: {'no_action': 2, 'repair_value': 21, 'delete': 5, 'replace_nearby': 47}
[2026-03-03 02:15:53,837] INFO - demandclean:   Episode 350/400: Score=0.2178, Best=0.2427, Eps=0.173
[2026-03-03 02:15:53,838] INFO - demandclean:     Actions: {'no_action': 5, 'repair_value': 5, 'delete': 4, 'replace_nearby': 51}
[2026-03-03 02:17:57,141] INFO - demandclean:   Episode 400/400: Score=0.2220, Best=0.2427, Eps=0.135
[2026-03-03 02:17:57,143] INFO - demandclean:     Actions: {'no_action': 25, 'repair_value': 18, 'delete': 3, 'replace_nearby': 25}
[2026-03-03 02:17:57,144] INFO - demandclean: 
已恢复最佳模型权重 (Episode 242, Score=0.2427, Cost=5)
[2026-03-03 02:17:57,144] INFO - demandclean: 
训练完成! 最佳分数: 0.2427 (共 400 episodes)
[2026-03-03 02:17:57,144] INFO - demandclean:   最佳动作分布: {'no_action': 8, 'repair_value': 5, 'delete': 22, 'replace_nearby': 23}
[2026-03-03 02:17:57,145] INFO - demandclean: 
训练完成!
[2026-03-03 02:17:57,156] INFO - demandclean: 模型已保存: /Users/qianzekai/PycharmProjects/TolerDM/results/demandclean/beers/v5_auto_dueling_single/model/v5_auto_dueling_single_agent.pt
[2026-03-03 02:17:57,166] INFO - demandclean: 
==================================================
[2026-03-03 02:17:57,166] INFO - demandclean: 单阶段推理
[2026-03-03 02:17:57,166] INFO - demandclean: ==================================================
[2026-03-03 02:17:57,168] INFO - demandclean:   [预修复] 利用 RAHA 标注行修复 40 个特征单元格 + 0 个标签
[2026-03-03 02:17:57,168] INFO - demandclean:   移除已修复错误: missing=37, syntactic=3
