[2026-02-27 16:16:08,123] INFO - demandclean: ==================================================
[2026-02-27 16:16:08,123] INFO - demandclean: DemandClean 训练开始
[2026-02-27 16:16:08,123] INFO - demandclean:   检测器模式: auto
[2026-02-27 16:16:08,124] INFO - demandclean:   训练模式: clean_base
[2026-02-27 16:16:08,124] INFO - demandclean:   Agent类型: dueling_two_stage
[2026-02-27 16:16:08,124] INFO - demandclean:   推理模式: single_phase
[2026-02-27 16:16:08,124] INFO - demandclean:   FD规则: 4
[2026-02-27 16:16:08,124] INFO - demandclean:   丰富规则: 有
[2026-02-27 16:16:08,124] INFO - demandclean: ==================================================
[2026-02-27 16:16:08,124] INFO - demandclean: 
[Step 1] 初始化错误检测器...
[2026-02-27 16:16:08,125] INFO - demandclean: 
[Step 1.5] 运行 RAHA 检测获取标注行...
[2026-02-27 16:22:18,871] INFO - demandclean:   [预修复] 利用 RAHA 标注行修复 43 个特征单元格 + 2 个标签
[2026-02-27 16:22:18,872] INFO - demandclean:   标注行: [16, 212, 224, 302, 419, 581, 702, 752, 873, 920]... (共 20 行)
[2026-02-27 16:22:18,873] INFO - demandclean: 
[Step 2] 训练 DQN Agent...
[2026-02-27 16:22:18,874] INFO - demandclean: 开始训练 (dueling_two_stage Agent, mode=clean_base)
[2026-02-27 16:22:18,874] INFO - demandclean:   任务类型: classification
[2026-02-27 16:22:18,874] INFO - demandclean:   模型类型: random_forest
[2026-02-27 16:22:18,874] INFO - demandclean:   原始数据: 2410 行
[2026-02-27 16:22:18,874] INFO - demandclean:   基准数据: 20 行
[2026-02-27 16:22:18,875] INFO - demandclean:   标签注入: 检测到 20 个标签错误, rate=0.008, symmetric=True
[2026-02-27 16:22:18,875] INFO - demandclean:   自适应注入比例范围 (基于检测结果):
[2026-02-27 16:22:18,876] INFO - demandclean:     missing: (0.1784, 0.2676)
[2026-02-27 16:22:18,876] INFO - demandclean:     semantic: (0.0071, 0.0121)
[2026-02-27 16:22:18,876] INFO - demandclean:     syntactic: (0.0050, 0.0100)
[2026-02-27 16:22:18,876] INFO - demandclean:     label: (0.0066, 0.0116)
[2026-02-27 16:22:23,119] INFO - demandclean:   ErrorInjector: rich_rules=True, domain=3, cfd=0, fd=4
[2026-02-27 16:22:23,119] INFO - demandclean:   开始训练 DQN (400 episodes, 起始轮=0)...
[2026-02-27 16:24:28,348] INFO - demandclean:   Episode 50/400: Score=0.9500, Best=1.0000, Eps=0.778
[2026-02-27 16:24:28,350] INFO - demandclean:     Actions: {'no_action': 2, 'repair_value': 0, 'delete': 1, 'replace_nearby': 2}
[2026-02-27 16:26:25,578] INFO - demandclean:   Episode 100/400: Score=0.9500, Best=1.0000, Eps=0.606
[2026-02-27 16:26:25,580] INFO - demandclean:     Actions: {'no_action': 1, 'repair_value': 1, 'delete': 2, 'replace_nearby': 1}
[2026-02-27 16:28:37,927] INFO - demandclean:   Episode 150/400: Score=1.0000, Best=1.0000, Eps=0.471
[2026-02-27 16:28:37,928] INFO - demandclean:     Actions: {'no_action': 1, 'repair_value': 0, 'delete': 0, 'replace_nearby': 3}
[2026-02-27 16:30:41,225] INFO - demandclean:   Episode 200/400: Score=1.0000, Best=1.0000, Eps=0.367
[2026-02-27 16:30:41,228] INFO - demandclean:     Actions: {'no_action': 0, 'repair_value': 1, 'delete': 1, 'replace_nearby': 1}
[2026-02-27 16:32:49,334] INFO - demandclean:   Episode 250/400: Score=1.0000, Best=1.0000, Eps=0.286
[2026-02-27 16:32:49,338] INFO - demandclean:     Actions: {'no_action': 1, 'repair_value': 1, 'delete': 0, 'replace_nearby': 2}
[2026-02-27 16:35:06,180] INFO - demandclean:   Episode 300/400: Score=0.9500, Best=1.0000, Eps=0.222
[2026-02-27 16:35:06,182] INFO - demandclean:     Actions: {'no_action': 1, 'repair_value': 0, 'delete': 1, 'replace_nearby': 2}
[2026-02-27 16:37:06,230] INFO - demandclean:   Episode 350/400: Score=1.0000, Best=1.0000, Eps=0.173
[2026-02-27 16:37:06,231] INFO - demandclean:     Actions: {'no_action': 0, 'repair_value': 1, 'delete': 0, 'replace_nearby': 2}
[2026-02-27 16:39:13,133] INFO - demandclean:   Episode 400/400: Score=1.0000, Best=1.0000, Eps=0.135
[2026-02-27 16:39:13,140] INFO - demandclean:     Actions: {'no_action': 0, 'repair_value': 0, 'delete': 0, 'replace_nearby': 3}
[2026-02-27 16:39:13,142] INFO - demandclean: 
已恢复最佳模型权重 (Episode 400, Score=1.0000, Cost=0)
[2026-02-27 16:39:13,142] INFO - demandclean: 
训练完成! 最佳分数: 1.0000 (共 400 episodes)
[2026-02-27 16:39:13,142] INFO - demandclean:   最佳动作分布: {'no_action': 0, 'repair_value': 0, 'delete': 0, 'replace_nearby': 3}
[2026-02-27 16:39:13,143] INFO - demandclean: 
训练完成!
[2026-02-27 16:39:13,173] INFO - demandclean: 模型已保存: /Users/qianzekai/PycharmProjects/TolerDM/results/demandclean/beers/v5_auto_dueling_single/model/v5_auto_dueling_single_agent.pt
[2026-02-27 16:39:13,216] INFO - demandclean: 
==================================================
[2026-02-27 16:39:13,216] INFO - demandclean: 单阶段推理
[2026-02-27 16:39:13,216] INFO - demandclean: ==================================================
[2026-02-27 16:39:13,220] INFO - demandclean:   [预修复] 利用 RAHA 标注行修复 43 个特征单元格 + 2 个标签
[2026-02-27 16:39:13,220] INFO - demandclean:   移除已修复错误: missing=40, syntactic=3, label_noise=2
