[2026-03-03 01:09:15,500] INFO - demandclean: ==================================================
[2026-03-03 01:09:15,500] INFO - demandclean: DemandClean 训练开始
[2026-03-03 01:09:15,500] INFO - demandclean:   检测器模式: auto
[2026-03-03 01:09:15,500] INFO - demandclean:   训练模式: clean_base
[2026-03-03 01:09:15,500] INFO - demandclean:   Agent类型: dueling_two_stage
[2026-03-03 01:09:15,500] INFO - demandclean:   推理模式: single_phase
[2026-03-03 01:09:15,500] INFO - demandclean:   FD规则: 4
[2026-03-03 01:09:15,500] INFO - demandclean:   丰富规则: 有
[2026-03-03 01:09:15,500] INFO - demandclean: ==================================================
[2026-03-03 01:09:15,500] INFO - demandclean: 
[Step 1] 初始化错误检测器...
[2026-03-03 01:09:15,501] INFO - demandclean: 
[Step 1.5] 运行 RAHA 检测获取标注行...
[2026-03-03 01:13:29,544] INFO - demandclean:   [预修复] 利用 RAHA 标注行修复 42 个特征单元格 + 0 个标签
[2026-03-03 01:13:29,547] INFO - demandclean:   标注行: [21, 568, 820, 913, 1051, 1490, 1644, 1767, 1800, 1821]... (共 20 行)
[2026-03-03 01:13:29,548] INFO - demandclean: 
[Step 2] 训练 DQN Agent...
[2026-03-03 01:13:29,549] INFO - demandclean: 开始训练 (dueling_two_stage Agent, mode=clean_base)
[2026-03-03 01:13:29,549] INFO - demandclean:   任务类型: classification
[2026-03-03 01:13:29,549] INFO - demandclean:   模型类型: random_forest
[2026-03-03 01:13:29,549] INFO - demandclean:   原始数据: 2410 行
[2026-03-03 01:14:31,475] INFO - demandclean:   Clean Base 自动选择 (5-fold CV, 样本保留率加权):
[2026-03-03 01:14:31,476] INFO - demandclean:     DeleteFix: 482 行, CV=0.3504, 权重=0.447, 加权=0.1567
[2026-03-03 01:14:31,476] INFO - demandclean:     VE-Fill:   2410 行, CV=0.0000, 权重=1.000, 加权=0.0000
[2026-03-03 01:14:31,476] INFO - demandclean:     → 选择 DeleteFix (482 行)
[2026-03-03 01:14:31,476] INFO - demandclean:   标签注入: 检测器未发现标签错误，不注入
[2026-03-03 01:14:31,476] INFO - demandclean:   自适应注入比例范围 (基于检测结果):
[2026-03-03 01:14:31,476] INFO - demandclean:     missing: (0.1784, 0.2676)
[2026-03-03 01:14:31,476] INFO - demandclean:     semantic: (0.0050, 0.0100)
[2026-03-03 01:14:31,476] INFO - demandclean:     syntactic: (0.0050, 0.0100)
[2026-03-03 01:14:31,476] INFO - demandclean:     label: 不注入
[2026-03-03 01:14:35,083] INFO - demandclean:   ErrorInjector: rich_rules=True, domain=3, cfd=0, fd=4
[2026-03-03 01:14:35,083] INFO - demandclean:   Oracle 模式: reward 使用干净验证集 (482 行)
[2026-03-03 01:14:35,083] INFO - demandclean:   开始训练 DQN (400 episodes, 起始轮=0)...
[2026-03-03 01:17:58,460] INFO - demandclean:   Episode 50/400: Score=0.3237, Best=0.3423, Eps=0.778
[2026-03-03 01:17:58,462] INFO - demandclean:     Actions: {'no_action': 24, 'repair_value': 16, 'delete': 24, 'replace_nearby': 26}
[2026-03-03 01:21:23,014] INFO - demandclean:   Episode 100/400: Score=0.2988, Best=0.3423, Eps=0.606
[2026-03-03 01:21:23,016] INFO - demandclean:     Actions: {'no_action': 23, 'repair_value': 26, 'delete': 51, 'replace_nearby': 7}
[2026-03-03 01:24:42,843] INFO - demandclean:   Episode 150/400: Score=0.2780, Best=0.3423, Eps=0.471
[2026-03-03 01:24:42,846] INFO - demandclean:     Actions: {'no_action': 26, 'repair_value': 8, 'delete': 43, 'replace_nearby': 14}
[2026-03-03 01:29:19,409] INFO - demandclean:   Episode 200/400: Score=0.2905, Best=0.3423, Eps=0.367
[2026-03-03 01:29:19,410] INFO - demandclean:     Actions: {'no_action': 16, 'repair_value': 14, 'delete': 17, 'replace_nearby': 68}
[2026-03-03 01:34:01,414] INFO - demandclean:   Episode 250/400: Score=0.3174, Best=0.3423, Eps=0.286
[2026-03-03 01:34:01,416] INFO - demandclean:     Actions: {'no_action': 96, 'repair_value': 2, 'delete': 12, 'replace_nearby': 14}
[2026-03-03 01:37:35,447] INFO - demandclean:   Episode 300/400: Score=0.3112, Best=0.3423, Eps=0.222
[2026-03-03 01:37:35,449] INFO - demandclean:     Actions: {'no_action': 8, 'repair_value': 6, 'delete': 74, 'replace_nearby': 6}
[2026-03-03 01:40:58,495] INFO - demandclean:   Episode 350/400: Score=0.3071, Best=0.3423, Eps=0.173
[2026-03-03 01:40:58,499] INFO - demandclean:     Actions: {'no_action': 10, 'repair_value': 51, 'delete': 8, 'replace_nearby': 34}
[2026-03-03 01:44:40,740] INFO - demandclean:   Episode 400/400: Score=0.3133, Best=0.3444, Eps=0.135
[2026-03-03 01:44:40,741] INFO - demandclean:     Actions: {'no_action': 6, 'repair_value': 6, 'delete': 7, 'replace_nearby': 101}
[2026-03-03 01:44:40,742] INFO - demandclean: 
已恢复最佳模型权重 (Episode 388, Score=0.3444, Cost=63)
[2026-03-03 01:44:40,742] INFO - demandclean: 
训练完成! 最佳分数: 0.3444 (共 400 episodes)
[2026-03-03 01:44:40,742] INFO - demandclean:   最佳动作分布: {'no_action': 4, 'repair_value': 63, 'delete': 20, 'replace_nearby': 12}
[2026-03-03 01:44:40,743] INFO - demandclean: 
训练完成!
[2026-03-03 01:44:40,771] INFO - demandclean: 模型已保存: /Users/qianzekai/PycharmProjects/TolerDM/results/demandclean/beers/v5_auto_dueling_single/model/v5_auto_dueling_single_agent.pt
[2026-03-03 01:44:40,791] INFO - demandclean: 
==================================================
[2026-03-03 01:44:40,791] INFO - demandclean: 单阶段推理
[2026-03-03 01:44:40,791] INFO - demandclean: ==================================================
[2026-03-03 01:44:40,801] INFO - demandclean:   [预修复] 利用 RAHA 标注行修复 42 个特征单元格 + 0 个标签
[2026-03-03 01:44:40,801] INFO - demandclean:   移除已修复错误: missing=37, semantic=1, syntactic=4
