[2026-02-27 21:37:45,315] INFO - demandclean: ==================================================
[2026-02-27 21:37:45,316] INFO - demandclean: DemandClean 训练开始
[2026-02-27 21:37:45,316] INFO - demandclean:   检测器模式: auto
[2026-02-27 21:37:45,316] INFO - demandclean:   训练模式: clean_base
[2026-02-27 21:37:45,316] INFO - demandclean:   Agent类型: dueling_two_stage
[2026-02-27 21:37:45,316] INFO - demandclean:   推理模式: single_phase
[2026-02-27 21:37:45,316] INFO - demandclean:   FD规则: 4
[2026-02-27 21:37:45,316] INFO - demandclean:   丰富规则: 有
[2026-02-27 21:37:45,316] INFO - demandclean: ==================================================
[2026-02-27 21:37:45,316] INFO - demandclean: 
[Step 1] 初始化错误检测器...
[2026-02-27 21:37:45,317] INFO - demandclean: 
[Step 1.5] 运行 RAHA 检测获取标注行...
[2026-02-27 21:41:33,731] INFO - demandclean:   [预修复] 利用 RAHA 标注行修复 34 个特征单元格 + 1 个标签
[2026-02-27 21:41:33,732] INFO - demandclean:   标注行: [1, 22, 314, 474, 512, 630, 795, 1051, 1104, 1297]... (共 20 行)
[2026-02-27 21:41:33,732] INFO - demandclean: 
[Step 2] 训练 DQN Agent...
[2026-02-27 21:41:33,732] INFO - demandclean: 开始训练 (dueling_two_stage Agent, mode=clean_base)
[2026-02-27 21:41:33,732] INFO - demandclean:   任务类型: classification
[2026-02-27 21:41:33,732] INFO - demandclean:   模型类型: random_forest
[2026-02-27 21:41:33,732] INFO - demandclean:   原始数据: 2410 行
[2026-02-27 21:41:33,738] INFO - demandclean:   基准数据: 482 行 (DeleteFix 策略: 删除 1928 错误行, 填充 478 个残余 NaN)
[2026-02-27 21:41:33,739] INFO - demandclean:   标签注入: 检测到 20 个标签错误, rate=0.008, symmetric=True
[2026-02-27 21:41:33,739] INFO - demandclean:   自适应注入比例范围 (基于检测结果):
[2026-02-27 21:41:33,739] INFO - demandclean:     missing: (0.1784, 0.2676)
[2026-02-27 21:41:33,739] INFO - demandclean:     semantic: (0.0071, 0.0121)
[2026-02-27 21:41:33,739] INFO - demandclean:     syntactic: (0.0050, 0.0100)
[2026-02-27 21:41:33,739] INFO - demandclean:     label: (0.0066, 0.0116)
[2026-02-27 21:41:37,930] INFO - demandclean:   ErrorInjector: rich_rules=True, domain=3, cfd=0, fd=4
[2026-02-27 21:41:37,930] INFO - demandclean:   开始训练 DQN (400 episodes, 起始轮=0)...
[2026-02-27 21:51:50,173] INFO - demandclean:   Episode 50/400: Score=0.9419, Best=0.9710, Eps=0.778
[2026-02-27 21:51:50,175] INFO - demandclean:     Actions: {'no_action': 36, 'repair_value': 21, 'delete': 43, 'replace_nearby': 14}
[2026-02-27 22:02:17,496] INFO - demandclean:   Episode 100/400: Score=0.9564, Best=0.9813, Eps=0.606
[2026-02-27 22:02:17,498] INFO - demandclean:     Actions: {'no_action': 20, 'repair_value': 13, 'delete': 37, 'replace_nearby': 32}
[2026-02-27 22:13:54,695] INFO - demandclean:   Episode 150/400: Score=0.9025, Best=0.9813, Eps=0.471
[2026-02-27 22:13:54,697] INFO - demandclean:     Actions: {'no_action': 18, 'repair_value': 9, 'delete': 66, 'replace_nearby': 19}
[2026-02-27 22:24:29,621] INFO - demandclean:   Episode 200/400: Score=0.8942, Best=0.9813, Eps=0.367
[2026-02-27 22:24:29,623] INFO - demandclean:     Actions: {'no_action': 16, 'repair_value': 1, 'delete': 65, 'replace_nearby': 17}
[2026-02-27 22:34:02,532] INFO - demandclean:   Episode 250/400: Score=0.9232, Best=0.9813, Eps=0.286
[2026-02-27 22:34:02,534] INFO - demandclean:     Actions: {'no_action': 11, 'repair_value': 7, 'delete': 41, 'replace_nearby': 51}
[2026-02-27 22:42:42,834] INFO - demandclean:   Episode 300/400: Score=0.9232, Best=0.9813, Eps=0.222
[2026-02-27 22:42:42,835] INFO - demandclean:     Actions: {'no_action': 10, 'repair_value': 48, 'delete': 45, 'replace_nearby': 7}
[2026-02-27 22:51:33,546] INFO - demandclean:   Episode 350/400: Score=0.8589, Best=0.9876, Eps=0.173
[2026-02-27 22:51:33,547] INFO - demandclean:     Actions: {'no_action': 6, 'repair_value': 5, 'delete': 98, 'replace_nearby': 2}
[2026-02-27 23:00:13,543] INFO - demandclean:   Episode 400/400: Score=0.8900, Best=0.9938, Eps=0.135
[2026-02-27 23:00:13,544] INFO - demandclean:     Actions: {'no_action': 4, 'repair_value': 4, 'delete': 84, 'replace_nearby': 19}
[2026-02-27 23:00:13,545] INFO - demandclean: 
已恢复最佳模型权重 (Episode 369, Score=0.9938, Cost=11)
[2026-02-27 23:00:13,545] INFO - demandclean: 
训练完成! 最佳分数: 0.9938 (共 400 episodes)
[2026-02-27 23:00:13,545] INFO - demandclean:   最佳动作分布: {'no_action': 3, 'repair_value': 11, 'delete': 7, 'replace_nearby': 83}
[2026-02-27 23:00:13,545] INFO - demandclean: 
训练完成!
[2026-02-27 23:00:13,559] INFO - demandclean: 模型已保存: /Users/qianzekai/PycharmProjects/TolerDM/results/demandclean/beers/v5_auto_dueling_single/model/v5_auto_dueling_single_agent.pt
[2026-02-27 23:00:13,566] INFO - demandclean: 
==================================================
[2026-02-27 23:00:13,566] INFO - demandclean: 单阶段推理
[2026-02-27 23:00:13,566] INFO - demandclean: ==================================================
[2026-02-27 23:00:13,569] INFO - demandclean:   [预修复] 利用 RAHA 标注行修复 34 个特征单元格 + 1 个标签
[2026-02-27 23:00:13,569] INFO - demandclean:   移除已修复错误: missing=32, syntactic=2, label_noise=1
