[2026-02-28 00:49:57,783] INFO - demandclean: ==================================================
[2026-02-28 00:49:57,783] INFO - demandclean: DemandClean 训练开始
[2026-02-28 00:49:57,783] INFO - demandclean:   检测器模式: auto
[2026-02-28 00:49:57,783] INFO - demandclean:   训练模式: clean_base
[2026-02-28 00:49:57,783] INFO - demandclean:   Agent类型: dueling_two_stage
[2026-02-28 00:49:57,783] INFO - demandclean:   推理模式: two_phase
[2026-02-28 00:49:57,783] INFO - demandclean:   FD规则: 4
[2026-02-28 00:49:57,783] INFO - demandclean:   丰富规则: 有
[2026-02-28 00:49:57,783] INFO - demandclean: ==================================================
[2026-02-28 00:49:57,783] INFO - demandclean: 
[Step 1] 初始化错误检测器...
[2026-02-28 00:49:57,784] INFO - demandclean: 
[Step 1.5] 运行 RAHA 检测获取标注行...
[2026-02-28 00:54:00,370] INFO - demandclean:   [预修复] 利用 RAHA 标注行修复 44 个特征单元格 + 1 个标签
[2026-02-28 00:54:00,372] INFO - demandclean:   标注行: [133, 136, 264, 470, 564, 694, 1030, 1051, 1173, 1618]... (共 20 行)
[2026-02-28 00:54:00,373] INFO - demandclean: 
[Step 2] 训练 DQN Agent...
[2026-02-28 00:54:00,373] INFO - demandclean: 开始训练 (dueling_two_stage Agent, mode=clean_base)
[2026-02-28 00:54:00,373] INFO - demandclean:   任务类型: classification
[2026-02-28 00:54:00,373] INFO - demandclean:   模型类型: random_forest
[2026-02-28 00:54:00,373] INFO - demandclean:   原始数据: 2410 行
[2026-02-28 00:54:00,379] INFO - demandclean:   基准数据: 482 行 (DeleteFix 策略: 删除 1928 错误行, 填充 478 个残余 NaN)
[2026-02-28 00:54:00,381] INFO - demandclean:   标签注入: 检测到 16 个标签错误, rate=0.007, symmetric=True
[2026-02-28 00:54:00,381] INFO - demandclean:   自适应注入比例范围 (基于检测结果):
[2026-02-28 00:54:00,381] INFO - demandclean:     missing: (0.1784, 0.2676)
[2026-02-28 00:54:00,381] INFO - demandclean:     semantic: (0.0054, 0.0104)
[2026-02-28 00:54:00,381] INFO - demandclean:     syntactic: (0.0050, 0.0100)
[2026-02-28 00:54:00,381] INFO - demandclean:     label: (0.0053, 0.0103)
[2026-02-28 00:54:04,488] INFO - demandclean:   ErrorInjector: rich_rules=True, domain=3, cfd=0, fd=4
[2026-02-28 00:54:04,489] INFO - demandclean:   开始训练 DQN (400 episodes, 起始轮=0)...
[2026-02-28 01:06:09,117] INFO - demandclean:   Episode 50/400: Score=0.9710, Best=0.9730, Eps=0.778
[2026-02-28 01:06:09,118] INFO - demandclean:     Actions: {'no_action': 24, 'repair_value': 18, 'delete': 22, 'replace_nearby': 30}
[2026-02-28 01:17:30,345] INFO - demandclean:   Episode 100/400: Score=0.9647, Best=0.9855, Eps=0.606
[2026-02-28 01:17:30,347] INFO - demandclean:     Actions: {'no_action': 30, 'repair_value': 26, 'delete': 30, 'replace_nearby': 46}
[2026-02-28 01:29:26,919] INFO - demandclean:   Episode 150/400: Score=0.9378, Best=0.9855, Eps=0.471
[2026-02-28 01:29:26,920] INFO - demandclean:     Actions: {'no_action': 17, 'repair_value': 15, 'delete': 52, 'replace_nearby': 34}
[2026-02-28 01:41:14,980] INFO - demandclean:   Episode 200/400: Score=0.9357, Best=0.9855, Eps=0.367
[2026-02-28 01:41:15,011] INFO - demandclean:     Actions: {'no_action': 18, 'repair_value': 7, 'delete': 51, 'replace_nearby': 28}
[2026-02-28 01:52:49,960] INFO - demandclean:   Episode 250/400: Score=0.8693, Best=0.9855, Eps=0.286
[2026-02-28 01:52:49,963] INFO - demandclean:     Actions: {'no_action': 9, 'repair_value': 0, 'delete': 93, 'replace_nearby': 11}
[2026-02-28 02:05:18,614] INFO - demandclean:   Episode 300/400: Score=0.9730, Best=0.9917, Eps=0.222
[2026-02-28 02:05:18,616] INFO - demandclean:     Actions: {'no_action': 9, 'repair_value': 39, 'delete': 26, 'replace_nearby': 50}
[2026-02-28 02:17:41,720] INFO - demandclean:   Episode 350/400: Score=0.8589, Best=0.9917, Eps=0.173
[2026-02-28 02:17:41,722] INFO - demandclean:     Actions: {'no_action': 9, 'repair_value': 1, 'delete': 100, 'replace_nearby': 10}
[2026-02-28 02:31:10,171] INFO - demandclean:   Episode 400/400: Score=0.9398, Best=0.9917, Eps=0.135
[2026-02-28 02:31:10,173] INFO - demandclean:     Actions: {'no_action': 3, 'repair_value': 5, 'delete': 53, 'replace_nearby': 56}
[2026-02-28 02:31:10,174] INFO - demandclean: 
已恢复最佳模型权重 (Episode 299, Score=0.9917, Cost=19)
[2026-02-28 02:31:10,174] INFO - demandclean: 
训练完成! 最佳分数: 0.9917 (共 400 episodes)
[2026-02-28 02:31:10,174] INFO - demandclean:   最佳动作分布: {'no_action': 6, 'repair_value': 19, 'delete': 8, 'replace_nearby': 60}
[2026-02-28 02:31:10,175] INFO - demandclean: 
训练完成!
[2026-02-28 02:31:10,186] INFO - demandclean: 模型已保存: /Users/qianzekai/PycharmProjects/TolerDM/results/demandclean/beers/v6_auto_dueling_two/model/v6_auto_dueling_two_agent.pt
[2026-02-28 02:31:10,196] INFO - demandclean: 
==================================================
[2026-02-28 02:31:10,196] INFO - demandclean: 两阶段推理 - 第一阶段 (Plan)
[2026-02-28 02:31:10,197] INFO - demandclean: ==================================================
