[2026-03-01 02:19:23,134] INFO - demandclean: ==================================================
[2026-03-01 02:19:23,134] INFO - demandclean: DemandClean 训练开始
[2026-03-01 02:19:23,135] INFO - demandclean:   检测器模式: auto
[2026-03-01 02:19:23,135] INFO - demandclean:   训练模式: clean_base
[2026-03-01 02:19:23,135] INFO - demandclean:   Agent类型: dueling_two_stage
[2026-03-01 02:19:23,135] INFO - demandclean:   推理模式: two_phase
[2026-03-01 02:19:23,135] INFO - demandclean:   FD规则: 4
[2026-03-01 02:19:23,135] INFO - demandclean:   丰富规则: 有
[2026-03-01 02:19:23,135] INFO - demandclean: ==================================================
[2026-03-01 02:19:23,135] INFO - demandclean: 
[Step 1] 初始化错误检测器...
[2026-03-01 02:19:23,136] INFO - demandclean: 
[Step 1.5] 运行 RAHA 检测获取标注行...
[2026-03-01 02:23:46,706] INFO - demandclean:   [预修复] 利用 RAHA 标注行修复 44 个特征单元格 + 2 个标签
[2026-03-01 02:23:46,713] INFO - demandclean:   标注行: [0, 61, 133, 290, 413, 752, 864, 1051, 1125, 1162]... (共 20 行)
[2026-03-01 02:23:46,715] INFO - demandclean: 
[Step 2] 训练 DQN Agent...
[2026-03-01 02:23:46,715] INFO - demandclean: 开始训练 (dueling_two_stage Agent, mode=clean_base)
[2026-03-01 02:23:46,715] INFO - demandclean:   任务类型: classification
[2026-03-01 02:23:46,715] INFO - demandclean:   模型类型: random_forest
[2026-03-01 02:23:46,715] INFO - demandclean:   原始数据: 2410 行
[2026-03-01 02:24:37,885] INFO - demandclean:   Clean Base 自动选择 (5-fold CV):
[2026-03-01 02:24:37,886] INFO - demandclean:     DeleteFix: 482 行, CV=0.3713
[2026-03-01 02:24:37,886] INFO - demandclean:     VE-Fill:   2410 行, CV=0.2996
[2026-03-01 02:24:37,886] INFO - demandclean:     → 选择 DeleteFix (482 行)
[2026-03-01 02:24:37,887] INFO - demandclean:   标签注入: 检测到 6 个标签错误, rate=0.002, symmetric=True
[2026-03-01 02:24:37,887] INFO - demandclean:   自适应注入比例范围 (基于检测结果):
[2026-03-01 02:24:37,887] INFO - demandclean:     missing: (0.1784, 0.2676)
[2026-03-01 02:24:37,887] INFO - demandclean:     semantic: (0.0062, 0.0112)
[2026-03-01 02:24:37,887] INFO - demandclean:     syntactic: (0.0050, 0.0100)
[2026-03-01 02:24:37,887] INFO - demandclean:     label: (0.0050, 0.0100)
[2026-03-01 02:24:41,262] INFO - demandclean:   ErrorInjector: rich_rules=True, domain=3, cfd=0, fd=4
[2026-03-01 02:24:41,263] INFO - demandclean:   开始训练 DQN (400 episodes, 起始轮=0)...
[2026-03-01 02:28:16,076] INFO - demandclean:   Episode 50/400: Score=0.7324, Best=0.7822, Eps=0.778
[2026-03-01 02:28:16,078] INFO - demandclean:     Actions: {'no_action': 40, 'repair_value': 7, 'delete': 42, 'replace_nearby': 21}
[2026-03-01 02:31:38,098] INFO - demandclean:   Episode 100/400: Score=0.7386, Best=0.7822, Eps=0.606
[2026-03-01 02:31:38,101] INFO - demandclean:     Actions: {'no_action': 30, 'repair_value': 12, 'delete': 52, 'replace_nearby': 24}
[2026-03-01 02:35:28,382] INFO - demandclean:   Episode 150/400: Score=0.7220, Best=0.8174, Eps=0.471
[2026-03-01 02:35:28,383] INFO - demandclean:     Actions: {'no_action': 78, 'repair_value': 12, 'delete': 16, 'replace_nearby': 18}
[2026-03-01 02:38:41,837] INFO - demandclean:   Episode 200/400: Score=0.7469, Best=0.8174, Eps=0.367
[2026-03-01 02:38:41,838] INFO - demandclean:     Actions: {'no_action': 83, 'repair_value': 5, 'delete': 17, 'replace_nearby': 28}
[2026-03-01 02:42:50,724] INFO - demandclean:   Episode 250/400: Score=0.7822, Best=0.8174, Eps=0.286
[2026-03-01 02:42:50,745] INFO - demandclean:     Actions: {'no_action': 16, 'repair_value': 14, 'delete': 17, 'replace_nearby': 61}
[2026-03-01 02:46:30,391] INFO - demandclean:   Episode 300/400: Score=0.7324, Best=0.8174, Eps=0.222
[2026-03-01 02:46:30,393] INFO - demandclean:     Actions: {'no_action': 111, 'repair_value': 1, 'delete': 12, 'replace_nearby': 10}
[2026-03-01 02:51:17,979] INFO - demandclean:   Episode 350/400: Score=0.7552, Best=0.8174, Eps=0.173
[2026-03-01 02:51:17,981] INFO - demandclean:     Actions: {'no_action': 85, 'repair_value': 0, 'delete': 10, 'replace_nearby': 10}
[2026-03-01 02:55:00,583] INFO - demandclean:   Episode 400/400: Score=0.7697, Best=0.8195, Eps=0.135
[2026-03-01 02:55:00,584] INFO - demandclean:     Actions: {'no_action': 80, 'repair_value': 2, 'delete': 11, 'replace_nearby': 19}
[2026-03-01 02:55:00,585] INFO - demandclean: 
已恢复最佳模型权重 (Episode 395, Score=0.8195, Cost=0)
[2026-03-01 02:55:00,585] INFO - demandclean: 
训练完成! 最佳分数: 0.8195 (共 400 episodes)
[2026-03-01 02:55:00,585] INFO - demandclean:   最佳动作分布: {'no_action': 73, 'repair_value': 0, 'delete': 19, 'replace_nearby': 3}
[2026-03-01 02:55:00,585] INFO - demandclean: 
训练完成!
[2026-03-01 02:55:00,596] INFO - demandclean: 模型已保存: /Users/qianzekai/PycharmProjects/TolerDM/results/demandclean/beers/v6_auto_dueling_two/model/v6_auto_dueling_two_agent.pt
[2026-03-01 02:55:00,606] INFO - demandclean: 
==================================================
[2026-03-01 02:55:00,606] INFO - demandclean: 两阶段推理 - 第一阶段 (Plan)
[2026-03-01 02:55:00,606] INFO - demandclean: ==================================================
