[2026-03-02 01:09:40,255] INFO - demandclean: ==================================================
[2026-03-02 01:09:40,255] INFO - demandclean: DemandClean 训练开始
[2026-03-02 01:09:40,255] INFO - demandclean:   检测器模式: auto
[2026-03-02 01:09:40,255] INFO - demandclean:   训练模式: clean_base
[2026-03-02 01:09:40,255] INFO - demandclean:   Agent类型: dueling_two_stage
[2026-03-02 01:09:40,255] INFO - demandclean:   推理模式: two_phase
[2026-03-02 01:09:40,255] INFO - demandclean:   FD规则: 4
[2026-03-02 01:09:40,257] INFO - demandclean:   丰富规则: 有
[2026-03-02 01:09:40,257] INFO - demandclean: ==================================================
[2026-03-02 01:09:40,257] INFO - demandclean: 
[Step 1] 初始化错误检测器...
[2026-03-02 01:09:40,258] INFO - demandclean: 
[Step 1.5] 运行 RAHA 检测获取标注行...
[2026-03-02 01:14:20,743] INFO - demandclean:   [预修复] 利用 RAHA 标注行修复 40 个特征单元格 + 2 个标签
[2026-03-02 01:14:20,751] INFO - demandclean:   标注行: [36, 61, 271, 464, 480, 766, 920, 1051, 1152, 1205]... (共 20 行)
[2026-03-02 01:14:20,751] INFO - demandclean: 
[Step 2] 训练 DQN Agent...
[2026-03-02 01:14:20,751] INFO - demandclean: 开始训练 (dueling_two_stage Agent, mode=clean_base)
[2026-03-02 01:14:20,752] INFO - demandclean:   任务类型: classification
[2026-03-02 01:14:20,752] INFO - demandclean:   模型类型: random_forest
[2026-03-02 01:14:20,752] INFO - demandclean:   原始数据: 2410 行
[2026-03-02 01:15:38,213] INFO - demandclean:   Clean Base 自动选择 (5-fold CV, 样本保留率加权):
[2026-03-02 01:15:38,215] INFO - demandclean:     DeleteFix: 482 行, CV=0.3526, 权重=0.447, 加权=0.1577
[2026-03-02 01:15:38,215] INFO - demandclean:     VE-Fill:   2410 行, CV=0.2755, 权重=1.000, 加权=0.2755
[2026-03-02 01:15:38,215] INFO - demandclean:     → 选择 VE-Fill (2410 行)
[2026-03-02 01:15:38,216] INFO - demandclean:   标签注入: 检测到 20 个标签错误, rate=0.008, symmetric=True
[2026-03-02 01:15:38,216] INFO - demandclean:   自适应注入比例范围 (基于检测结果):
[2026-03-02 01:15:38,216] INFO - demandclean:     missing: (0.1784, 0.2676)
[2026-03-02 01:15:38,216] INFO - demandclean:     semantic: (0.0071, 0.0121)
[2026-03-02 01:15:38,216] INFO - demandclean:     syntactic: (0.0050, 0.0100)
[2026-03-02 01:15:38,217] INFO - demandclean:     label: (0.0066, 0.0116)
[2026-03-02 01:15:42,640] INFO - demandclean:   ErrorInjector: rich_rules=True, domain=3, cfd=0, fd=4
[2026-03-02 01:15:42,641] INFO - demandclean:   Oracle 模式: reward 使用干净验证集 (482 行)
[2026-03-02 01:15:42,641] INFO - demandclean:   开始训练 DQN (400 episodes, 起始轮=0)...
[2026-03-02 02:17:08,139] INFO - demandclean:   Episode 50/400: Score=0.3174, Best=0.3838, Eps=0.778
[2026-03-02 02:17:08,141] INFO - demandclean:     Actions: {'no_action': 211, 'repair_value': 58, 'delete': 229, 'replace_nearby': 129}
[2026-03-02 03:04:42,539] INFO - demandclean:   Episode 100/400: Score=0.3568, Best=0.4066, Eps=0.606
[2026-03-02 03:04:42,540] INFO - demandclean:     Actions: {'no_action': 183, 'repair_value': 91, 'delete': 242, 'replace_nearby': 54}
[2026-03-02 03:52:36,106] INFO - demandclean:   Episode 150/400: Score=0.4025, Best=0.4066, Eps=0.471
[2026-03-02 03:52:36,109] INFO - demandclean:     Actions: {'no_action': 128, 'repair_value': 104, 'delete': 107, 'replace_nearby': 289}
[2026-03-02 04:43:28,165] INFO - demandclean:   Episode 200/400: Score=0.3444, Best=0.4066, Eps=0.367
[2026-03-02 04:43:28,166] INFO - demandclean:     Actions: {'no_action': 93, 'repair_value': 45, 'delete': 468, 'replace_nearby': 38}
[2026-03-02 06:47:25,688] INFO - demandclean:   Episode 250/400: Score=0.3838, Best=0.4108, Eps=0.286
[2026-03-02 06:47:25,689] INFO - demandclean:     Actions: {'no_action': 53, 'repair_value': 334, 'delete': 76, 'replace_nearby': 100}
[2026-03-02 07:33:08,731] INFO - demandclean:   Episode 300/400: Score=0.3278, Best=0.4129, Eps=0.222
[2026-03-02 07:33:08,733] INFO - demandclean:     Actions: {'no_action': 530, 'repair_value': 47, 'delete': 53, 'replace_nearby': 9}
[2026-03-02 08:14:26,909] INFO - demandclean:   Episode 350/400: Score=0.3693, Best=0.4129, Eps=0.173
[2026-03-02 08:14:26,911] INFO - demandclean:     Actions: {'no_action': 63, 'repair_value': 56, 'delete': 45, 'replace_nearby': 517}
[2026-03-02 09:07:55,084] INFO - demandclean:   Episode 400/400: Score=0.3320, Best=0.4129, Eps=0.135
[2026-03-02 09:07:55,086] INFO - demandclean:     Actions: {'no_action': 502, 'repair_value': 1, 'delete': 27, 'replace_nearby': 19}
[2026-03-02 09:07:55,087] INFO - demandclean: 
已恢复最佳模型权重 (Episode 258, Score=0.4129, Cost=73)
[2026-03-02 09:07:55,087] INFO - demandclean: 
训练完成! 最佳分数: 0.4129 (共 400 episodes)
[2026-03-02 09:07:55,087] INFO - demandclean:   最佳动作分布: {'no_action': 51, 'repair_value': 73, 'delete': 57, 'replace_nearby': 374}
[2026-03-02 09:07:55,087] INFO - demandclean: 
训练完成!
[2026-03-02 09:07:55,109] INFO - demandclean: 模型已保存: /Users/qianzekai/PycharmProjects/TolerDM/results/demandclean/beers/v6_auto_dueling_two/model/v6_auto_dueling_two_agent.pt
[2026-03-02 09:07:55,120] INFO - demandclean: 
==================================================
[2026-03-02 09:07:55,120] INFO - demandclean: 两阶段推理 - 第一阶段 (Plan)
[2026-03-02 09:07:55,120] INFO - demandclean: ==================================================
