[2026-03-02 16:07:26,954] INFO - demandclean: ==================================================
[2026-03-02 16:07:26,954] INFO - demandclean: DemandClean 训练开始
[2026-03-02 16:07:26,955] INFO - demandclean:   检测器模式: auto
[2026-03-02 16:07:26,955] INFO - demandclean:   训练模式: clean_base
[2026-03-02 16:07:26,955] INFO - demandclean:   Agent类型: dueling_two_stage
[2026-03-02 16:07:26,955] INFO - demandclean:   推理模式: two_phase
[2026-03-02 16:07:26,955] INFO - demandclean:   FD规则: 4
[2026-03-02 16:07:26,956] INFO - demandclean:   丰富规则: 有
[2026-03-02 16:07:26,956] INFO - demandclean: ==================================================
[2026-03-02 16:07:26,956] INFO - demandclean: 
[Step 1] 初始化错误检测器...
[2026-03-02 16:07:26,957] INFO - demandclean: 
[Step 1.5] 运行 RAHA 检测获取标注行...
[2026-03-02 16:14:23,653] INFO - demandclean:   [预修复] 利用 RAHA 标注行修复 40 个特征单元格 + 1 个标签
[2026-03-02 16:14:23,656] INFO - demandclean:   标注行: [32, 33, 246, 295, 352, 594, 728, 760, 835, 1051]... (共 20 行)
[2026-03-02 16:14:23,656] INFO - demandclean: 
[Step 2] 训练 DQN Agent...
[2026-03-02 16:14:23,657] INFO - demandclean: 开始训练 (dueling_two_stage Agent, mode=clean_base)
[2026-03-02 16:14:23,657] INFO - demandclean:   任务类型: classification
[2026-03-02 16:14:23,657] INFO - demandclean:   模型类型: random_forest
[2026-03-02 16:14:23,657] INFO - demandclean:   原始数据: 2410 行
[2026-03-02 16:16:21,066] INFO - demandclean:   Clean Base 自动选择 (5-fold CV, 样本保留率加权):
[2026-03-02 16:16:21,068] INFO - demandclean:     DeleteFix: 482 行, CV=0.3464, 权重=0.447, 加权=0.1549
[2026-03-02 16:16:21,068] INFO - demandclean:     VE-Fill:   2410 行, CV=0.2714, 权重=1.000, 加权=0.2714
[2026-03-02 16:16:21,068] INFO - demandclean:     → 选择 VE-Fill (2410 行)
[2026-03-02 16:16:21,070] INFO - demandclean:   标签注入: 检测到 16 个标签错误, rate=0.007, symmetric=True
[2026-03-02 16:16:21,070] INFO - demandclean:   自适应注入比例范围 (基于检测结果):
[2026-03-02 16:16:21,070] INFO - demandclean:     missing: (0.1784, 0.2676)
[2026-03-02 16:16:21,070] INFO - demandclean:     semantic: (0.0059, 0.0109)
[2026-03-02 16:16:21,070] INFO - demandclean:     syntactic: (0.0050, 0.0100)
[2026-03-02 16:16:21,070] INFO - demandclean:     label: (0.0053, 0.0103)
[2026-03-02 16:16:26,773] INFO - demandclean:   ErrorInjector: rich_rules=True, domain=3, cfd=0, fd=4
[2026-03-02 16:16:26,774] INFO - demandclean:   Oracle 模式: reward 使用干净验证集 (482 行)
[2026-03-02 16:16:26,774] INFO - demandclean:   开始训练 DQN (400 episodes, 起始轮=0)...
[2026-03-02 17:02:32,954] INFO - demandclean:   Episode 50/400: Score=0.3340, Best=0.4046, Eps=0.778
[2026-03-02 17:02:32,956] INFO - demandclean:     Actions: {'no_action': 158, 'repair_value': 79, 'delete': 303, 'replace_nearby': 86}
[2026-03-02 17:42:17,861] INFO - demandclean:   Episode 100/400: Score=0.3672, Best=0.4046, Eps=0.606
[2026-03-02 17:42:17,863] INFO - demandclean:     Actions: {'no_action': 119, 'repair_value': 101, 'delete': 173, 'replace_nearby': 219}
[2026-03-02 18:22:07,474] INFO - demandclean:   Episode 150/400: Score=0.3320, Best=0.4046, Eps=0.471
[2026-03-02 18:22:07,475] INFO - demandclean:     Actions: {'no_action': 106, 'repair_value': 86, 'delete': 392, 'replace_nearby': 31}
[2026-03-02 18:57:55,806] INFO - demandclean:   Episode 200/400: Score=0.3568, Best=0.4046, Eps=0.367
[2026-03-02 18:57:55,808] INFO - demandclean:     Actions: {'no_action': 430, 'repair_value': 12, 'delete': 152, 'replace_nearby': 70}
[2026-03-02 19:33:29,366] INFO - demandclean:   Episode 250/400: Score=0.3734, Best=0.4212, Eps=0.286
[2026-03-02 19:33:29,367] INFO - demandclean:     Actions: {'no_action': 319, 'repair_value': 39, 'delete': 45, 'replace_nearby': 153}
[2026-03-02 20:09:46,626] INFO - demandclean:   Episode 300/400: Score=0.3382, Best=0.4212, Eps=0.222
[2026-03-02 20:09:46,629] INFO - demandclean:     Actions: {'no_action': 34, 'repair_value': 60, 'delete': 354, 'replace_nearby': 24}
[2026-03-02 20:51:23,856] INFO - demandclean:   Episode 350/400: Score=0.3942, Best=0.4212, Eps=0.173
[2026-03-02 20:51:23,858] INFO - demandclean:     Actions: {'no_action': 375, 'repair_value': 129, 'delete': 24, 'replace_nearby': 15}
[2026-03-02 21:38:15,934] INFO - demandclean:   Episode 400/400: Score=0.3714, Best=0.4212, Eps=0.135
[2026-03-02 21:38:15,936] INFO - demandclean:     Actions: {'no_action': 25, 'repair_value': 5, 'delete': 452, 'replace_nearby': 47}
[2026-03-02 21:38:15,938] INFO - demandclean: 
已恢复最佳模型权重 (Episode 231, Score=0.4212, Cost=78)
[2026-03-02 21:38:15,938] INFO - demandclean: 
训练完成! 最佳分数: 0.4212 (共 400 episodes)
[2026-03-02 21:38:15,938] INFO - demandclean:   最佳动作分布: {'no_action': 50, 'repair_value': 78, 'delete': 344, 'replace_nearby': 47}
[2026-03-02 21:38:15,939] INFO - demandclean: 
训练完成!
[2026-03-02 21:38:15,960] INFO - demandclean: 模型已保存: /Users/qianzekai/PycharmProjects/TolerDM/results/demandclean/beers/v6_auto_dueling_two/model/v6_auto_dueling_two_agent.pt
[2026-03-02 21:38:15,973] INFO - demandclean: 
==================================================
[2026-03-02 21:38:15,973] INFO - demandclean: 两阶段推理 - 第一阶段 (Plan)
[2026-03-02 21:38:15,973] INFO - demandclean: ==================================================
