[2026-02-19 01:29:02,664] INFO - demandclean: ==================================================
[2026-02-19 01:29:02,666] INFO - demandclean: DemandClean 训练开始
[2026-02-19 01:29:02,666] INFO - demandclean:   检测器模式: oracle
[2026-02-19 01:29:02,666] INFO - demandclean:   Agent类型: single
[2026-02-19 01:29:02,669] INFO - demandclean:   推理模式: single_phase
[2026-02-19 01:29:02,669] INFO - demandclean:   FD规则: 1
[2026-02-19 01:29:02,669] INFO - demandclean: ==================================================
[2026-02-19 01:29:02,669] INFO - demandclean: 
[Step 1] 初始化错误检测器...
[2026-02-19 01:29:02,670] INFO - demandclean: 
[Step 2] 训练 DQN Agent...
[2026-02-19 01:29:02,672] INFO - demandclean: 开始训练 (single Agent)
[2026-02-19 01:29:02,672] INFO - demandclean:   任务类型: classification
[2026-02-19 01:29:02,681] INFO - demandclean:   模型类型: random_forest
[2026-02-19 01:29:02,681] INFO - demandclean:   原始数据: 45222 行
[2026-02-19 01:29:02,720] INFO - demandclean:   基准数据: 45222 行
[2026-02-19 01:29:06,561] INFO - demandclean:   开始训练 DQN...
[2026-02-19 02:23:24,128] INFO - demandclean: 
已恢复最佳模型权重 (Episode 5, Score=0.9888, Cost=2779)
[2026-02-19 02:23:24,141] INFO - demandclean: 
训练完成! 最佳分数: 0.9888
[2026-02-19 02:23:24,142] INFO - demandclean:   最佳动作分布: {'no_action': 3029, 'repair_value': 2779, 'delete': 2780, 'replace_nearby': 2722}
[2026-02-19 02:23:24,193] INFO - demandclean: 
训练完成!
[2026-02-19 02:23:24,343] INFO - demandclean: 模型已保存: /Users/qianzekai/PycharmProjects/TolerDM/results/demandclean/adult/v3_oracle_plain_single/model/v3_oracle_plain_single_agent.pt
[2026-02-19 02:23:24,351] INFO - demandclean: 
==================================================
[2026-02-19 02:23:24,352] INFO - demandclean: 单阶段推理
[2026-02-19 02:23:24,352] INFO - demandclean: ==================================================
