[2026-02-21 17:28:27,957] INFO - demandclean: ==================================================
[2026-02-21 17:28:27,957] INFO - demandclean: DemandClean 训练开始
[2026-02-21 17:28:27,957] INFO - demandclean:   检测器模式: oracle
[2026-02-21 17:28:27,957] INFO - demandclean:   训练模式: clean_base
[2026-02-21 17:28:27,957] INFO - demandclean:   Agent类型: single
[2026-02-21 17:28:27,957] INFO - demandclean:   推理模式: single_phase
[2026-02-21 17:28:27,957] INFO - demandclean:   FD规则: 1
[2026-02-21 17:28:27,957] INFO - demandclean:   丰富规则: 有
[2026-02-21 17:28:27,957] INFO - demandclean: ==================================================
[2026-02-21 17:28:27,958] INFO - demandclean: 
[Step 1] 初始化错误检测器...
[2026-02-21 17:28:27,958] INFO - demandclean: 
[Step 2] 训练 DQN Agent...
[2026-02-21 17:28:27,958] INFO - demandclean: 开始训练 (single Agent, mode=clean_base)
[2026-02-21 17:28:27,958] INFO - demandclean:   任务类型: classification
[2026-02-21 17:28:27,958] INFO - demandclean:   模型类型: random_forest
[2026-02-21 17:28:27,958] INFO - demandclean:   原始数据: 45222 行
[2026-02-21 17:28:27,961] INFO - demandclean:   基准数据: 45222 行
[2026-02-21 17:28:28,832] INFO - demandclean:   ErrorInjector: rich_rules=True, domain=5, cfd=0, fd=1
[2026-02-21 17:28:28,832] INFO - demandclean:   开始训练 DQN (50 episodes)...
[2026-02-21 18:33:55,549] INFO - demandclean:   Episode 50/50: Score=0.9921, Best=0.9921, Eps=0.778
[2026-02-21 18:33:55,550] INFO - demandclean:     Actions: {'no_action': 1914, 'repair_value': 1853, 'delete': 1868, 'replace_nearby': 3938}
[2026-02-21 18:33:55,550] INFO - demandclean: 
已恢复最佳模型权重 (Episode 50, Score=0.9921, Cost=1853)
[2026-02-21 18:33:55,551] INFO - demandclean: 
训练完成! 最佳分数: 0.9921
[2026-02-21 18:33:55,551] INFO - demandclean:   最佳动作分布: {'no_action': 1914, 'repair_value': 1853, 'delete': 1868, 'replace_nearby': 3938}
[2026-02-21 18:33:55,553] INFO - demandclean: 
训练完成!
[2026-02-21 18:33:55,571] INFO - demandclean: 模型已保存: /Users/qianzekai/PycharmProjects/TolerDM/results/demandclean/adult/v3_oracle_plain_single/model/v3_oracle_plain_single_agent.pt
[2026-02-21 18:33:55,573] INFO - demandclean: 
==================================================
[2026-02-21 18:33:55,573] INFO - demandclean: 单阶段推理
[2026-02-21 18:33:55,573] INFO - demandclean: ==================================================
