[2026-02-25 10:11:46,729] INFO - demandclean: ==================================================
[2026-02-25 10:11:46,730] INFO - demandclean: DemandClean 训练开始
[2026-02-25 10:11:46,730] INFO - demandclean:   检测器模式: auto
[2026-02-25 10:11:46,730] INFO - demandclean:   训练模式: clean_base
[2026-02-25 10:11:46,730] INFO - demandclean:   Agent类型: single
[2026-02-25 10:11:46,730] INFO - demandclean:   推理模式: single_phase
[2026-02-25 10:11:46,730] INFO - demandclean:   FD规则: 1
[2026-02-25 10:11:46,730] INFO - demandclean:   丰富规则: 有
[2026-02-25 10:11:46,730] INFO - demandclean: ==================================================
[2026-02-25 10:11:46,730] INFO - demandclean: 
[Step 1] 初始化错误检测器...
[2026-02-25 10:11:46,732] INFO - demandclean: 
[Step 1.5] 运行 RAHA 检测获取标注行...
[2026-02-25 10:22:12,675] INFO - demandclean:   [预修复] 利用 RAHA 标注行修复 83 个特征单元格 + 0 个标签
[2026-02-25 10:22:12,677] INFO - demandclean:   标注行: [183, 1276, 2222, 2234, 2334, 2687, 2974, 4305, 7448, 10979]... (共 20 行)
[2026-02-25 10:22:12,678] INFO - demandclean: 
[Step 2] 训练 DQN Agent...
[2026-02-25 10:22:12,678] INFO - demandclean: 开始训练 (single Agent, mode=clean_base)
[2026-02-25 10:22:12,678] INFO - demandclean:   任务类型: regression
[2026-02-25 10:22:12,678] INFO - demandclean:   模型类型: random_forest
[2026-02-25 10:22:12,678] INFO - demandclean:   原始数据: 17379 行
[2026-02-25 10:22:12,681] INFO - demandclean:   基准数据: 17379 行
[2026-02-25 10:22:12,681] INFO - demandclean:   标签注入: 检测器未发现标签错误，不注入
[2026-02-25 10:22:12,681] INFO - demandclean:   自适应注入比例范围 (基于检测结果):
[2026-02-25 10:22:12,681] INFO - demandclean:     missing: 不注入
[2026-02-25 10:22:12,681] INFO - demandclean:     semantic: (0.0168, 0.0252)
[2026-02-25 10:22:12,681] INFO - demandclean:     syntactic: (0.1142, 0.1713)
[2026-02-25 10:22:12,681] INFO - demandclean:     label: 不注入
[2026-02-25 10:22:12,696] INFO - demandclean:   ErrorInjector: rich_rules=True, domain=14, cfd=0, fd=1
[2026-02-25 10:22:12,696] INFO - demandclean:   开始训练 DQN (5 episodes, 起始轮=0)...
[2026-02-25 10:30:14,094] INFO - demandclean: 
已恢复最佳模型权重 (Episode 2, Score=0.0040, Cost=771)
[2026-02-25 10:30:14,096] INFO - demandclean: 
训练完成! 最佳分数: 0.0040 (共 5 episodes)
[2026-02-25 10:30:14,096] INFO - demandclean:   最佳动作分布: {'no_action': 757, 'repair_value': 771, 'delete': 654, 'replace_nearby': 712}
[2026-02-25 10:30:14,098] INFO - demandclean: 
训练完成!
[2026-02-25 10:30:14,101] INFO - demandclean: 模型已保存: /Users/qianzekai/PycharmProjects/TolerDM/results/demandclean/bike/v7_auto_plain_single/model/v7_auto_plain_single_agent.pt
[2026-02-25 10:30:14,102] INFO - demandclean: 
==================================================
[2026-02-25 10:30:14,102] INFO - demandclean: 单阶段推理
[2026-02-25 10:30:14,102] INFO - demandclean: ==================================================
[2026-02-25 10:30:16,926] INFO - demandclean:   [预修复] 利用 RAHA 标注行修复 83 个特征单元格 + 0 个标签
[2026-02-25 10:30:16,926] INFO - demandclean:   移除已修复错误: semantic=4, syntactic=79
