2026-01-29 21:09:29,654 - INFO - ============================================================
2026-01-29 21:09:29,654 - INFO - MLImputer 数据清洗 (mice)
2026-01-29 21:09:29,654 - INFO - ============================================================
2026-01-29 21:09:29,654 - INFO - 脏数据: Data/smartfactory/dirty_index.csv
2026-01-29 21:09:29,654 - INFO - 干净数据: Data/smartfactory/clean_index.csv
2026-01-29 21:09:29,654 - INFO - 任务名称: smartfactory_mlimputer_vzekai
2026-01-29 21:09:29,654 - INFO - 插补方法: mice
2026-01-29 21:09:29,654 - INFO - ------------------------------------------------------------
2026-01-29 21:09:33,993 - INFO - 修复后数据已保存: results/mlimputer/smartfactory_mlimputer_vzekai/smartfactory_mlimputer_vzekai_cleaned.csv
2026-01-29 21:09:33,993 - INFO - ------------------------------------------------------------
2026-01-29 21:09:33,993 - INFO - 执行时间: 4.34 秒
2026-01-29 21:09:33,993 - INFO - 执行状态: 成功
2026-01-29 21:09:33,993 - INFO - 填充单元格数: 7093
2026-01-29 21:09:33,993 - INFO - 真值使用成本: 0 (全自动)
2026-01-29 21:09:33,993 - INFO - 
2026-01-29 21:09:33,993 - INFO - ============================================================
2026-01-29 21:09:33,993 - INFO - 调用统一测评模块 getScoreML
2026-01-29 21:09:33,993 - INFO - ============================================================
2026-01-29 21:14:54,683 - INFO - 结果已保存到: results/mlimputer/smartfactory_mlimputer_vzekai
2026-01-29 21:14:54,684 - INFO - 日志文件: results/mlimputer/smartfactory_mlimputer_vzekai/smartfactory_mlimputer_vzekai.log
2026-01-29 21:14:54,684 - INFO - ============================================================
