2026-01-29 19:52:18,821 - INFO - ============================================================
2026-01-29 19:52:18,821 - INFO - MLImputer 数据清洗 (mice)
2026-01-29 19:52:18,821 - INFO - ============================================================
2026-01-29 19:52:18,821 - INFO - 脏数据: Data/bike/dirty_index.csv
2026-01-29 19:52:18,821 - INFO - 干净数据: Data/bike/clean_index.csv
2026-01-29 19:52:18,821 - INFO - 任务名称: bike_mlimputer_vzekai
2026-01-29 19:52:18,821 - INFO - 插补方法: mice
2026-01-29 19:52:18,821 - INFO - ------------------------------------------------------------
2026-01-29 19:52:20,385 - INFO - 修复后数据已保存: results/mlimputer/bike_mlimputer_vzekai/bike_mlimputer_vzekai_cleaned.csv
2026-01-29 19:52:20,385 - INFO - ------------------------------------------------------------
2026-01-29 19:52:20,385 - INFO - 执行时间: 1.56 秒
2026-01-29 19:52:20,385 - INFO - 执行状态: 成功
2026-01-29 19:52:20,385 - INFO - 填充单元格数: 0
2026-01-29 19:52:20,385 - INFO - 真值使用成本: 0 (全自动)
2026-01-29 19:52:20,385 - INFO - 
2026-01-29 19:52:20,385 - INFO - ============================================================
2026-01-29 19:52:20,385 - INFO - 调用统一测评模块 getScoreML
2026-01-29 19:52:20,385 - INFO - ============================================================
2026-01-29 19:57:40,844 - INFO - 结果已保存到: results/mlimputer/bike_mlimputer_vzekai
2026-01-29 19:57:40,845 - INFO - 日志文件: results/mlimputer/bike_mlimputer_vzekai/bike_mlimputer_vzekai.log
2026-01-29 19:57:40,845 - INFO - ============================================================
