1,2026-01-29 21:06:44,"[""numerical"", ""numerical"", ""numerical"", ""numerical"", ""numerical"", ""numerical""]"
3,2026-01-29 21:06:44,"[1503, 6]"
2,2026-01-29 21:06:44,"[""[<activedetect.error_detectors.QuantitativeErrorModule.QuantitativeErrorModule object at 0x7dab13b39e50>]"", [{""thresh"": 10}]]"
0,2026-01-29 21:06:44,"{""cell"": [21, 1], ""error_types"": [""A numerical value was found with a value of greater than > 10 stds from the mean""], ""cell_value"": """", ""record_value"": """"}"
0,2026-01-29 21:06:44,"{""cell"": [30, 1], ""error_types"": [""A numerical value was found with a value of greater than > 10 stds from the mean""], ""cell_value"": """", ""record_value"": """"}"
0,2026-01-29 21:06:44,"{""cell"": [43, 1], ""error_types"": [""A numerical value was found with a value of greater than > 10 stds from the mean""], ""cell_value"": """", ""record_value"": """"}"
0,2026-01-29 21:06:44,"{""cell"": [49, 1], ""error_types"": [""A numerical value was found with a value of greater than > 10 stds from the mean""], ""cell_value"": """", ""record_value"": """"}"
0,2026-01-29 21:06:44,"{""cell"": [70, 1], ""error_types"": [""A numerical value was found with a value of greater than > 10 stds from the mean""], ""cell_value"": """", ""record_value"": """"}"
0,2026-01-29 21:06:44,"{""cell"": [73, 1], ""error_types"": [""A numerical value was found with a value of greater than > 10 stds from the mean""], ""cell_value"": """", ""record_value"": """"}"
0,2026-01-29 21:06:44,"{""cell"": [106, 1], ""error_types"": [""A numerical value was found with a value of greater than > 10 stds from the mean""], ""cell_value"": """", ""record_value"": """"}"
0,2026-01-29 21:06:44,"{""cell"": [117, 1], ""error_types"": [""A numerical value was found with a value of greater than > 10 stds from the mean""], ""cell_value"": """", ""record_value"": """"}"
0,2026-01-29 21:06:44,"{""cell"": [125, 1], ""error_types"": [""A numerical value was found with a value of greater than > 10 stds from the mean""], ""cell_value"": """", ""record_value"": """"}"
0,2026-01-29 21:06:44,"{""cell"": [154, 1], ""error_types"": [""A numerical value was found with a value of greater than > 10 stds from the mean""], ""cell_value"": """", ""record_value"": """"}"
0,2026-01-29 21:06:44,"{""cell"": [168, 1], ""error_types"": [""A numerical value was found with a value of greater than > 10 stds from the mean""], ""cell_value"": """", ""record_value"": """"}"
0,2026-01-29 21:06:44,"{""cell"": [179, 1], ""error_types"": [""A numerical value was found with a value of greater than > 10 stds from the mean""], ""cell_value"": """", ""record_value"": """"}"
0,2026-01-29 21:06:44,"{""cell"": [180, 1], ""error_types"": [""A numerical value was found with a value of greater than > 10 stds from the mean""], ""cell_value"": """", ""record_value"": """"}"
0,2026-01-29 21:06:44,"{""cell"": [182, 1], ""error_types"": [""A numerical value was found with a value of greater than > 10 stds from the mean""], ""cell_value"": """", ""record_value"": """"}"
0,2026-01-29 21:06:44,"{""cell"": [218, 1], ""error_types"": [""A numerical value was found with a value of greater than > 10 stds from the mean""], ""cell_value"": """", ""record_value"": """"}"
0,2026-01-29 21:06:44,"{""cell"": [237, 1], ""error_types"": [""A numerical value was found with a value of greater than > 10 stds from the mean""], ""cell_value"": """", ""record_value"": """"}"
0,2026-01-29 21:06:44,"{""cell"": [238, 1], ""error_types"": [""A numerical value was found with a value of greater than > 10 stds from the mean""], ""cell_value"": """", ""record_value"": """"}"
0,2026-01-29 21:06:44,"{""cell"": [242, 1], ""error_types"": [""A numerical value was found with a value of greater than > 10 stds from the mean""], ""cell_value"": """", ""record_value"": """"}"
0,2026-01-29 21:06:44,"{""cell"": [248, 1], ""error_types"": [""A numerical value was found with a value of greater than > 10 stds from the mean""], ""cell_value"": """", ""record_value"": """"}"
0,2026-01-29 21:06:44,"{""cell"": [251, 1], ""error_types"": [""A numerical value was found with a value of greater than > 10 stds from the mean""], ""cell_value"": """", ""record_value"": """"}"
0,2026-01-29 21:06:44,"{""cell"": [263, 1], ""error_types"": [""A numerical value was found with a value of greater than > 10 stds from the mean""], ""cell_value"": """", ""record_value"": """"}"
0,2026-01-29 21:06:44,"{""cell"": [304, 1], ""error_types"": [""A numerical value was found with a value of greater than > 10 stds from the mean""], ""cell_value"": """", ""record_value"": """"}"
0,2026-01-29 21:06:44,"{""cell"": [332, 1], ""error_types"": [""A numerical value was found with a value of greater than > 10 stds from the mean""], ""cell_value"": """", ""record_value"": """"}"
0,2026-01-29 21:06:44,"{""cell"": [339, 1], ""error_types"": [""A numerical value was found with a value of greater than > 10 stds from the mean""], ""cell_value"": """", ""record_value"": """"}"
0,2026-01-29 21:06:44,"{""cell"": [438, 1], ""error_types"": [""A numerical value was found with a value of greater than > 10 stds from the mean""], ""cell_value"": """", ""record_value"": """"}"
0,2026-01-29 21:06:44,"{""cell"": [446, 1], ""error_types"": [""A numerical value was found with a value of greater than > 10 stds from the mean""], ""cell_value"": """", ""record_value"": """"}"
0,2026-01-29 21:06:44,"{""cell"": [459, 1], ""error_types"": [""A numerical value was found with a value of greater than > 10 stds from the mean""], ""cell_value"": """", ""record_value"": """"}"
0,2026-01-29 21:06:44,"{""cell"": [476, 1], ""error_types"": [""A numerical value was found with a value of greater than > 10 stds from the mean""], ""cell_value"": """", ""record_value"": """"}"
0,2026-01-29 21:06:44,"{""cell"": [478, 1], ""error_types"": [""A numerical value was found with a value of greater than > 10 stds from the mean""], ""cell_value"": """", ""record_value"": """"}"
0,2026-01-29 21:06:44,"{""cell"": [515, 1], ""error_types"": [""A numerical value was found with a value of greater than > 10 stds from the mean""], ""cell_value"": """", ""record_value"": """"}"
0,2026-01-29 21:06:44,"{""cell"": [539, 1], ""error_types"": [""A numerical value was found with a value of greater than > 10 stds from the mean""], ""cell_value"": """", ""record_value"": """"}"
0,2026-01-29 21:06:44,"{""cell"": [546, 1], ""error_types"": [""A numerical value was found with a value of greater than > 10 stds from the mean""], ""cell_value"": """", ""record_value"": """"}"
0,2026-01-29 21:06:44,"{""cell"": [558, 1], ""error_types"": [""A numerical value was found with a value of greater than > 10 stds from the mean""], ""cell_value"": """", ""record_value"": """"}"
0,2026-01-29 21:06:44,"{""cell"": [566, 1], ""error_types"": [""A numerical value was found with a value of greater than > 10 stds from the mean""], ""cell_value"": """", ""record_value"": """"}"
0,2026-01-29 21:06:44,"{""cell"": [585, 1], ""error_types"": [""A numerical value was found with a value of greater than > 10 stds from the mean""], ""cell_value"": """", ""record_value"": """"}"
0,2026-01-29 21:06:44,"{""cell"": [613, 1], ""error_types"": [""A numerical value was found with a value of greater than > 10 stds from the mean""], ""cell_value"": """", ""record_value"": """"}"
0,2026-01-29 21:06:44,"{""cell"": [630, 1], ""error_types"": [""A numerical value was found with a value of greater than > 10 stds from the mean""], ""cell_value"": """", ""record_value"": """"}"
0,2026-01-29 21:06:44,"{""cell"": [658, 1], ""error_types"": [""A numerical value was found with a value of greater than > 10 stds from the mean""], ""cell_value"": """", ""record_value"": """"}"
0,2026-01-29 21:06:44,"{""cell"": [685, 1], ""error_types"": [""A numerical value was found with a value of greater than > 10 stds from the mean""], ""cell_value"": """", ""record_value"": """"}"
0,2026-01-29 21:06:44,"{""cell"": [686, 1], ""error_types"": [""A numerical value was found with a value of greater than > 10 stds from the mean""], ""cell_value"": """", ""record_value"": """"}"
0,2026-01-29 21:06:44,"{""cell"": [742, 1], ""error_types"": [""A numerical value was found with a value of greater than > 10 stds from the mean""], ""cell_value"": """", ""record_value"": """"}"
0,2026-01-29 21:06:44,"{""cell"": [749, 1], ""error_types"": [""A numerical value was found with a value of greater than > 10 stds from the mean""], ""cell_value"": """", ""record_value"": """"}"
0,2026-01-29 21:06:44,"{""cell"": [761, 1], ""error_types"": [""A numerical value was found with a value of greater than > 10 stds from the mean""], ""cell_value"": """", ""record_value"": """"}"
0,2026-01-29 21:06:44,"{""cell"": [772, 1], ""error_types"": [""A numerical value was found with a value of greater than > 10 stds from the mean""], ""cell_value"": """", ""record_value"": """"}"
0,2026-01-29 21:06:44,"{""cell"": [818, 1], ""error_types"": [""A numerical value was found with a value of greater than > 10 stds from the mean""], ""cell_value"": """", ""record_value"": """"}"
0,2026-01-29 21:06:44,"{""cell"": [855, 1], ""error_types"": [""A numerical value was found with a value of greater than > 10 stds from the mean""], ""cell_value"": """", ""record_value"": """"}"
0,2026-01-29 21:06:44,"{""cell"": [893, 1], ""error_types"": [""A numerical value was found with a value of greater than > 10 stds from the mean""], ""cell_value"": """", ""record_value"": """"}"
0,2026-01-29 21:06:44,"{""cell"": [903, 1], ""error_types"": [""A numerical value was found with a value of greater than > 10 stds from the mean""], ""cell_value"": """", ""record_value"": """"}"
0,2026-01-29 21:06:44,"{""cell"": [955, 1], ""error_types"": [""A numerical value was found with a value of greater than > 10 stds from the mean""], ""cell_value"": """", ""record_value"": """"}"
0,2026-01-29 21:06:44,"{""cell"": [963, 1], ""error_types"": [""A numerical value was found with a value of greater than > 10 stds from the mean""], ""cell_value"": """", ""record_value"": """"}"
0,2026-01-29 21:06:44,"{""cell"": [975, 1], ""error_types"": [""A numerical value was found with a value of greater than > 10 stds from the mean""], ""cell_value"": """", ""record_value"": """"}"
0,2026-01-29 21:06:44,"{""cell"": [1001, 1], ""error_types"": [""A numerical value was found with a value of greater than > 10 stds from the mean""], ""cell_value"": """", ""record_value"": """"}"
0,2026-01-29 21:06:44,"{""cell"": [1007, 1], ""error_types"": [""A numerical value was found with a value of greater than > 10 stds from the mean""], ""cell_value"": """", ""record_value"": """"}"
0,2026-01-29 21:06:44,"{""cell"": [1029, 1], ""error_types"": [""A numerical value was found with a value of greater than > 10 stds from the mean""], ""cell_value"": """", ""record_value"": """"}"
0,2026-01-29 21:06:44,"{""cell"": [1034, 1], ""error_types"": [""A numerical value was found with a value of greater than > 10 stds from the mean""], ""cell_value"": """", ""record_value"": """"}"
0,2026-01-29 21:06:44,"{""cell"": [1048, 1], ""error_types"": [""A numerical value was found with a value of greater than > 10 stds from the mean""], ""cell_value"": """", ""record_value"": """"}"
0,2026-01-29 21:06:44,"{""cell"": [1095, 1], ""error_types"": [""A numerical value was found with a value of greater than > 10 stds from the mean""], ""cell_value"": """", ""record_value"": """"}"
0,2026-01-29 21:06:44,"{""cell"": [1114, 1], ""error_types"": [""A numerical value was found with a value of greater than > 10 stds from the mean""], ""cell_value"": """", ""record_value"": """"}"
0,2026-01-29 21:06:44,"{""cell"": [1115, 1], ""error_types"": [""A numerical value was found with a value of greater than > 10 stds from the mean""], ""cell_value"": """", ""record_value"": """"}"
0,2026-01-29 21:06:44,"{""cell"": [1146, 1], ""error_types"": [""A numerical value was found with a value of greater than > 10 stds from the mean""], ""cell_value"": """", ""record_value"": """"}"
0,2026-01-29 21:06:44,"{""cell"": [1169, 1], ""error_types"": [""A numerical value was found with a value of greater than > 10 stds from the mean""], ""cell_value"": """", ""record_value"": """"}"
0,2026-01-29 21:06:44,"{""cell"": [1170, 1], ""error_types"": [""A numerical value was found with a value of greater than > 10 stds from the mean""], ""cell_value"": """", ""record_value"": """"}"
0,2026-01-29 21:06:44,"{""cell"": [1188, 1], ""error_types"": [""A numerical value was found with a value of greater than > 10 stds from the mean""], ""cell_value"": """", ""record_value"": """"}"
0,2026-01-29 21:06:44,"{""cell"": [1300, 1], ""error_types"": [""A numerical value was found with a value of greater than > 10 stds from the mean""], ""cell_value"": """", ""record_value"": """"}"
0,2026-01-29 21:06:44,"{""cell"": [1312, 1], ""error_types"": [""A numerical value was found with a value of greater than > 10 stds from the mean""], ""cell_value"": """", ""record_value"": """"}"
0,2026-01-29 21:06:44,"{""cell"": [1331, 1], ""error_types"": [""A numerical value was found with a value of greater than > 10 stds from the mean""], ""cell_value"": """", ""record_value"": """"}"
0,2026-01-29 21:06:44,"{""cell"": [1341, 1], ""error_types"": [""A numerical value was found with a value of greater than > 10 stds from the mean""], ""cell_value"": """", ""record_value"": """"}"
0,2026-01-29 21:06:44,"{""cell"": [1446, 1], ""error_types"": [""A numerical value was found with a value of greater than > 10 stds from the mean""], ""cell_value"": """", ""record_value"": """"}"
0,2026-01-29 21:06:44,"{""cell"": [1485, 1], ""error_types"": [""A numerical value was found with a value of greater than > 10 stds from the mean""], ""cell_value"": """", ""record_value"": """"}"
0,2026-01-29 21:06:44,"{""cell"": [1495, 1], ""error_types"": [""A numerical value was found with a value of greater than > 10 stds from the mean""], ""cell_value"": """", ""record_value"": """"}"
0,2026-01-29 21:06:44,"{""cell"": [1500, 1], ""error_types"": [""A numerical value was found with a value of greater than > 10 stds from the mean""], ""cell_value"": """", ""record_value"": """"}"
0,2026-01-29 21:06:44,"{""cell"": [20, 2], ""error_types"": [""A numerical value was found with a value of greater than > 10 stds from the mean""], ""cell_value"": """", ""record_value"": """"}"
0,2026-01-29 21:06:44,"{""cell"": [42, 2], ""error_types"": [""A numerical value was found with a value of greater than > 10 stds from the mean""], ""cell_value"": """", ""record_value"": """"}"
0,2026-01-29 21:06:44,"{""cell"": [52, 2], ""error_types"": [""A numerical value was found with a value of greater than > 10 stds from the mean""], ""cell_value"": """", ""record_value"": """"}"
0,2026-01-29 21:06:44,"{""cell"": [78, 2], ""error_types"": [""A numerical value was found with a value of greater than > 10 stds from the mean""], ""cell_value"": """", ""record_value"": """"}"
0,2026-01-29 21:06:44,"{""cell"": [79, 2], ""error_types"": [""A numerical value was found with a value of greater than > 10 stds from the mean""], ""cell_value"": """", ""record_value"": """"}"
0,2026-01-29 21:06:44,"{""cell"": [91, 2], ""error_types"": [""A numerical value was found with a value of greater than > 10 stds from the mean""], ""cell_value"": """", ""record_value"": """"}"
0,2026-01-29 21:06:44,"{""cell"": [95, 2], ""error_types"": [""A numerical value was found with a value of greater than > 10 stds from the mean""], ""cell_value"": """", ""record_value"": """"}"
0,2026-01-29 21:06:44,"{""cell"": [111, 2], ""error_types"": [""A numerical value was found with a value of greater than > 10 stds from the mean""], ""cell_value"": """", ""record_value"": """"}"
0,2026-01-29 21:06:44,"{""cell"": [120, 2], ""error_types"": [""A numerical value was found with a value of greater than > 10 stds from the mean""], ""cell_value"": """", ""record_value"": """"}"
0,2026-01-29 21:06:44,"{""cell"": [129, 2], ""error_types"": [""A numerical value was found with a value of greater than > 10 stds from the mean""], ""cell_value"": """", ""record_value"": """"}"
0,2026-01-29 21:06:44,"{""cell"": [132, 2], ""error_types"": [""A numerical value was found with a value of greater than > 10 stds from the mean""], ""cell_value"": """", ""record_value"": """"}"
0,2026-01-29 21:06:44,"{""cell"": [146, 2], ""error_types"": [""A numerical value was found with a value of greater than > 10 stds from the mean""], ""cell_value"": """", ""record_value"": """"}"
0,2026-01-29 21:06:44,"{""cell"": [149, 2], ""error_types"": [""A numerical value was found with a value of greater than > 10 stds from the mean""], ""cell_value"": """", ""record_value"": """"}"
0,2026-01-29 21:06:44,"{""cell"": [171, 2], ""error_types"": [""A numerical value was found with a value of greater than > 10 stds from the mean""], ""cell_value"": """", ""record_value"": """"}"
0,2026-01-29 21:06:44,"{""cell"": [201, 2], ""error_types"": [""A numerical value was found with a value of greater than > 10 stds from the mean""], ""cell_value"": """", ""record_value"": """"}"
0,2026-01-29 21:06:44,"{""cell"": [202, 2], ""error_types"": [""A numerical value was found with a value of greater than > 10 stds from the mean""], ""cell_value"": """", ""record_value"": """"}"
0,2026-01-29 21:06:44,"{""cell"": [211, 2], ""error_types"": [""A numerical value was found with a value of greater than > 10 stds from the mean""], ""cell_value"": """", ""record_value"": """"}"
0,2026-01-29 21:06:44,"{""cell"": [226, 2], ""error_types"": [""A numerical value was found with a value of greater than > 10 stds from the mean""], ""cell_value"": """", ""record_value"": """"}"
0,2026-01-29 21:06:44,"{""cell"": [228, 2], ""error_types"": [""A numerical value was found with a value of greater than > 10 stds from the mean""], ""cell_value"": """", ""record_value"": """"}"
0,2026-01-29 21:06:44,"{""cell"": [254, 2], ""error_types"": [""A numerical value was found with a value of greater than > 10 stds from the mean""], ""cell_value"": """", ""record_value"": """"}"
0,2026-01-29 21:06:44,"{""cell"": [283, 2], ""error_types"": [""A numerical value was found with a value of greater than > 10 stds from the mean""], ""cell_value"": """", ""record_value"": """"}"
0,2026-01-29 21:06:44,"{""cell"": [297, 2], ""error_types"": [""A numerical value was found with a value of greater than > 10 stds from the mean""], ""cell_value"": """", ""record_value"": """"}"
0,2026-01-29 21:06:44,"{""cell"": [372, 2], ""error_types"": [""A numerical value was found with a value of greater than > 10 stds from the mean""], ""cell_value"": """", ""record_value"": """"}"
0,2026-01-29 21:06:44,"{""cell"": [382, 2], ""error_types"": [""A numerical value was found with a value of greater than > 10 stds from the mean""], ""cell_value"": """", ""record_value"": """"}"
0,2026-01-29 21:06:44,"{""cell"": [401, 2], ""error_types"": [""A numerical value was found with a value of greater than > 10 stds from the mean""], ""cell_value"": """", ""record_value"": """"}"
0,2026-01-29 21:06:44,"{""cell"": [402, 2], ""error_types"": [""A numerical value was found with a value of greater than > 10 stds from the mean""], ""cell_value"": """", ""record_value"": """"}"
0,2026-01-29 21:06:44,"{""cell"": [461, 2], ""error_types"": [""A numerical value was found with a value of greater than > 10 stds from the mean""], ""cell_value"": """", ""record_value"": """"}"
0,2026-01-29 21:06:44,"{""cell"": [464, 2], ""error_types"": [""A numerical value was found with a value of greater than > 10 stds from the mean""], ""cell_value"": """", ""record_value"": """"}"
0,2026-01-29 21:06:44,"{""cell"": [469, 2], ""error_types"": [""A numerical value was found with a value of greater than > 10 stds from the mean""], ""cell_value"": """", ""record_value"": """"}"
0,2026-01-29 21:06:44,"{""cell"": [477, 2], ""error_types"": [""A numerical value was found with a value of greater than > 10 stds from the mean""], ""cell_value"": """", ""record_value"": """"}"
0,2026-01-29 21:06:44,"{""cell"": [488, 2], ""error_types"": [""A numerical value was found with a value of greater than > 10 stds from the mean""], ""cell_value"": """", ""record_value"": """"}"
0,2026-01-29 21:06:44,"{""cell"": [511, 2], ""error_types"": [""A numerical value was found with a value of greater than > 10 stds from the mean""], ""cell_value"": """", ""record_value"": """"}"
0,2026-01-29 21:06:44,"{""cell"": [517, 2], ""error_types"": [""A numerical value was found with a value of greater than > 10 stds from the mean""], ""cell_value"": """", ""record_value"": """"}"
0,2026-01-29 21:06:44,"{""cell"": [518, 2], ""error_types"": [""A numerical value was found with a value of greater than > 10 stds from the mean""], ""cell_value"": """", ""record_value"": """"}"
0,2026-01-29 21:06:44,"{""cell"": [525, 2], ""error_types"": [""A numerical value was found with a value of greater than > 10 stds from the mean""], ""cell_value"": """", ""record_value"": """"}"
0,2026-01-29 21:06:44,"{""cell"": [530, 2], ""error_types"": [""A numerical value was found with a value of greater than > 10 stds from the mean""], ""cell_value"": """", ""record_value"": """"}"
0,2026-01-29 21:06:44,"{""cell"": [538, 2], ""error_types"": [""A numerical value was found with a value of greater than > 10 stds from the mean""], ""cell_value"": """", ""record_value"": """"}"
0,2026-01-29 21:06:44,"{""cell"": [567, 2], ""error_types"": [""A numerical value was found with a value of greater than > 10 stds from the mean""], ""cell_value"": """", ""record_value"": """"}"
0,2026-01-29 21:06:44,"{""cell"": [601, 2], ""error_types"": [""A numerical value was found with a value of greater than > 10 stds from the mean""], ""cell_value"": """", ""record_value"": """"}"
0,2026-01-29 21:06:44,"{""cell"": [606, 2], ""error_types"": [""A numerical value was found with a value of greater than > 10 stds from the mean""], ""cell_value"": """", ""record_value"": """"}"
0,2026-01-29 21:06:44,"{""cell"": [622, 2], ""error_types"": [""A numerical value was found with a value of greater than > 10 stds from the mean""], ""cell_value"": """", ""record_value"": """"}"
0,2026-01-29 21:06:44,"{""cell"": [628, 2], ""error_types"": [""A numerical value was found with a value of greater than > 10 stds from the mean""], ""cell_value"": """", ""record_value"": """"}"
0,2026-01-29 21:06:44,"{""cell"": [636, 2], ""error_types"": [""A numerical value was found with a value of greater than > 10 stds from the mean""], ""cell_value"": """", ""record_value"": """"}"
0,2026-01-29 21:06:44,"{""cell"": [649, 2], ""error_types"": [""A numerical value was found with a value of greater than > 10 stds from the mean""], ""cell_value"": """", ""record_value"": """"}"
0,2026-01-29 21:06:44,"{""cell"": [662, 2], ""error_types"": [""A numerical value was found with a value of greater than > 10 stds from the mean""], ""cell_value"": """", ""record_value"": """"}"
0,2026-01-29 21:06:44,"{""cell"": [669, 2], ""error_types"": [""A numerical value was found with a value of greater than > 10 stds from the mean""], ""cell_value"": """", ""record_value"": """"}"
0,2026-01-29 21:06:44,"{""cell"": [701, 2], ""error_types"": [""A numerical value was found with a value of greater than > 10 stds from the mean""], ""cell_value"": """", ""record_value"": """"}"
0,2026-01-29 21:06:44,"{""cell"": [705, 2], ""error_types"": [""A numerical value was found with a value of greater than > 10 stds from the mean""], ""cell_value"": """", ""record_value"": """"}"
0,2026-01-29 21:06:44,"{""cell"": [720, 2], ""error_types"": [""A numerical value was found with a value of greater than > 10 stds from the mean""], ""cell_value"": """", ""record_value"": """"}"
0,2026-01-29 21:06:44,"{""cell"": [748, 2], ""error_types"": [""A numerical value was found with a value of greater than > 10 stds from the mean""], ""cell_value"": """", ""record_value"": """"}"
0,2026-01-29 21:06:44,"{""cell"": [753, 2], ""error_types"": [""A numerical value was found with a value of greater than > 10 stds from the mean""], ""cell_value"": """", ""record_value"": """"}"
0,2026-01-29 21:06:44,"{""cell"": [794, 2], ""error_types"": [""A numerical value was found with a value of greater than > 10 stds from the mean""], ""cell_value"": """", ""record_value"": """"}"
0,2026-01-29 21:06:44,"{""cell"": [797, 2], ""error_types"": [""A numerical value was found with a value of greater than > 10 stds from the mean""], ""cell_value"": """", ""record_value"": """"}"
0,2026-01-29 21:06:44,"{""cell"": [827, 2], ""error_types"": [""A numerical value was found with a value of greater than > 10 stds from the mean""], ""cell_value"": """", ""record_value"": """"}"
0,2026-01-29 21:06:44,"{""cell"": [829, 2], ""error_types"": [""A numerical value was found with a value of greater than > 10 stds from the mean""], ""cell_value"": """", ""record_value"": """"}"
0,2026-01-29 21:06:44,"{""cell"": [844, 2], ""error_types"": [""A numerical value was found with a value of greater than > 10 stds from the mean""], ""cell_value"": """", ""record_value"": """"}"
0,2026-01-29 21:06:44,"{""cell"": [866, 2], ""error_types"": [""A numerical value was found with a value of greater than > 10 stds from the mean""], ""cell_value"": """", ""record_value"": """"}"
0,2026-01-29 21:06:44,"{""cell"": [885, 2], ""error_types"": [""A numerical value was found with a value of greater than > 10 stds from the mean""], ""cell_value"": """", ""record_value"": """"}"
0,2026-01-29 21:06:44,"{""cell"": [920, 2], ""error_types"": [""A numerical value was found with a value of greater than > 10 stds from the mean""], ""cell_value"": """", ""record_value"": """"}"
0,2026-01-29 21:06:44,"{""cell"": [929, 2], ""error_types"": [""A numerical value was found with a value of greater than > 10 stds from the mean""], ""cell_value"": """", ""record_value"": """"}"
0,2026-01-29 21:06:44,"{""cell"": [954, 2], ""error_types"": [""A numerical value was found with a value of greater than > 10 stds from the mean""], ""cell_value"": """", ""record_value"": """"}"
0,2026-01-29 21:06:44,"{""cell"": [981, 2], ""error_types"": [""A numerical value was found with a value of greater than > 10 stds from the mean""], ""cell_value"": """", ""record_value"": """"}"
0,2026-01-29 21:06:44,"{""cell"": [994, 2], ""error_types"": [""A numerical value was found with a value of greater than > 10 stds from the mean""], ""cell_value"": """", ""record_value"": """"}"
0,2026-01-29 21:06:44,"{""cell"": [1000, 2], ""error_types"": [""A numerical value was found with a value of greater than > 10 stds from the mean""], ""cell_value"": """", ""record_value"": """"}"
0,2026-01-29 21:06:44,"{""cell"": [1028, 2], ""error_types"": [""A numerical value was found with a value of greater than > 10 stds from the mean""], ""cell_value"": """", ""record_value"": """"}"
0,2026-01-29 21:06:44,"{""cell"": [1032, 2], ""error_types"": [""A numerical value was found with a value of greater than > 10 stds from the mean""], ""cell_value"": """", ""record_value"": """"}"
0,2026-01-29 21:06:44,"{""cell"": [1037, 2], ""error_types"": [""A numerical value was found with a value of greater than > 10 stds from the mean""], ""cell_value"": """", ""record_value"": """"}"
0,2026-01-29 21:06:44,"{""cell"": [1046, 2], ""error_types"": [""A numerical value was found with a value of greater than > 10 stds from the mean""], ""cell_value"": """", ""record_value"": """"}"
0,2026-01-29 21:06:44,"{""cell"": [1065, 2], ""error_types"": [""A numerical value was found with a value of greater than > 10 stds from the mean""], ""cell_value"": """", ""record_value"": """"}"
0,2026-01-29 21:06:44,"{""cell"": [1076, 2], ""error_types"": [""A numerical value was found with a value of greater than > 10 stds from the mean""], ""cell_value"": """", ""record_value"": """"}"
0,2026-01-29 21:06:44,"{""cell"": [1082, 2], ""error_types"": [""A numerical value was found with a value of greater than > 10 stds from the mean""], ""cell_value"": """", ""record_value"": """"}"
0,2026-01-29 21:06:44,"{""cell"": [1086, 2], ""error_types"": [""A numerical value was found with a value of greater than > 10 stds from the mean""], ""cell_value"": """", ""record_value"": """"}"
0,2026-01-29 21:06:44,"{""cell"": [1094, 2], ""error_types"": [""A numerical value was found with a value of greater than > 10 stds from the mean""], ""cell_value"": """", ""record_value"": """"}"
0,2026-01-29 21:06:44,"{""cell"": [1148, 2], ""error_types"": [""A numerical value was found with a value of greater than > 10 stds from the mean""], ""cell_value"": """", ""record_value"": """"}"
0,2026-01-29 21:06:44,"{""cell"": [1157, 2], ""error_types"": [""A numerical value was found with a value of greater than > 10 stds from the mean""], ""cell_value"": """", ""record_value"": """"}"
0,2026-01-29 21:06:44,"{""cell"": [1174, 2], ""error_types"": [""A numerical value was found with a value of greater than > 10 stds from the mean""], ""cell_value"": """", ""record_value"": """"}"
0,2026-01-29 21:06:44,"{""cell"": [1175, 2], ""error_types"": [""A numerical value was found with a value of greater than > 10 stds from the mean""], ""cell_value"": """", ""record_value"": """"}"
0,2026-01-29 21:06:44,"{""cell"": [1179, 2], ""error_types"": [""A numerical value was found with a value of greater than > 10 stds from the mean""], ""cell_value"": """", ""record_value"": """"}"
0,2026-01-29 21:06:44,"{""cell"": [1191, 2], ""error_types"": [""A numerical value was found with a value of greater than > 10 stds from the mean""], ""cell_value"": """", ""record_value"": """"}"
0,2026-01-29 21:06:44,"{""cell"": [1212, 2], ""error_types"": [""A numerical value was found with a value of greater than > 10 stds from the mean""], ""cell_value"": """", ""record_value"": """"}"
0,2026-01-29 21:06:44,"{""cell"": [1214, 2], ""error_types"": [""A numerical value was found with a value of greater than > 10 stds from the mean""], ""cell_value"": """", ""record_value"": """"}"
0,2026-01-29 21:06:44,"{""cell"": [1237, 2], ""error_types"": [""A numerical value was found with a value of greater than > 10 stds from the mean""], ""cell_value"": """", ""record_value"": """"}"
0,2026-01-29 21:06:44,"{""cell"": [1252, 2], ""error_types"": [""A numerical value was found with a value of greater than > 10 stds from the mean""], ""cell_value"": """", ""record_value"": """"}"
0,2026-01-29 21:06:44,"{""cell"": [1284, 2], ""error_types"": [""A numerical value was found with a value of greater than > 10 stds from the mean""], ""cell_value"": """", ""record_value"": """"}"
0,2026-01-29 21:06:44,"{""cell"": [1302, 2], ""error_types"": [""A numerical value was found with a value of greater than > 10 stds from the mean""], ""cell_value"": """", ""record_value"": """"}"
0,2026-01-29 21:06:44,"{""cell"": [1303, 2], ""error_types"": [""A numerical value was found with a value of greater than > 10 stds from the mean""], ""cell_value"": """", ""record_value"": """"}"
0,2026-01-29 21:06:44,"{""cell"": [1323, 2], ""error_types"": [""A numerical value was found with a value of greater than > 10 stds from the mean""], ""cell_value"": """", ""record_value"": """"}"
0,2026-01-29 21:06:44,"{""cell"": [1327, 2], ""error_types"": [""A numerical value was found with a value of greater than > 10 stds from the mean""], ""cell_value"": """", ""record_value"": """"}"
0,2026-01-29 21:06:44,"{""cell"": [1333, 2], ""error_types"": [""A numerical value was found with a value of greater than > 10 stds from the mean""], ""cell_value"": """", ""record_value"": """"}"
0,2026-01-29 21:06:44,"{""cell"": [1337, 2], ""error_types"": [""A numerical value was found with a value of greater than > 10 stds from the mean""], ""cell_value"": """", ""record_value"": """"}"
0,2026-01-29 21:06:44,"{""cell"": [1338, 2], ""error_types"": [""A numerical value was found with a value of greater than > 10 stds from the mean""], ""cell_value"": """", ""record_value"": """"}"
0,2026-01-29 21:06:44,"{""cell"": [1376, 2], ""error_types"": [""A numerical value was found with a value of greater than > 10 stds from the mean""], ""cell_value"": """", ""record_value"": """"}"
0,2026-01-29 21:06:44,"{""cell"": [1377, 2], ""error_types"": [""A numerical value was found with a value of greater than > 10 stds from the mean""], ""cell_value"": """", ""record_value"": """"}"
0,2026-01-29 21:06:44,"{""cell"": [1391, 2], ""error_types"": [""A numerical value was found with a value of greater than > 10 stds from the mean""], ""cell_value"": """", ""record_value"": """"}"
0,2026-01-29 21:06:44,"{""cell"": [1412, 2], ""error_types"": [""A numerical value was found with a value of greater than > 10 stds from the mean""], ""cell_value"": """", ""record_value"": """"}"
0,2026-01-29 21:06:44,"{""cell"": [1438, 2], ""error_types"": [""A numerical value was found with a value of greater than > 10 stds from the mean""], ""cell_value"": """", ""record_value"": """"}"
0,2026-01-29 21:06:44,"{""cell"": [1440, 2], ""error_types"": [""A numerical value was found with a value of greater than > 10 stds from the mean""], ""cell_value"": """", ""record_value"": """"}"
0,2026-01-29 21:06:44,"{""cell"": [1442, 2], ""error_types"": [""A numerical value was found with a value of greater than > 10 stds from the mean""], ""cell_value"": """", ""record_value"": """"}"
0,2026-01-29 21:06:44,"{""cell"": [1452, 2], ""error_types"": [""A numerical value was found with a value of greater than > 10 stds from the mean""], ""cell_value"": """", ""record_value"": """"}"
0,2026-01-29 21:06:44,"{""cell"": [1483, 2], ""error_types"": [""A numerical value was found with a value of greater than > 10 stds from the mean""], ""cell_value"": """", ""record_value"": """"}"
0,2026-01-29 21:06:44,"{""cell"": [5, 3], ""error_types"": [""A numerical value was found with a value of greater than > 10 stds from the mean""], ""cell_value"": """", ""record_value"": """"}"
0,2026-01-29 21:06:44,"{""cell"": [40, 3], ""error_types"": [""A numerical value was found with a value of greater than > 10 stds from the mean""], ""cell_value"": """", ""record_value"": """"}"
0,2026-01-29 21:06:44,"{""cell"": [44, 3], ""error_types"": [""A numerical value was found with a value of greater than > 10 stds from the mean""], ""cell_value"": """", ""record_value"": """"}"
0,2026-01-29 21:06:44,"{""cell"": [54, 3], ""error_types"": [""A numerical value was found with a value of greater than > 10 stds from the mean""], ""cell_value"": """", ""record_value"": """"}"
0,2026-01-29 21:06:44,"{""cell"": [62, 3], ""error_types"": [""A numerical value was found with a value of greater than > 10 stds from the mean""], ""cell_value"": """", ""record_value"": """"}"
0,2026-01-29 21:06:44,"{""cell"": [76, 3], ""error_types"": [""A numerical value was found with a value of greater than > 10 stds from the mean""], ""cell_value"": """", ""record_value"": """"}"
0,2026-01-29 21:06:44,"{""cell"": [100, 3], ""error_types"": [""A numerical value was found with a value of greater than > 10 stds from the mean""], ""cell_value"": """", ""record_value"": """"}"
0,2026-01-29 21:06:44,"{""cell"": [112, 3], ""error_types"": [""A numerical value was found with a value of greater than > 10 stds from the mean""], ""cell_value"": """", ""record_value"": """"}"
0,2026-01-29 21:06:44,"{""cell"": [162, 3], ""error_types"": [""A numerical value was found with a value of greater than > 10 stds from the mean""], ""cell_value"": """", ""record_value"": """"}"
0,2026-01-29 21:06:44,"{""cell"": [169, 3], ""error_types"": [""A numerical value was found with a value of greater than > 10 stds from the mean""], ""cell_value"": """", ""record_value"": """"}"
0,2026-01-29 21:06:44,"{""cell"": [184, 3], ""error_types"": [""A numerical value was found with a value of greater than > 10 stds from the mean""], ""cell_value"": """", ""record_value"": """"}"
0,2026-01-29 21:06:44,"{""cell"": [217, 3], ""error_types"": [""A numerical value was found with a value of greater than > 10 stds from the mean""], ""cell_value"": """", ""record_value"": """"}"
0,2026-01-29 21:06:44,"{""cell"": [219, 3], ""error_types"": [""A numerical value was found with a value of greater than > 10 stds from the mean""], ""cell_value"": """", ""record_value"": """"}"
0,2026-01-29 21:06:44,"{""cell"": [223, 3], ""error_types"": [""A numerical value was found with a value of greater than > 10 stds from the mean""], ""cell_value"": """", ""record_value"": """"}"
0,2026-01-29 21:06:44,"{""cell"": [250, 3], ""error_types"": [""A numerical value was found with a value of greater than > 10 stds from the mean""], ""cell_value"": """", ""record_value"": """"}"
0,2026-01-29 21:06:44,"{""cell"": [257, 3], ""error_types"": [""A numerical value was found with a value of greater than > 10 stds from the mean""], ""cell_value"": """", ""record_value"": """"}"
0,2026-01-29 21:06:44,"{""cell"": [280, 3], ""error_types"": [""A numerical value was found with a value of greater than > 10 stds from the mean""], ""cell_value"": """", ""record_value"": """"}"
0,2026-01-29 21:06:44,"{""cell"": [306, 3], ""error_types"": [""A numerical value was found with a value of greater than > 10 stds from the mean""], ""cell_value"": """", ""record_value"": """"}"
0,2026-01-29 21:06:44,"{""cell"": [313, 3], ""error_types"": [""A numerical value was found with a value of greater than > 10 stds from the mean""], ""cell_value"": """", ""record_value"": """"}"
0,2026-01-29 21:06:44,"{""cell"": [328, 3], ""error_types"": [""A numerical value was found with a value of greater than > 10 stds from the mean""], ""cell_value"": """", ""record_value"": """"}"
0,2026-01-29 21:06:44,"{""cell"": [334, 3], ""error_types"": [""A numerical value was found with a value of greater than > 10 stds from the mean""], ""cell_value"": """", ""record_value"": """"}"
0,2026-01-29 21:06:44,"{""cell"": [436, 3], ""error_types"": [""A numerical value was found with a value of greater than > 10 stds from the mean""], ""cell_value"": """", ""record_value"": """"}"
0,2026-01-29 21:06:44,"{""cell"": [447, 3], ""error_types"": [""A numerical value was found with a value of greater than > 10 stds from the mean""], ""cell_value"": """", ""record_value"": """"}"
0,2026-01-29 21:06:44,"{""cell"": [457, 3], ""error_types"": [""A numerical value was found with a value of greater than > 10 stds from the mean""], ""cell_value"": """", ""record_value"": """"}"
0,2026-01-29 21:06:44,"{""cell"": [470, 3], ""error_types"": [""A numerical value was found with a value of greater than > 10 stds from the mean""], ""cell_value"": """", ""record_value"": """"}"
0,2026-01-29 21:06:44,"{""cell"": [487, 3], ""error_types"": [""A numerical value was found with a value of greater than > 10 stds from the mean""], ""cell_value"": """", ""record_value"": """"}"
0,2026-01-29 21:06:44,"{""cell"": [503, 3], ""error_types"": [""A numerical value was found with a value of greater than > 10 stds from the mean""], ""cell_value"": """", ""record_value"": """"}"
0,2026-01-29 21:06:44,"{""cell"": [512, 3], ""error_types"": [""A numerical value was found with a value of greater than > 10 stds from the mean""], ""cell_value"": """", ""record_value"": """"}"
0,2026-01-29 21:06:44,"{""cell"": [520, 3], ""error_types"": [""A numerical value was found with a value of greater than > 10 stds from the mean""], ""cell_value"": """", ""record_value"": """"}"
0,2026-01-29 21:06:44,"{""cell"": [565, 3], ""error_types"": [""A numerical value was found with a value of greater than > 10 stds from the mean""], ""cell_value"": """", ""record_value"": """"}"
0,2026-01-29 21:06:44,"{""cell"": [577, 3], ""error_types"": [""A numerical value was found with a value of greater than > 10 stds from the mean""], ""cell_value"": """", ""record_value"": """"}"
0,2026-01-29 21:06:44,"{""cell"": [588, 3], ""error_types"": [""A numerical value was found with a value of greater than > 10 stds from the mean""], ""cell_value"": """", ""record_value"": """"}"
0,2026-01-29 21:06:44,"{""cell"": [629, 3], ""error_types"": [""A numerical value was found with a value of greater than > 10 stds from the mean""], ""cell_value"": """", ""record_value"": """"}"
0,2026-01-29 21:06:44,"{""cell"": [631, 3], ""error_types"": [""A numerical value was found with a value of greater than > 10 stds from the mean""], ""cell_value"": """", ""record_value"": """"}"
0,2026-01-29 21:06:44,"{""cell"": [634, 3], ""error_types"": [""A numerical value was found with a value of greater than > 10 stds from the mean""], ""cell_value"": """", ""record_value"": """"}"
0,2026-01-29 21:06:44,"{""cell"": [651, 3], ""error_types"": [""A numerical value was found with a value of greater than > 10 stds from the mean""], ""cell_value"": """", ""record_value"": """"}"
0,2026-01-29 21:06:44,"{""cell"": [671, 3], ""error_types"": [""A numerical value was found with a value of greater than > 10 stds from the mean""], ""cell_value"": """", ""record_value"": """"}"
0,2026-01-29 21:06:44,"{""cell"": [687, 3], ""error_types"": [""A numerical value was found with a value of greater than > 10 stds from the mean""], ""cell_value"": """", ""record_value"": """"}"
0,2026-01-29 21:06:44,"{""cell"": [718, 3], ""error_types"": [""A numerical value was found with a value of greater than > 10 stds from the mean""], ""cell_value"": """", ""record_value"": """"}"
0,2026-01-29 21:06:44,"{""cell"": [784, 3], ""error_types"": [""A numerical value was found with a value of greater than > 10 stds from the mean""], ""cell_value"": """", ""record_value"": """"}"
0,2026-01-29 21:06:44,"{""cell"": [785, 3], ""error_types"": [""A numerical value was found with a value of greater than > 10 stds from the mean""], ""cell_value"": """", ""record_value"": """"}"
0,2026-01-29 21:06:44,"{""cell"": [814, 3], ""error_types"": [""A numerical value was found with a value of greater than > 10 stds from the mean""], ""cell_value"": """", ""record_value"": """"}"
0,2026-01-29 21:06:44,"{""cell"": [832, 3], ""error_types"": [""A numerical value was found with a value of greater than > 10 stds from the mean""], ""cell_value"": """", ""record_value"": """"}"
0,2026-01-29 21:06:44,"{""cell"": [849, 3], ""error_types"": [""A numerical value was found with a value of greater than > 10 stds from the mean""], ""cell_value"": """", ""record_value"": """"}"
0,2026-01-29 21:06:44,"{""cell"": [904, 3], ""error_types"": [""A numerical value was found with a value of greater than > 10 stds from the mean""], ""cell_value"": """", ""record_value"": """"}"
0,2026-01-29 21:06:44,"{""cell"": [917, 3], ""error_types"": [""A numerical value was found with a value of greater than > 10 stds from the mean""], ""cell_value"": """", ""record_value"": """"}"
0,2026-01-29 21:06:44,"{""cell"": [926, 3], ""error_types"": [""A numerical value was found with a value of greater than > 10 stds from the mean""], ""cell_value"": """", ""record_value"": """"}"
0,2026-01-29 21:06:44,"{""cell"": [941, 3], ""error_types"": [""A numerical value was found with a value of greater than > 10 stds from the mean""], ""cell_value"": """", ""record_value"": """"}"
0,2026-01-29 21:06:44,"{""cell"": [958, 3], ""error_types"": [""A numerical value was found with a value of greater than > 10 stds from the mean""], ""cell_value"": """", ""record_value"": """"}"
0,2026-01-29 21:06:44,"{""cell"": [1002, 3], ""error_types"": [""A numerical value was found with a value of greater than > 10 stds from the mean""], ""cell_value"": """", ""record_value"": """"}"
0,2026-01-29 21:06:44,"{""cell"": [1009, 3], ""error_types"": [""A numerical value was found with a value of greater than > 10 stds from the mean""], ""cell_value"": """", ""record_value"": """"}"
0,2026-01-29 21:06:44,"{""cell"": [1030, 3], ""error_types"": [""A numerical value was found with a value of greater than > 10 stds from the mean""], ""cell_value"": """", ""record_value"": """"}"
0,2026-01-29 21:06:44,"{""cell"": [1122, 3], ""error_types"": [""A numerical value was found with a value of greater than > 10 stds from the mean""], ""cell_value"": """", ""record_value"": """"}"
0,2026-01-29 21:06:44,"{""cell"": [1125, 3], ""error_types"": [""A numerical value was found with a value of greater than > 10 stds from the mean""], ""cell_value"": """", ""record_value"": """"}"
0,2026-01-29 21:06:44,"{""cell"": [1132, 3], ""error_types"": [""A numerical value was found with a value of greater than > 10 stds from the mean""], ""cell_value"": """", ""record_value"": """"}"
0,2026-01-29 21:06:44,"{""cell"": [1133, 3], ""error_types"": [""A numerical value was found with a value of greater than > 10 stds from the mean""], ""cell_value"": """", ""record_value"": """"}"
0,2026-01-29 21:06:44,"{""cell"": [1138, 3], ""error_types"": [""A numerical value was found with a value of greater than > 10 stds from the mean""], ""cell_value"": """", ""record_value"": """"}"
0,2026-01-29 21:06:44,"{""cell"": [1142, 3], ""error_types"": [""A numerical value was found with a value of greater than > 10 stds from the mean""], ""cell_value"": """", ""record_value"": """"}"
0,2026-01-29 21:06:44,"{""cell"": [1163, 3], ""error_types"": [""A numerical value was found with a value of greater than > 10 stds from the mean""], ""cell_value"": """", ""record_value"": """"}"
0,2026-01-29 21:06:44,"{""cell"": [1204, 3], ""error_types"": [""A numerical value was found with a value of greater than > 10 stds from the mean""], ""cell_value"": """", ""record_value"": """"}"
0,2026-01-29 21:06:44,"{""cell"": [1210, 3], ""error_types"": [""A numerical value was found with a value of greater than > 10 stds from the mean""], ""cell_value"": """", ""record_value"": """"}"
0,2026-01-29 21:06:44,"{""cell"": [1228, 3], ""error_types"": [""A numerical value was found with a value of greater than > 10 stds from the mean""], ""cell_value"": """", ""record_value"": """"}"
0,2026-01-29 21:06:44,"{""cell"": [1232, 3], ""error_types"": [""A numerical value was found with a value of greater than > 10 stds from the mean""], ""cell_value"": """", ""record_value"": """"}"
0,2026-01-29 21:06:44,"{""cell"": [1268, 3], ""error_types"": [""A numerical value was found with a value of greater than > 10 stds from the mean""], ""cell_value"": """", ""record_value"": """"}"
0,2026-01-29 21:06:44,"{""cell"": [1270, 3], ""error_types"": [""A numerical value was found with a value of greater than > 10 stds from the mean""], ""cell_value"": """", ""record_value"": """"}"
0,2026-01-29 21:06:44,"{""cell"": [1294, 3], ""error_types"": [""A numerical value was found with a value of greater than > 10 stds from the mean""], ""cell_value"": """", ""record_value"": """"}"
0,2026-01-29 21:06:44,"{""cell"": [1316, 3], ""error_types"": [""A numerical value was found with a value of greater than > 10 stds from the mean""], ""cell_value"": """", ""record_value"": """"}"
0,2026-01-29 21:06:44,"{""cell"": [1332, 3], ""error_types"": [""A numerical value was found with a value of greater than > 10 stds from the mean""], ""cell_value"": """", ""record_value"": """"}"
0,2026-01-29 21:06:44,"{""cell"": [1347, 3], ""error_types"": [""A numerical value was found with a value of greater than > 10 stds from the mean""], ""cell_value"": """", ""record_value"": """"}"
0,2026-01-29 21:06:44,"{""cell"": [1361, 3], ""error_types"": [""A numerical value was found with a value of greater than > 10 stds from the mean""], ""cell_value"": """", ""record_value"": """"}"
0,2026-01-29 21:06:44,"{""cell"": [1388, 3], ""error_types"": [""A numerical value was found with a value of greater than > 10 stds from the mean""], ""cell_value"": """", ""record_value"": """"}"
0,2026-01-29 21:06:44,"{""cell"": [1401, 3], ""error_types"": [""A numerical value was found with a value of greater than > 10 stds from the mean""], ""cell_value"": """", ""record_value"": """"}"
0,2026-01-29 21:06:44,"{""cell"": [1425, 3], ""error_types"": [""A numerical value was found with a value of greater than > 10 stds from the mean""], ""cell_value"": """", ""record_value"": """"}"
0,2026-01-29 21:06:44,"{""cell"": [1426, 3], ""error_types"": [""A numerical value was found with a value of greater than > 10 stds from the mean""], ""cell_value"": """", ""record_value"": """"}"
0,2026-01-29 21:06:44,"{""cell"": [1445, 3], ""error_types"": [""A numerical value was found with a value of greater than > 10 stds from the mean""], ""cell_value"": """", ""record_value"": """"}"
0,2026-01-29 21:06:44,"{""cell"": [1461, 3], ""error_types"": [""A numerical value was found with a value of greater than > 10 stds from the mean""], ""cell_value"": """", ""record_value"": """"}"
0,2026-01-29 21:06:44,"{""cell"": [1472, 3], ""error_types"": [""A numerical value was found with a value of greater than > 10 stds from the mean""], ""cell_value"": """", ""record_value"": """"}"
0,2026-01-29 21:06:44,"{""cell"": [1484, 3], ""error_types"": [""A numerical value was found with a value of greater than > 10 stds from the mean""], ""cell_value"": """", ""record_value"": """"}"
0,2026-01-29 21:06:44,"{""cell"": [25, 4], ""error_types"": [""A numerical value was found with a value of greater than > 10 stds from the mean""], ""cell_value"": """", ""record_value"": """"}"
0,2026-01-29 21:06:44,"{""cell"": [53, 4], ""error_types"": [""A numerical value was found with a value of greater than > 10 stds from the mean""], ""cell_value"": """", ""record_value"": """"}"
0,2026-01-29 21:06:44,"{""cell"": [60, 4], ""error_types"": [""A numerical value was found with a value of greater than > 10 stds from the mean""], ""cell_value"": """", ""record_value"": """"}"
0,2026-01-29 21:06:44,"{""cell"": [68, 4], ""error_types"": [""A numerical value was found with a value of greater than > 10 stds from the mean""], ""cell_value"": """", ""record_value"": """"}"
0,2026-01-29 21:06:44,"{""cell"": [150, 4], ""error_types"": [""A numerical value was found with a value of greater than > 10 stds from the mean""], ""cell_value"": """", ""record_value"": """"}"
0,2026-01-29 21:06:44,"{""cell"": [176, 4], ""error_types"": [""A numerical value was found with a value of greater than > 10 stds from the mean""], ""cell_value"": """", ""record_value"": """"}"
0,2026-01-29 21:06:44,"{""cell"": [200, 4], ""error_types"": [""A numerical value was found with a value of greater than > 10 stds from the mean""], ""cell_value"": """", ""record_value"": """"}"
0,2026-01-29 21:06:44,"{""cell"": [212, 4], ""error_types"": [""A numerical value was found with a value of greater than > 10 stds from the mean""], ""cell_value"": """", ""record_value"": """"}"
0,2026-01-29 21:06:44,"{""cell"": [216, 4], ""error_types"": [""A numerical value was found with a value of greater than > 10 stds from the mean""], ""cell_value"": """", ""record_value"": """"}"
0,2026-01-29 21:06:44,"{""cell"": [230, 4], ""error_types"": [""A numerical value was found with a value of greater than > 10 stds from the mean""], ""cell_value"": """", ""record_value"": """"}"
0,2026-01-29 21:06:44,"{""cell"": [269, 4], ""error_types"": [""A numerical value was found with a value of greater than > 10 stds from the mean""], ""cell_value"": """", ""record_value"": """"}"
0,2026-01-29 21:06:44,"{""cell"": [274, 4], ""error_types"": [""A numerical value was found with a value of greater than > 10 stds from the mean""], ""cell_value"": """", ""record_value"": """"}"
0,2026-01-29 21:06:44,"{""cell"": [279, 4], ""error_types"": [""A numerical value was found with a value of greater than > 10 stds from the mean""], ""cell_value"": """", ""record_value"": """"}"
0,2026-01-29 21:06:44,"{""cell"": [299, 4], ""error_types"": [""A numerical value was found with a value of greater than > 10 stds from the mean""], ""cell_value"": """", ""record_value"": """"}"
0,2026-01-29 21:06:44,"{""cell"": [335, 4], ""error_types"": [""A numerical value was found with a value of greater than > 10 stds from the mean""], ""cell_value"": """", ""record_value"": """"}"
0,2026-01-29 21:06:44,"{""cell"": [344, 4], ""error_types"": [""A numerical value was found with a value of greater than > 10 stds from the mean""], ""cell_value"": """", ""record_value"": """"}"
0,2026-01-29 21:06:44,"{""cell"": [345, 4], ""error_types"": [""A numerical value was found with a value of greater than > 10 stds from the mean""], ""cell_value"": """", ""record_value"": """"}"
0,2026-01-29 21:06:44,"{""cell"": [355, 4], ""error_types"": [""A numerical value was found with a value of greater than > 10 stds from the mean""], ""cell_value"": """", ""record_value"": """"}"
0,2026-01-29 21:06:44,"{""cell"": [359, 4], ""error_types"": [""A numerical value was found with a value of greater than > 10 stds from the mean""], ""cell_value"": """", ""record_value"": """"}"
0,2026-01-29 21:06:44,"{""cell"": [378, 4], ""error_types"": [""A numerical value was found with a value of greater than > 10 stds from the mean""], ""cell_value"": """", ""record_value"": """"}"
0,2026-01-29 21:06:44,"{""cell"": [379, 4], ""error_types"": [""A numerical value was found with a value of greater than > 10 stds from the mean""], ""cell_value"": """", ""record_value"": """"}"
0,2026-01-29 21:06:44,"{""cell"": [381, 4], ""error_types"": [""A numerical value was found with a value of greater than > 10 stds from the mean""], ""cell_value"": """", ""record_value"": """"}"
0,2026-01-29 21:06:44,"{""cell"": [385, 4], ""error_types"": [""A numerical value was found with a value of greater than > 10 stds from the mean""], ""cell_value"": """", ""record_value"": """"}"
0,2026-01-29 21:06:44,"{""cell"": [465, 4], ""error_types"": [""A numerical value was found with a value of greater than > 10 stds from the mean""], ""cell_value"": """", ""record_value"": """"}"
0,2026-01-29 21:06:44,"{""cell"": [466, 4], ""error_types"": [""A numerical value was found with a value of greater than > 10 stds from the mean""], ""cell_value"": """", ""record_value"": """"}"
0,2026-01-29 21:06:44,"{""cell"": [508, 4], ""error_types"": [""A numerical value was found with a value of greater than > 10 stds from the mean""], ""cell_value"": """", ""record_value"": """"}"
0,2026-01-29 21:06:44,"{""cell"": [533, 4], ""error_types"": [""A numerical value was found with a value of greater than > 10 stds from the mean""], ""cell_value"": """", ""record_value"": """"}"
0,2026-01-29 21:06:44,"{""cell"": [542, 4], ""error_types"": [""A numerical value was found with a value of greater than > 10 stds from the mean""], ""cell_value"": """", ""record_value"": """"}"
0,2026-01-29 21:06:44,"{""cell"": [550, 4], ""error_types"": [""A numerical value was found with a value of greater than > 10 stds from the mean""], ""cell_value"": """", ""record_value"": """"}"
0,2026-01-29 21:06:44,"{""cell"": [571, 4], ""error_types"": [""A numerical value was found with a value of greater than > 10 stds from the mean""], ""cell_value"": """", ""record_value"": """"}"
0,2026-01-29 21:06:44,"{""cell"": [581, 4], ""error_types"": [""A numerical value was found with a value of greater than > 10 stds from the mean""], ""cell_value"": """", ""record_value"": """"}"
0,2026-01-29 21:06:44,"{""cell"": [597, 4], ""error_types"": [""A numerical value was found with a value of greater than > 10 stds from the mean""], ""cell_value"": """", ""record_value"": """"}"
0,2026-01-29 21:06:44,"{""cell"": [621, 4], ""error_types"": [""A numerical value was found with a value of greater than > 10 stds from the mean""], ""cell_value"": """", ""record_value"": """"}"
0,2026-01-29 21:06:44,"{""cell"": [638, 4], ""error_types"": [""A numerical value was found with a value of greater than > 10 stds from the mean""], ""cell_value"": """", ""record_value"": """"}"
0,2026-01-29 21:06:44,"{""cell"": [660, 4], ""error_types"": [""A numerical value was found with a value of greater than > 10 stds from the mean""], ""cell_value"": """", ""record_value"": """"}"
0,2026-01-29 21:06:44,"{""cell"": [665, 4], ""error_types"": [""A numerical value was found with a value of greater than > 10 stds from the mean""], ""cell_value"": """", ""record_value"": """"}"
0,2026-01-29 21:06:44,"{""cell"": [711, 4], ""error_types"": [""A numerical value was found with a value of greater than > 10 stds from the mean""], ""cell_value"": """", ""record_value"": """"}"
0,2026-01-29 21:06:44,"{""cell"": [731, 4], ""error_types"": [""A numerical value was found with a value of greater than > 10 stds from the mean""], ""cell_value"": """", ""record_value"": """"}"
0,2026-01-29 21:06:44,"{""cell"": [754, 4], ""error_types"": [""A numerical value was found with a value of greater than > 10 stds from the mean""], ""cell_value"": """", ""record_value"": """"}"
0,2026-01-29 21:06:44,"{""cell"": [773, 4], ""error_types"": [""A numerical value was found with a value of greater than > 10 stds from the mean""], ""cell_value"": """", ""record_value"": """"}"
0,2026-01-29 21:06:44,"{""cell"": [789, 4], ""error_types"": [""A numerical value was found with a value of greater than > 10 stds from the mean""], ""cell_value"": """", ""record_value"": """"}"
0,2026-01-29 21:06:44,"{""cell"": [798, 4], ""error_types"": [""A numerical value was found with a value of greater than > 10 stds from the mean""], ""cell_value"": """", ""record_value"": """"}"
0,2026-01-29 21:06:44,"{""cell"": [800, 4], ""error_types"": [""A numerical value was found with a value of greater than > 10 stds from the mean""], ""cell_value"": """", ""record_value"": """"}"
0,2026-01-29 21:06:44,"{""cell"": [813, 4], ""error_types"": [""A numerical value was found with a value of greater than > 10 stds from the mean""], ""cell_value"": """", ""record_value"": """"}"
0,2026-01-29 21:06:44,"{""cell"": [841, 4], ""error_types"": [""A numerical value was found with a value of greater than > 10 stds from the mean""], ""cell_value"": """", ""record_value"": """"}"
0,2026-01-29 21:06:44,"{""cell"": [842, 4], ""error_types"": [""A numerical value was found with a value of greater than > 10 stds from the mean""], ""cell_value"": """", ""record_value"": """"}"
0,2026-01-29 21:06:44,"{""cell"": [847, 4], ""error_types"": [""A numerical value was found with a value of greater than > 10 stds from the mean""], ""cell_value"": """", ""record_value"": """"}"
0,2026-01-29 21:06:44,"{""cell"": [850, 4], ""error_types"": [""A numerical value was found with a value of greater than > 10 stds from the mean""], ""cell_value"": """", ""record_value"": """"}"
0,2026-01-29 21:06:44,"{""cell"": [854, 4], ""error_types"": [""A numerical value was found with a value of greater than > 10 stds from the mean""], ""cell_value"": """", ""record_value"": """"}"
0,2026-01-29 21:06:44,"{""cell"": [856, 4], ""error_types"": [""A numerical value was found with a value of greater than > 10 stds from the mean""], ""cell_value"": """", ""record_value"": """"}"
0,2026-01-29 21:06:44,"{""cell"": [867, 4], ""error_types"": [""A numerical value was found with a value of greater than > 10 stds from the mean""], ""cell_value"": """", ""record_value"": """"}"
0,2026-01-29 21:06:44,"{""cell"": [888, 4], ""error_types"": [""A numerical value was found with a value of greater than > 10 stds from the mean""], ""cell_value"": """", ""record_value"": """"}"
0,2026-01-29 21:06:44,"{""cell"": [902, 4], ""error_types"": [""A numerical value was found with a value of greater than > 10 stds from the mean""], ""cell_value"": """", ""record_value"": """"}"
0,2026-01-29 21:06:44,"{""cell"": [905, 4], ""error_types"": [""A numerical value was found with a value of greater than > 10 stds from the mean""], ""cell_value"": """", ""record_value"": """"}"
0,2026-01-29 21:06:44,"{""cell"": [906, 4], ""error_types"": [""A numerical value was found with a value of greater than > 10 stds from the mean""], ""cell_value"": """", ""record_value"": """"}"
0,2026-01-29 21:06:44,"{""cell"": [913, 4], ""error_types"": [""A numerical value was found with a value of greater than > 10 stds from the mean""], ""cell_value"": """", ""record_value"": """"}"
0,2026-01-29 21:06:44,"{""cell"": [952, 4], ""error_types"": [""A numerical value was found with a value of greater than > 10 stds from the mean""], ""cell_value"": """", ""record_value"": """"}"
0,2026-01-29 21:06:44,"{""cell"": [984, 4], ""error_types"": [""A numerical value was found with a value of greater than > 10 stds from the mean""], ""cell_value"": """", ""record_value"": """"}"
0,2026-01-29 21:06:44,"{""cell"": [1019, 4], ""error_types"": [""A numerical value was found with a value of greater than > 10 stds from the mean""], ""cell_value"": """", ""record_value"": """"}"
0,2026-01-29 21:06:44,"{""cell"": [1047, 4], ""error_types"": [""A numerical value was found with a value of greater than > 10 stds from the mean""], ""cell_value"": """", ""record_value"": """"}"
0,2026-01-29 21:06:44,"{""cell"": [1066, 4], ""error_types"": [""A numerical value was found with a value of greater than > 10 stds from the mean""], ""cell_value"": """", ""record_value"": """"}"
0,2026-01-29 21:06:44,"{""cell"": [1073, 4], ""error_types"": [""A numerical value was found with a value of greater than > 10 stds from the mean""], ""cell_value"": """", ""record_value"": """"}"
0,2026-01-29 21:06:44,"{""cell"": [1078, 4], ""error_types"": [""A numerical value was found with a value of greater than > 10 stds from the mean""], ""cell_value"": """", ""record_value"": """"}"
0,2026-01-29 21:06:44,"{""cell"": [1079, 4], ""error_types"": [""A numerical value was found with a value of greater than > 10 stds from the mean""], ""cell_value"": """", ""record_value"": """"}"
0,2026-01-29 21:06:44,"{""cell"": [1104, 4], ""error_types"": [""A numerical value was found with a value of greater than > 10 stds from the mean""], ""cell_value"": """", ""record_value"": """"}"
0,2026-01-29 21:06:44,"{""cell"": [1124, 4], ""error_types"": [""A numerical value was found with a value of greater than > 10 stds from the mean""], ""cell_value"": """", ""record_value"": """"}"
0,2026-01-29 21:06:44,"{""cell"": [1177, 4], ""error_types"": [""A numerical value was found with a value of greater than > 10 stds from the mean""], ""cell_value"": """", ""record_value"": """"}"
0,2026-01-29 21:06:44,"{""cell"": [1186, 4], ""error_types"": [""A numerical value was found with a value of greater than > 10 stds from the mean""], ""cell_value"": """", ""record_value"": """"}"
0,2026-01-29 21:06:44,"{""cell"": [1264, 4], ""error_types"": [""A numerical value was found with a value of greater than > 10 stds from the mean""], ""cell_value"": """", ""record_value"": """"}"
0,2026-01-29 21:06:44,"{""cell"": [1297, 4], ""error_types"": [""A numerical value was found with a value of greater than > 10 stds from the mean""], ""cell_value"": """", ""record_value"": """"}"
0,2026-01-29 21:06:44,"{""cell"": [1304, 4], ""error_types"": [""A numerical value was found with a value of greater than > 10 stds from the mean""], ""cell_value"": """", ""record_value"": """"}"
0,2026-01-29 21:06:44,"{""cell"": [1310, 4], ""error_types"": [""A numerical value was found with a value of greater than > 10 stds from the mean""], ""cell_value"": """", ""record_value"": """"}"
0,2026-01-29 21:06:44,"{""cell"": [1320, 4], ""error_types"": [""A numerical value was found with a value of greater than > 10 stds from the mean""], ""cell_value"": """", ""record_value"": """"}"
0,2026-01-29 21:06:44,"{""cell"": [1322, 4], ""error_types"": [""A numerical value was found with a value of greater than > 10 stds from the mean""], ""cell_value"": """", ""record_value"": """"}"
0,2026-01-29 21:06:44,"{""cell"": [1324, 4], ""error_types"": [""A numerical value was found with a value of greater than > 10 stds from the mean""], ""cell_value"": """", ""record_value"": """"}"
0,2026-01-29 21:06:44,"{""cell"": [1381, 4], ""error_types"": [""A numerical value was found with a value of greater than > 10 stds from the mean""], ""cell_value"": """", ""record_value"": """"}"
0,2026-01-29 21:06:44,"{""cell"": [1384, 4], ""error_types"": [""A numerical value was found with a value of greater than > 10 stds from the mean""], ""cell_value"": """", ""record_value"": """"}"
0,2026-01-29 21:06:44,"{""cell"": [1397, 4], ""error_types"": [""A numerical value was found with a value of greater than > 10 stds from the mean""], ""cell_value"": """", ""record_value"": """"}"
0,2026-01-29 21:06:44,"{""cell"": [1404, 4], ""error_types"": [""A numerical value was found with a value of greater than > 10 stds from the mean""], ""cell_value"": """", ""record_value"": """"}"
0,2026-01-29 21:06:44,"{""cell"": [1407, 4], ""error_types"": [""A numerical value was found with a value of greater than > 10 stds from the mean""], ""cell_value"": """", ""record_value"": """"}"
0,2026-01-29 21:06:44,"{""cell"": [1411, 4], ""error_types"": [""A numerical value was found with a value of greater than > 10 stds from the mean""], ""cell_value"": """", ""record_value"": """"}"
0,2026-01-29 21:06:44,"{""cell"": [1421, 4], ""error_types"": [""A numerical value was found with a value of greater than > 10 stds from the mean""], ""cell_value"": """", ""record_value"": """"}"
0,2026-01-29 21:06:44,"{""cell"": [1468, 4], ""error_types"": [""A numerical value was found with a value of greater than > 10 stds from the mean""], ""cell_value"": """", ""record_value"": """"}"
0,2026-01-29 21:06:44,"{""cell"": [1474, 4], ""error_types"": [""A numerical value was found with a value of greater than > 10 stds from the mean""], ""cell_value"": """", ""record_value"": """"}"
0,2026-01-29 21:06:44,"{""cell"": [1492, 4], ""error_types"": [""A numerical value was found with a value of greater than > 10 stds from the mean""], ""cell_value"": """", ""record_value"": """"}"
0,2026-01-29 21:06:44,"{""cell"": [50, 5], ""error_types"": [""A numerical value was found with a value of greater than > 10 stds from the mean""], ""cell_value"": """", ""record_value"": """"}"
0,2026-01-29 21:06:44,"{""cell"": [93, 5], ""error_types"": [""A numerical value was found with a value of greater than > 10 stds from the mean""], ""cell_value"": """", ""record_value"": """"}"
0,2026-01-29 21:06:44,"{""cell"": [156, 5], ""error_types"": [""A numerical value was found with a value of greater than > 10 stds from the mean""], ""cell_value"": """", ""record_value"": """"}"
0,2026-01-29 21:06:44,"{""cell"": [214, 5], ""error_types"": [""A numerical value was found with a value of greater than > 10 stds from the mean""], ""cell_value"": """", ""record_value"": """"}"
0,2026-01-29 21:06:44,"{""cell"": [256, 5], ""error_types"": [""A numerical value was found with a value of greater than > 10 stds from the mean""], ""cell_value"": """", ""record_value"": """"}"
0,2026-01-29 21:06:44,"{""cell"": [258, 5], ""error_types"": [""A numerical value was found with a value of greater than > 10 stds from the mean""], ""cell_value"": """", ""record_value"": """"}"
0,2026-01-29 21:06:44,"{""cell"": [273, 5], ""error_types"": [""A numerical value was found with a value of greater than > 10 stds from the mean""], ""cell_value"": """", ""record_value"": """"}"
0,2026-01-29 21:06:44,"{""cell"": [287, 5], ""error_types"": [""A numerical value was found with a value of greater than > 10 stds from the mean""], ""cell_value"": """", ""record_value"": """"}"
0,2026-01-29 21:06:44,"{""cell"": [305, 5], ""error_types"": [""A numerical value was found with a value of greater than > 10 stds from the mean""], ""cell_value"": """", ""record_value"": """"}"
0,2026-01-29 21:06:44,"{""cell"": [333, 5], ""error_types"": [""A numerical value was found with a value of greater than > 10 stds from the mean""], ""cell_value"": """", ""record_value"": """"}"
0,2026-01-29 21:06:44,"{""cell"": [337, 5], ""error_types"": [""A numerical value was found with a value of greater than > 10 stds from the mean""], ""cell_value"": """", ""record_value"": """"}"
0,2026-01-29 21:06:44,"{""cell"": [341, 5], ""error_types"": [""A numerical value was found with a value of greater than > 10 stds from the mean""], ""cell_value"": """", ""record_value"": """"}"
0,2026-01-29 21:06:44,"{""cell"": [384, 5], ""error_types"": [""A numerical value was found with a value of greater than > 10 stds from the mean""], ""cell_value"": """", ""record_value"": """"}"
0,2026-01-29 21:06:44,"{""cell"": [394, 5], ""error_types"": [""A numerical value was found with a value of greater than > 10 stds from the mean""], ""cell_value"": """", ""record_value"": """"}"
0,2026-01-29 21:06:44,"{""cell"": [460, 5], ""error_types"": [""A numerical value was found with a value of greater than > 10 stds from the mean""], ""cell_value"": """", ""record_value"": """"}"
0,2026-01-29 21:06:44,"{""cell"": [467, 5], ""error_types"": [""A numerical value was found with a value of greater than > 10 stds from the mean""], ""cell_value"": """", ""record_value"": """"}"
0,2026-01-29 21:06:44,"{""cell"": [472, 5], ""error_types"": [""A numerical value was found with a value of greater than > 10 stds from the mean""], ""cell_value"": """", ""record_value"": """"}"
0,2026-01-29 21:06:44,"{""cell"": [495, 5], ""error_types"": [""A numerical value was found with a value of greater than > 10 stds from the mean""], ""cell_value"": """", ""record_value"": """"}"
0,2026-01-29 21:06:44,"{""cell"": [516, 5], ""error_types"": [""A numerical value was found with a value of greater than > 10 stds from the mean""], ""cell_value"": """", ""record_value"": """"}"
0,2026-01-29 21:06:44,"{""cell"": [523, 5], ""error_types"": [""A numerical value was found with a value of greater than > 10 stds from the mean""], ""cell_value"": """", ""record_value"": """"}"
0,2026-01-29 21:06:44,"{""cell"": [579, 5], ""error_types"": [""A numerical value was found with a value of greater than > 10 stds from the mean""], ""cell_value"": """", ""record_value"": """"}"
0,2026-01-29 21:06:44,"{""cell"": [591, 5], ""error_types"": [""A numerical value was found with a value of greater than > 10 stds from the mean""], ""cell_value"": """", ""record_value"": """"}"
0,2026-01-29 21:06:44,"{""cell"": [594, 5], ""error_types"": [""A numerical value was found with a value of greater than > 10 stds from the mean""], ""cell_value"": """", ""record_value"": """"}"
0,2026-01-29 21:06:44,"{""cell"": [604, 5], ""error_types"": [""A numerical value was found with a value of greater than > 10 stds from the mean""], ""cell_value"": """", ""record_value"": """"}"
0,2026-01-29 21:06:44,"{""cell"": [607, 5], ""error_types"": [""A numerical value was found with a value of greater than > 10 stds from the mean""], ""cell_value"": """", ""record_value"": """"}"
0,2026-01-29 21:06:44,"{""cell"": [617, 5], ""error_types"": [""A numerical value was found with a value of greater than > 10 stds from the mean""], ""cell_value"": """", ""record_value"": """"}"
0,2026-01-29 21:06:44,"{""cell"": [635, 5], ""error_types"": [""A numerical value was found with a value of greater than > 10 stds from the mean""], ""cell_value"": """", ""record_value"": """"}"
0,2026-01-29 21:06:44,"{""cell"": [653, 5], ""error_types"": [""A numerical value was found with a value of greater than > 10 stds from the mean""], ""cell_value"": """", ""record_value"": """"}"
0,2026-01-29 21:06:44,"{""cell"": [676, 5], ""error_types"": [""A numerical value was found with a value of greater than > 10 stds from the mean""], ""cell_value"": """", ""record_value"": """"}"
0,2026-01-29 21:06:44,"{""cell"": [679, 5], ""error_types"": [""A numerical value was found with a value of greater than > 10 stds from the mean""], ""cell_value"": """", ""record_value"": """"}"
0,2026-01-29 21:06:44,"{""cell"": [690, 5], ""error_types"": [""A numerical value was found with a value of greater than > 10 stds from the mean""], ""cell_value"": """", ""record_value"": """"}"
0,2026-01-29 21:06:44,"{""cell"": [698, 5], ""error_types"": [""A numerical value was found with a value of greater than > 10 stds from the mean""], ""cell_value"": """", ""record_value"": """"}"
0,2026-01-29 21:06:44,"{""cell"": [781, 5], ""error_types"": [""A numerical value was found with a value of greater than > 10 stds from the mean""], ""cell_value"": """", ""record_value"": """"}"
0,2026-01-29 21:06:44,"{""cell"": [783, 5], ""error_types"": [""A numerical value was found with a value of greater than > 10 stds from the mean""], ""cell_value"": """", ""record_value"": """"}"
0,2026-01-29 21:06:44,"{""cell"": [837, 5], ""error_types"": [""A numerical value was found with a value of greater than > 10 stds from the mean""], ""cell_value"": """", ""record_value"": """"}"
0,2026-01-29 21:06:44,"{""cell"": [852, 5], ""error_types"": [""A numerical value was found with a value of greater than > 10 stds from the mean""], ""cell_value"": """", ""record_value"": """"}"
0,2026-01-29 21:06:44,"{""cell"": [868, 5], ""error_types"": [""A numerical value was found with a value of greater than > 10 stds from the mean""], ""cell_value"": """", ""record_value"": """"}"
0,2026-01-29 21:06:44,"{""cell"": [915, 5], ""error_types"": [""A numerical value was found with a value of greater than > 10 stds from the mean""], ""cell_value"": """", ""record_value"": """"}"
0,2026-01-29 21:06:44,"{""cell"": [935, 5], ""error_types"": [""A numerical value was found with a value of greater than > 10 stds from the mean""], ""cell_value"": """", ""record_value"": """"}"
0,2026-01-29 21:06:44,"{""cell"": [966, 5], ""error_types"": [""A numerical value was found with a value of greater than > 10 stds from the mean""], ""cell_value"": """", ""record_value"": """"}"
0,2026-01-29 21:06:44,"{""cell"": [969, 5], ""error_types"": [""A numerical value was found with a value of greater than > 10 stds from the mean""], ""cell_value"": """", ""record_value"": """"}"
0,2026-01-29 21:06:44,"{""cell"": [970, 5], ""error_types"": [""A numerical value was found with a value of greater than > 10 stds from the mean""], ""cell_value"": """", ""record_value"": """"}"
0,2026-01-29 21:06:44,"{""cell"": [973, 5], ""error_types"": [""A numerical value was found with a value of greater than > 10 stds from the mean""], ""cell_value"": """", ""record_value"": """"}"
0,2026-01-29 21:06:44,"{""cell"": [976, 5], ""error_types"": [""A numerical value was found with a value of greater than > 10 stds from the mean""], ""cell_value"": """", ""record_value"": """"}"
0,2026-01-29 21:06:44,"{""cell"": [1016, 5], ""error_types"": [""A numerical value was found with a value of greater than > 10 stds from the mean""], ""cell_value"": """", ""record_value"": """"}"
0,2026-01-29 21:06:44,"{""cell"": [1021, 5], ""error_types"": [""A numerical value was found with a value of greater than > 10 stds from the mean""], ""cell_value"": """", ""record_value"": """"}"
0,2026-01-29 21:06:44,"{""cell"": [1038, 5], ""error_types"": [""A numerical value was found with a value of greater than > 10 stds from the mean""], ""cell_value"": """", ""record_value"": """"}"
0,2026-01-29 21:06:44,"{""cell"": [1102, 5], ""error_types"": [""A numerical value was found with a value of greater than > 10 stds from the mean""], ""cell_value"": """", ""record_value"": """"}"
0,2026-01-29 21:06:44,"{""cell"": [1141, 5], ""error_types"": [""A numerical value was found with a value of greater than > 10 stds from the mean""], ""cell_value"": """", ""record_value"": """"}"
0,2026-01-29 21:06:44,"{""cell"": [1178, 5], ""error_types"": [""A numerical value was found with a value of greater than > 10 stds from the mean""], ""cell_value"": """", ""record_value"": """"}"
0,2026-01-29 21:06:44,"{""cell"": [1184, 5], ""error_types"": [""A numerical value was found with a value of greater than > 10 stds from the mean""], ""cell_value"": """", ""record_value"": """"}"
0,2026-01-29 21:06:44,"{""cell"": [1215, 5], ""error_types"": [""A numerical value was found with a value of greater than > 10 stds from the mean""], ""cell_value"": """", ""record_value"": """"}"
0,2026-01-29 21:06:44,"{""cell"": [1222, 5], ""error_types"": [""A numerical value was found with a value of greater than > 10 stds from the mean""], ""cell_value"": """", ""record_value"": """"}"
0,2026-01-29 21:06:44,"{""cell"": [1244, 5], ""error_types"": [""A numerical value was found with a value of greater than > 10 stds from the mean""], ""cell_value"": """", ""record_value"": """"}"
0,2026-01-29 21:06:44,"{""cell"": [1272, 5], ""error_types"": [""A numerical value was found with a value of greater than > 10 stds from the mean""], ""cell_value"": """", ""record_value"": """"}"
0,2026-01-29 21:06:44,"{""cell"": [1277, 5], ""error_types"": [""A numerical value was found with a value of greater than > 10 stds from the mean""], ""cell_value"": """", ""record_value"": """"}"
0,2026-01-29 21:06:44,"{""cell"": [1292, 5], ""error_types"": [""A numerical value was found with a value of greater than > 10 stds from the mean""], ""cell_value"": """", ""record_value"": """"}"
0,2026-01-29 21:06:44,"{""cell"": [1318, 5], ""error_types"": [""A numerical value was found with a value of greater than > 10 stds from the mean""], ""cell_value"": """", ""record_value"": """"}"
0,2026-01-29 21:06:44,"{""cell"": [1334, 5], ""error_types"": [""A numerical value was found with a value of greater than > 10 stds from the mean""], ""cell_value"": """", ""record_value"": """"}"
0,2026-01-29 21:06:44,"{""cell"": [1455, 5], ""error_types"": [""A numerical value was found with a value of greater than > 10 stds from the mean""], ""cell_value"": """", ""record_value"": """"}"
0,2026-01-29 21:06:44,"{""cell"": [1470, 5], ""error_types"": [""A numerical value was found with a value of greater than > 10 stds from the mean""], ""cell_value"": """", ""record_value"": """"}"
0,2026-01-29 21:06:44,"{""cell"": [1471, 5], ""error_types"": [""A numerical value was found with a value of greater than > 10 stds from the mean""], ""cell_value"": """", ""record_value"": """"}"
0,2026-01-29 21:06:44,"{""cell"": [1501, 5], ""error_types"": [""A numerical value was found with a value of greater than > 10 stds from the mean""], ""cell_value"": """", ""record_value"": """"}"
