============================================================
Lopster 数据清洗
============================================================
数据集: nasa
数据路径: Data
任务名称: nasa_lopster_vzekai
潜在维度: 120
训练轮数: 100
------------------------------------------------------------

准备 Lopster 数据格式（输出到 results 目录，不修改原始数据）...
  源文件: clean_index.csv, dirty_index.csv
  Lopster 数据目录: /home/qianzekai/Clean4MLBaseline/results/lopster/nasa_lopster_vzekai/lopster_data/nasa

生成 Lopster 训练数据 (无 index):
  - 移除 index 列
  - 保存到: /home/qianzekai/Clean4MLBaseline/results/lopster/nasa_lopster_vzekai/lopster_data/nasa/clean.csv
  - 形状: (1503, 7) → (1503, 6)

生成 Lopster 清洗数据 (无 index):
  - 移除 index 列
  - 转换为数值列: ['frequency(带单位)', 'angle(带单位)', 'chord_length(带单位)', 'velocity(带单位)', 'thickness(带单位)']
  - 保存到: /home/qianzekai/Clean4MLBaseline/results/lopster/nasa_lopster_vzekai/lopster_data/nasa/dirty01.csv
  - 形状: (1503, 7) → (1503, 6)

生成测评用数据 (带 index，编码后):
  - clean_encoded.csv: /home/qianzekai/Clean4MLBaseline/results/lopster/nasa_lopster_vzekai/clean_encoded.csv
  - dirty_encoded.csv: /home/qianzekai/Clean4MLBaseline/results/lopster/nasa_lopster_vzekai/dirty_encoded.csv

Lopster 数据准备完成!

使用预处理数据: /home/qianzekai/Clean4MLBaseline/results/lopster/nasa_lopster_vzekai/lopster_data/nasa
------------------------------------------------------------
执行时间: 15.71 秒
执行状态: 成功
真值使用成本: 1503 行 (用于训练VAE)

后处理 Lopster 输出...
  Lopster 输出行数: 1503
  原始数据行数: 1503
  还原 index 列
  最终列顺序: ['index', 'frequency', 'angle', 'chord_length', 'velocity', 'thickness', 'sound_pressure_level']
  保存到: /home/qianzekai/Clean4MLBaseline/results/lopster/nasa_lopster_vzekai/nasa_lopster_vzekai_cleaned.csv
  最终行数: 1503

============================================================
调用统一测评模块 getScoreML
============================================================
使用编码后的数据进行测评（确保格式一致）:
  - dirty: /home/qianzekai/Clean4MLBaseline/results/lopster/nasa_lopster_vzekai/dirty_encoded.csv
  - cleaned: /home/qianzekai/Clean4MLBaseline/results/lopster/nasa_lopster_vzekai/nasa_lopster_vzekai_cleaned.csv
  - clean: /home/qianzekai/Clean4MLBaseline/results/lopster/nasa_lopster_vzekai/clean_encoded.csv

结果已保存到: /home/qianzekai/Clean4MLBaseline/results/lopster/nasa_lopster_vzekai
============================================================
