2026-01-29 21:00:12,661 - INFO - ============================================================
2026-01-29 21:00:12,661 - INFO - RepairAll Baseline (完美修复)
2026-01-29 21:00:12,661 - INFO - ============================================================
2026-01-29 21:00:12,661 - INFO - 脏数据: Data/smartfactory/dirty_index.csv
2026-01-29 21:00:12,661 - INFO - 干净数据: Data/smartfactory/clean_index.csv
2026-01-29 21:00:12,661 - INFO - 任务名称: smartfactory_repairall_vzekai
2026-01-29 21:00:12,661 - INFO - ------------------------------------------------------------
2026-01-29 21:00:19,025 - INFO - 输出数据已保存: results/repairall/smartfactory_repairall_vzekai/smartfactory_repairall_vzekai_cleaned.csv
2026-01-29 21:00:19,025 - INFO - 原始行数: 23645
2026-01-29 21:00:19,025 - INFO - 修复单元格数: 425610
2026-01-29 21:00:19,025 - INFO - ------------------------------------------------------------
2026-01-29 21:00:19,025 - INFO - 执行时间: 6.36 秒
2026-01-29 21:00:19,025 - INFO - 执行状态: 成功
2026-01-29 21:00:19,025 - INFO - 真值使用成本: 425610
2026-01-29 21:00:19,026 - INFO - 
2026-01-29 21:00:19,026 - INFO - ============================================================
2026-01-29 21:00:19,026 - INFO - 调用统一测评模块 getScoreML
2026-01-29 21:00:19,026 - INFO - ============================================================
2026-01-29 21:05:43,846 - INFO - 结果已保存到: results/repairall/smartfactory_repairall_vzekai
2026-01-29 21:05:43,846 - INFO - 日志文件: results/repairall/smartfactory_repairall_vzekai/smartfactory_repairall_vzekai.log
2026-01-29 21:05:43,846 - INFO - ============================================================
