============================================================
Lopster 数据清洗
============================================================
数据集: soilmoisture
数据路径: Data
任务名称: soilmoisture_lopster_vzekai
潜在维度: 120
训练轮数: 100
------------------------------------------------------------

准备 Lopster 数据格式（输出到 results 目录，不修改原始数据）...
  源文件: clean_index.csv, dirty_index.csv
  Lopster 数据目录: /home/qianzekai/Clean4MLBaseline/results/lopster/soilmoisture_lopster_vzekai/lopster_data/soilmoisture

生成 Lopster 训练数据 (无 index):
  - 移除 index 列
  - 保存到: /home/qianzekai/Clean4MLBaseline/results/lopster/soilmoisture_lopster_vzekai/lopster_data/soilmoisture/clean.csv
  - 形状: (679, 129) → (679, 128)

生成 Lopster 清洗数据 (无 index):
  - 移除 index 列
  - 转换为数值列: ['datetime', '458', '462', '466', '470', '474', '478', '482', '486', '490', '494', '498', '502', '518', '522', '530', '534', '538', '546', '550', '554', '558', '562', '570', '574', '578', '582', '586', '590', '594', '598', '602', '606', '610', '614', '618', '622', '626', '630', '634', '638', '642', '646', '650', '654', '662', '666', '670', '674', '682', '686', '690', '698', '706', '710', '714', '718', '726', '730', '738', '742', '758', '762', '766', '770', '774', '778', '782', '790', '798', '802', '806', '810', '814', '818', '826', '830', '834', '838', '842', '846', '850', '854', '858', '862', '866', '878', '886', '890', '894', '906', '910', '914', '922', '926', '930', '934', '942', '946', '950']
  - 保存到: /home/qianzekai/Clean4MLBaseline/results/lopster/soilmoisture_lopster_vzekai/lopster_data/soilmoisture/dirty01.csv
  - 形状: (679, 129) → (679, 128)

生成测评用数据 (带 index，编码后):
  - clean_encoded.csv: /home/qianzekai/Clean4MLBaseline/results/lopster/soilmoisture_lopster_vzekai/clean_encoded.csv
  - dirty_encoded.csv: /home/qianzekai/Clean4MLBaseline/results/lopster/soilmoisture_lopster_vzekai/dirty_encoded.csv

Lopster 数据准备完成!

使用预处理数据: /home/qianzekai/Clean4MLBaseline/results/lopster/soilmoisture_lopster_vzekai/lopster_data/soilmoisture
------------------------------------------------------------
执行时间: 201.81 秒
执行状态: 成功
真值使用成本: 679 行 (用于训练VAE)

后处理 Lopster 输出...
  Lopster 输出行数: 679
  原始数据行数: 679
  还原 ID/日期列: ['datetime']
  还原 index 列
  最终列顺序: ['index', 'datetime', 'soil_temperature', '454', '458', '462', '466', '470', '474', '478', '482', '486', '490', '494', '498', '502', '506', '510', '514', '518', '522', '526', '530', '534', '538', '542', '546', '550', '554', '558', '562', '566', '570', '574', '578', '582', '586', '590', '594', '598', '602', '606', '610', '614', '618', '622', '626', '630', '634', '638', '642', '646', '650', '654', '658', '662', '666', '670', '674', '678', '682', '686', '690', '694', '698', '702', '706', '710', '714', '718', '722', '726', '730', '734', '738', '742', '746', '750', '754', '758', '762', '766', '770', '774', '778', '782', '786', '790', '794', '798', '802', '806', '810', '814', '818', '822', '826', '830', '834', '838', '842', '846', '850', '854', '858', '862', '866', '870', '874', '878', '882', '886', '890', '894', '898', '902', '906', '910', '914', '918', '922', '926', '930', '934', '938', '942', '946', '950', 'soil_moisture']
  保存到: /home/qianzekai/Clean4MLBaseline/results/lopster/soilmoisture_lopster_vzekai/soilmoisture_lopster_vzekai_cleaned.csv
  最终行数: 679

============================================================
调用统一测评模块 getScoreML
============================================================
使用编码后的数据进行测评（确保格式一致）:
  - dirty: /home/qianzekai/Clean4MLBaseline/results/lopster/soilmoisture_lopster_vzekai/dirty_encoded.csv
  - cleaned: /home/qianzekai/Clean4MLBaseline/results/lopster/soilmoisture_lopster_vzekai/soilmoisture_lopster_vzekai_cleaned.csv
  - clean: /home/qianzekai/Clean4MLBaseline/results/lopster/soilmoisture_lopster_vzekai/clean_encoded.csv

结果已保存到: /home/qianzekai/Clean4MLBaseline/results/lopster/soilmoisture_lopster_vzekai
============================================================
