[日志] 完整输出将保存到: /Users/qianzekai/PycharmProjects/TolerDM/logs/demandclean/adult_v5_ep300_20260411_191855.log
======================================================================
DemandClean 统一运行脚本
======================================================================
数据集: ['adult']
启用版本: ['v5_auto_dueling_single']
训练轮数: 300
详细输出: False
Oracle 模式: 启用 (三路划分 60/20/20, --no-oracle 关闭)
======================================================================

######################################################################
# 数据集: adult
######################################################################

  60/20/20 划分: train=27133, val=9044, test=9045
  60% 子集 CSV: /Users/qianzekai/PycharmProjects/TolerDM/results/demandclean/adult/dirty_train_60pct.csv
  数据集: adult
  脏数据: (27133, 14)
  特征列: 14, 标签列: income
  分类列: {'occupation', 'marital_status', 'relationship', 'education', 'workclass', 'native_country', 'gender', 'race'}
  LE fit: 仅 dirty (27133 行)
  SS fit: 仅 dirty (27133 行)
  FD规则: 0 条
  编码完成: X_dirty_train=(27133, 14), X_clean_train=(27133, 14), X_clean_val=(9044, 14), X_clean_test=(9045, 14)

======================================================================
版本: v5_auto_dueling_single
数据集: adult | 任务: classification | 模型: random_forest
检测器: auto | Agent: dueling_two_stage | 推理: single_phase
训练轮数: 300 | 输出目录: /Users/qianzekai/PycharmProjects/TolerDM/results/demandclean/adult/v5_auto_dueling_single
======================================================================

[Step 1] 创建 DemandClean 实例...
  [计时] Step 1 (初始化): 0.00s

[Step 2] 训练 (300 episodes)...
  RAHA 检测结果: 4 个单元格
  Precision=0.2500  Recall=0.0027  F1=0.0054
  RAHA 标注行数: 20 (labeling_budget=20)
  RAHA 检测结果: 135 个单元格
  Precision=0.0148  Recall=0.0055  F1=0.0080
  RAHA 标注行数: 20 (labeling_budget=20)
  RAHA 检测结果: 0 个单元格
  Precision=0.0000  Recall=0.0000  F1=0.0000
  RAHA 标注行数: 20 (labeling_budget=20)
  模型已保存: /Users/qianzekai/PycharmProjects/TolerDM/results/demandclean/adult/v5_auto_dueling_single/model/v5_auto_dueling_single_agent.pt
  训练历史已保存: /Users/qianzekai/PycharmProjects/TolerDM/results/demandclean/adult/v5_auto_dueling_single/report/v5_auto_dueling_single_history.json
  [计时] Step 2 (训练): 15562.28s

[Step 3] 推理 (模式: single_phase)...
  真值使用: 0
  动作分布: {'no_action': 18, 'repair_value': 0, 'delete': 157, 'replace_nearby': 2046}
  清洗后数据已保存: /Users/qianzekai/PycharmProjects/TolerDM/results/demandclean/adult/v5_auto_dueling_single/data/v5_auto_dueling_single_cleaned.csv
  原始格式清洗数据已保存: /Users/qianzekai/PycharmProjects/TolerDM/results/demandclean/adult/v5_auto_dueling_single/data/v5_auto_dueling_single_cleaned_original.csv
  编码版本已保存: /Users/qianzekai/PycharmProjects/TolerDM/results/demandclean/adult/v5_auto_dueling_single/data/v5_auto_dueling_single_cleaned_encoded.npz
  [计时] Step 3 (推理): 58.72s

[Step 4] 检测器准确率评估...
  [计时] Step 4 (检测器评估): 0.44s

[Step 5] Baseline 评估与可视化...
  ReplaceAll VE: ValueEstimator(FD=1 rules (1 RHS cols), DOMAIN=5 cols, CAT=8 cols)
  ReplaceAll VE 估值: 2229 个错误, 7.9s
  DeleteFix: 删除 2229 行, 保留 24904 行
  统一测试集 (Oracle): 9045 行

============================================================
Baseline 对比评估 - v5_auto_dueling_single
============================================================
  NoFix          : rf_accuracy=0.8519 | rf_f1=0.8502 | lr_accuracy=0.8203 | lr_f1=0.8088 | 1.8s
  DeleteAll      : rf_accuracy=0.8519 | rf_f1=0.8502 | lr_accuracy=0.8203 | lr_f1=0.8088 | 1.8s
  DeleteFix      : rf_accuracy=0.8355 | rf_f1=0.8376 | lr_accuracy=0.8113 | lr_f1=0.8087 | 1.4s
  ReplaceAll     : rf_accuracy=0.8493 | rf_f1=0.8495 | lr_accuracy=0.8147 | lr_f1=0.8104 | 1.5s
  DemandClean    : rf_accuracy=0.8473 | rf_f1=0.8476 | lr_accuracy=0.8148 | lr_f1=0.8106 | 1.5s
  FullFix        : rf_accuracy=0.8565 | rf_f1=0.8532 | lr_accuracy=0.8202 | lr_f1=0.806 | 1.6s
  [可视化] Baseline 对比图已保存: /Users/qianzekai/PycharmProjects/TolerDM/results/demandclean/adult/v5_auto_dueling_single/visualization/v5_auto_dueling_single_baseline_comparison.png
  [计时] Step 5 (Baseline评估): 19.68s

[Step 6] 模型容忍度评估...
============================================================
模型容忍度计算 - v5_auto_dueling_single
任务类型: classification  |  模型列表: ['rf', 'lr']
============================================================

--- 模型: RF ---
  P_clean  = 0.8526
  P_dirty  = 0.8526
  P_dc     = 0.6490
  先验容忍度 (P_dc / P_dirty)            = 0.7612
  后验容忍度 (P_dc-P_dirty)/(P_clean-P_dirty) = 1.0000

--- 模型: LR ---
  P_clean  = 0.8187
  P_dirty  = 0.8187
  P_dc     = 0.7496
  先验容忍度 (P_dc / P_dirty)            = 0.9156
  后验容忍度 (P_dc-P_dirty)/(P_clean-P_dirty) = 1.0000
  容忍度柱状图已保存: /Users/qianzekai/PycharmProjects/TolerDM/results/demandclean/adult/v5_auto_dueling_single/visualization/v5_auto_dueling_single_tolerance_bar.png
  [计时] Step 6 (容忍度评估): 4.56s

[Step 7] Shapley 三维度分析...
[Shapley] 维度1: 动作重要性 (精确枚举 4!=24 排列) ...
[Shapley] 图表已保存: /Users/qianzekai/PycharmProjects/TolerDM/results/demandclean/adult/v5_auto_dueling_single/evaluation/shapley/shapley_action_importance.png
[Shapley] 维度2: 跳过特征 Shapley（计算量过大，仅保留维度1和维度3）
[Shapley] 维度3: 错误类型重要性 (精确枚举 1!=1 排列) ...
[Shapley] 图表已保存: /Users/qianzekai/PycharmProjects/TolerDM/results/demandclean/adult/v5_auto_dueling_single/evaluation/shapley/shapley_error_type_importance.png
  [计时] Step 7 (Shapley分析): 729.96s

[Step 8] 训练曲线可视化...
  [可视化] 训练曲线已保存: /Users/qianzekai/PycharmProjects/TolerDM/results/demandclean/adult/v5_auto_dueling_single/visualization/v5_auto_dueling_single_training_curves.png
  [计时] Step 8 (训练曲线): 0.48s

[Step 9] Clean4MLBaseline 统一测评...
差异文件已保存到:
/Users/qianzekai/PycharmProjects/TolerDM/results/demandclean/adult/v5_auto_dueling_single/evaluation/v5_auto_dueling_single_clean_vs_dirty.csv
/Users/qianzekai/PycharmProjects/TolerDM/results/demandclean/adult/v5_auto_dueling_single/evaluation/v5_auto_dueling_single_dirty_vs_cleaned.csv
/Users/qianzekai/PycharmProjects/TolerDM/results/demandclean/adult/v5_auto_dueling_single/evaluation/v5_auto_dueling_single_clean_vs_cleaned.csv
修复错误数据文件已保存到: /Users/qianzekai/PycharmProjects/TolerDM/results/demandclean/adult/v5_auto_dueling_single/evaluation/v5_auto_dueling_single_repair_errors.csv
未修复但是应该修复数据文件已保存到: /Users/qianzekai/PycharmProjects/TolerDM/results/demandclean/adult/v5_auto_dueling_single/evaluation/v5_auto_dueling_single_unrepaired.csv
修复准确率: 0.0029721761342611933, 修复召回率: 0.4955223880597015, F1值: 0.005908910232026758
========================================
EDR 结果已保存到: /Users/qianzekai/PycharmProjects/TolerDM/results/demandclean/adult/v5_auto_dueling_single/evaluation/v5_auto_dueling_single_edr_evaluation.txt
错误减少率 (EDR): -165.72935323383084
========================================
混合距离结果已保存到: /Users/qianzekai/PycharmProjects/TolerDM/results/demandclean/adult/v5_auto_dueling_single/evaluation/v5_auto_dueling_single_hybrid_distance_evaluation.txt
混合距离 (Hybrid Distance): 0.24483098533759529
========================================
R-EDR 结果已保存到: /Users/qianzekai/PycharmProjects/TolerDM/results/demandclean/adult/v5_auto_dueling_single/evaluation/v5_auto_dueling_single_record_based_edr_evaluation.txt
基于条目的错误减少率 (R-EDR): -25.84179104477612
========================================
  [下游任务] 使用编码版本（跳过 CSV preprocess）
  Oracle 模式: train=26976, test=9045
RF - Accuracy: 0.8473, F1: 0.8476, Precision: 0.8479, Recall: 0.8473
LR - Accuracy: 0.8148, F1: 0.8106, Precision: 0.8083, Recall: 0.8148
SVM - Accuracy: 0.8443, F1: 0.8405, Precision: 0.8390, Recall: 0.8443
KNN - Accuracy: 0.8186, F1: 0.8198, Precision: 0.8213, Recall: 0.8186
DT - Accuracy: 0.8017, F1: 0.8068, Precision: 0.8156, Recall: 0.8017
GB - Accuracy: 0.8599, F1: 0.8583, Precision: 0.8573, Recall: 0.8599
  [容忍度] 使用编码版本（跳过 CSV preprocess）
  Oracle 模式: train dirty=27133, cleaned=26976, clean=27133, test=9045

容忍度计算结果:
  P_do_nothing (脏数据性能): 0.8519
  P_demand_clean (清洗后性能): 0.8473
  P_repair_all (完全修复性能): 0.8565
  先验容忍度 (Tolerance_prior): 0.9947
  后验容忍度 (Tolerance_post): -0.9762
  [Snoopy] 使用编码版本（跳过 CSV preprocess）
使用编码数据评估数据质量上界...
  统一测评完成，结果已保存到: /Users/qianzekai/PycharmProjects/TolerDM/results/demandclean/adult/v5_auto_dueling_single/v5_auto_dueling_single_evaluation_results.txt
  [计时] Step 9 (统一测评): 93.89s

[Step 10] 真值成本汇总...
  RAHA 检测成本: 60
  Agent 修复成本: 0
  总成本: 60 / 379862 cells = 0.0158%
  [计时] Step 10 (成本汇总): 0.00s

──────────────────────────────────────────────────
  步骤计时汇总
──────────────────────────────────────────────────
  Step 1 初始化         │     0.00s
  Step 2 训练          │ 15562.28s
  Step 3 推理          │    58.72s
  Step 4 检测器评估       │     0.44s
  Step 5 Baseline评估  │    19.68s
  Step 6 容忍度评估       │     4.56s
  Step 7 Shapley分析   │   729.96s
  Step 8 训练曲线        │     0.48s
  Step 9 统一测评        │    93.89s
  Step 10 成本汇总        │     0.00s
──────────────────────────────────────────────────
  总计(含可视化)       │ 16470.01s
  可视化耗时           │   730.57s
  净耗时(扣可视化)     │ 15739.45s
──────────────────────────────────────────────────

  [输出] 报告已保存: /Users/qianzekai/PycharmProjects/TolerDM/results/demandclean/adult/v5_auto_dueling_single/report/v5_auto_dueling_single_report.json

  版本 v5_auto_dueling_single 完成! 耗时: 15739.45s
  输出目录: /Users/qianzekai/PycharmProjects/TolerDM/results/demandclean/adult/v5_auto_dueling_single

  只有 1 个版本完成，跳过跨版本对比

======================================================================
全部完成! 总耗时: 16473.04s
结果目录: /Users/qianzekai/PycharmProjects/TolerDM/results/demandclean
日志文件: /Users/qianzekai/PycharmProjects/TolerDM/logs/demandclean/adult_v5_ep300_20260411_191855.log
======================================================================
