[日志] 完整输出将保存到: /Users/qianzekai/PycharmProjects/TolerDM/logs/demandclean/all_ep50_20260223_025508.log
======================================================================
DemandClean 统一运行脚本
======================================================================
数据集: ['beers', 'adult', 'bike', 'breast_cancer', 'har', 'mercedes', 'nasa', 'smartfactory', 'soilmoisture']
启用版本: ['v6_auto_dueling_two']
训练轮数: 50
详细输出: False
======================================================================

######################################################################
# 数据集: beers
######################################################################
  数据集: beers
  脏数据: (2410, 8), 干净数据: (2410, 8)
  特征列: 8, 标签列: style
  FD规则: 0 条

======================================================================
版本: v6_auto_dueling_two
数据集: beers | 任务: classification | 模型: xgboost
检测器: auto | Agent: dueling_two_stage | 推理: two_phase
训练轮数: 50 | 输出目录: /Users/qianzekai/PycharmProjects/TolerDM/results/demandclean/beers/v6_auto_dueling_two
======================================================================

[Step 1] 创建 DemandClean 实例...

[Step 2] 训练 (50 episodes)...
  模型已保存: /Users/qianzekai/PycharmProjects/TolerDM/results/demandclean/beers/v6_auto_dueling_two/model/v6_auto_dueling_two_agent.pt
  训练历史已保存: /Users/qianzekai/PycharmProjects/TolerDM/results/demandclean/beers/v6_auto_dueling_two/report/v6_auto_dueling_two_history.json

[Step 3] 推理 (模式: two_phase)...
  修复计划: 需要 0 个真值
  真值使用: 0
  清洗后数据已保存: /Users/qianzekai/PycharmProjects/TolerDM/results/demandclean/beers/v6_auto_dueling_two/data/v6_auto_dueling_two_cleaned.csv
  原始格式清洗数据已保存: /Users/qianzekai/PycharmProjects/TolerDM/results/demandclean/beers/v6_auto_dueling_two/data/v6_auto_dueling_two_cleaned_original.csv

[Step 4] 检测器准确率评估...

[Step 5] Baseline 评估与可视化...
  DeleteFix: 删除 1928 行, 保留 482 行

============================================================
Baseline 对比评估 - v6_auto_dueling_two
============================================================
  NoFix          : rf_accuracy=0.3693 | rf_f1=0.3307 | lr_accuracy=0.2635 | lr_f1=0.1761
  DeleteAll      : rf_accuracy=0.4528 | rf_f1=0.3939 | lr_accuracy=0.3283 | lr_f1=0.2568
  DeleteFix      : rf_accuracy=0.3608 | rf_f1=0.3215 | lr_accuracy=0.3196 | lr_f1=0.2842
  ReplaceAll     : rf_accuracy=0.3693 | rf_f1=0.3307 | lr_accuracy=0.2635 | lr_f1=0.1761
  DemandClean: 数据不足(0行)，跳过
  FullFix        : rf_accuracy=0.3734 | rf_f1=0.3361 | lr_accuracy=0.2635 | lr_f1=0.1749
  [可视化] Baseline 对比图已保存: /Users/qianzekai/PycharmProjects/TolerDM/results/demandclean/beers/v6_auto_dueling_two/visualization/v6_auto_dueling_two_baseline_comparison.png

[Step 6] 模型容忍度评估...
============================================================
模型容忍度计算 - v6_auto_dueling_two
任务类型: classification  |  模型列表: ['rf', 'lr']
============================================================

--- 模型: RF ---
  P_clean  = 0.3817
  P_dirty  = 0.3838
  P_dc     = 0.0000
  先验容忍度 (P_dc / P_dirty)            = 0.0000
  后验容忍度 (P_dc-P_dirty)/(P_clean-P_dirty) = 185.0000

--- 模型: LR ---
  P_clean  = 0.2718
  P_dirty  = 0.2801
  P_dc     = 0.0000
  先验容忍度 (P_dc / P_dirty)            = 0.0000
  后验容忍度 (P_dc-P_dirty)/(P_clean-P_dirty) = 33.7500
  容忍度柱状图已保存: /Users/qianzekai/PycharmProjects/TolerDM/results/demandclean/beers/v6_auto_dueling_two/visualization/v6_auto_dueling_two_tolerance_bar.png

[Step 7] Shapley 三维度分析...
[Shapley] 维度1: 动作重要性 (精确枚举 4!=24 排列) ...
[Shapley] 图表已保存: /Users/qianzekai/PycharmProjects/TolerDM/results/demandclean/beers/v6_auto_dueling_two/evaluation/shapley/shapley_action_importance.png
[Shapley] 维度2: 跳过特征 Shapley（计算量过大，仅保留维度1和维度3）
[Shapley] 维度3: 错误类型重要性 (精确枚举 4!=24 排列) ...
[Shapley] 图表已保存: /Users/qianzekai/PycharmProjects/TolerDM/results/demandclean/beers/v6_auto_dueling_two/evaluation/shapley/shapley_error_type_importance.png

[Step 8] 训练曲线可视化...
  [可视化] 训练曲线已保存: /Users/qianzekai/PycharmProjects/TolerDM/results/demandclean/beers/v6_auto_dueling_two/visualization/v6_auto_dueling_two_training_curves.png

[Step 9] Clean4MLBaseline 统一测评...
  统一测评完成，结果已保存到: /Users/qianzekai/PycharmProjects/TolerDM/results/demandclean/beers/v6_auto_dueling_two/v6_auto_dueling_two_evaluation_results.txt

  [输出] 报告已保存: /Users/qianzekai/PycharmProjects/TolerDM/results/demandclean/beers/v6_auto_dueling_two/report/v6_auto_dueling_two_report.json

  版本 v6_auto_dueling_two 完成! 耗时: 65.85s
  输出目录: /Users/qianzekai/PycharmProjects/TolerDM/results/demandclean/beers/v6_auto_dueling_two

  只有 1 个版本完成，跳过跨版本对比

######################################################################
# 数据集: adult
######################################################################
  数据集: adult
  脏数据: (45222, 14), 干净数据: (45222, 14)
  特征列: 14, 标签列: income
  FD规则: 0 条

======================================================================
版本: v6_auto_dueling_two
数据集: adult | 任务: classification | 模型: random_forest
检测器: auto | Agent: dueling_two_stage | 推理: two_phase
训练轮数: 50 | 输出目录: /Users/qianzekai/PycharmProjects/TolerDM/results/demandclean/adult/v6_auto_dueling_two
======================================================================

[Step 1] 创建 DemandClean 实例...

[Step 2] 训练 (50 episodes)...
  模型已保存: /Users/qianzekai/PycharmProjects/TolerDM/results/demandclean/adult/v6_auto_dueling_two/model/v6_auto_dueling_two_agent.pt
  训练历史已保存: /Users/qianzekai/PycharmProjects/TolerDM/results/demandclean/adult/v6_auto_dueling_two/report/v6_auto_dueling_two_history.json

[Step 3] 推理 (模式: two_phase)...
  修复计划: 需要 0 个真值
  真值使用: 0
  清洗后数据已保存: /Users/qianzekai/PycharmProjects/TolerDM/results/demandclean/adult/v6_auto_dueling_two/data/v6_auto_dueling_two_cleaned.csv
  原始格式清洗数据已保存: /Users/qianzekai/PycharmProjects/TolerDM/results/demandclean/adult/v6_auto_dueling_two/data/v6_auto_dueling_two_cleaned_original.csv

[Step 4] 检测器准确率评估...

[Step 5] Baseline 评估与可视化...
  DeleteFix: 删除 4068 行, 保留 41154 行

============================================================
Baseline 对比评估 - v6_auto_dueling_two
============================================================
  NoFix          : rf_accuracy=0.8165 | rf_f1=0.8095 | lr_accuracy=0.7886 | lr_f1=0.7685
  DeleteAll      : rf_accuracy=0.8165 | rf_f1=0.8095 | lr_accuracy=0.7886 | lr_f1=0.7685
  DeleteFix      : rf_accuracy=0.8655 | rf_f1=0.859 | lr_accuracy=0.8428 | lr_f1=0.8238
  ReplaceAll     : rf_accuracy=0.8165 | rf_f1=0.8095 | lr_accuracy=0.7886 | lr_f1=0.7685
  DemandClean    : rf_accuracy=0.8655 | rf_f1=0.859 | lr_accuracy=0.8428 | lr_f1=0.8238
  FullFix        : rf_accuracy=0.8551 | rf_f1=0.851 | lr_accuracy=0.8211 | lr_f1=0.8057
  [可视化] Baseline 对比图已保存: /Users/qianzekai/PycharmProjects/TolerDM/results/demandclean/adult/v6_auto_dueling_two/visualization/v6_auto_dueling_two_baseline_comparison.png

[Step 6] 模型容忍度评估...
============================================================
模型容忍度计算 - v6_auto_dueling_two
任务类型: classification  |  模型列表: ['rf', 'lr']
============================================================

--- 模型: RF ---
  P_clean  = 0.8551
  P_dirty  = 0.8551
  P_dc     = 0.6422
  先验容忍度 (P_dc / P_dirty)            = 0.7511
  后验容忍度 (P_dc-P_dirty)/(P_clean-P_dirty) = 1.0000

--- 模型: LR ---
  P_clean  = 0.8211
  P_dirty  = 0.8211
  P_dc     = 0.7564
  先验容忍度 (P_dc / P_dirty)            = 0.9212
  后验容忍度 (P_dc-P_dirty)/(P_clean-P_dirty) = 1.0000
  容忍度柱状图已保存: /Users/qianzekai/PycharmProjects/TolerDM/results/demandclean/adult/v6_auto_dueling_two/visualization/v6_auto_dueling_two_tolerance_bar.png

[Step 7] Shapley 三维度分析...
[Shapley] 维度1: 动作重要性 (精确枚举 4!=24 排列) ...
[Shapley] 图表已保存: /Users/qianzekai/PycharmProjects/TolerDM/results/demandclean/adult/v6_auto_dueling_two/evaluation/shapley/shapley_action_importance.png
[Shapley] 维度2: 跳过特征 Shapley（计算量过大，仅保留维度1和维度3）
[Shapley] 维度3: 错误类型重要性 (精确枚举 1!=1 排列) ...
[Shapley] 图表已保存: /Users/qianzekai/PycharmProjects/TolerDM/results/demandclean/adult/v6_auto_dueling_two/evaluation/shapley/shapley_error_type_importance.png

[Step 8] 训练曲线可视化...
  [可视化] 训练曲线已保存: /Users/qianzekai/PycharmProjects/TolerDM/results/demandclean/adult/v6_auto_dueling_two/visualization/v6_auto_dueling_two_training_curves.png

[Step 9] Clean4MLBaseline 统一测评...
差异文件已保存到:
/Users/qianzekai/PycharmProjects/TolerDM/results/demandclean/adult/v6_auto_dueling_two/evaluation/v6_auto_dueling_two_clean_vs_dirty.csv
/Users/qianzekai/PycharmProjects/TolerDM/results/demandclean/adult/v6_auto_dueling_two/evaluation/v6_auto_dueling_two_dirty_vs_cleaned.csv
/Users/qianzekai/PycharmProjects/TolerDM/results/demandclean/adult/v6_auto_dueling_two/evaluation/v6_auto_dueling_two_clean_vs_cleaned.csv
修复错误数据文件已保存到: /Users/qianzekai/PycharmProjects/TolerDM/results/demandclean/adult/v6_auto_dueling_two/evaluation/v6_auto_dueling_two_repair_errors.csv
未修复但是应该修复数据文件已保存到: /Users/qianzekai/PycharmProjects/TolerDM/results/demandclean/adult/v6_auto_dueling_two/evaluation/v6_auto_dueling_two_unrepaired.csv
修复准确率: 0.0, 修复召回率: 0.0, F1值: 0.0
========================================
EDR 结果已保存到: /Users/qianzekai/PycharmProjects/TolerDM/results/demandclean/adult/v6_auto_dueling_two/evaluation/v6_auto_dueling_two_edr_evaluation.txt
错误减少率 (EDR): -3.3217993079584773
========================================
混合距离结果已保存到: /Users/qianzekai/PycharmProjects/TolerDM/results/demandclean/adult/v6_auto_dueling_two/evaluation/v6_auto_dueling_two_hybrid_distance_evaluation.txt
混合距离 (Hybrid Distance): 0.009590839293677642
========================================
R-EDR 结果已保存到: /Users/qianzekai/PycharmProjects/TolerDM/results/demandclean/adult/v6_auto_dueling_two/evaluation/v6_auto_dueling_two_record_based_edr_evaluation.txt
基于条目的错误减少率 (R-EDR): -3.2508650519031144
========================================
警告: 清洗后数据行数(41154)与干净数据行数(45222)不一致
将使用清洗后数据自身进行评估（行对齐）
通过索引对齐，使用 41154 行数据进行评估
RF - Accuracy: 0.8769, F1: 0.8726, Precision: 0.8711, Recall: 0.8769
LR - Accuracy: 0.8554, F1: 0.8396, Precision: 0.8448, Recall: 0.8554
SVM - Accuracy: 0.8735, F1: 0.8648, Precision: 0.8660, Recall: 0.8735
KNN - Accuracy: 0.8487, F1: 0.8440, Precision: 0.8414, Recall: 0.8487
DT - Accuracy: 0.8331, F1: 0.8346, Precision: 0.8362, Recall: 0.8331
GB - Accuracy: 0.8882, F1: 0.8814, Precision: 0.8829, Recall: 0.8882

容忍度计算结果:
  P_do_nothing (脏数据性能): 0.8505
  P_demand_clean (清洗后性能): 0.8613
  P_repair_all (完全修复性能): 0.8543
  先验容忍度 (Tolerance_prior): 1.0126
  后验容忍度 (Tolerance_post): 2.8589
Snoopy模块可用，正在评估数据质量上界...
  统一测评完成，结果已保存到: /Users/qianzekai/PycharmProjects/TolerDM/results/demandclean/adult/v6_auto_dueling_two/v6_auto_dueling_two_evaluation_results.txt

  [输出] 报告已保存: /Users/qianzekai/PycharmProjects/TolerDM/results/demandclean/adult/v6_auto_dueling_two/report/v6_auto_dueling_two_report.json

  版本 v6_auto_dueling_two 完成! 耗时: 4338.96s
  输出目录: /Users/qianzekai/PycharmProjects/TolerDM/results/demandclean/adult/v6_auto_dueling_two

  只有 1 个版本完成，跳过跨版本对比

######################################################################
# 数据集: bike
######################################################################
  数据集: bike
  脏数据: (17379, 15), 干净数据: (17379, 15)
  特征列: 15, 标签列: cnt
  FD规则: 0 条

======================================================================
版本: v6_auto_dueling_two
数据集: bike | 任务: regression | 模型: random_forest
检测器: auto | Agent: dueling_two_stage | 推理: two_phase
训练轮数: 50 | 输出目录: /Users/qianzekai/PycharmProjects/TolerDM/results/demandclean/bike/v6_auto_dueling_two
======================================================================

[Step 1] 创建 DemandClean 实例...

[Step 2] 训练 (50 episodes)...
  模型已保存: /Users/qianzekai/PycharmProjects/TolerDM/results/demandclean/bike/v6_auto_dueling_two/model/v6_auto_dueling_two_agent.pt
  训练历史已保存: /Users/qianzekai/PycharmProjects/TolerDM/results/demandclean/bike/v6_auto_dueling_two/report/v6_auto_dueling_two_history.json

[Step 3] 推理 (模式: two_phase)...
  修复计划: 需要 0 个真值
  真值使用: 0
  清洗后数据已保存: /Users/qianzekai/PycharmProjects/TolerDM/results/demandclean/bike/v6_auto_dueling_two/data/v6_auto_dueling_two_cleaned.csv
  原始格式清洗数据已保存: /Users/qianzekai/PycharmProjects/TolerDM/results/demandclean/bike/v6_auto_dueling_two/data/v6_auto_dueling_two_cleaned_original.csv

[Step 4] 检测器准确率评估...

[Step 5] Baseline 评估与可视化...
  DeleteFix: 删除 13904 行, 保留 3475 行

============================================================
Baseline 对比评估 - v6_auto_dueling_two
============================================================
  NoFix          : rf_mse=1367.0748 | rf_r2=0.9568 | ridge_mse=10665.7166 | ridge_r2=0.6632
  DeleteAll      : rf_mse=1367.0748 | rf_r2=0.9568 | ridge_mse=10665.7166 | ridge_r2=0.6632
  DeleteFix      : rf_mse=1508.6722 | rf_r2=0.9623 | ridge_mse=8872.6264 | ridge_r2=0.7782
  ReplaceAll     : rf_mse=1367.0748 | rf_r2=0.9568 | ridge_mse=10665.7166 | ridge_r2=0.6632
  DemandClean    : rf_mse=897.4534 | rf_r2=0.9733 | ridge_mse=10813.8279 | ridge_r2=0.6784
  FullFix        : rf_mse=7.8822 | rf_r2=0.9998 | ridge_mse=0.0005 | ridge_r2=1.0
  [可视化] Baseline 对比图已保存: /Users/qianzekai/PycharmProjects/TolerDM/results/demandclean/bike/v6_auto_dueling_two/visualization/v6_auto_dueling_two_baseline_comparison.png

[Step 6] 模型容忍度评估...
============================================================
模型容忍度计算 - v6_auto_dueling_two
任务类型: regression  |  模型列表: ['rf', 'ridge']
============================================================

--- 模型: RF ---
  P_clean  = 0.9998
  P_dirty  = 0.9967
  P_dc     = -0.0829
  先验容忍度 (P_dc / P_dirty)            = -0.0832
  后验容忍度 (P_dc-P_dirty)/(P_clean-P_dirty) = -348.9062

--- 模型: RIDGE ---
  P_clean  = 1.0000
  P_dirty  = 0.8565
  P_dc     = 0.3835
  先验容忍度 (P_dc / P_dirty)            = 0.4477
  后验容忍度 (P_dc-P_dirty)/(P_clean-P_dirty) = -3.2965
  容忍度柱状图已保存: /Users/qianzekai/PycharmProjects/TolerDM/results/demandclean/bike/v6_auto_dueling_two/visualization/v6_auto_dueling_two_tolerance_bar.png

[Step 7] Shapley 三维度分析...
[Shapley] 维度1: 动作重要性 (精确枚举 4!=24 排列) ...
[Shapley] 图表已保存: /Users/qianzekai/PycharmProjects/TolerDM/results/demandclean/bike/v6_auto_dueling_two/evaluation/shapley/shapley_action_importance.png
[Shapley] 维度2: 跳过特征 Shapley（计算量过大，仅保留维度1和维度3）
[Shapley] 维度3: 错误类型重要性 (精确枚举 2!=2 排列) ...
[Shapley] 图表已保存: /Users/qianzekai/PycharmProjects/TolerDM/results/demandclean/bike/v6_auto_dueling_two/evaluation/shapley/shapley_error_type_importance.png

[Step 8] 训练曲线可视化...
  [可视化] 训练曲线已保存: /Users/qianzekai/PycharmProjects/TolerDM/results/demandclean/bike/v6_auto_dueling_two/visualization/v6_auto_dueling_two_training_curves.png

[Step 9] Clean4MLBaseline 统一测评...
差异文件已保存到:
/Users/qianzekai/PycharmProjects/TolerDM/results/demandclean/bike/v6_auto_dueling_two/evaluation/v6_auto_dueling_two_clean_vs_dirty.csv
/Users/qianzekai/PycharmProjects/TolerDM/results/demandclean/bike/v6_auto_dueling_two/evaluation/v6_auto_dueling_two_dirty_vs_cleaned.csv
/Users/qianzekai/PycharmProjects/TolerDM/results/demandclean/bike/v6_auto_dueling_two/evaluation/v6_auto_dueling_two_clean_vs_cleaned.csv
修复错误数据文件已保存到: /Users/qianzekai/PycharmProjects/TolerDM/results/demandclean/bike/v6_auto_dueling_two/evaluation/v6_auto_dueling_two_repair_errors.csv
未修复但是应该修复数据文件已保存到: /Users/qianzekai/PycharmProjects/TolerDM/results/demandclean/bike/v6_auto_dueling_two/evaluation/v6_auto_dueling_two_unrepaired.csv
修复准确率: 0.0, 修复召回率: 0.0, F1值: 0.0
========================================
EDR 结果已保存到: /Users/qianzekai/PycharmProjects/TolerDM/results/demandclean/bike/v6_auto_dueling_two/evaluation/v6_auto_dueling_two_edr_evaluation.txt
错误减少率 (EDR): -0.2932448350851758
========================================
混合距离结果已保存到: /Users/qianzekai/PycharmProjects/TolerDM/results/demandclean/bike/v6_auto_dueling_two/evaluation/v6_auto_dueling_two_hybrid_distance_evaluation.txt
混合距离 (Hybrid Distance): 0.4106434669732505
========================================
R-EDR 结果已保存到: /Users/qianzekai/PycharmProjects/TolerDM/results/demandclean/bike/v6_auto_dueling_two/evaluation/v6_auto_dueling_two_record_based_edr_evaluation.txt
基于条目的错误减少率 (R-EDR): -0.028457699619771862
========================================
警告: 清洗后数据行数(17311)与干净数据行数(17379)不一致
将使用清洗后数据自身进行评估（行对齐）
通过索引对齐，使用 17311 行数据进行评估
RF - MSE: 897.4534, R2: 0.9733
LR - MSE: 10811.5232, R2: 0.6785
RIDGE - MSE: 10813.8279, R2: 0.6784
LASSO - MSE: 10826.0143, R2: 0.6780
KNN - MSE: 5778.4294, R2: 0.8281
GB - MSE: 1412.4057, R2: 0.9580

容忍度计算结果:
  P_do_nothing (脏数据性能): 0.8733
  P_demand_clean (清洗后性能): 0.9626
  P_repair_all (完全修复性能): 0.9998
  先验容忍度 (Tolerance_prior): 1.1023
  后验容忍度 (Tolerance_post): 0.7063
Snoopy模块可用，正在评估数据质量上界...
  统一测评完成，结果已保存到: /Users/qianzekai/PycharmProjects/TolerDM/results/demandclean/bike/v6_auto_dueling_two/v6_auto_dueling_two_evaluation_results.txt

  [输出] 报告已保存: /Users/qianzekai/PycharmProjects/TolerDM/results/demandclean/bike/v6_auto_dueling_two/report/v6_auto_dueling_two_report.json

  版本 v6_auto_dueling_two 完成! 耗时: 2852.44s
  输出目录: /Users/qianzekai/PycharmProjects/TolerDM/results/demandclean/bike/v6_auto_dueling_two

  只有 1 个版本完成，跳过跨版本对比

######################################################################
# 数据集: breast_cancer
######################################################################
  数据集: breast_cancer
  脏数据: (699, 9), 干净数据: (699, 9)
  特征列: 9, 标签列: class
  FD规则: 0 条

======================================================================
版本: v6_auto_dueling_two
数据集: breast_cancer | 任务: classification | 模型: random_forest
检测器: auto | Agent: dueling_two_stage | 推理: two_phase
训练轮数: 50 | 输出目录: /Users/qianzekai/PycharmProjects/TolerDM/results/demandclean/breast_cancer/v6_auto_dueling_two
======================================================================

[Step 1] 创建 DemandClean 实例...

[Step 2] 训练 (50 episodes)...
  模型已保存: /Users/qianzekai/PycharmProjects/TolerDM/results/demandclean/breast_cancer/v6_auto_dueling_two/model/v6_auto_dueling_two_agent.pt
  训练历史已保存: /Users/qianzekai/PycharmProjects/TolerDM/results/demandclean/breast_cancer/v6_auto_dueling_two/report/v6_auto_dueling_two_history.json

[Step 3] 推理 (模式: two_phase)...
  修复计划: 需要 0 个真值
  真值使用: 0
  清洗后数据已保存: /Users/qianzekai/PycharmProjects/TolerDM/results/demandclean/breast_cancer/v6_auto_dueling_two/data/v6_auto_dueling_two_cleaned.csv
  原始格式清洗数据已保存: /Users/qianzekai/PycharmProjects/TolerDM/results/demandclean/breast_cancer/v6_auto_dueling_two/data/v6_auto_dueling_two_cleaned_original.csv

[Step 4] 检测器准确率评估...

[Step 5] Baseline 评估与可视化...
  DeleteFix: 删除 391 行, 保留 308 行

============================================================
Baseline 对比评估 - v6_auto_dueling_two
============================================================
  NoFix          : rf_accuracy=0.9286 | rf_f1=0.9293 | lr_accuracy=0.8714 | lr_f1=0.8688
  DeleteAll      : rf_accuracy=0.9694 | rf_f1=0.9695 | lr_accuracy=0.9184 | lr_f1=0.9177
  DeleteFix      : rf_accuracy=0.9677 | rf_f1=0.9681 | lr_accuracy=0.9677 | lr_f1=0.9681
  ReplaceAll     : rf_accuracy=0.9286 | rf_f1=0.9293 | lr_accuracy=0.8714 | lr_f1=0.8688
  DemandClean    : rf_accuracy=0.9677 | rf_f1=0.9681 | lr_accuracy=0.9677 | lr_f1=0.9681
  FullFix        : rf_accuracy=0.9643 | rf_f1=0.9646 | lr_accuracy=0.9571 | lr_f1=0.9574
  [可视化] Baseline 对比图已保存: /Users/qianzekai/PycharmProjects/TolerDM/results/demandclean/breast_cancer/v6_auto_dueling_two/visualization/v6_auto_dueling_two_baseline_comparison.png

[Step 6] 模型容忍度评估...
============================================================
模型容忍度计算 - v6_auto_dueling_two
任务类型: classification  |  模型列表: ['rf', 'lr']
============================================================

--- 模型: RF ---
  P_clean  = 0.9643
  P_dirty  = 0.9714
  P_dc     = 0.4143
  先验容忍度 (P_dc / P_dirty)            = 0.4265
  后验容忍度 (P_dc-P_dirty)/(P_clean-P_dirty) = 78.0000

--- 模型: LR ---
  P_clean  = 0.9571
  P_dirty  = 0.9214
  P_dc     = 0.4429
  先验容忍度 (P_dc / P_dirty)            = 0.4806
  后验容忍度 (P_dc-P_dirty)/(P_clean-P_dirty) = -13.4000
  容忍度柱状图已保存: /Users/qianzekai/PycharmProjects/TolerDM/results/demandclean/breast_cancer/v6_auto_dueling_two/visualization/v6_auto_dueling_two_tolerance_bar.png

[Step 7] Shapley 三维度分析...
[Shapley] 维度1: 动作重要性 (精确枚举 4!=24 排列) ...
[Shapley] 图表已保存: /Users/qianzekai/PycharmProjects/TolerDM/results/demandclean/breast_cancer/v6_auto_dueling_two/evaluation/shapley/shapley_action_importance.png
[Shapley] 维度2: 跳过特征 Shapley（计算量过大，仅保留维度1和维度3）
[Shapley] 维度3: 错误类型重要性 (精确枚举 4!=24 排列) ...
[Shapley] 图表已保存: /Users/qianzekai/PycharmProjects/TolerDM/results/demandclean/breast_cancer/v6_auto_dueling_two/evaluation/shapley/shapley_error_type_importance.png

[Step 8] 训练曲线可视化...
  [可视化] 训练曲线已保存: /Users/qianzekai/PycharmProjects/TolerDM/results/demandclean/breast_cancer/v6_auto_dueling_two/visualization/v6_auto_dueling_two_training_curves.png

[Step 9] Clean4MLBaseline 统一测评...
差异文件已保存到:
/Users/qianzekai/PycharmProjects/TolerDM/results/demandclean/breast_cancer/v6_auto_dueling_two/evaluation/v6_auto_dueling_two_clean_vs_dirty.csv
/Users/qianzekai/PycharmProjects/TolerDM/results/demandclean/breast_cancer/v6_auto_dueling_two/evaluation/v6_auto_dueling_two_dirty_vs_cleaned.csv
/Users/qianzekai/PycharmProjects/TolerDM/results/demandclean/breast_cancer/v6_auto_dueling_two/evaluation/v6_auto_dueling_two_clean_vs_cleaned.csv
修复错误数据文件已保存到: /Users/qianzekai/PycharmProjects/TolerDM/results/demandclean/breast_cancer/v6_auto_dueling_two/evaluation/v6_auto_dueling_two_repair_errors.csv
未修复但是应该修复数据文件已保存到: /Users/qianzekai/PycharmProjects/TolerDM/results/demandclean/breast_cancer/v6_auto_dueling_two/evaluation/v6_auto_dueling_two_unrepaired.csv
修复准确率: 0.0, 修复召回率: 0.0, F1值: 0.0
========================================
EDR 结果已保存到: /Users/qianzekai/PycharmProjects/TolerDM/results/demandclean/breast_cancer/v6_auto_dueling_two/evaluation/v6_auto_dueling_two_edr_evaluation.txt
错误减少率 (EDR): -1.25
========================================
混合距离结果已保存到: /Users/qianzekai/PycharmProjects/TolerDM/results/demandclean/breast_cancer/v6_auto_dueling_two/evaluation/v6_auto_dueling_two_hybrid_distance_evaluation.txt
混合距离 (Hybrid Distance): 0.030658854423254268
========================================
R-EDR 结果已保存到: /Users/qianzekai/PycharmProjects/TolerDM/results/demandclean/breast_cancer/v6_auto_dueling_two/evaluation/v6_auto_dueling_two_record_based_edr_evaluation.txt
基于条目的错误减少率 (R-EDR): -1.0727272727272728
========================================
警告: 清洗后数据行数(308)与干净数据行数(699)不一致
将使用清洗后数据自身进行评估（行对齐）
通过索引对齐，使用 308 行数据进行评估
RF - Accuracy: 0.9516, F1: 0.9523, Precision: 0.9577, Recall: 0.9516
LR - Accuracy: 0.9516, F1: 0.9519, Precision: 0.9527, Recall: 0.9516
SVM - Accuracy: 0.9516, F1: 0.9519, Precision: 0.9527, Recall: 0.9516
KNN - Accuracy: 0.9516, F1: 0.9519, Precision: 0.9527, Recall: 0.9516
DT - Accuracy: 0.9355, F1: 0.9361, Precision: 0.9389, Recall: 0.9355
GB - Accuracy: 0.9516, F1: 0.9523, Precision: 0.9577, Recall: 0.9516

容忍度计算结果:
  P_do_nothing (脏数据性能): 0.9424
  P_demand_clean (清洗后性能): 0.9839
  P_repair_all (完全修复性能): 0.9712
  先验容忍度 (Tolerance_prior): 1.0440
  后验容忍度 (Tolerance_post): 1.4395
Snoopy模块可用，正在评估数据质量上界...
  统一测评完成，结果已保存到: /Users/qianzekai/PycharmProjects/TolerDM/results/demandclean/breast_cancer/v6_auto_dueling_two/v6_auto_dueling_two_evaluation_results.txt

  [输出] 报告已保存: /Users/qianzekai/PycharmProjects/TolerDM/results/demandclean/breast_cancer/v6_auto_dueling_two/report/v6_auto_dueling_two_report.json

  版本 v6_auto_dueling_two 完成! 耗时: 58.31s
  输出目录: /Users/qianzekai/PycharmProjects/TolerDM/results/demandclean/breast_cancer/v6_auto_dueling_two

  只有 1 个版本完成，跳过跨版本对比

######################################################################
# 数据集: har
######################################################################
  数据集: har
  脏数据: (70000, 3), 干净数据: (70000, 3)
  特征列: 3, 标签列: gt
  FD规则: 0 条

======================================================================
版本: v6_auto_dueling_two
数据集: har | 任务: clustering | 模型: kmeans
检测器: auto | Agent: dueling_two_stage | 推理: two_phase
训练轮数: 50 | 输出目录: /Users/qianzekai/PycharmProjects/TolerDM/results/demandclean/har/v6_auto_dueling_two
======================================================================

[Step 1] 创建 DemandClean 实例...

[Step 2] 训练 (50 episodes)...
  模型已保存: /Users/qianzekai/PycharmProjects/TolerDM/results/demandclean/har/v6_auto_dueling_two/model/v6_auto_dueling_two_agent.pt
  训练历史已保存: /Users/qianzekai/PycharmProjects/TolerDM/results/demandclean/har/v6_auto_dueling_two/report/v6_auto_dueling_two_history.json

[Step 3] 推理 (模式: two_phase)...
  修复计划: 需要 0 个真值
  真值使用: 0
  清洗后数据已保存: /Users/qianzekai/PycharmProjects/TolerDM/results/demandclean/har/v6_auto_dueling_two/data/v6_auto_dueling_two_cleaned.csv
  原始格式清洗数据已保存: /Users/qianzekai/PycharmProjects/TolerDM/results/demandclean/har/v6_auto_dueling_two/data/v6_auto_dueling_two_cleaned_original.csv

[Step 4] 检测器准确率评估...

[Step 5] Baseline 评估与可视化...
  DeleteFix: 删除 34004 行, 保留 35996 行

============================================================
Baseline 对比评估 - v6_auto_dueling_two
============================================================
  NoFix          : kmeans_silhouette=0.51 | kmeans_ari=0.6685
  DeleteAll      : kmeans_silhouette=0.5222 | kmeans_ari=0.6679
  DeleteFix      : kmeans_silhouette=0.8967 | kmeans_ari=0.9851
  ReplaceAll     : kmeans_silhouette=0.51 | kmeans_ari=0.6685
  DemandClean    : kmeans_silhouette=0.8967 | kmeans_ari=0.9851
  FullFix        : kmeans_silhouette=0.9096 | kmeans_ari=1.0

[Step 6] 模型容忍度评估...
============================================================
模型容忍度计算 - v6_auto_dueling_two
任务类型: clustering  |  模型列表: ['kmeans']
============================================================

--- 模型: KMEANS ---
  P_clean  = 0.9090
  P_dirty  = 0.5105
  P_dc     = 0.8978
  先验容忍度 (P_dc / P_dirty)            = 1.7584
  后验容忍度 (P_dc-P_dirty)/(P_clean-P_dirty) = 0.9718
  容忍度柱状图已保存: /Users/qianzekai/PycharmProjects/TolerDM/results/demandclean/har/v6_auto_dueling_two/visualization/v6_auto_dueling_two_tolerance_bar.png

[Step 7] Shapley 三维度分析...
[Shapley] 维度1: 动作重要性 (精确枚举 4!=24 排列) ...
[Shapley] 图表已保存: /Users/qianzekai/PycharmProjects/TolerDM/results/demandclean/har/v6_auto_dueling_two/evaluation/shapley/shapley_action_importance.png
[Shapley] 维度2: 跳过特征 Shapley（计算量过大，仅保留维度1和维度3）
[Shapley] 维度3: 错误类型重要性 (精确枚举 4!=24 排列) ...
[Shapley] 图表已保存: /Users/qianzekai/PycharmProjects/TolerDM/results/demandclean/har/v6_auto_dueling_two/evaluation/shapley/shapley_error_type_importance.png

[Step 8] 训练曲线可视化...
  [可视化] 训练曲线已保存: /Users/qianzekai/PycharmProjects/TolerDM/results/demandclean/har/v6_auto_dueling_two/visualization/v6_auto_dueling_two_training_curves.png

[Step 9] Clean4MLBaseline 统一测评...
差异文件已保存到:
/Users/qianzekai/PycharmProjects/TolerDM/results/demandclean/har/v6_auto_dueling_two/evaluation/v6_auto_dueling_two_clean_vs_dirty.csv
/Users/qianzekai/PycharmProjects/TolerDM/results/demandclean/har/v6_auto_dueling_two/evaluation/v6_auto_dueling_two_dirty_vs_cleaned.csv
/Users/qianzekai/PycharmProjects/TolerDM/results/demandclean/har/v6_auto_dueling_two/evaluation/v6_auto_dueling_two_clean_vs_cleaned.csv
修复错误数据文件已保存到: /Users/qianzekai/PycharmProjects/TolerDM/results/demandclean/har/v6_auto_dueling_two/evaluation/v6_auto_dueling_two_repair_errors.csv
未修复但是应该修复数据文件已保存到: /Users/qianzekai/PycharmProjects/TolerDM/results/demandclean/har/v6_auto_dueling_two/evaluation/v6_auto_dueling_two_unrepaired.csv
修复准确率: 0.0, 修复召回率: 0.0, F1值: 0.0
========================================
EDR 结果已保存到: /Users/qianzekai/PycharmProjects/TolerDM/results/demandclean/har/v6_auto_dueling_two/evaluation/v6_auto_dueling_two_edr_evaluation.txt
错误减少率 (EDR): -28.35734463276836
========================================
混合距离结果已保存到: /Users/qianzekai/PycharmProjects/TolerDM/results/demandclean/har/v6_auto_dueling_two/evaluation/v6_auto_dueling_two_hybrid_distance_evaluation.txt
混合距离 (Hybrid Distance): 0.12464666807347771
========================================
R-EDR 结果已保存到: /Users/qianzekai/PycharmProjects/TolerDM/results/demandclean/har/v6_auto_dueling_two/evaluation/v6_auto_dueling_two_record_based_edr_evaluation.txt
基于条目的错误减少率 (R-EDR): -24.005714285714287
========================================
警告: 清洗后数据行数(35996)与干净数据行数(70000)不一致
将使用清洗后数据自身进行评估（行对齐）
通过索引对齐，使用 35996 行数据进行评估
KMEANS - Silhouette: 0.8967, ARI: 0.9851
AGGLOMERATIVE - Silhouette: 0.8959, ARI: 0.9998
SPECTRAL - Silhouette: 0.8967, ARI: 0.9842

容忍度计算结果:
  P_do_nothing (脏数据性能): 0.6135
  P_demand_clean (清洗后性能): 0.8967
  P_repair_all (完全修复性能): 0.6770
  先验容忍度 (Tolerance_prior): 1.4616
  后验容忍度 (Tolerance_post): 4.4622
Snoopy模块可用，正在评估数据质量上界...
  统一测评完成，结果已保存到: /Users/qianzekai/PycharmProjects/TolerDM/results/demandclean/har/v6_auto_dueling_two/v6_auto_dueling_two_evaluation_results.txt

  [输出] 报告已保存: /Users/qianzekai/PycharmProjects/TolerDM/results/demandclean/har/v6_auto_dueling_two/report/v6_auto_dueling_two_report.json

  版本 v6_auto_dueling_two 完成! 耗时: 3964.14s
  输出目录: /Users/qianzekai/PycharmProjects/TolerDM/results/demandclean/har/v6_auto_dueling_two

  只有 1 个版本完成，跳过跨版本对比

######################################################################
# 数据集: mercedes
######################################################################
  数据集: mercedes
  脏数据: (4209, 376), 干净数据: (4209, 376)
  特征列: 376, 标签列: y
  FD规则: 0 条

======================================================================
版本: v6_auto_dueling_two
数据集: mercedes | 任务: regression | 模型: ridge
检测器: auto | Agent: dueling_two_stage | 推理: two_phase
训练轮数: 50 | 输出目录: /Users/qianzekai/PycharmProjects/TolerDM/results/demandclean/mercedes/v6_auto_dueling_two
======================================================================

[Step 1] 创建 DemandClean 实例...

[Step 2] 训练 (50 episodes)...
  模型已保存: /Users/qianzekai/PycharmProjects/TolerDM/results/demandclean/mercedes/v6_auto_dueling_two/model/v6_auto_dueling_two_agent.pt
  训练历史已保存: /Users/qianzekai/PycharmProjects/TolerDM/results/demandclean/mercedes/v6_auto_dueling_two/report/v6_auto_dueling_two_history.json

[Step 3] 推理 (模式: two_phase)...
  修复计划: 需要 156829 个真值
  真值使用: 156829
  清洗后数据已保存: /Users/qianzekai/PycharmProjects/TolerDM/results/demandclean/mercedes/v6_auto_dueling_two/data/v6_auto_dueling_two_cleaned.csv
  原始格式清洗数据已保存: /Users/qianzekai/PycharmProjects/TolerDM/results/demandclean/mercedes/v6_auto_dueling_two/data/v6_auto_dueling_two_cleaned_original.csv

[Step 4] 检测器准确率评估...

[Step 5] Baseline 评估与可视化...
  DeleteFix: 删除 3368 行, 保留 841 行

============================================================
Baseline 对比评估 - v6_auto_dueling_two
============================================================
  NoFix          : rf_mse=76.7706 | rf_r2=0.5068 | ridge_mse=105.0579 | ridge_r2=0.325
  DeleteAll      : rf_mse=61.6647 | rf_r2=0.5436 | ridge_mse=91.987 | ridge_r2=0.3192
  DeleteFix      : rf_mse=81.8744 | rf_r2=0.5055 | ridge_mse=207.2601 | ridge_r2=-0.2517
  ReplaceAll     : rf_mse=76.7706 | rf_r2=0.5068 | ridge_mse=105.0579 | ridge_r2=0.325
  DemandClean    : rf_mse=52.9431 | rf_r2=0.8714 | ridge_mse=95.4559 | ridge_r2=0.768
  FullFix        : rf_mse=81.419 | rf_r2=0.4769 | ridge_mse=69.4854 | ridge_r2=0.5536
  [可视化] Baseline 对比图已保存: /Users/qianzekai/PycharmProjects/TolerDM/results/demandclean/mercedes/v6_auto_dueling_two/visualization/v6_auto_dueling_two_baseline_comparison.png

[Step 6] 模型容忍度评估...
============================================================
模型容忍度计算 - v6_auto_dueling_two
任务类型: regression  |  模型列表: ['rf', 'ridge']
============================================================

--- 模型: RF ---
  P_clean  = 0.4769
  P_dirty  = 0.4965
  P_dc     = -0.0609
  先验容忍度 (P_dc / P_dirty)            = -0.1226
  后验容忍度 (P_dc-P_dirty)/(P_clean-P_dirty) = 28.5098

--- 模型: RIDGE ---
  P_clean  = 0.5535
  P_dirty  = 0.4867
  P_dc     = -0.2207
  先验容忍度 (P_dc / P_dirty)            = -0.4535
  后验容忍度 (P_dc-P_dirty)/(P_clean-P_dirty) = -10.6002
  容忍度柱状图已保存: /Users/qianzekai/PycharmProjects/TolerDM/results/demandclean/mercedes/v6_auto_dueling_two/visualization/v6_auto_dueling_two_tolerance_bar.png

[Step 7] Shapley 三维度分析...
[Shapley] 错误数量采样: 301133 -> 49999 条（按类型分层）
[Shapley] 维度1: 动作重要性 (精确枚举 4!=24 排列) ...
[Shapley] 图表已保存: /Users/qianzekai/PycharmProjects/TolerDM/results/demandclean/mercedes/v6_auto_dueling_two/evaluation/shapley/shapley_action_importance.png
[Shapley] 维度2: 跳过特征 Shapley（计算量过大，仅保留维度1和维度3）
[Shapley] 维度3: 错误类型重要性 (精确枚举 2!=2 排列) ...
[Shapley] 图表已保存: /Users/qianzekai/PycharmProjects/TolerDM/results/demandclean/mercedes/v6_auto_dueling_two/evaluation/shapley/shapley_error_type_importance.png

[Step 8] 训练曲线可视化...
  [可视化] 训练曲线已保存: /Users/qianzekai/PycharmProjects/TolerDM/results/demandclean/mercedes/v6_auto_dueling_two/visualization/v6_auto_dueling_two_training_curves.png

[Step 9] Clean4MLBaseline 统一测评...
差异文件已保存到:
/Users/qianzekai/PycharmProjects/TolerDM/results/demandclean/mercedes/v6_auto_dueling_two/evaluation/v6_auto_dueling_two_clean_vs_dirty.csv
/Users/qianzekai/PycharmProjects/TolerDM/results/demandclean/mercedes/v6_auto_dueling_two/evaluation/v6_auto_dueling_two_dirty_vs_cleaned.csv
/Users/qianzekai/PycharmProjects/TolerDM/results/demandclean/mercedes/v6_auto_dueling_two/evaluation/v6_auto_dueling_two_clean_vs_cleaned.csv
修复错误数据文件已保存到: /Users/qianzekai/PycharmProjects/TolerDM/results/demandclean/mercedes/v6_auto_dueling_two/evaluation/v6_auto_dueling_two_repair_errors.csv
未修复但是应该修复数据文件已保存到: /Users/qianzekai/PycharmProjects/TolerDM/results/demandclean/mercedes/v6_auto_dueling_two/evaluation/v6_auto_dueling_two_unrepaired.csv
修复准确率: 0.8090884646410326, 修复召回率: 0.9338919925512105, F1值: 0.8670220428835514
========================================
EDR 结果已保存到: /Users/qianzekai/PycharmProjects/TolerDM/results/demandclean/mercedes/v6_auto_dueling_two/evaluation/v6_auto_dueling_two_edr_evaluation.txt
错误减少率 (EDR): 0.7548106765983861
========================================
混合距离结果已保存到: /Users/qianzekai/PycharmProjects/TolerDM/results/demandclean/mercedes/v6_auto_dueling_two/evaluation/v6_auto_dueling_two_hybrid_distance_evaluation.txt
混合距离 (Hybrid Distance): 0.0628168080906429
========================================
R-EDR 结果已保存到: /Users/qianzekai/PycharmProjects/TolerDM/results/demandclean/mercedes/v6_auto_dueling_two/evaluation/v6_auto_dueling_two_record_based_edr_evaluation.txt
基于条目的错误减少率 (R-EDR): 0.0
========================================
警告: 清洗后数据行数(45)与干净数据行数(4209)不一致
将使用清洗后数据自身进行评估（行对齐）
通过索引对齐，使用 45 行数据进行评估
RF - MSE: 52.5013, R2: 0.8724
LR - MSE: 393.4399, R2: 0.0440
RIDGE - MSE: 95.4880, R2: 0.7680
LASSO - MSE: 163.0379, R2: 0.6038
KNN - MSE: 239.8435, R2: 0.4172
GB - MSE: 86.8525, R2: 0.7890

容忍度计算结果:
  P_do_nothing (脏数据性能): 0.5494
  P_demand_clean (清洗后性能): 0.7497
  P_repair_all (完全修复性能): 0.4922
  先验容忍度 (Tolerance_prior): 1.3647
  后验容忍度 (Tolerance_post): -3.5043
Snoopy模块可用，正在评估数据质量上界...
  统一测评完成，结果已保存到: /Users/qianzekai/PycharmProjects/TolerDM/results/demandclean/mercedes/v6_auto_dueling_two/v6_auto_dueling_two_evaluation_results.txt

  [输出] 报告已保存: /Users/qianzekai/PycharmProjects/TolerDM/results/demandclean/mercedes/v6_auto_dueling_two/report/v6_auto_dueling_two_report.json

  版本 v6_auto_dueling_two 完成! 耗时: 6695.25s
  输出目录: /Users/qianzekai/PycharmProjects/TolerDM/results/demandclean/mercedes/v6_auto_dueling_two

  只有 1 个版本完成，跳过跨版本对比

######################################################################
# 数据集: nasa
######################################################################
  数据集: nasa
  脏数据: (1503, 5), 干净数据: (1503, 5)
  特征列: 5, 标签列: sound_pressure_level
  FD规则: 0 条

======================================================================
版本: v6_auto_dueling_two
数据集: nasa | 任务: regression | 模型: ridge
检测器: auto | Agent: dueling_two_stage | 推理: two_phase
训练轮数: 50 | 输出目录: /Users/qianzekai/PycharmProjects/TolerDM/results/demandclean/nasa/v6_auto_dueling_two
======================================================================

[Step 1] 创建 DemandClean 实例...

[Step 2] 训练 (50 episodes)...
  模型已保存: /Users/qianzekai/PycharmProjects/TolerDM/results/demandclean/nasa/v6_auto_dueling_two/model/v6_auto_dueling_two_agent.pt
  训练历史已保存: /Users/qianzekai/PycharmProjects/TolerDM/results/demandclean/nasa/v6_auto_dueling_two/report/v6_auto_dueling_two_history.json

[Step 3] 推理 (模式: two_phase)...
  修复计划: 需要 0 个真值
  真值使用: 0
  清洗后数据已保存: /Users/qianzekai/PycharmProjects/TolerDM/results/demandclean/nasa/v6_auto_dueling_two/data/v6_auto_dueling_two_cleaned.csv
  原始格式清洗数据已保存: /Users/qianzekai/PycharmProjects/TolerDM/results/demandclean/nasa/v6_auto_dueling_two/data/v6_auto_dueling_two_cleaned_original.csv

[Step 4] 检测器准确率评估...

[Step 5] Baseline 评估与可视化...
  DeleteFix: 删除 735 行, 保留 768 行

============================================================
Baseline 对比评估 - v6_auto_dueling_two
============================================================
  NoFix          : rf_mse=29.8258 | rf_r2=0.4047 | ridge_mse=46.1931 | ridge_r2=0.078
  DeleteAll      : rf_mse=29.5505 | rf_r2=0.3448 | ridge_mse=43.1417 | ridge_r2=0.0435
  DeleteFix      : rf_mse=23.9276 | rf_r2=0.5408 | ridge_mse=44.5679 | ridge_r2=0.1447
  ReplaceAll     : rf_mse=29.8258 | rf_r2=0.4047 | ridge_mse=46.1931 | ridge_r2=0.078
  DemandClean    : rf_mse=30.1603 | rf_r2=0.3665 | ridge_mse=44.6442 | ridge_r2=0.0622
  FullFix        : rf_mse=16.7925 | rf_r2=0.6648 | ridge_mse=37.5769 | ridge_r2=0.2499
  [可视化] Baseline 对比图已保存: /Users/qianzekai/PycharmProjects/TolerDM/results/demandclean/nasa/v6_auto_dueling_two/visualization/v6_auto_dueling_two_baseline_comparison.png

[Step 6] 模型容忍度评估...
============================================================
模型容忍度计算 - v6_auto_dueling_two
任务类型: regression  |  模型列表: ['rf', 'ridge']
============================================================

--- 模型: RF ---
  P_clean  = 0.6648
  P_dirty  = 0.5467
  P_dc     = -0.3743
  先验容忍度 (P_dc / P_dirty)            = -0.6847
  后验容忍度 (P_dc-P_dirty)/(P_clean-P_dirty) = -7.7944

--- 模型: RIDGE ---
  P_clean  = 0.2499
  P_dirty  = 0.1282
  P_dc     = -0.0009
  先验容忍度 (P_dc / P_dirty)            = -0.0074
  后验容忍度 (P_dc-P_dirty)/(P_clean-P_dirty) = -1.0616
  容忍度柱状图已保存: /Users/qianzekai/PycharmProjects/TolerDM/results/demandclean/nasa/v6_auto_dueling_two/visualization/v6_auto_dueling_two_tolerance_bar.png

[Step 7] Shapley 三维度分析...
[Shapley] 维度1: 动作重要性 (精确枚举 4!=24 排列) ...
[Shapley] 图表已保存: /Users/qianzekai/PycharmProjects/TolerDM/results/demandclean/nasa/v6_auto_dueling_two/evaluation/shapley/shapley_action_importance.png
[Shapley] 维度2: 跳过特征 Shapley（计算量过大，仅保留维度1和维度3）
[Shapley] 维度3: 错误类型重要性 (精确枚举 3!=6 排列) ...
[Shapley] 图表已保存: /Users/qianzekai/PycharmProjects/TolerDM/results/demandclean/nasa/v6_auto_dueling_two/evaluation/shapley/shapley_error_type_importance.png

[Step 8] 训练曲线可视化...
  [可视化] 训练曲线已保存: /Users/qianzekai/PycharmProjects/TolerDM/results/demandclean/nasa/v6_auto_dueling_two/visualization/v6_auto_dueling_two_training_curves.png

[Step 9] Clean4MLBaseline 统一测评...
差异文件已保存到:
/Users/qianzekai/PycharmProjects/TolerDM/results/demandclean/nasa/v6_auto_dueling_two/evaluation/v6_auto_dueling_two_clean_vs_dirty.csv
/Users/qianzekai/PycharmProjects/TolerDM/results/demandclean/nasa/v6_auto_dueling_two/evaluation/v6_auto_dueling_two_dirty_vs_cleaned.csv
/Users/qianzekai/PycharmProjects/TolerDM/results/demandclean/nasa/v6_auto_dueling_two/evaluation/v6_auto_dueling_two_clean_vs_cleaned.csv
修复错误数据文件已保存到: /Users/qianzekai/PycharmProjects/TolerDM/results/demandclean/nasa/v6_auto_dueling_two/evaluation/v6_auto_dueling_two_repair_errors.csv
未修复但是应该修复数据文件已保存到: /Users/qianzekai/PycharmProjects/TolerDM/results/demandclean/nasa/v6_auto_dueling_two/evaluation/v6_auto_dueling_two_unrepaired.csv
修复准确率: 0.0, 修复召回率: 0.0, F1值: 0.0
========================================
EDR 结果已保存到: /Users/qianzekai/PycharmProjects/TolerDM/results/demandclean/nasa/v6_auto_dueling_two/evaluation/v6_auto_dueling_two_edr_evaluation.txt
错误减少率 (EDR): 0.0
========================================
混合距离结果已保存到: /Users/qianzekai/PycharmProjects/TolerDM/results/demandclean/nasa/v6_auto_dueling_two/evaluation/v6_auto_dueling_two_hybrid_distance_evaluation.txt
混合距离 (Hybrid Distance): 0.28249033300276755
========================================
R-EDR 结果已保存到: /Users/qianzekai/PycharmProjects/TolerDM/results/demandclean/nasa/v6_auto_dueling_two/evaluation/v6_auto_dueling_two_record_based_edr_evaluation.txt
基于条目的错误减少率 (R-EDR): 0.0
========================================
警告: 清洗后数据行数(1453)与干净数据行数(1503)不一致
将使用清洗后数据自身进行评估（行对齐）
通过索引对齐，使用 1453 行数据进行评估
RF - MSE: 29.9411, R2: 0.3711
LR - MSE: 44.6567, R2: 0.0619
RIDGE - MSE: 44.6576, R2: 0.0619
LASSO - MSE: 46.5139, R2: 0.0229
KNN - MSE: 45.7861, R2: 0.0382
GB - MSE: 28.8532, R2: 0.3939

容忍度计算结果:
  P_do_nothing (脏数据性能): -0.2851
  P_demand_clean (清洗后性能): 0.2970
  P_repair_all (完全修复性能): 0.9334
  先验容忍度 (Tolerance_prior): -1.0420
  后验容忍度 (Tolerance_post): 0.4777
Snoopy模块可用，正在评估数据质量上界...
  统一测评完成，结果已保存到: /Users/qianzekai/PycharmProjects/TolerDM/results/demandclean/nasa/v6_auto_dueling_two/v6_auto_dueling_two_evaluation_results.txt

  [输出] 报告已保存: /Users/qianzekai/PycharmProjects/TolerDM/results/demandclean/nasa/v6_auto_dueling_two/report/v6_auto_dueling_two_report.json

  版本 v6_auto_dueling_two 完成! 耗时: 24.38s
  输出目录: /Users/qianzekai/PycharmProjects/TolerDM/results/demandclean/nasa/v6_auto_dueling_two

  只有 1 个版本完成，跳过跨版本对比

######################################################################
# 数据集: smartfactory
######################################################################
  数据集: smartfactory
  脏数据: (23645, 18), 干净数据: (23645, 18)
  特征列: 18, 标签列: labels
  FD规则: 0 条

======================================================================
版本: v6_auto_dueling_two
数据集: smartfactory | 任务: classification | 模型: random_forest
检测器: auto | Agent: dueling_two_stage | 推理: two_phase
训练轮数: 50 | 输出目录: /Users/qianzekai/PycharmProjects/TolerDM/results/demandclean/smartfactory/v6_auto_dueling_two
======================================================================

[Step 1] 创建 DemandClean 实例...

[Step 2] 训练 (50 episodes)...
  模型已保存: /Users/qianzekai/PycharmProjects/TolerDM/results/demandclean/smartfactory/v6_auto_dueling_two/model/v6_auto_dueling_two_agent.pt
  训练历史已保存: /Users/qianzekai/PycharmProjects/TolerDM/results/demandclean/smartfactory/v6_auto_dueling_two/report/v6_auto_dueling_two_history.json

[Step 3] 推理 (模式: two_phase)...
  修复计划: 需要 233 个真值
  真值使用: 233
  清洗后数据已保存: /Users/qianzekai/PycharmProjects/TolerDM/results/demandclean/smartfactory/v6_auto_dueling_two/data/v6_auto_dueling_two_cleaned.csv
  原始格式清洗数据已保存: /Users/qianzekai/PycharmProjects/TolerDM/results/demandclean/smartfactory/v6_auto_dueling_two/data/v6_auto_dueling_two_cleaned_original.csv

[Step 4] 检测器准确率评估...

[Step 5] Baseline 评估与可视化...
  DeleteFix: 删除 7328 行, 保留 16317 行

============================================================
Baseline 对比评估 - v6_auto_dueling_two
============================================================
  NoFix          : rf_accuracy=0.9706 | rf_f1=0.9704 | lr_accuracy=0.7701 | lr_f1=0.675
  DeleteAll      : rf_accuracy=0.9622 | rf_f1=0.9618 | lr_accuracy=0.7514 | lr_f1=0.652
  DeleteFix      : rf_accuracy=0.9688 | rf_f1=0.9686 | lr_accuracy=0.7528 | lr_f1=0.6564
  ReplaceAll     : rf_accuracy=0.9706 | rf_f1=0.9704 | lr_accuracy=0.7701 | lr_f1=0.675
  DemandClean    : rf_accuracy=0.9685 | rf_f1=0.9682 | lr_accuracy=0.7446 | lr_f1=0.6438
  FullFix        : rf_accuracy=0.9808 | rf_f1=0.9808 | lr_accuracy=0.7739 | lr_f1=0.6818
  [可视化] Baseline 对比图已保存: /Users/qianzekai/PycharmProjects/TolerDM/results/demandclean/smartfactory/v6_auto_dueling_two/visualization/v6_auto_dueling_two_baseline_comparison.png

[Step 6] 模型容忍度评估...
============================================================
模型容忍度计算 - v6_auto_dueling_two
任务类型: classification  |  模型列表: ['rf', 'lr']
============================================================

--- 模型: RF ---
  P_clean  = 0.9808
  P_dirty  = 0.9776
  P_dc     = 0.7202
  先验容忍度 (P_dc / P_dirty)            = 0.7368
  后验容忍度 (P_dc-P_dirty)/(P_clean-P_dirty) = -81.1333

--- 模型: LR ---
  P_clean  = 0.7739
  P_dirty  = 0.7712
  P_dc     = 0.7712
  先验容忍度 (P_dc / P_dirty)            = 1.0000
  后验容忍度 (P_dc-P_dirty)/(P_clean-P_dirty) = 0.0000
  容忍度柱状图已保存: /Users/qianzekai/PycharmProjects/TolerDM/results/demandclean/smartfactory/v6_auto_dueling_two/visualization/v6_auto_dueling_two_tolerance_bar.png

[Step 7] Shapley 三维度分析...
[Shapley] 维度1: 动作重要性 (精确枚举 4!=24 排列) ...
[Shapley] 图表已保存: /Users/qianzekai/PycharmProjects/TolerDM/results/demandclean/smartfactory/v6_auto_dueling_two/evaluation/shapley/shapley_action_importance.png
[Shapley] 维度2: 跳过特征 Shapley（计算量过大，仅保留维度1和维度3）
[Shapley] 维度3: 错误类型重要性 (精确枚举 2!=2 排列) ...
[Shapley] 图表已保存: /Users/qianzekai/PycharmProjects/TolerDM/results/demandclean/smartfactory/v6_auto_dueling_two/evaluation/shapley/shapley_error_type_importance.png

[Step 8] 训练曲线可视化...
  [可视化] 训练曲线已保存: /Users/qianzekai/PycharmProjects/TolerDM/results/demandclean/smartfactory/v6_auto_dueling_two/visualization/v6_auto_dueling_two_training_curves.png

[Step 9] Clean4MLBaseline 统一测评...
差异文件已保存到:
/Users/qianzekai/PycharmProjects/TolerDM/results/demandclean/smartfactory/v6_auto_dueling_two/evaluation/v6_auto_dueling_two_clean_vs_dirty.csv
/Users/qianzekai/PycharmProjects/TolerDM/results/demandclean/smartfactory/v6_auto_dueling_two/evaluation/v6_auto_dueling_two_dirty_vs_cleaned.csv
/Users/qianzekai/PycharmProjects/TolerDM/results/demandclean/smartfactory/v6_auto_dueling_two/evaluation/v6_auto_dueling_two_clean_vs_cleaned.csv
修复错误数据文件已保存到: /Users/qianzekai/PycharmProjects/TolerDM/results/demandclean/smartfactory/v6_auto_dueling_two/evaluation/v6_auto_dueling_two_repair_errors.csv
未修复但是应该修复数据文件已保存到: /Users/qianzekai/PycharmProjects/TolerDM/results/demandclean/smartfactory/v6_auto_dueling_two/evaluation/v6_auto_dueling_two_unrepaired.csv
修复准确率: 0.0, 修复召回率: 0.0, F1值: 0.0
========================================
EDR 结果已保存到: /Users/qianzekai/PycharmProjects/TolerDM/results/demandclean/smartfactory/v6_auto_dueling_two/evaluation/v6_auto_dueling_two_edr_evaluation.txt
错误减少率 (EDR): -8.052064631956911
========================================
混合距离结果已保存到: /Users/qianzekai/PycharmProjects/TolerDM/results/demandclean/smartfactory/v6_auto_dueling_two/evaluation/v6_auto_dueling_two_hybrid_distance_evaluation.txt
混合距离 (Hybrid Distance): 0.05583933877755358
========================================
R-EDR 结果已保存到: /Users/qianzekai/PycharmProjects/TolerDM/results/demandclean/smartfactory/v6_auto_dueling_two/evaluation/v6_auto_dueling_two_record_based_edr_evaluation.txt
基于条目的错误减少率 (R-EDR): -2.952064631956912
========================================
警告: 清洗后数据行数(22061)与干净数据行数(23645)不一致
将使用清洗后数据自身进行评估（行对齐）
通过索引对齐，使用 22061 行数据进行评估
RF - Accuracy: 0.9685, F1: 0.9682, Precision: 0.9684, Recall: 0.9685
LR - Accuracy: 0.7446, F1: 0.6438, Precision: 0.6777, Recall: 0.7446
SVM - Accuracy: 0.7521, F1: 0.6544, Precision: 0.7833, Recall: 0.7521
KNN - Accuracy: 0.8042, F1: 0.7940, Precision: 0.7923, Recall: 0.8042
DT - Accuracy: 0.9436, F1: 0.9437, Precision: 0.9440, Recall: 0.9436
GB - Accuracy: 0.7877, F1: 0.7314, Precision: 0.8097, Recall: 0.7877

容忍度计算结果:
  P_do_nothing (脏数据性能): 0.7484
  P_demand_clean (清洗后性能): 0.9683
  P_repair_all (完全修复性能): 0.9816
  先验容忍度 (Tolerance_prior): 1.2939
  后验容忍度 (Tolerance_post): 0.9429
Snoopy模块可用，正在评估数据质量上界...
  统一测评完成，结果已保存到: /Users/qianzekai/PycharmProjects/TolerDM/results/demandclean/smartfactory/v6_auto_dueling_two/v6_auto_dueling_two_evaluation_results.txt

  [输出] 报告已保存: /Users/qianzekai/PycharmProjects/TolerDM/results/demandclean/smartfactory/v6_auto_dueling_two/report/v6_auto_dueling_two_report.json

  版本 v6_auto_dueling_two 完成! 耗时: 1736.24s
  输出目录: /Users/qianzekai/PycharmProjects/TolerDM/results/demandclean/smartfactory/v6_auto_dueling_two

  只有 1 个版本完成，跳过跨版本对比

######################################################################
# 数据集: soilmoisture
######################################################################
  数据集: soilmoisture
  脏数据: (679, 127), 干净数据: (679, 127)
  特征列: 127, 标签列: soil_moisture
  FD规则: 0 条

======================================================================
版本: v6_auto_dueling_two
数据集: soilmoisture | 任务: regression | 模型: ridge
检测器: auto | Agent: dueling_two_stage | 推理: two_phase
训练轮数: 50 | 输出目录: /Users/qianzekai/PycharmProjects/TolerDM/results/demandclean/soilmoisture/v6_auto_dueling_two
======================================================================

[Step 1] 创建 DemandClean 实例...

[Step 2] 训练 (50 episodes)...
  模型已保存: /Users/qianzekai/PycharmProjects/TolerDM/results/demandclean/soilmoisture/v6_auto_dueling_two/model/v6_auto_dueling_two_agent.pt
  训练历史已保存: /Users/qianzekai/PycharmProjects/TolerDM/results/demandclean/soilmoisture/v6_auto_dueling_two/report/v6_auto_dueling_two_history.json

[Step 3] 推理 (模式: two_phase)...
  修复计划: 需要 7827 个真值
  真值使用: 7827
  清洗后数据已保存: /Users/qianzekai/PycharmProjects/TolerDM/results/demandclean/soilmoisture/v6_auto_dueling_two/data/v6_auto_dueling_two_cleaned.csv
  原始格式清洗数据已保存: /Users/qianzekai/PycharmProjects/TolerDM/results/demandclean/soilmoisture/v6_auto_dueling_two/data/v6_auto_dueling_two_cleaned_original.csv

[Step 4] 检测器准确率评估...

[Step 5] Baseline 评估与可视化...
  DeleteFix: 删除 544 行, 保留 135 行

============================================================
Baseline 对比评估 - v6_auto_dueling_two
============================================================
  NoFix          : rf_mse=2.7104 | rf_r2=0.8108 | ridge_mse=8.4941 | ridge_r2=0.4069
  DeleteAll      : rf_mse=3.2182 | rf_r2=0.7352 | ridge_mse=8.306 | ridge_r2=0.3166
  DeleteFix      : rf_mse=2.205 | rf_r2=0.835 | ridge_mse=15.0055 | ridge_r2=-0.1226
  ReplaceAll     : rf_mse=2.7104 | rf_r2=0.8108 | ridge_mse=8.4941 | ridge_r2=0.4069
  DemandClean    : rf_mse=2.2095 | rf_r2=0.8457 | ridge_mse=7.7674 | ridge_r2=0.4577
  FullFix        : rf_mse=0.8911 | rf_r2=0.9378 | ridge_mse=1.5644 | ridge_r2=0.8908
  [可视化] Baseline 对比图已保存: /Users/qianzekai/PycharmProjects/TolerDM/results/demandclean/soilmoisture/v6_auto_dueling_two/visualization/v6_auto_dueling_two_baseline_comparison.png

[Step 6] 模型容忍度评估...
============================================================
模型容忍度计算 - v6_auto_dueling_two
任务类型: regression  |  模型列表: ['rf', 'ridge']
============================================================

--- 模型: RF ---
  P_clean  = 0.9378
  P_dirty  = 0.8955
  P_dc     = 0.8996
  先验容忍度 (P_dc / P_dirty)            = 1.0046
  后验容忍度 (P_dc-P_dirty)/(P_clean-P_dirty) = 0.0977

--- 模型: RIDGE ---
  P_clean  = 0.8908
  P_dirty  = 0.5526
  P_dc     = 0.5571
  先验容忍度 (P_dc / P_dirty)            = 1.0082
  后验容忍度 (P_dc-P_dirty)/(P_clean-P_dirty) = 0.0134
  容忍度柱状图已保存: /Users/qianzekai/PycharmProjects/TolerDM/results/demandclean/soilmoisture/v6_auto_dueling_two/visualization/v6_auto_dueling_two_tolerance_bar.png

[Step 7] Shapley 三维度分析...
[Shapley] 错误数量采样: 55701 -> 49998 条（按类型分层）
[Shapley] 维度1: 动作重要性 (精确枚举 4!=24 排列) ...
[Shapley] 图表已保存: /Users/qianzekai/PycharmProjects/TolerDM/results/demandclean/soilmoisture/v6_auto_dueling_two/evaluation/shapley/shapley_action_importance.png
[Shapley] 维度2: 跳过特征 Shapley（计算量过大，仅保留维度1和维度3）
[Shapley] 维度3: 错误类型重要性 (精确枚举 3!=6 排列) ...
[Shapley] 图表已保存: /Users/qianzekai/PycharmProjects/TolerDM/results/demandclean/soilmoisture/v6_auto_dueling_two/evaluation/shapley/shapley_error_type_importance.png

[Step 8] 训练曲线可视化...
  [可视化] 训练曲线已保存: /Users/qianzekai/PycharmProjects/TolerDM/results/demandclean/soilmoisture/v6_auto_dueling_two/visualization/v6_auto_dueling_two_training_curves.png

[Step 9] Clean4MLBaseline 统一测评...
差异文件已保存到:
/Users/qianzekai/PycharmProjects/TolerDM/results/demandclean/soilmoisture/v6_auto_dueling_two/evaluation/v6_auto_dueling_two_clean_vs_dirty.csv
/Users/qianzekai/PycharmProjects/TolerDM/results/demandclean/soilmoisture/v6_auto_dueling_two/evaluation/v6_auto_dueling_two_dirty_vs_cleaned.csv
/Users/qianzekai/PycharmProjects/TolerDM/results/demandclean/soilmoisture/v6_auto_dueling_two/evaluation/v6_auto_dueling_two_clean_vs_cleaned.csv
修复错误数据文件已保存到: /Users/qianzekai/PycharmProjects/TolerDM/results/demandclean/soilmoisture/v6_auto_dueling_two/evaluation/v6_auto_dueling_two_repair_errors.csv
未修复但是应该修复数据文件已保存到: /Users/qianzekai/PycharmProjects/TolerDM/results/demandclean/soilmoisture/v6_auto_dueling_two/evaluation/v6_auto_dueling_two_unrepaired.csv
修复准确率: 0.5535422788116225, 修复召回率: 0.13035288690705005, F1值: 0.21101431235246818
========================================
EDR 结果已保存到: /Users/qianzekai/PycharmProjects/TolerDM/results/demandclean/soilmoisture/v6_auto_dueling_two/evaluation/v6_auto_dueling_two_edr_evaluation.txt
错误减少率 (EDR): 0.12854616744829708
========================================
混合距离结果已保存到: /Users/qianzekai/PycharmProjects/TolerDM/results/demandclean/soilmoisture/v6_auto_dueling_two/evaluation/v6_auto_dueling_two_hybrid_distance_evaluation.txt
混合距离 (Hybrid Distance): 0.32787492789966083
========================================
R-EDR 结果已保存到: /Users/qianzekai/PycharmProjects/TolerDM/results/demandclean/soilmoisture/v6_auto_dueling_two/evaluation/v6_auto_dueling_two_record_based_edr_evaluation.txt
基于条目的错误减少率 (R-EDR): 0.0
========================================
RF - MSE: 2.2095, R2: 0.8457
LR - MSE: 7.7648, R2: 0.4579
RIDGE - MSE: 7.7674, R2: 0.4577
LASSO - MSE: 9.7962, R2: 0.3160
KNN - MSE: 7.0198, R2: 0.5099
GB - MSE: 2.3178, R2: 0.8382

容忍度计算结果:
  P_do_nothing (脏数据性能): 0.6590
  P_demand_clean (清洗后性能): 0.7344
  P_repair_all (完全修复性能): 0.9386
  先验容忍度 (Tolerance_prior): 1.1144
  后验容忍度 (Tolerance_post): 0.2696
Snoopy模块可用，正在评估数据质量上界...
  统一测评完成，结果已保存到: /Users/qianzekai/PycharmProjects/TolerDM/results/demandclean/soilmoisture/v6_auto_dueling_two/v6_auto_dueling_two_evaluation_results.txt

  [输出] 报告已保存: /Users/qianzekai/PycharmProjects/TolerDM/results/demandclean/soilmoisture/v6_auto_dueling_two/report/v6_auto_dueling_two_report.json

  版本 v6_auto_dueling_two 完成! 耗时: 483.12s
  输出目录: /Users/qianzekai/PycharmProjects/TolerDM/results/demandclean/soilmoisture/v6_auto_dueling_two

  只有 1 个版本完成，跳过跨版本对比

======================================================================
全部完成! 总耗时: 20222.31s
结果目录: /Users/qianzekai/PycharmProjects/TolerDM/results/demandclean
日志文件: /Users/qianzekai/PycharmProjects/TolerDM/logs/demandclean/all_ep50_20260223_025508.log
======================================================================
