[22:39:39] INFO: ==================================================
[22:39:39] INFO: DemandClean 训练开始
[22:39:39] INFO:   检测器模式: auto
[22:39:39] INFO:   训练模式: clean_base
[22:39:39] INFO:   Agent类型: dueling_two_stage
[22:39:39] INFO:   推理模式: single_phase
[22:39:39] INFO:   FD规则: 4
[22:39:39] INFO:   丰富规则: 有
[22:39:39] INFO: ==================================================
[22:39:39] INFO: 
[Step 1] 初始化错误检测器...
[22:39:39] INFO: 
[Step 1.5] 运行 RAHA 检测获取标注行...
[22:44:35] INFO:   [预修复] 利用 RAHA 标注行修复 41 个特征单元格 + 0 个标签
[22:44:35] INFO:   标注行: [5, 76, 161, 276, 284, 452, 468, 515, 535, 768]... (共 20 行)
[22:44:35] INFO: 
[Step 2] 训练 DQN Agent...
[22:44:35] INFO: 开始训练 (dueling_two_stage Agent, mode=clean_base)
[22:44:35] INFO:   任务类型: classification
[22:44:35] INFO:   模型类型: random_forest
[22:44:35] INFO:   原始数据: 1446 行
[22:45:14] INFO:   Clean Base 自动选择 (5-fold CV, 样本保留率加权):
[22:45:14] INFO:     DeleteFix: 289 行, CV=0.2944, 权重=0.447, 加权=0.1316
[22:45:14] INFO:     VE-Fill:   1446 行, CV=0.0000, 权重=1.000, 加权=0.0000
[22:45:14] INFO:     → 选择 DeleteFix (289 行)
[22:45:14] INFO:   标签注入: 检测器未发现标签错误，不注入
[22:45:14] INFO:   自适应注入比例范围 (基于检测结果):
[22:45:14] INFO:     missing: (0.1804, 0.2705)
[22:45:14] INFO:     semantic: (0.0050, 0.0100)
[22:45:14] INFO:     syntactic: (0.0050, 0.0100)
[22:45:14] INFO:     label: 不注入
[22:45:20] INFO:   ErrorInjector: rich_rules=True, domain=3, cfd=0, fd=4
[22:45:20] INFO:   Oracle 模式: reward 使用干净验证集 (482 行)
[22:45:20] INFO:   开始训练 DQN (400 episodes, 起始轮=0)...
[22:47:13] INFO:   Episode 50/400: Score=0.2199, Best=0.2635, Eps=0.778
[22:47:13] INFO:     Actions: {'no_action': 21, 'repair_value': 6, 'delete': 20, 'replace_nearby': 5}
[22:49:08] INFO:   Episode 100/400: Score=0.2054, Best=0.2635, Eps=0.606
[22:49:08] INFO:     Actions: {'no_action': 11, 'repair_value': 12, 'delete': 24, 'replace_nearby': 24}
[22:50:56] INFO:   Episode 150/400: Score=0.2095, Best=0.2635, Eps=0.471
[22:50:56] INFO:     Actions: {'no_action': 37, 'repair_value': 3, 'delete': 17, 'replace_nearby': 12}
[22:52:55] INFO:   Episode 200/400: Score=0.1992, Best=0.2635, Eps=0.367
[22:52:55] INFO:     Actions: {'no_action': 23, 'repair_value': 1, 'delete': 25, 'replace_nearby': 15}
[22:54:40] INFO:   Episode 250/400: Score=0.2158, Best=0.2635, Eps=0.286
[22:54:40] INFO:     Actions: {'no_action': 36, 'repair_value': 1, 'delete': 17, 'replace_nearby': 4}
[22:56:08] INFO:   Episode 300/400: Score=0.2075, Best=0.2635, Eps=0.222
[22:56:08] INFO:     Actions: {'no_action': 4, 'repair_value': 0, 'delete': 46, 'replace_nearby': 11}
[22:57:29] INFO:   Episode 350/400: Score=0.2012, Best=0.2635, Eps=0.173
[22:57:29] INFO:     Actions: {'no_action': 68, 'repair_value': 0, 'delete': 3, 'replace_nearby': 3}
[22:58:50] INFO:   Episode 400/400: Score=0.2116, Best=0.2635, Eps=0.135
[22:58:50] INFO:     Actions: {'no_action': 13, 'repair_value': 3, 'delete': 5, 'replace_nearby': 48}
[22:58:50] INFO: 
已恢复最佳模型权重 (Episode 13, Score=0.2635, Cost=6)
[22:58:50] INFO: 
训练完成! 最佳分数: 0.2635 (共 400 episodes)
[22:58:50] INFO:   最佳动作分布: {'no_action': 29, 'repair_value': 6, 'delete': 25, 'replace_nearby': 14}
[22:58:50] INFO: 
训练完成!
[22:58:50] INFO: 模型已保存: /Users/qianzekai/PycharmProjects/TolerDM/results/demandclean/beers/v5_auto_dueling_single/model/v5_auto_dueling_single_agent.pt
[22:58:50] INFO: 
==================================================
[22:58:50] INFO: 单阶段推理
[22:58:50] INFO: ==================================================
[22:58:50] INFO:   [预修复] 利用 RAHA 标注行修复 41 个特征单元格 + 0 个标签
[22:58:50] INFO:   移除已修复错误: missing=38, syntactic=3
Traceback (most recent call last):
  File "/Users/qianzekai/PycharmProjects/TolerDM/run_demandclean/run_demandclean_base.py", line 1957, in run_version
    getscoreml_results = run_all_evaluation(
  File "/Users/qianzekai/PycharmProjects/TolerDM/tools/getScoreML.py", line 1448, in run_all_evaluation
    tolerance_results = calculate_tolerance(
  File "/Users/qianzekai/PycharmProjects/TolerDM/tools/getScoreML.py", line 547, in calculate_tolerance
    P_do_nothing = get_performance_enc(X_dirty, y_dirty, X_clean[test_indices], y_clean[test_indices])
  File "/Users/qianzekai/PycharmProjects/TolerDM/tools/getScoreML.py", line 538, in get_performance_enc
    model.fit(X[train_indices], y_train_labels[train_indices])
  File "/Users/qianzekai/PycharmProjects/TolerDM/TolerRL/lib/python3.9/site-packages/sklearn/ensemble/_forest.py", line 327, in fit
    X, y = self._validate_data(
  File "/Users/qianzekai/PycharmProjects/TolerDM/TolerRL/lib/python3.9/site-packages/sklearn/base.py", line 581, in _validate_data
    X, y = check_X_y(X, y, **check_params)
  File "/Users/qianzekai/PycharmProjects/TolerDM/TolerRL/lib/python3.9/site-packages/sklearn/utils/validation.py", line 964, in check_X_y
    X = check_array(
  File "/Users/qianzekai/PycharmProjects/TolerDM/TolerRL/lib/python3.9/site-packages/sklearn/utils/validation.py", line 800, in check_array
    _assert_all_finite(array, allow_nan=force_all_finite == "allow-nan")
  File "/Users/qianzekai/PycharmProjects/TolerDM/TolerRL/lib/python3.9/site-packages/sklearn/utils/validation.py", line 114, in _assert_all_finite
    raise ValueError(
ValueError: Input contains NaN, infinity or a value too large for dtype('float32').
[00:01:59] INFO: ==================================================
[00:01:59] INFO: DemandClean 训练开始
[00:01:59] INFO:   检测器模式: auto
[00:01:59] INFO:   训练模式: clean_base
[00:01:59] INFO:   Agent类型: dueling_two_stage
[00:01:59] INFO:   推理模式: single_phase
[00:01:59] INFO:   FD规则: 1
[00:01:59] INFO:   丰富规则: 有
[00:01:59] INFO: ==================================================
[00:01:59] INFO: 
[Step 1] 初始化错误检测器...
[00:01:59] INFO: 
[Step 1.5] 运行 RAHA 检测获取标注行...
[01:50:31] INFO:   [预修复] 利用 RAHA 标注行修复 0 个特征单元格 + 8 个标签
[01:50:31] INFO:   标注行: [543, 1129, 1463, 1503, 1574, 1798, 1819, 2041, 2290, 2397]... (共 60 行)
[01:50:31] INFO: 
[Step 2] 训练 DQN Agent...
[01:50:31] INFO: 开始训练 (dueling_two_stage Agent, mode=clean_base)
[01:50:31] INFO:   任务类型: classification
[01:50:31] INFO:   模型类型: random_forest
[01:50:31] INFO:   原始数据: 27133 行
[01:53:18] INFO:   Clean Base 自动选择 (5-fold CV, 样本保留率加权):
[01:53:18] INFO:     DeleteFix: 22870 行, CV=0.8937, 权重=0.918, 加权=0.8205
[01:53:18] INFO:     VE-Fill:   27133 行, CV=0.8780, 权重=1.000, 加权=0.8780
[01:53:18] INFO:     → 选择 VE-Fill (27133 行)
[01:53:18] INFO:   标签注入: 检测到 4263 个标签错误, rate=0.157, symmetric=False
[01:53:18] INFO:   自适应注入比例范围 (基于检测结果):
[01:53:18] INFO:     missing: 不注入
[01:53:18] INFO:     semantic: (0.0050, 0.0200)
[01:53:18] INFO:     syntactic: 不注入
[01:53:18] INFO:     label: (0.1257, 0.1885)
[01:53:18] INFO:   ErrorInjector: rich_rules=True, domain=5, cfd=24, fd=1
[01:53:18] INFO:   Oracle 模式: reward 使用干净验证集 (9044 行)
[01:53:18] INFO:   开始训练 DQN (400 episodes, 起始轮=0)...
