[21:27:24] INFO: ==================================================
[21:27:24] INFO: DemandClean 训练开始
[21:27:24] INFO:   检测器模式: auto
[21:27:24] INFO:   训练模式: clean_base
[21:27:24] INFO:   Agent类型: dueling_two_stage
[21:27:24] INFO:   推理模式: single_phase
[21:27:24] INFO:   FD规则: 4
[21:27:24] INFO:   丰富规则: 有
[21:27:24] INFO: ==================================================
[21:27:24] INFO: 
[Step 1] 初始化错误检测器...
[21:27:24] INFO: 
[Step 1.5] 运行 RAHA 检测获取标注行...
[21:30:02] INFO:   [预修复] 利用 RAHA 标注行修复 46 个特征单元格 + 0 个标签
[21:30:02] INFO:   标注行: [49, 144, 213, 241, 255, 324, 332, 395, 418, 424]... (共 20 行)
[21:30:02] INFO: 
[Step 1.8] 加载续训模型: /Users/qianzekai/PycharmProjects/TolerDM/results/demandclean/beers/v5_auto_dueling_single/model/v5_auto_dueling_single_agent.pt
[21:30:05] INFO:   已训练 810 episodes, best_score=0.2386, epsilon=0.0997
[21:30:05] INFO: 
[Step 2] 训练 DQN Agent...
[21:30:05] INFO: 续训 (dueling_two_stage Agent, mode=clean_base)
[21:30:05] INFO:   任务类型: classification
[21:30:05] INFO:   模型类型: random_forest
[21:30:05] INFO:   原始数据: 1446 行
[21:30:05] INFO:   续训起始轮: 810
[21:30:29] INFO:   Clean Base 自动选择 (5-fold CV, 样本保留率加权):
[21:30:29] INFO:     DeleteFix: 289 行, CV=0.2803, 权重=0.447, 加权=0.1253
[21:30:29] INFO:     VE-Fill:   1446 行, CV=0.0000, 权重=1.000, 加权=0.0000
[21:30:29] INFO:     → 选择 DeleteFix (289 行)
[21:30:29] INFO:   标签注入: 检测器未发现标签错误，不注入
[21:30:29] INFO:   自适应注入比例范围 (基于检测结果):
[21:30:29] INFO:     missing: (0.1804, 0.2705)
[21:30:29] INFO:     semantic: (0.0068, 0.0118)
[21:30:29] INFO:     syntactic: (0.0050, 0.0100)
[21:30:29] INFO:     label: 不注入
[21:30:29] INFO:   ErrorInjector: rich_rules=True, domain=3, cfd=0, fd=4
[21:30:29] INFO:   Oracle 模式: reward 使用干净验证集 (482 行)
[21:30:29] INFO:   开始训练 DQN (400 episodes, 起始轮=810)...
[21:31:30] INFO:   Episode 850/1210: Score=0.2137, Best=0.2386, Eps=0.100
[21:31:30] INFO:     Actions: {'no_action': 18, 'repair_value': 3, 'delete': 25, 'replace_nearby': 13}
[21:32:43] INFO:   Episode 900/1210: Score=0.1992, Best=0.2386, Eps=0.100
[21:32:43] INFO:     Actions: {'no_action': 33, 'repair_value': 1, 'delete': 5, 'replace_nearby': 24}
[21:33:58] INFO:   Episode 950/1210: Score=0.1950, Best=0.2407, Eps=0.100
[21:33:58] INFO:     Actions: {'no_action': 46, 'repair_value': 2, 'delete': 5, 'replace_nearby': 15}
[21:35:16] INFO:   Episode 1000/1210: Score=0.2178, Best=0.2427, Eps=0.100
[21:35:16] INFO:     Actions: {'no_action': 59, 'repair_value': 0, 'delete': 3, 'replace_nearby': 8}
[21:36:37] INFO:   Episode 1050/1210: Score=0.2054, Best=0.2427, Eps=0.100
[21:36:37] INFO:     Actions: {'no_action': 43, 'repair_value': 0, 'delete': 1, 'replace_nearby': 22}
[21:37:52] INFO:   Episode 1100/1210: Score=0.2220, Best=0.2448, Eps=0.100
[21:37:52] INFO:     Actions: {'no_action': 30, 'repair_value': 0, 'delete': 20, 'replace_nearby': 6}
[21:39:09] INFO:   Episode 1150/1210: Score=0.2261, Best=0.2448, Eps=0.100
[21:39:09] INFO:     Actions: {'no_action': 12, 'repair_value': 1, 'delete': 21, 'replace_nearby': 23}
[21:40:30] INFO:   Episode 1200/1210: Score=0.2054, Best=0.2448, Eps=0.100
[21:40:30] INFO:     Actions: {'no_action': 57, 'repair_value': 0, 'delete': 2, 'replace_nearby': 13}
[21:40:45] INFO: 
已恢复最佳模型权重 (Episode 1070, Score=0.2448, Cost=0)
[21:40:45] INFO: 
训练完成! 最佳分数: 0.2448 (共 1210 episodes)
[21:40:45] INFO:   最佳动作分布: {'no_action': 49, 'repair_value': 0, 'delete': 11, 'replace_nearby': 2}
[21:40:45] INFO: 
训练完成!
[21:40:45] INFO: 模型已保存: /Users/qianzekai/PycharmProjects/TolerDM/results/demandclean/beers/v5_auto_dueling_single/model/v5_auto_dueling_single_agent.pt
[21:40:45] INFO: 
==================================================
[21:40:45] INFO: 单阶段推理
[21:40:45] INFO: ==================================================
[21:40:45] INFO:   [预修复] 利用 RAHA 标注行修复 46 个特征单元格 + 0 个标签
[21:40:45] INFO:   移除已修复错误: missing=42, semantic=1, syntactic=3
[1;34m[22:34:24][0m[1;33m WARNING Snoopy may use all CPU cores! Set env. variable 'SNOOPY_LIMIT_CPU' to 'y' to limit CPU usage. [0m[1;34m(__init__ -> _init_tf_pytorch on MainThread)[0m
[1;34m[22:34:24][0m[2;37m DEBUG   TensorFlow sees: 1 Physical GPUs, 1 Logical GPUs [0m[1;34m(__init__ -> _init_tf_pytorch on MainThread)[0m
