[日志] 完整输出将保存到: /Users/qianzekai/PycharmProjects/TolerDM/logs/demandclean/all_ep400_20260303_223922.log
======================================================================
DemandClean 统一运行脚本
======================================================================
数据集: ['beers', 'adult', 'bike', 'breast_cancer', 'har', 'mercedes', 'nasa', 'smartfactory', 'soilmoisture']
启用版本: ['v5_auto_dueling_single']
训练轮数: 400
详细输出: True
Oracle 模式: 启用 (三路划分 60/20/20, --no-oracle 关闭)
======================================================================

######################################################################
# 数据集: beers
######################################################################

  60/20/20 划分: train=1446, val=482, test=482
  60% 子集 CSV: /Users/qianzekai/PycharmProjects/TolerDM/results/demandclean/beers/dirty_train_60pct.csv
  数据集: beers
  脏数据: (1446, 8)
  特征列: 8, 标签列: style
  分类列: {'city', 'brewery_name', 'state', 'beer_name'}
  LE fit: 仅 dirty (1446 行)
  SS fit: 仅 dirty (1446 行)
  FD规则: 0 条
  编码完成: X_dirty_train=(1446, 8), X_clean_train=(1446, 8), X_clean_val=(482, 8), X_clean_test=(482, 8)

======================================================================
版本: v5_auto_dueling_single
数据集: beers | 任务: classification | 模型: random_forest
检测器: auto | Agent: dueling_two_stage | 推理: single_phase
训练轮数: 400 | 输出目录: /Users/qianzekai/PycharmProjects/TolerDM/results/demandclean/beers/v5_auto_dueling_single
======================================================================

[Step 1] 创建 DemandClean 实例...
  [计时] Step 1 (初始化): 0.00s

[Step 2] 训练 (400 episodes)...

[AutoDetector] 初始化
  RAHA 来源: pip:raha
  RAHA 可用: True
  CSV 路径: /Users/qianzekai/PycharmProjects/TolerDM/results/demandclean/beers/dirty_train_60pct.csv
  FD 规则: 4 条
  规则文件: /Users/qianzekai/PycharmProjects/TolerDM/data/beers/rules.txt
  规则摘要: ParsedRules(DOMAIN=4, FD=4)
  缺失值: 2608 个
  标签缺失(NaN): 4 个

[检测] 在原始 CSV 上运行 RAHA (labeling_budget=20)...
  [RAHA] 数据规模: 1446 行 × 11 列
543 strategy profiles are collected.
44 Features are generated for column 0.
44 Features are generated for column 1.
128 Features are generated for column 2.
106 Features are generated for column 3.
69 Features are generated for column 4.
59 Features are generated for column 5.
51 Features are generated for column 6.
72 Features are generated for column 7.
104 Features are generated for column 8.
105 Features are generated for column 9.
81 Features are generated for column 10.
A hierarchical clustering model is built for column 0.
A hierarchical clustering model is built for column 1.
A hierarchical clustering model is built for column 2.
A hierarchical clustering model is built for column 3.
A hierarchical clustering model is built for column 4.
A hierarchical clustering model is built for column 5.
A hierarchical clustering model is built for column 6.
A hierarchical clustering model is built for column 7.
A hierarchical clustering model is built for column 8.
A hierarchical clustering model is built for column 9.
A hierarchical clustering model is built for column 10.
Tuple 1265 is sampled.
Tuple 1265 is labeled.
Tuple 845 is sampled.
Tuple 845 is labeled.
Tuple 452 is sampled.
Tuple 452 is labeled.
Tuple 896 is sampled.
Tuple 896 is labeled.
Tuple 161 is sampled.
Tuple 161 is labeled.
Tuple 768 is sampled.
Tuple 768 is labeled.
Tuple 1200 is sampled.
Tuple 1200 is labeled.
Tuple 1436 is sampled.
Tuple 1436 is labeled.
Tuple 1171 is sampled.
Tuple 1171 is labeled.
Tuple 276 is sampled.
Tuple 276 is labeled.
Tuple 769 is sampled.
Tuple 769 is labeled.
Tuple 468 is sampled.
Tuple 468 is labeled.
Tuple 515 is sampled.
Tuple 515 is labeled.
Tuple 1351 is sampled.
Tuple 1351 is labeled.
Tuple 5 is sampled.
Tuple 5 is labeled.
Tuple 791 is sampled.
Tuple 791 is labeled.
Tuple 923 is sampled.
Tuple 923 is labeled.
Tuple 284 is sampled.
Tuple 284 is labeled.
Tuple 535 is sampled.
Tuple 535 is labeled.
Tuple 76 is sampled.
Tuple 76 is labeled.
The number of labeled data cells increased from 220 to 14588.
A classifier is trained and applied on column 0.
A classifier is trained and applied on column 1.
A classifier is trained and applied on column 2.
A classifier is trained and applied on column 3.
A classifier is trained and applied on column 4.
A classifier is trained and applied on column 5.
A classifier is trained and applied on column 6.
A classifier is trained and applied on column 7.
A classifier is trained and applied on column 8.
A classifier is trained and applied on column 9.
A classifier is trained and applied on column 10.
  RAHA 检测结果: 2015 个单元格
  Precision=0.9980  Recall=0.9906  F1=0.9943
  RAHA 标注行数: 20 (labeling_budget=20)
  RAHA 标签错误: 5 行
  句法错误(RAHA): 64 个
  DOMAIN 规则检测: 3 个句法错误 (特征列, 超出值域)
  DOMAIN 规则检测: 2 个标签错误
  句法错误(RAHA+REGEX+DOMAIN): 67 个
  FD 规则检测: 35 个语义错误
  语义错误: 35 个 (FD)
  标签噪声: 6 个 (NaN=4, 规则=2)
  特征受损行标签排除: 6 个

  检测总结: 2710 个错误 (缺失=2608, 句法=67, 语义=35, 标签噪声=0)
  模型已保存: /Users/qianzekai/PycharmProjects/TolerDM/results/demandclean/beers/v5_auto_dueling_single/model/v5_auto_dueling_single_agent.pt
  训练历史已保存: /Users/qianzekai/PycharmProjects/TolerDM/results/demandclean/beers/v5_auto_dueling_single/report/v5_auto_dueling_single_history.json
  [计时] Step 2 (训练): 1151.53s

[Step 3] 推理 (模式: single_phase)...
  [检测缓存命中] 复用上次检测结果 (2710 cells)

============================================================
单阶段推理
============================================================
  算法: Dueling Double DQN (Two Stage)
  任务类型: classification
  下游模型: random_forest
  检测到的错误: 2669 个 (missing=2570, semantic=35, syntactic=64, label=0)

  推理进度: [====================] 2669/2669

  动作分布 (共 2669 个错误):
    no_action          345 ( 12.9%) █████
    repair_value       725 ( 27.2%) ██████████
    delete               0 (  0.0%) 
    replace_nearby    1599 ( 59.9%) ███████████████████████

  修复明细 (repair_value): 共 725 条
    行        列      脏值           → 修复值          错误类型      
    -------------------------------------------------------
    228      7      -0.5623      → -0.5623      semantic  
    719      7      -1.2458      → -1.2458      semantic  
    222      7      -0.1522      → -0.1522      semantic  
    385      6      1.1167       → 1.1079       syntactic 
    558      7      -0.5623      → -0.5623      semantic  
    84       6      1.2319       → 1.2230       syntactic 
    373      6      -0.4162      → -0.4250      syntactic 
    230      6      -0.1769      → -0.1858      syntactic 
    760      7      -1.2458      → -1.2458      semantic  
    440      6      0.2041       → 0.1952       syntactic 
    80       6      -0.9301      → -0.9389      syntactic 
    266      6      -0.6908      → -0.6997      syntactic 
    13       6      -0.4959      → -0.5048      syntactic 
    655      7      0.9413       → 0.9413       semantic  
    469      7      1.4881       → 1.4881       semantic  
    508      3      NaN          → 0.0000       missing   
    670      3      NaN          → 0.0000       missing   
    886      3      NaN          → 0.0000       missing   
    603      7      -1.0407      → -1.0407      semantic  
    113      3      NaN          → 0.0000       missing   
    438      7      -0.1522      → -0.1522      semantic  
    854      3      NaN          → 0.0000       missing   
    201      7      -1.5192      → -1.5192      semantic  
    391      3      NaN          → 0.0000       missing   
    141      3      NaN          → 0.0000       missing   
    290      3      NaN          → 0.0000       missing   
    464      3      NaN          → 0.0000       missing   
    986      3      NaN          → 0.0000       missing   
    1050     3      NaN          → 0.0000       missing   
    380      3      NaN          → 0.0000       missing   
    ... 省略 695 条

  替换明细 (replace_nearby): 共 1599 条
    行        列      脏值           → 替换值          错误类型      
    -------------------------------------------------------
    961      1      NaN          → 16.0000      missing   
    1117     3      NaN          → 0.1274       missing   
    20       3      NaN          → -0.5232      missing   
    1430     1      NaN          → 12.0000      missing   
    931      1      NaN          → 12.0000      missing   
    910      1      NaN          → 12.0000      missing   
    942      1      NaN          → 12.0000      missing   
    18       2      NaN          → -0.0395      missing   
    939      3      NaN          → -0.9033      missing   
    263      1      NaN          → 16.0000      missing   
    1382     2      NaN          → -0.0514      missing   
    358      2      NaN          → -0.0276      missing   
    1195     1      NaN          → 16.0000      missing   
    1137     1      NaN          → 16.0000      missing   
    1273     3      NaN          → -0.7418      missing   
    780      3      NaN          → 0.2917       missing   
    843      2      NaN          → -0.0276      missing   
    964      2      NaN          → -0.0514      missing   
    610      1      NaN          → 12.0000      missing   
    20       1      NaN          → 16.0000      missing   
    503      3      NaN          → -0.2125      missing   
    1397     1      NaN          → 12.0000      missing   
    314      3      NaN          → -0.3339      missing   
    364      1      NaN          → 12.0000      missing   
    792      3      NaN          → 1.2800       missing   
    724      3      NaN          → -1.1158      missing   
    155      1      NaN          → 16.0000      missing   
    793      1      NaN          → 12.0000      missing   
    189      1      NaN          → 16.0000      missing   
    1240     1      NaN          → 12.0000      missing   
    ... 省略 1569 条
  真值使用: 725
  动作分布: {'no_action': 345, 'repair_value': 725, 'delete': 0, 'replace_nearby': 1599}
  清洗后数据已保存: /Users/qianzekai/PycharmProjects/TolerDM/results/demandclean/beers/v5_auto_dueling_single/data/v5_auto_dueling_single_cleaned.csv
  原始格式清洗数据已保存: /Users/qianzekai/PycharmProjects/TolerDM/results/demandclean/beers/v5_auto_dueling_single/data/v5_auto_dueling_single_cleaned_original.csv
  编码版本已保存: /Users/qianzekai/PycharmProjects/TolerDM/results/demandclean/beers/v5_auto_dueling_single/data/v5_auto_dueling_single_cleaned_encoded.npz
  [计时] Step 3 (推理): 25.03s

[Step 4] 检测器准确率评估...
  [检测缓存命中] 复用上次检测结果 (2710 cells)

============================================================
检测器准确率评估
============================================================
真实错误总数: 2680 (缺失: 2608, 值错误: 72)
检测报告总数: 2710 (missing: 2608, syntactic: 67, semantic: 35)
------------------------------------------------------------

  [总体]
    Precision = 0.9860  |  Recall = 0.9970  |  F1 = 0.9915
    TP=2672  FP=38  FN=8  (GT=2680, Det=2710)

  [缺失值 (missing)]
    Precision = 1.0000  |  Recall = 1.0000  |  F1 = 1.0000
    TP=2608  FP=0  FN=0  (GT=2608, Det=2608)

  [句法错误 (syntactic)]
    Precision = 0.9552  |  Recall = 0.8889  |  F1 = 0.9209
    TP=64  FP=3  FN=8  (GT=72, Det=67)

  [语义错误 (semantic)]
    Precision = 0.0000  |  Recall = 0.0000  |  F1 = 0.0000
    TP=0  FP=35  FN=72  (GT=72, Det=35)

  [值错误合并 (syntactic+semantic)]
    Precision = 0.6275  |  Recall = 0.8889  |  F1 = 0.7356
    TP=64  FP=38  FN=8  (GT=72, Det=102)
  [计时] Step 4 (检测器评估): 0.14s

[Step 5] Baseline 评估与可视化...
  DeleteFix: 删除 1157 行, 保留 289 行
  统一测试集 (Oracle): 479 行

============================================================
Baseline 对比评估 - v5_auto_dueling_single
============================================================
  NoFix          : rf_accuracy=0.3152 | rf_f1=0.2574 | lr_accuracy=0.2255 | lr_f1=0.1259
  DeleteAll: 数据不足(0行)，跳过
  DeleteFix      : rf_accuracy=0.3027 | rf_f1=0.2273 | lr_accuracy=0.2192 | lr_f1=0.1249
  ReplaceAll     : rf_accuracy=0.3152 | rf_f1=0.2574 | lr_accuracy=0.2255 | lr_f1=0.1259
  DemandClean    : rf_accuracy=0.3486 | rf_f1=0.281 | lr_accuracy=0.2317 | lr_f1=0.135
  FullFix        : rf_accuracy=0.3549 | rf_f1=0.2948 | lr_accuracy=0.2276 | lr_f1=0.1346
  [可视化] Baseline 对比图已保存: /Users/qianzekai/PycharmProjects/TolerDM/results/demandclean/beers/v5_auto_dueling_single/visualization/v5_auto_dueling_single_baseline_comparison.png
  [计时] Step 5 (Baseline评估): 1478.26s

[Step 6] 模型容忍度评估...
============================================================
模型容忍度计算 - v5_auto_dueling_single
任务类型: classification  |  模型列表: ['rf', 'lr']
============================================================

--- 模型: RF ---
  P_clean  = 0.3333
  P_dirty  = 0.2812
  P_dc     = 0.3229
  先验容忍度 (P_dc / P_dirty)            = 1.1481
  后验容忍度 (P_dc-P_dirty)/(P_clean-P_dirty) = 0.8000

--- 模型: LR ---
  P_clean  = 0.1979
  P_dirty  = 0.1840
  P_dc     = 0.1944
  先验容忍度 (P_dc / P_dirty)            = 1.0566
  后验容忍度 (P_dc-P_dirty)/(P_clean-P_dirty) = 0.7500
  容忍度柱状图已保存: /Users/qianzekai/PycharmProjects/TolerDM/results/demandclean/beers/v5_auto_dueling_single/visualization/v5_auto_dueling_single_tolerance_bar.png
  [计时] Step 6 (容忍度评估): 817.96s

[Step 7] Shapley 三维度分析...
============================================================
DemandClean - 三维度 Shapley 分析
============================================================
  数据: 1446 行 x 8 列
  错误数: 2710
  错误分布: {'missing': 2608, 'semantic': 35, 'syntactic': 67}
  输出目录: /Users/qianzekai/PycharmProjects/TolerDM/results/demandclean/beers/v5_auto_dueling_single/evaluation/shapley

[Shapley] 维度1: 动作重要性 (精确枚举 4!=24 排列) ...
[Shapley] 图表已保存: /Users/qianzekai/PycharmProjects/TolerDM/results/demandclean/beers/v5_auto_dueling_single/evaluation/shapley/shapley_action_importance.png
  动作重要性 Shapley 值:
    no_action           : +0.000000
    repair_value        : +0.000000
    delete              : +0.000000
    replace_nearby      : +0.000000

[Shapley] 维度2: 跳过特征 Shapley（计算量过大，仅保留维度1和维度3）
[Shapley] 维度3: 错误类型重要性 (精确枚举 3!=6 排列) ...
[Shapley] 图表已保存: /Users/qianzekai/PycharmProjects/TolerDM/results/demandclean/beers/v5_auto_dueling_single/evaluation/shapley/shapley_error_type_importance.png
  错误类型重要性 Shapley 值:
    missing             : +0.000000
    semantic            : +0.000000
    syntactic           : +0.000000

[Shapley] JSON 结果已保存: /Users/qianzekai/PycharmProjects/TolerDM/results/demandclean/beers/v5_auto_dueling_single/evaluation/shapley/shapley_results.json
[Shapley] Markdown 报告已保存: /Users/qianzekai/PycharmProjects/TolerDM/results/demandclean/beers/v5_auto_dueling_single/evaluation/shapley/shapley_report.md

============================================================
Shapley 分析完成!
============================================================
# Shapley Value Analysis Report

- 数据规模: 1446 行 × 8 列
- 错误总数: 2710
- 任务类型: classification (random_forest)
- MC 采样次数: 200

## 维度 1: 动作重要性 (Action Importance)

| 排名 | 动作 | Shapley 值 | 占比 | 方向 |
|------|------|-----------|------|------|
| 1 | no_action | +0.000000 | 0.0% | — 无影响 |
| 2 | repair_value | +0.000000 | 0.0% | — 无影响 |
| 3 | delete | +0.000000 | 0.0% | — 无影响 |
| 4 | replace_nearby | +0.000000 | 0.0% | — 无影响 |

**结论**: 最有效的清洗动作是 **no_action**

## 维度 2: 特征重要性 (Feature Importance)

| 排名 | 特征 | Shapley 值 | 占比 | 清洗价值 |
|------|------|-----------|------|---------|
| 1 | beer_name | +0.000000 | 0.0% | — 可忽略 |
| 2 | ounces | +0.000000 | 0.0% | — 可忽略 |
| 3 | abv | +0.000000 | 0.0% | — 可忽略 |
| 4 | ibu | +0.000000 | 0.0% | — 可忽略 |
| 5 | brewery_id | +0.000000 | 0.0% | — 可忽略 |
| 6 | brewery_name | +0.000000 | 0.0% | — 可忽略 |
| 7 | city | +0.000000 | 0.0% | — 可忽略 |
| 8 | state | +0.000000 | 0.0% | — 可忽略 |

**结论**: 
- 清洗价值极低的特征: beer_name, ounces, abv（清洗它们几乎不影响性能）

## 维度 3: 错误类型重要性 (Error Type Importance)

| 排名 | 错误类型 | Shapley 值 | 占比 | 优先级 |
|------|---------|-----------|------|--------|
| 1 | missing | +0.000000 | 0.0% | 🟢 低 |
| 2 | semantic | +0.000000 | 0.0% | 🟢 低 |
| 3 | syntactic | +0.000000 | 0.0% | 🟢 低 |

**结论**: 对下游性能影响最大的错误类型是 **missing**，检测器应优先识别此类错误。

## 综合清洗建议



  输出文件:
    /Users/qianzekai/PycharmProjects/TolerDM/results/demandclean/beers/v5_auto_dueling_single/evaluation/shapley/shapley_action_importance.png
    /Users/qianzekai/PycharmProjects/TolerDM/results/demandclean/beers/v5_auto_dueling_single/evaluation/shapley/shapley_feature_importance.png
    /Users/qianzekai/PycharmProjects/TolerDM/results/demandclean/beers/v5_auto_dueling_single/evaluation/shapley/shapley_error_type_importance.png
    /Users/qianzekai/PycharmProjects/TolerDM/results/demandclean/beers/v5_auto_dueling_single/evaluation/shapley/shapley_results.json
    /Users/qianzekai/PycharmProjects/TolerDM/results/demandclean/beers/v5_auto_dueling_single/evaluation/shapley/shapley_report.md
============================================================
  [计时] Step 7 (Shapley分析): 481.50s

[Step 8] 训练曲线可视化...
  [可视化] 训练曲线已保存: /Users/qianzekai/PycharmProjects/TolerDM/results/demandclean/beers/v5_auto_dueling_single/visualization/v5_auto_dueling_single_training_curves.png
  [计时] Step 8 (训练曲线): 7.73s

[Step 9] Clean4MLBaseline 统一测评...
  使用编码版本: /Users/qianzekai/PycharmProjects/TolerDM/results/demandclean/beers/v5_auto_dueling_single/data/v5_auto_dueling_single_cleaned_encoded.npz
======================================================================
Clean4MLBaseline 统一测评 - v5_auto_dueling_single
======================================================================

[1/5] 传统清洗指标
--------------------------------------------------
差异文件已保存到:
/Users/qianzekai/PycharmProjects/TolerDM/results/demandclean/beers/v5_auto_dueling_single/evaluation/v5_auto_dueling_single_clean_vs_dirty.csv
/Users/qianzekai/PycharmProjects/TolerDM/results/demandclean/beers/v5_auto_dueling_single/evaluation/v5_auto_dueling_single_dirty_vs_cleaned.csv
/Users/qianzekai/PycharmProjects/TolerDM/results/demandclean/beers/v5_auto_dueling_single/evaluation/v5_auto_dueling_single_clean_vs_cleaned.csv
修复错误数据文件已保存到: /Users/qianzekai/PycharmProjects/TolerDM/results/demandclean/beers/v5_auto_dueling_single/evaluation/v5_auto_dueling_single_repair_errors.csv
未修复但是应该修复数据文件已保存到: /Users/qianzekai/PycharmProjects/TolerDM/results/demandclean/beers/v5_auto_dueling_single/evaluation/v5_auto_dueling_single_unrepaired.csv
修复准确率: 0.20904891626199218, 修复召回率: 0.8694581280788177, F1值: 0.3370571946598583
========================================
EDR 结果已保存到: /Users/qianzekai/PycharmProjects/TolerDM/results/demandclean/beers/v5_auto_dueling_single/evaluation/v5_auto_dueling_single_edr_evaluation.txt
错误减少率 (EDR): -2.2911330049261083
========================================
混合距离结果已保存到: /Users/qianzekai/PycharmProjects/TolerDM/results/demandclean/beers/v5_auto_dueling_single/evaluation/v5_auto_dueling_single_hybrid_distance_evaluation.txt
混合距离 (Hybrid Distance): 0.20972894798795647
========================================
R-EDR 结果已保存到: /Users/qianzekai/PycharmProjects/TolerDM/results/demandclean/beers/v5_auto_dueling_single/evaluation/v5_auto_dueling_single_record_based_edr_evaluation.txt
基于条目的错误减少率 (R-EDR): 0.0
========================================

[2/5] 下游任务性能 (classification)
--------------------------------------------------
  [下游任务] 使用编码版本（跳过 CSV preprocess）
RF - Accuracy: 0.2007, F1: 0.1644, Precision: 0.1560, Recall: 0.2007
LR - Accuracy: 0.1661, F1: 0.0989, Precision: 0.0805, Recall: 0.1661
SVM - Accuracy: 0.1799, F1: 0.0549, Precision: 0.0324, Recall: 0.1799
KNN - Accuracy: 0.1315, F1: 0.1120, Precision: 0.1072, Recall: 0.1315
DT - Accuracy: 0.1522, F1: 0.1512, Precision: 0.1622, Recall: 0.1522
GB - Accuracy: 0.1626, F1: 0.1528, Precision: 0.1771, Recall: 0.1626

[3/5] 模型容忍度
--------------------------------------------------
  [容忍度] 使用编码版本（跳过 CSV preprocess）
  [错误] 统一测评失败: Input contains NaN, infinity or a value too large for dtype('float32').
  [计时] Step 9 (统一测评): 932.75s

[Step 10] 真值成本汇总...
  RAHA 检测成本: 20
  Agent 修复成本: 725
  总成本: 745 / 11568 cells = 6.4402%
  [计时] Step 10 (成本汇总): 0.00s

──────────────────────────────────────────────────
  步骤计时汇总
──────────────────────────────────────────────────
  Step 1 初始化         │     0.00s
  Step 2 训练          │  1151.53s
  Step 3 推理          │    25.03s
  Step 4 检测器评估       │     0.14s
  Step 5 Baseline评估  │  1478.26s
  Step 6 容忍度评估       │   817.96s
  Step 7 Shapley分析   │   481.50s
  Step 8 训练曲线        │     7.73s
  Step 9 统一测评        │   932.75s
  Step 10 成本汇总        │     0.00s
──────────────────────────────────────────────────
  总计(含可视化)       │  4894.91s
  可视化耗时           │   490.44s
  净耗时(扣可视化)     │  4404.47s
──────────────────────────────────────────────────

  [输出] 报告已保存: /Users/qianzekai/PycharmProjects/TolerDM/results/demandclean/beers/v5_auto_dueling_single/report/v5_auto_dueling_single_report.json

  版本 v5_auto_dueling_single 完成! 耗时: 4404.47s
  输出目录: /Users/qianzekai/PycharmProjects/TolerDM/results/demandclean/beers/v5_auto_dueling_single

  只有 1 个版本完成，跳过跨版本对比

######################################################################
# 数据集: adult
######################################################################

  60/20/20 划分: train=27133, val=9044, test=9045
  60% 子集 CSV: /Users/qianzekai/PycharmProjects/TolerDM/results/demandclean/adult/dirty_train_60pct.csv
  数据集: adult
  脏数据: (27133, 14)
  特征列: 14, 标签列: income
  分类列: {'education', 'marital_status', 'workclass', 'gender', 'race', 'native_country', 'occupation', 'relationship'}
  LE fit: 仅 dirty (27133 行)
  SS fit: 仅 dirty (27133 行)
  FD规则: 0 条
  编码完成: X_dirty_train=(27133, 14), X_clean_train=(27133, 14), X_clean_val=(9044, 14), X_clean_test=(9045, 14)

======================================================================
版本: v5_auto_dueling_single
数据集: adult | 任务: classification | 模型: random_forest
检测器: auto | Agent: dueling_two_stage | 推理: single_phase
训练轮数: 400 | 输出目录: /Users/qianzekai/PycharmProjects/TolerDM/results/demandclean/adult/v5_auto_dueling_single
======================================================================

[Step 1] 创建 DemandClean 实例...
  [计时] Step 1 (初始化): 0.01s

[Step 2] 训练 (400 episodes)...

[AutoDetector] 初始化
  RAHA 来源: pip:raha
  RAHA 可用: True
  CSV 路径: /Users/qianzekai/PycharmProjects/TolerDM/results/demandclean/adult/dirty_train_60pct.csv
  FD 规则: 1 条
  规则文件: /Users/qianzekai/PycharmProjects/TolerDM/data/adult/rules.txt
  规则摘要: ParsedRules(DOMAIN=6, FD=1, CFD=24)
  缺失值: 0 个

[检测] 在原始 CSV 上运行 RAHA (labeling_budget=20)...
  [RAHA] 数据规模: 27133 行 × 16 列
  [RAHA] 行数 27133 > 10000，启用行分块模式
  [RAHA] 未找到聚类键，回退到等间隔分块
  [行分块] 总行数 27133, 分为 3 批 (每批≤10000行)
  [行分块 1/3] 行 0~9999 (10000 行)
553 strategy profiles are collected.
45 Features are generated for column 0.
29 Features are generated for column 1.
65 Features are generated for column 2.
58 Features are generated for column 3.
53 Features are generated for column 4.
21 Features are generated for column 5.
43 Features are generated for column 6.
56 Features are generated for column 7.
45 Features are generated for column 8.
58 Features are generated for column 9.
16 Features are generated for column 10.
67 Features are generated for column 11.
69 Features are generated for column 12.
64 Features are generated for column 13.
89 Features are generated for column 14.
21 Features are generated for column 15.
A hierarchical clustering model is built for column 0.
A hierarchical clustering model is built for column 1.
A hierarchical clustering model is built for column 2.
A hierarchical clustering model is built for column 3.
A hierarchical clustering model is built for column 4.
A hierarchical clustering model is built for column 5.
A hierarchical clustering model is built for column 6.
A hierarchical clustering model is built for column 7.
A hierarchical clustering model is built for column 8.
A hierarchical clustering model is built for column 9.
A hierarchical clustering model is built for column 10.
A hierarchical clustering model is built for column 11.
A hierarchical clustering model is built for column 12.
A hierarchical clustering model is built for column 13.
A hierarchical clustering model is built for column 14.
A hierarchical clustering model is built for column 15.
Tuple 9061 is sampled.
Tuple 9061 is labeled.
Tuple 2290 is sampled.
Tuple 2290 is labeled.
Tuple 8424 is sampled.
Tuple 8424 is labeled.
Tuple 1819 is sampled.
Tuple 1819 is labeled.
Tuple 9689 is sampled.
Tuple 9689 is labeled.
Tuple 2041 is sampled.
Tuple 2041 is labeled.
Tuple 1129 is sampled.
Tuple 1129 is labeled.
Tuple 6155 is sampled.
Tuple 6155 is labeled.
Tuple 4434 is sampled.
Tuple 4434 is labeled.
Tuple 1798 is sampled.
Tuple 1798 is labeled.
Tuple 7682 is sampled.
Tuple 7682 is labeled.
Tuple 5251 is sampled.
Tuple 5251 is labeled.
Tuple 543 is sampled.
Tuple 543 is labeled.
Tuple 1463 is sampled.
Tuple 1463 is labeled.
Tuple 7862 is sampled.
Tuple 7862 is labeled.
Tuple 2397 is sampled.
Tuple 2397 is labeled.
Tuple 1574 is sampled.
Tuple 1574 is labeled.
Tuple 5602 is sampled.
Tuple 5602 is labeled.
Tuple 1503 is sampled.
Tuple 1503 is labeled.
Tuple 6421 is sampled.
Tuple 6421 is labeled.
The number of labeled data cells increased from 320 to 146760.
A classifier is trained and applied on column 0.
A classifier is trained and applied on column 1.
A classifier is trained and applied on column 2.
A classifier is trained and applied on column 3.
A classifier is trained and applied on column 4.
A classifier is trained and applied on column 5.
A classifier is trained and applied on column 6.
A classifier is trained and applied on column 7.
A classifier is trained and applied on column 8.
A classifier is trained and applied on column 9.
A classifier is trained and applied on column 10.
A classifier is trained and applied on column 11.
A classifier is trained and applied on column 12.
A classifier is trained and applied on column 13.
A classifier is trained and applied on column 14.
A classifier is trained and applied on column 15.
  RAHA 检测结果: 5 个单元格
  Precision=0.4000  Recall=0.0054  F1=0.0107
  RAHA 标注行数: 20 (labeling_budget=20)
  [行分块 1] 检测: 5 个, 标注行: 20 个
  [行分块 2/3] 行 10000~19999 (10000 行)
553 strategy profiles are collected.
46 Features are generated for column 0.
30 Features are generated for column 1.
64 Features are generated for column 2.
59 Features are generated for column 3.
54 Features are generated for column 4.
22 Features are generated for column 5.
45 Features are generated for column 6.
55 Features are generated for column 7.
46 Features are generated for column 8.
59 Features are generated for column 9.
16 Features are generated for column 10.
68 Features are generated for column 11.
66 Features are generated for column 12.
64 Features are generated for column 13.
100 Features are generated for column 14.
23 Features are generated for column 15.
A hierarchical clustering model is built for column 0.
A hierarchical clustering model is built for column 1.
A hierarchical clustering model is built for column 2.
A hierarchical clustering model is built for column 3.
A hierarchical clustering model is built for column 4.
A hierarchical clustering model is built for column 5.
A hierarchical clustering model is built for column 6.
A hierarchical clustering model is built for column 7.
A hierarchical clustering model is built for column 8.
A hierarchical clustering model is built for column 9.
A hierarchical clustering model is built for column 10.
A hierarchical clustering model is built for column 11.
A hierarchical clustering model is built for column 12.
A hierarchical clustering model is built for column 13.
A hierarchical clustering model is built for column 14.
A hierarchical clustering model is built for column 15.
Tuple 6963 is sampled.
Tuple 6963 is labeled.
Tuple 8812 is sampled.
Tuple 8812 is labeled.
Tuple 337 is sampled.
Tuple 337 is labeled.
Tuple 4382 is sampled.
Tuple 4382 is labeled.
Tuple 3545 is sampled.
Tuple 3545 is labeled.
Tuple 2953 is sampled.
Tuple 2953 is labeled.
Tuple 7012 is sampled.
Tuple 7012 is labeled.
Tuple 5815 is sampled.
Tuple 5815 is labeled.
Tuple 8763 is sampled.
Tuple 8763 is labeled.
Tuple 4885 is sampled.
Tuple 4885 is labeled.
Tuple 7907 is sampled.
Tuple 7907 is labeled.
Tuple 9429 is sampled.
Tuple 9429 is labeled.
Tuple 8589 is sampled.
Tuple 8589 is labeled.
Tuple 7626 is sampled.
Tuple 7626 is labeled.
Tuple 6306 is sampled.
Tuple 6306 is labeled.
Tuple 3727 is sampled.
Tuple 3727 is labeled.
Tuple 5824 is sampled.
Tuple 5824 is labeled.
Tuple 7798 is sampled.
Tuple 7798 is labeled.
Tuple 8746 is sampled.
Tuple 8746 is labeled.
Tuple 9459 is sampled.
Tuple 9459 is labeled.
The number of labeled data cells increased from 320 to 148650.
A classifier is trained and applied on column 0.
A classifier is trained and applied on column 1.
A classifier is trained and applied on column 2.
A classifier is trained and applied on column 3.
A classifier is trained and applied on column 4.
A classifier is trained and applied on column 5.
A classifier is trained and applied on column 6.
A classifier is trained and applied on column 7.
A classifier is trained and applied on column 8.
A classifier is trained and applied on column 9.
A classifier is trained and applied on column 10.
A classifier is trained and applied on column 11.
A classifier is trained and applied on column 12.
A classifier is trained and applied on column 13.
A classifier is trained and applied on column 14.
A classifier is trained and applied on column 15.
  RAHA 检测结果: 2471 个单元格
  Precision=0.1473  Recall=0.9945  F1=0.2566
  RAHA 标注行数: 20 (labeling_budget=20)
  [行分块 2] 检测: 2471 个, 标注行: 20 个
  [行分块 3/3] 行 20000~27132 (7133 行)
553 strategy profiles are collected.
45 Features are generated for column 0.
29 Features are generated for column 1.
62 Features are generated for column 2.
58 Features are generated for column 3.
56 Features are generated for column 4.
23 Features are generated for column 5.
47 Features are generated for column 6.
58 Features are generated for column 7.
46 Features are generated for column 8.
59 Features are generated for column 9.
16 Features are generated for column 10.
68 Features are generated for column 11.
69 Features are generated for column 12.
64 Features are generated for column 13.
96 Features are generated for column 14.
24 Features are generated for column 15.
A hierarchical clustering model is built for column 0.
A hierarchical clustering model is built for column 1.
A hierarchical clustering model is built for column 2.
A hierarchical clustering model is built for column 3.
A hierarchical clustering model is built for column 4.
A hierarchical clustering model is built for column 5.
A hierarchical clustering model is built for column 6.
A hierarchical clustering model is built for column 7.
A hierarchical clustering model is built for column 8.
A hierarchical clustering model is built for column 9.
A hierarchical clustering model is built for column 10.
A hierarchical clustering model is built for column 11.
A hierarchical clustering model is built for column 12.
A hierarchical clustering model is built for column 13.
A hierarchical clustering model is built for column 14.
A hierarchical clustering model is built for column 15.
Tuple 6595 is sampled.
Tuple 6595 is labeled.
Tuple 1126 is sampled.
Tuple 1126 is labeled.
Tuple 3727 is sampled.
Tuple 3727 is labeled.
Tuple 5220 is sampled.
Tuple 5220 is labeled.
Tuple 4616 is sampled.
Tuple 4616 is labeled.
Tuple 5153 is sampled.
Tuple 5153 is labeled.
Tuple 6533 is sampled.
Tuple 6533 is labeled.
Tuple 4180 is sampled.
Tuple 4180 is labeled.
Tuple 6275 is sampled.
Tuple 6275 is labeled.
Tuple 4212 is sampled.
Tuple 4212 is labeled.
Tuple 840 is sampled.
Tuple 840 is labeled.
Tuple 3853 is sampled.
Tuple 3853 is labeled.
Tuple 6803 is sampled.
Tuple 6803 is labeled.
Tuple 2116 is sampled.
Tuple 2116 is labeled.
Tuple 3551 is sampled.
Tuple 3551 is labeled.
Tuple 758 is sampled.
Tuple 758 is labeled.
Tuple 3607 is sampled.
Tuple 3607 is labeled.
Tuple 1094 is sampled.
Tuple 1094 is labeled.
Tuple 3348 is sampled.
Tuple 3348 is labeled.
Tuple 1268 is sampled.
Tuple 1268 is labeled.
The number of labeled data cells increased from 320 to 102870.
A classifier is trained and applied on column 0.
A classifier is trained and applied on column 1.
A classifier is trained and applied on column 2.
A classifier is trained and applied on column 3.
A classifier is trained and applied on column 4.
A classifier is trained and applied on column 5.
A classifier is trained and applied on column 6.
A classifier is trained and applied on column 7.
A classifier is trained and applied on column 8.
A classifier is trained and applied on column 9.
A classifier is trained and applied on column 10.
A classifier is trained and applied on column 11.
A classifier is trained and applied on column 12.
A classifier is trained and applied on column 13.
A classifier is trained and applied on column 14.
A classifier is trained and applied on column 15.
  RAHA 检测结果: 0 个单元格
  Precision=0.0000  Recall=0.0000  F1=0.0000
  RAHA 标注行数: 20 (labeling_budget=20)
  [行分块 3] 检测: 0 个, 标注行: 20 个
  [行分块] 合并结果: 2476 个检测, 60 个标注行
  RAHA 标签错误: 2476 行
  句法错误(RAHA): 0 个
  句法错误(RAHA+REGEX+DOMAIN): 0 个
  CFD 规则检测: 2094 个标签错误
  语义错误: 0 个 (FD+CFD)
  标签噪声: 4263 个 (NaN=0, 规则=4263)

  检测总结: 4263 个错误 (缺失=0, 句法=0, 语义=0, 标签噪声=4263)
