[04:04:28] INFO: ==================================================
[04:04:28] INFO: DemandClean 训练开始
[04:04:28] INFO:   检测器模式: auto
[04:04:28] INFO:   训练模式: clean_base
[04:04:28] INFO:   Agent类型: dueling_two_stage
[04:04:28] INFO:   推理模式: single_phase
[04:04:28] INFO:   FD规则: 4
[04:04:28] INFO:   丰富规则: 有
[04:04:28] INFO: ==================================================
[04:04:28] INFO: 
[Step 1] 初始化错误检测器...
[04:04:28] INFO: 
[Step 1.5] 运行 RAHA 检测获取标注行...
[04:05:10] INFO:   [预修复] 利用 RAHA 标注行修复 42 个特征单元格 + 3 个标签
[04:05:10] INFO:   标注行: [0, 314, 378, 470, 503, 610, 680, 752, 917, 1016]... (共 20 行)
[04:05:10] INFO: 
[Step 2] 训练 DQN Agent...
[04:05:10] INFO: 开始训练 (dueling_two_stage Agent, mode=clean_base)
[04:05:10] INFO:   任务类型: classification
[04:05:10] INFO:   模型类型: random_forest
[04:05:10] INFO:   原始数据: 2410 行
[04:05:10] INFO:   基准数据: 20 行
[04:05:10] INFO:   标签注入: 检测到 88 个标签错误, rate=0.037, symmetric=True
[04:05:10] INFO:   自适应注入比例范围 (基于检测结果):
[04:05:10] INFO:     missing: (0.1784, 0.2676)
[04:05:10] INFO:     semantic: (0.0073, 0.0123)
[04:05:10] INFO:     syntactic: 不注入
[04:05:10] INFO:     label: (0.0292, 0.0438)
[04:05:11] INFO:   ErrorInjector: rich_rules=True, domain=3, cfd=0, fd=4
[04:05:11] INFO:   开始训练 DQN (5 episodes, 起始轮=0)...
[04:05:12] INFO: 
已恢复最佳模型权重 (Episode 2, Score=1.0000, Cost=0)
[04:05:12] INFO: 
训练完成! 最佳分数: 1.0000 (共 5 episodes)
[04:05:12] INFO:   最佳动作分布: {'no_action': 2, 'repair_value': 0, 'delete': 0, 'replace_nearby': 1}
[04:05:12] INFO: 
训练完成!
[04:05:12] INFO: 模型已保存: /Users/qianzekai/PycharmProjects/TolerDM/results/demandclean/beers/v5_auto_dueling_single/model/v5_auto_dueling_single_agent.pt
[04:05:12] INFO: 
==================================================
[04:05:12] INFO: 单阶段推理
[04:05:12] INFO: ==================================================
[04:05:12] INFO:   [预修复] 利用 RAHA 标注行修复 42 个特征单元格 + 3 个标签
[04:05:12] INFO:   移除已修复错误: missing=38, semantic=4, label_noise=3
[1;34m[04:09:27][0m[1;33m WARNING Snoopy may use all CPU cores! Set env. variable 'SNOOPY_LIMIT_CPU' to 'y' to limit CPU usage. [0m[1;34m(__init__ -> _init_tf_pytorch on MainThread)[0m
[1;34m[04:09:27][0m[2;37m DEBUG   TensorFlow sees: 1 Physical GPUs, 1 Logical GPUs [0m[1;34m(__init__ -> _init_tf_pytorch on MainThread)[0m
[04:09:53] INFO: ==================================================
[04:09:53] INFO: DemandClean 训练开始
[04:09:53] INFO:   检测器模式: auto
[04:09:53] INFO:   训练模式: clean_base
[04:09:53] INFO:   Agent类型: single
[04:09:53] INFO:   推理模式: single_phase
[04:09:53] INFO:   FD规则: 4
[04:09:53] INFO:   丰富规则: 有
[04:09:53] INFO: ==================================================
[04:09:53] INFO: 
[Step 1] 初始化错误检测器...
[04:09:53] INFO: 
[Step 1.5] 运行 RAHA 检测获取标注行...
[04:11:41] INFO:   [预修复] 利用 RAHA 标注行修复 39 个特征单元格 + 1 个标签
[04:11:41] INFO:   标注行: [17, 170, 212, 575, 675, 877, 1051, 1185, 1404, 1409]... (共 20 行)
[04:11:41] INFO: 
[Step 1.8] 加载续训模型: /Users/qianzekai/PycharmProjects/TolerDM/results/demandclean/beers/v7_auto_plain_single/model/v7_auto_plain_single_agent.pt
[04:11:41] INFO:   已训练 5 episodes, best_score=1.0000, epsilon=1.0000
[04:11:41] INFO: 
[Step 2] 训练 DQN Agent...
[04:11:41] INFO: 续训 (single Agent, mode=clean_base)
[04:11:41] INFO:   任务类型: classification
[04:11:41] INFO:   模型类型: random_forest
[04:11:41] INFO:   原始数据: 2410 行
[04:11:41] INFO:   续训起始轮: 5
[04:11:41] INFO:   基准数据: 20 行
[04:11:41] INFO:   标签注入: 检测到 78 个标签错误, rate=0.032, symmetric=True
[04:11:41] INFO:   自适应注入比例范围 (基于检测结果):
[04:11:41] INFO:     missing: (0.1784, 0.2676)
[04:11:41] INFO:     semantic: (0.0071, 0.0121)
[04:11:41] INFO:     syntactic: (0.0050, 0.0100)
[04:11:41] INFO:     label: (0.0259, 0.0388)
[04:11:41] INFO:   ErrorInjector: rich_rules=True, domain=3, cfd=0, fd=4
[04:11:41] INFO:   开始训练 DQN (5 episodes, 起始轮=5)...
[04:11:44] INFO: 
训练完成! 最佳分数: 1.0000 (共 10 episodes)
[04:11:44] INFO: 
训练完成!
[04:11:44] INFO: 模型已保存: /Users/qianzekai/PycharmProjects/TolerDM/results/demandclean/beers/v7_auto_plain_single/model/v7_auto_plain_single_agent.pt
[04:11:44] INFO: 
==================================================
[04:11:44] INFO: 单阶段推理
[04:11:44] INFO: ==================================================
[04:11:45] INFO:   [预修复] 利用 RAHA 标注行修复 39 个特征单元格 + 1 个标签
[04:11:45] INFO:   移除已修复错误: missing=34, semantic=4, syntactic=1, label_noise=1
[04:20:02] INFO: ==================================================
[04:20:02] INFO: DemandClean 训练开始
[04:20:02] INFO:   检测器模式: auto
[04:20:02] INFO:   训练模式: clean_base
[04:20:02] INFO:   Agent类型: single
[04:20:02] INFO:   推理模式: two_phase
[04:20:02] INFO:   FD规则: 4
[04:20:02] INFO:   丰富规则: 有
[04:20:02] INFO: ==================================================
[04:20:02] INFO: 
[Step 1] 初始化错误检测器...
[04:20:02] INFO: 
[Step 1.5] 运行 RAHA 检测获取标注行...
[04:21:43] INFO:   [预修复] 利用 RAHA 标注行修复 40 个特征单元格 + 2 个标签
[04:21:43] INFO:   标注行: [115, 335, 420, 630, 752, 925, 1000, 1051, 1482, 1554]... (共 20 行)
[04:21:43] INFO: 
[Step 1.8] 加载续训模型: /Users/qianzekai/PycharmProjects/TolerDM/results/demandclean/beers/v8_auto_plain_two/model/v8_auto_plain_two_agent.pt
[04:21:43] INFO:   已训练 5 episodes, best_score=1.0000, epsilon=1.0000
[04:21:43] INFO: 
[Step 2] 训练 DQN Agent...
[04:21:43] INFO: 续训 (single Agent, mode=clean_base)
[04:21:43] INFO:   任务类型: classification
[04:21:43] INFO:   模型类型: random_forest
[04:21:43] INFO:   原始数据: 2410 行
[04:21:43] INFO:   续训起始轮: 5
[04:21:43] INFO:   基准数据: 20 行
[04:21:43] INFO:   标签注入: 检测到 90 个标签错误, rate=0.037, symmetric=True
[04:21:43] INFO:   自适应注入比例范围 (基于检测结果):
[04:21:43] INFO:     missing: (0.1784, 0.2676)
[04:21:43] INFO:     semantic: (0.0050, 0.0100)
[04:21:43] INFO:     syntactic: (0.0050, 0.0100)
[04:21:43] INFO:     label: (0.0299, 0.0448)
[04:21:43] INFO:   ErrorInjector: rich_rules=True, domain=3, cfd=0, fd=4
[04:21:43] INFO:   开始训练 DQN (5 episodes, 起始轮=5)...
[04:21:47] INFO: 
已恢复最佳模型权重 (Episode 10, Score=1.0000, Cost=3)
[04:21:47] INFO: 
训练完成! 最佳分数: 1.0000 (共 10 episodes)
[04:21:47] INFO:   最佳动作分布: {'no_action': 0, 'repair_value': 3, 'delete': 0, 'replace_nearby': 0}
[04:21:47] INFO: 
训练完成!
[04:21:47] INFO: 模型已保存: /Users/qianzekai/PycharmProjects/TolerDM/results/demandclean/beers/v8_auto_plain_two/model/v8_auto_plain_two_agent.pt
[04:21:47] INFO: 
==================================================
[04:21:47] INFO: 两阶段推理 - 第一阶段 (Plan)
[04:21:47] INFO: ==================================================
[04:30:59] INFO: ==================================================
[04:30:59] INFO: DemandClean 训练开始
[04:30:59] INFO:   检测器模式: auto
[04:30:59] INFO:   训练模式: clean_base
[04:30:59] INFO:   Agent类型: dueling_two_stage
[04:30:59] INFO:   推理模式: single_phase
[04:30:59] INFO:   FD规则: 1
[04:30:59] INFO:   丰富规则: 有
[04:30:59] INFO: ==================================================
[04:30:59] INFO: 
[Step 1] 初始化错误检测器...
[04:30:59] INFO: 
[Step 1.5] 运行 RAHA 检测获取标注行...
[05:33:41] INFO:   [预修复] 利用 RAHA 标注行修复 0 个特征单元格 + 6 个标签
[05:33:41] INFO:   标注行: [651, 905, 995, 1948, 2278, 2635, 8546, 8630, 9273, 10000]... (共 60 行)
[05:33:41] INFO: 
[Step 2] 训练 DQN Agent...
[05:33:41] INFO: 开始训练 (dueling_two_stage Agent, mode=clean_base)
[05:33:41] INFO:   任务类型: classification
[05:33:41] INFO:   模型类型: random_forest
[05:33:41] INFO:   原始数据: 45222 行
[05:33:41] INFO:   基准数据: 45222 行
[05:33:41] INFO:   标签注入: 检测到 7277 个标签错误, rate=0.161, symmetric=False
[05:33:41] INFO:   自适应注入比例范围 (基于检测结果):
[05:33:41] INFO:     missing: 不注入
[05:33:41] INFO:     semantic: 不注入
[05:33:41] INFO:     syntactic: 不注入
[05:33:41] INFO:     label: (0.1287, 0.1931)
[05:33:41] INFO:   ErrorInjector: rich_rules=True, domain=5, cfd=0, fd=1
[05:33:41] INFO:   开始训练 DQN (5 episodes, 起始轮=0)...
[05:56:37] INFO: 
已恢复最佳模型权重 (Episode 1, Score=0.9619, Cost=974)
[05:56:37] INFO: 
训练完成! 最佳分数: 0.9619 (共 5 episodes)
[05:56:37] INFO:   最佳动作分布: {'no_action': 1965, 'repair_value': 974, 'delete': 2072, 'replace_nearby': 978}
[05:56:37] INFO: 
训练完成!
[05:56:37] INFO: 模型已保存: /Users/qianzekai/PycharmProjects/TolerDM/results/demandclean/adult/v5_auto_dueling_single/model/v5_auto_dueling_single_agent.pt
[05:56:37] INFO: 
==================================================
[05:56:37] INFO: 单阶段推理
[05:56:37] INFO: ==================================================
[05:57:04] INFO:   [预修复] 利用 RAHA 标注行修复 0 个特征单元格 + 6 个标签
[05:57:04] INFO:   移除已修复错误: label_noise=6
[06:10:41] INFO: ==================================================
[06:10:41] INFO: DemandClean 训练开始
[06:10:41] INFO:   检测器模式: auto
[06:10:41] INFO:   训练模式: clean_base
[06:10:41] INFO:   Agent类型: single
[06:10:41] INFO:   推理模式: single_phase
[06:10:41] INFO:   FD规则: 1
[06:10:41] INFO:   丰富规则: 有
[06:10:41] INFO: ==================================================
[06:10:41] INFO: 
[Step 1] 初始化错误检测器...
[06:10:41] INFO: 
[Step 1.5] 运行 RAHA 检测获取标注行...
[07:02:19] INFO:   [预修复] 利用 RAHA 标注行修复 0 个特征单元格 + 4 个标签
[07:02:19] INFO:   标注行: [709, 1140, 1431, 2003, 2562, 6296, 8277, 9787, 9902, 10143]... (共 60 行)
[07:02:19] INFO: 
[Step 2] 训练 DQN Agent...
[07:02:19] INFO: 开始训练 (single Agent, mode=clean_base)
[07:02:19] INFO:   任务类型: classification
[07:02:19] INFO:   模型类型: random_forest
[07:02:19] INFO:   原始数据: 45222 行
[07:02:19] INFO:   基准数据: 45222 行
[07:02:19] INFO:   标签注入: 检测到 4237 个标签错误, rate=0.094, symmetric=False
[07:02:19] INFO:   自适应注入比例范围 (基于检测结果):
[07:02:19] INFO:     missing: 不注入
[07:02:19] INFO:     semantic: 不注入
[07:02:19] INFO:     syntactic: 不注入
[07:02:19] INFO:     label: (0.0750, 0.1124)
[07:02:19] INFO:   ErrorInjector: rich_rules=True, domain=5, cfd=0, fd=1
[07:02:19] INFO:   开始训练 DQN (5 episodes, 起始轮=0)...
[07:19:40] INFO: 
已恢复最佳模型权重 (Episode 1, Score=0.9829, Cost=971)
[07:19:40] INFO: 
训练完成! 最佳分数: 0.9829 (共 5 episodes)
[07:19:40] INFO:   最佳动作分布: {'no_action': 908, 'repair_value': 971, 'delete': 901, 'replace_nearby': 923}
[07:19:40] INFO: 
训练完成!
[07:19:40] INFO: 模型已保存: /Users/qianzekai/PycharmProjects/TolerDM/results/demandclean/adult/v7_auto_plain_single/model/v7_auto_plain_single_agent.pt
[07:19:40] INFO: 
==================================================
[07:19:40] INFO: 单阶段推理
[07:19:40] INFO: ==================================================
[07:20:07] INFO:   [预修复] 利用 RAHA 标注行修复 0 个特征单元格 + 4 个标签
[07:20:07] INFO:   移除已修复错误: label_noise=4
[07:42:09] INFO: ==================================================
[07:42:09] INFO: DemandClean 训练开始
[07:42:09] INFO:   检测器模式: auto
[07:42:09] INFO:   训练模式: clean_base
[07:42:09] INFO:   Agent类型: single
[07:42:09] INFO:   推理模式: two_phase
[07:42:09] INFO:   FD规则: 1
[07:42:09] INFO:   丰富规则: 有
[07:42:09] INFO: ==================================================
[07:42:09] INFO: 
[Step 1] 初始化错误检测器...
[07:42:09] INFO: 
[Step 1.5] 运行 RAHA 检测获取标注行...
[08:45:00] INFO:   [预修复] 利用 RAHA 标注行修复 0 个特征单元格 + 4 个标签
[08:45:00] INFO:   标注行: [389, 554, 1520, 2245, 2870, 6059, 6713, 7087, 10063, 11059]... (共 60 行)
[08:45:00] INFO: 
[Step 2] 训练 DQN Agent...
[08:45:00] INFO: 开始训练 (single Agent, mode=clean_base)
[08:45:00] INFO:   任务类型: classification
[08:45:00] INFO:   模型类型: random_forest
[08:45:00] INFO:   原始数据: 45222 行
[08:45:00] INFO:   基准数据: 45222 行
[08:45:00] INFO:   标签注入: 检测到 6426 个标签错误, rate=0.142, symmetric=False
[08:45:00] INFO:   自适应注入比例范围 (基于检测结果):
[08:45:00] INFO:     missing: 不注入
[08:45:00] INFO:     semantic: 不注入
[08:45:00] INFO:     syntactic: 不注入
[08:45:00] INFO:     label: (0.1137, 0.1705)
[08:45:01] INFO:   ErrorInjector: rich_rules=True, domain=5, cfd=0, fd=1
[08:45:01] INFO:   开始训练 DQN (5 episodes, 起始轮=0)...
[09:05:07] INFO: 
已恢复最佳模型权重 (Episode 3, Score=0.9766, Cost=1285)
[09:05:08] INFO: 
训练完成! 最佳分数: 0.9766 (共 5 episodes)
[09:05:08] INFO:   最佳动作分布: {'no_action': 1350, 'repair_value': 1285, 'delete': 1277, 'replace_nearby': 1317}
[09:05:08] INFO: 
训练完成!
[09:05:08] INFO: 模型已保存: /Users/qianzekai/PycharmProjects/TolerDM/results/demandclean/adult/v8_auto_plain_two/model/v8_auto_plain_two_agent.pt
[09:05:08] INFO: 
==================================================
[09:05:08] INFO: 两阶段推理 - 第一阶段 (Plan)
[09:05:08] INFO: ==================================================
[09:18:50] INFO: ==================================================
[09:18:50] INFO: DemandClean 训练开始
[09:18:50] INFO:   检测器模式: auto
[09:18:50] INFO:   训练模式: clean_base
[09:18:50] INFO:   Agent类型: dueling_two_stage
[09:18:50] INFO:   推理模式: single_phase
[09:18:50] INFO:   FD规则: 1
[09:18:50] INFO:   丰富规则: 有
[09:18:50] INFO: ==================================================
[09:18:50] INFO: 
[Step 1] 初始化错误检测器...
[09:18:50] INFO: 
[Step 1.5] 运行 RAHA 检测获取标注行...
[09:35:48] INFO:   [预修复] 利用 RAHA 标注行修复 77 个特征单元格 + 0 个标签
[09:35:48] INFO:   标注行: [183, 2406, 2676, 2810, 3714, 5933, 6891, 7947, 8106, 10705]... (共 20 行)
[09:35:48] INFO: 
[Step 2] 训练 DQN Agent...
[09:35:48] INFO: 开始训练 (dueling_two_stage Agent, mode=clean_base)
[09:35:48] INFO:   任务类型: regression
[09:35:48] INFO:   模型类型: random_forest
[09:35:48] INFO:   原始数据: 17379 行
[09:35:48] INFO:   基准数据: 17379 行
[09:35:48] INFO:   标签注入: 检测器未发现标签错误，不注入
[09:35:48] INFO:   自适应注入比例范围 (基于检测结果):
[09:35:48] INFO:     missing: 不注入
[09:35:48] INFO:     semantic: (0.0170, 0.0255)
[09:35:48] INFO:     syntactic: (0.1385, 0.2077)
[09:35:48] INFO:     label: 不注入
[09:35:48] INFO:   ErrorInjector: rich_rules=True, domain=14, cfd=0, fd=1
[09:35:48] INFO:   开始训练 DQN (5 episodes, 起始轮=0)...
[09:50:59] INFO: 
已恢复最佳模型权重 (Episode 1, Score=0.0032, Cost=621)
[09:50:59] INFO: 
训练完成! 最佳分数: 0.0032 (共 5 episodes)
[09:50:59] INFO:   最佳动作分布: {'no_action': 1282, 'repair_value': 621, 'delete': 1231, 'replace_nearby': 608}
[09:50:59] INFO: 
训练完成!
[09:50:59] INFO: 模型已保存: /Users/qianzekai/PycharmProjects/TolerDM/results/demandclean/bike/v5_auto_dueling_single/model/v5_auto_dueling_single_agent.pt
[09:50:59] INFO: 
==================================================
[09:50:59] INFO: 单阶段推理
[09:50:59] INFO: ==================================================
[09:51:03] INFO:   [预修复] 利用 RAHA 标注行修复 77 个特征单元格 + 0 个标签
[09:51:03] INFO:   移除已修复错误: semantic=4, syntactic=73
[10:11:46] INFO: ==================================================
[10:11:46] INFO: DemandClean 训练开始
[10:11:46] INFO:   检测器模式: auto
[10:11:46] INFO:   训练模式: clean_base
[10:11:46] INFO:   Agent类型: single
[10:11:46] INFO:   推理模式: single_phase
[10:11:46] INFO:   FD规则: 1
[10:11:46] INFO:   丰富规则: 有
[10:11:46] INFO: ==================================================
[10:11:46] INFO: 
[Step 1] 初始化错误检测器...
[10:11:46] INFO: 
[Step 1.5] 运行 RAHA 检测获取标注行...
[10:22:12] INFO:   [预修复] 利用 RAHA 标注行修复 83 个特征单元格 + 0 个标签
[10:22:12] INFO:   标注行: [183, 1276, 2222, 2234, 2334, 2687, 2974, 4305, 7448, 10979]... (共 20 行)
[10:22:12] INFO: 
[Step 2] 训练 DQN Agent...
[10:22:12] INFO: 开始训练 (single Agent, mode=clean_base)
[10:22:12] INFO:   任务类型: regression
[10:22:12] INFO:   模型类型: random_forest
[10:22:12] INFO:   原始数据: 17379 行
[10:22:12] INFO:   基准数据: 17379 行
[10:22:12] INFO:   标签注入: 检测器未发现标签错误，不注入
[10:22:12] INFO:   自适应注入比例范围 (基于检测结果):
[10:22:12] INFO:     missing: 不注入
[10:22:12] INFO:     semantic: (0.0168, 0.0252)
[10:22:12] INFO:     syntactic: (0.1142, 0.1713)
[10:22:12] INFO:     label: 不注入
[10:22:12] INFO:   ErrorInjector: rich_rules=True, domain=14, cfd=0, fd=1
[10:22:12] INFO:   开始训练 DQN (5 episodes, 起始轮=0)...
[10:30:14] INFO: 
已恢复最佳模型权重 (Episode 2, Score=0.0040, Cost=771)
[10:30:14] INFO: 
训练完成! 最佳分数: 0.0040 (共 5 episodes)
[10:30:14] INFO:   最佳动作分布: {'no_action': 757, 'repair_value': 771, 'delete': 654, 'replace_nearby': 712}
[10:30:14] INFO: 
训练完成!
[10:30:14] INFO: 模型已保存: /Users/qianzekai/PycharmProjects/TolerDM/results/demandclean/bike/v7_auto_plain_single/model/v7_auto_plain_single_agent.pt
[10:30:14] INFO: 
==================================================
[10:30:14] INFO: 单阶段推理
[10:30:14] INFO: ==================================================
[10:30:16] INFO:   [预修复] 利用 RAHA 标注行修复 83 个特征单元格 + 0 个标签
[10:30:16] INFO:   移除已修复错误: semantic=4, syntactic=79
[10:47:51] INFO: ==================================================
[10:47:51] INFO: DemandClean 训练开始
[10:47:51] INFO:   检测器模式: auto
[10:47:51] INFO:   训练模式: clean_base
[10:47:51] INFO:   Agent类型: single
[10:47:51] INFO:   推理模式: two_phase
[10:47:51] INFO:   FD规则: 1
[10:47:51] INFO:   丰富规则: 有
[10:47:51] INFO: ==================================================
[10:47:51] INFO: 
[Step 1] 初始化错误检测器...
[10:47:51] INFO: 
[Step 1.5] 运行 RAHA 检测获取标注行...
[11:01:38] INFO:   [预修复] 利用 RAHA 标注行修复 82 个特征单元格 + 0 个标签
[11:01:38] INFO:   标注行: [183, 397, 430, 1419, 1473, 3403, 3525, 4530, 7448, 8701]... (共 20 行)
[11:01:38] INFO: 
[Step 2] 训练 DQN Agent...
[11:01:38] INFO: 开始训练 (single Agent, mode=clean_base)
[11:01:38] INFO:   任务类型: regression
[11:01:38] INFO:   模型类型: random_forest
[11:01:38] INFO:   原始数据: 17379 行
[11:01:38] INFO:   基准数据: 17379 行
[11:01:38] INFO:   标签注入: 检测器未发现标签错误，不注入
[11:01:38] INFO:   自适应注入比例范围 (基于检测结果):
[11:01:38] INFO:     missing: 不注入
[11:01:38] INFO:     semantic: (0.0170, 0.0255)
[11:01:38] INFO:     syntactic: (0.1323, 0.1985)
[11:01:38] INFO:     label: 不注入
[11:01:38] INFO:   ErrorInjector: rich_rules=True, domain=14, cfd=0, fd=1
[11:01:38] INFO:   开始训练 DQN (5 episodes, 起始轮=0)...
[11:09:35] INFO: 
已恢复最佳模型权重 (Episode 5, Score=0.0036, Cost=841)
[11:09:35] INFO: 
训练完成! 最佳分数: 0.0036 (共 5 episodes)
[11:09:35] INFO:   最佳动作分布: {'no_action': 840, 'repair_value': 841, 'delete': 833, 'replace_nearby': 862}
[11:09:35] INFO: 
训练完成!
[11:09:35] INFO: 模型已保存: /Users/qianzekai/PycharmProjects/TolerDM/results/demandclean/bike/v8_auto_plain_two/model/v8_auto_plain_two_agent.pt
[11:09:35] INFO: 
==================================================
[11:09:35] INFO: 两阶段推理 - 第一阶段 (Plan)
[11:09:35] INFO: ==================================================
[12:04:13] INFO: ==================================================
[12:04:13] INFO: DemandClean 训练开始
[12:04:13] INFO:   检测器模式: auto
[12:04:13] INFO:   训练模式: clean_base
[12:04:13] INFO:   Agent类型: dueling_two_stage
[12:04:13] INFO:   推理模式: single_phase
[12:04:13] INFO:   FD规则: 0
[12:04:13] INFO:   丰富规则: 有
[12:04:13] INFO: ==================================================
[12:04:13] INFO: 
[Step 1] 初始化错误检测器...
[12:04:13] INFO: 
[Step 1.5] 运行 RAHA 检测获取标注行...
[12:04:26] INFO:   [预修复] 利用 RAHA 标注行修复 29 个特征单元格 + 1 个标签
[12:04:26] INFO:   标注行: [36, 65, 85, 114, 146, 152, 159, 170, 179, 218]... (共 20 行)
[12:04:26] INFO: 
[Step 2] 训练 DQN Agent...
[12:04:26] INFO: 开始训练 (dueling_two_stage Agent, mode=clean_base)
[12:04:26] INFO:   任务类型: classification
[12:04:26] INFO:   模型类型: random_forest
[12:04:26] INFO:   原始数据: 699 行
[12:04:26] INFO:   基准数据: 487 行
[12:04:26] INFO:   标签注入: 检测到 34 个标签错误, rate=0.049, symmetric=False
[12:04:26] INFO:   自适应注入比例范围 (基于检测结果):
[12:04:26] INFO:     missing: (0.0292, 0.0439)
[12:04:26] INFO:     semantic: (0.0234, 0.0351)
[12:04:26] INFO:     syntactic: (0.0142, 0.0214)
[12:04:26] INFO:     label: (0.0389, 0.0584)
[12:04:26] INFO:   ErrorInjector: rich_rules=True, domain=9, cfd=22, fd=0
[12:04:26] INFO:   开始训练 DQN (5 episodes, 起始轮=0)...
[12:04:29] INFO: 
已恢复最佳模型权重 (Episode 4, Score=0.9815, Cost=10)
[12:04:29] INFO: 
训练完成! 最佳分数: 0.9815 (共 5 episodes)
[12:04:29] INFO:   最佳动作分布: {'no_action': 28, 'repair_value': 10, 'delete': 12, 'replace_nearby': 12}
[12:04:29] INFO: 
训练完成!
[12:04:29] INFO: 模型已保存: /Users/qianzekai/PycharmProjects/TolerDM/results/demandclean/breast_cancer/v5_auto_dueling_single/model/v5_auto_dueling_single_agent.pt
[12:04:29] INFO: 
==================================================
[12:04:29] INFO: 单阶段推理
[12:04:29] INFO: ==================================================
[12:04:29] INFO:   [预修复] 利用 RAHA 标注行修复 29 个特征单元格 + 1 个标签
[12:04:29] INFO:   移除已修复错误: missing=13, semantic=3, syntactic=13, label_noise=1
[12:05:08] INFO: ==================================================
[12:05:08] INFO: DemandClean 训练开始
[12:05:08] INFO:   检测器模式: auto
[12:05:08] INFO:   训练模式: clean_base
[12:05:08] INFO:   Agent类型: single
[12:05:08] INFO:   推理模式: single_phase
[12:05:08] INFO:   FD规则: 0
[12:05:08] INFO:   丰富规则: 有
[12:05:08] INFO: ==================================================
[12:05:08] INFO: 
[Step 1] 初始化错误检测器...
[12:05:08] INFO: 
[Step 1.5] 运行 RAHA 检测获取标注行...
[12:05:20] INFO:   [预修复] 利用 RAHA 标注行修复 23 个特征单元格 + 1 个标签
[12:05:20] INFO:   标注行: [68, 77, 95, 122, 131, 146, 152, 159, 200, 289]... (共 20 行)
[12:05:20] INFO: 
[Step 2] 训练 DQN Agent...
[12:05:20] INFO: 开始训练 (single Agent, mode=clean_base)
[12:05:20] INFO:   任务类型: classification
[12:05:20] INFO:   模型类型: random_forest
[12:05:20] INFO:   原始数据: 699 行
[12:05:20] INFO:   基准数据: 487 行
[12:05:20] INFO:   标签注入: 检测到 34 个标签错误, rate=0.049, symmetric=False
[12:05:20] INFO:   自适应注入比例范围 (基于检测结果):
[12:05:20] INFO:     missing: (0.0292, 0.0439)
[12:05:20] INFO:     semantic: (0.0192, 0.0288)
[12:05:20] INFO:     syntactic: (0.0151, 0.0227)
[12:05:20] INFO:     label: (0.0389, 0.0584)
[12:05:20] INFO:   ErrorInjector: rich_rules=True, domain=9, cfd=22, fd=0
[12:05:20] INFO:   开始训练 DQN (5 episodes, 起始轮=0)...
[12:05:22] INFO: 
已恢复最佳模型权重 (Episode 2, Score=0.9897, Cost=16)
[12:05:22] INFO: 
训练完成! 最佳分数: 0.9897 (共 5 episodes)
[12:05:22] INFO:   最佳动作分布: {'no_action': 11, 'repair_value': 16, 'delete': 9, 'replace_nearby': 18}
[12:05:22] INFO: 
训练完成!
[12:05:22] INFO: 模型已保存: /Users/qianzekai/PycharmProjects/TolerDM/results/demandclean/breast_cancer/v7_auto_plain_single/model/v7_auto_plain_single_agent.pt
[12:05:22] INFO: 
==================================================
[12:05:22] INFO: 单阶段推理
[12:05:22] INFO: ==================================================
[12:05:23] INFO:   [预修复] 利用 RAHA 标注行修复 23 个特征单元格 + 1 个标签
[12:05:23] INFO:   移除已修复错误: missing=12, semantic=1, syntactic=10, label_noise=1
[12:06:11] INFO: ==================================================
[12:06:11] INFO: DemandClean 训练开始
[12:06:11] INFO:   检测器模式: auto
[12:06:11] INFO:   训练模式: clean_base
[12:06:11] INFO:   Agent类型: single
[12:06:11] INFO:   推理模式: two_phase
[12:06:11] INFO:   FD规则: 0
[12:06:11] INFO:   丰富规则: 有
[12:06:11] INFO: ==================================================
[12:06:11] INFO: 
[Step 1] 初始化错误检测器...
[12:06:11] INFO: 
[Step 1.5] 运行 RAHA 检测获取标注行...
[12:06:24] INFO:   [预修复] 利用 RAHA 标注行修复 26 个特征单元格 + 1 个标签
[12:06:24] INFO:   标注行: [12, 18, 50, 54, 63, 84, 98, 151, 268, 319]... (共 20 行)
[12:06:24] INFO: 
[Step 2] 训练 DQN Agent...
[12:06:24] INFO: 开始训练 (single Agent, mode=clean_base)
[12:06:24] INFO:   任务类型: classification
[12:06:24] INFO:   模型类型: random_forest
[12:06:24] INFO:   原始数据: 699 行
[12:06:24] INFO:   基准数据: 484 行
[12:06:24] INFO:   标签注入: 检测到 35 个标签错误, rate=0.050, symmetric=False
[12:06:24] INFO:   自适应注入比例范围 (基于检测结果):
[12:06:24] INFO:     missing: (0.0292, 0.0439)
[12:06:24] INFO:     semantic: (0.0195, 0.0292)
[12:06:24] INFO:     syntactic: (0.0243, 0.0364)
[12:06:24] INFO:     label: (0.0401, 0.0601)
[12:06:24] INFO:   ErrorInjector: rich_rules=True, domain=9, cfd=22, fd=0
[12:06:24] INFO:   开始训练 DQN (5 episodes, 起始轮=0)...
[12:06:26] INFO: 
已恢复最佳模型权重 (Episode 1, Score=0.9897, Cost=23)
[12:06:26] INFO: 
训练完成! 最佳分数: 0.9897 (共 5 episodes)
[12:06:26] INFO:   最佳动作分布: {'no_action': 10, 'repair_value': 23, 'delete': 10, 'replace_nearby': 23}
[12:06:26] INFO: 
训练完成!
[12:06:26] INFO: 模型已保存: /Users/qianzekai/PycharmProjects/TolerDM/results/demandclean/breast_cancer/v8_auto_plain_two/model/v8_auto_plain_two_agent.pt
[12:06:27] INFO: 
==================================================
[12:06:27] INFO: 两阶段推理 - 第一阶段 (Plan)
[12:06:27] INFO: ==================================================
[12:07:18] INFO: ==================================================
[12:07:18] INFO: DemandClean 训练开始
[12:07:18] INFO:   检测器模式: auto
[12:07:18] INFO:   训练模式: clean_base
[12:07:18] INFO:   Agent类型: dueling_two_stage
[12:07:18] INFO:   推理模式: single_phase
[12:07:18] INFO:   FD规则: 1
[12:07:18] INFO:   丰富规则: 有
[12:07:18] INFO: ==================================================
[12:07:18] INFO: 
[Step 1] 初始化错误检测器...
[12:07:18] INFO: 
[Step 1.5] 运行 RAHA 检测获取标注行...
[12:13:53] INFO:   [预修复] 利用 RAHA 标注行修复 59 个特征单元格 + 8 个标签
[12:13:53] INFO:   标注行: [539, 760, 3437, 5996, 7270, 7394, 9292, 9498, 10153, 12441]... (共 80 行)
[12:13:53] INFO: 
[Step 2] 训练 DQN Agent...
[12:13:53] INFO: 开始训练 (dueling_two_stage Agent, mode=clean_base)
[12:13:53] INFO:   任务类型: clustering
[12:13:53] INFO:   模型类型: kmeans
[12:13:53] INFO:   原始数据: 70000 行
[12:13:53] INFO:   基准数据: 63654 行
[12:13:53] INFO:   标签注入: 检测到 2854 个标签错误, rate=0.041, symmetric=True
[12:13:53] INFO:   自适应注入比例范围 (基于检测结果):
[12:13:53] INFO:     missing: (0.0242, 0.0363)
[12:13:53] INFO:     semantic: (0.0064, 0.0114)
[12:13:53] INFO:     syntactic: (0.1144, 0.1716)
[12:13:53] INFO:     label: (0.0326, 0.0489)
[12:13:53] INFO:   ErrorInjector: rich_rules=True, domain=3, cfd=0, fd=0
[12:13:53] INFO:   开始训练 DQN (5 episodes, 起始轮=0)...
[12:22:16] INFO: 
已恢复最佳模型权重 (Episode 3, Score=0.7354, Cost=2376)
[12:22:16] INFO: 
训练完成! 最佳分数: 0.7354 (共 5 episodes)
[12:22:16] INFO:   最佳动作分布: {'no_action': 4819, 'repair_value': 2376, 'delete': 4777, 'replace_nearby': 2309}
[12:22:16] INFO: 
训练完成!
[12:22:16] INFO: 模型已保存: /Users/qianzekai/PycharmProjects/TolerDM/results/demandclean/har/v5_auto_dueling_single/model/v5_auto_dueling_single_agent.pt
[12:22:16] INFO: 
==================================================
[12:22:16] INFO: 单阶段推理
[12:22:16] INFO: ==================================================
[12:22:20] INFO:   [预修复] 利用 RAHA 标注行修复 59 个特征单元格 + 8 个标签
[12:22:20] INFO:   移除已修复错误: missing=14, syntactic=45, label_noise=8
[12:36:01] INFO: ==================================================
[12:36:01] INFO: DemandClean 训练开始
[12:36:01] INFO:   检测器模式: auto
[12:36:01] INFO:   训练模式: clean_base
[12:36:01] INFO:   Agent类型: single
[12:36:01] INFO:   推理模式: single_phase
[12:36:01] INFO:   FD规则: 1
[12:36:01] INFO:   丰富规则: 有
[12:36:01] INFO: ==================================================
[12:36:01] INFO: 
[Step 1] 初始化错误检测器...
[12:36:01] INFO: 
[Step 1.5] 运行 RAHA 检测获取标注行...
[12:44:04] INFO:   [预修复] 利用 RAHA 标注行修复 56 个特征单元格 + 9 个标签
[12:44:04] INFO:   标注行: [188, 784, 3215, 4311, 6810, 7327, 7798, 8794, 10313, 11218]... (共 80 行)
[12:44:04] INFO: 
[Step 2] 训练 DQN Agent...
[12:44:04] INFO: 开始训练 (single Agent, mode=clean_base)
[12:44:04] INFO:   任务类型: clustering
[12:44:04] INFO:   模型类型: kmeans
[12:44:04] INFO:   原始数据: 70000 行
[12:44:04] INFO:   基准数据: 63649 行
[12:44:04] INFO:   标签注入: 检测到 2752 个标签错误, rate=0.039, symmetric=True
[12:44:04] INFO:   自适应注入比例范围 (基于检测结果):
[12:44:04] INFO:     missing: (0.0242, 0.0363)
[12:44:04] INFO:     semantic: (0.0050, 0.0100)
[12:44:04] INFO:     syntactic: (0.1227, 0.1840)
[12:44:04] INFO:     label: (0.0315, 0.0472)
[12:44:04] INFO:   ErrorInjector: rich_rules=True, domain=3, cfd=0, fd=0
[12:44:04] INFO:   开始训练 DQN (5 episodes, 起始轮=0)...
[12:51:46] INFO: 
已恢复最佳模型权重 (Episode 4, Score=0.7399, Cost=3242)
[12:51:46] INFO: 
训练完成! 最佳分数: 0.7399 (共 5 episodes)
[12:51:46] INFO:   最佳动作分布: {'no_action': 3195, 'repair_value': 3242, 'delete': 3295, 'replace_nearby': 3381}
[12:51:46] INFO: 
训练完成!
[12:51:46] INFO: 模型已保存: /Users/qianzekai/PycharmProjects/TolerDM/results/demandclean/har/v7_auto_plain_single/model/v7_auto_plain_single_agent.pt
[12:51:46] INFO: 
==================================================
[12:51:46] INFO: 单阶段推理
[12:51:46] INFO: ==================================================
[12:51:49] INFO:   [预修复] 利用 RAHA 标注行修复 56 个特征单元格 + 9 个标签
[12:51:49] INFO:   移除已修复错误: missing=9, syntactic=47, label_noise=9
[13:07:23] INFO: ==================================================
[13:07:23] INFO: DemandClean 训练开始
[13:07:23] INFO:   检测器模式: auto
[13:07:23] INFO:   训练模式: clean_base
[13:07:23] INFO:   Agent类型: single
[13:07:23] INFO:   推理模式: two_phase
[13:07:23] INFO:   FD规则: 1
[13:07:23] INFO:   丰富规则: 有
[13:07:23] INFO: ==================================================
[13:07:23] INFO: 
[Step 1] 初始化错误检测器...
[13:07:23] INFO: 
[Step 1.5] 运行 RAHA 检测获取标注行...
