[03:19:23] INFO: ==================================================
[03:19:23] INFO: DemandClean 训练开始
[03:19:23] INFO:   检测器模式: auto
[03:19:23] INFO:   训练模式: clean_base
[03:19:23] INFO:   Agent类型: dueling_two_stage
[03:19:23] INFO:   推理模式: single_phase
[03:19:23] INFO:   FD规则: 4
[03:19:23] INFO:   丰富规则: 有
[03:19:23] INFO: ==================================================
[03:19:23] INFO: 
[Step 1] 初始化错误检测器...
[03:19:23] INFO: 
[Step 1.5] 运行 RAHA 检测获取标注行...
[03:20:32] INFO:   [预修复] 利用 RAHA 标注行修复 39 个特征单元格 + 1 个标签
[03:20:32] INFO:   标注行: [21, 121, 281, 367, 397, 594, 621, 970, 1000, 1110]... (共 20 行)
[03:20:32] INFO: 
[Step 2] 训练 DQN Agent...
[03:20:32] INFO: 开始训练 (dueling_two_stage Agent, mode=clean_base)
[03:20:32] INFO:   任务类型: classification
[03:20:32] INFO:   模型类型: random_forest
[03:20:32] INFO:   原始数据: 2410 行
[03:20:32] INFO:   基准数据: 20 行
[03:20:32] INFO:   标签注入: 检测到 78 个标签错误, rate=0.032, symmetric=True
[03:20:32] INFO:   自适应注入比例范围 (基于检测结果):
[03:20:32] INFO:     missing: (0.1784, 0.2676)
[03:20:32] INFO:     semantic: (0.0050, 0.0100)
[03:20:32] INFO:     syntactic: (0.0050, 0.0100)
[03:20:32] INFO:     label: (0.0259, 0.0388)
[03:20:33] INFO:   ErrorInjector: rich_rules=True, domain=3, cfd=0, fd=4
[03:20:33] INFO:   开始训练 DQN (5 episodes, 起始轮=0)...
[03:20:37] INFO: 
已恢复最佳模型权重 (Episode 4, Score=1.0000, Cost=1)
[03:20:37] INFO: 
训练完成! 最佳分数: 1.0000 (共 5 episodes)
[03:20:37] INFO:   最佳动作分布: {'no_action': 2, 'repair_value': 1, 'delete': 0, 'replace_nearby': 0}
[03:20:37] INFO: 
训练完成!
[03:20:37] INFO: 模型已保存: /Users/qianzekai/PycharmProjects/TolerDM/results/demandclean/beers/v5_auto_dueling_single/model/v5_auto_dueling_single_agent.pt
[03:20:37] INFO: 
==================================================
[03:20:37] INFO: 单阶段推理
[03:20:37] INFO: ==================================================
[03:20:38] INFO:   [预修复] 利用 RAHA 标注行修复 39 个特征单元格 + 1 个标签
[03:20:38] INFO:   移除已修复错误: missing=37, semantic=1, syntactic=1, label_noise=1
[1;34m[03:24:46][0m[1;33m WARNING Snoopy may use all CPU cores! Set env. variable 'SNOOPY_LIMIT_CPU' to 'y' to limit CPU usage. [0m[1;34m(__init__ -> _init_tf_pytorch on MainThread)[0m
[1;34m[03:24:46][0m[2;37m DEBUG   TensorFlow sees: 1 Physical GPUs, 1 Logical GPUs [0m[1;34m(__init__ -> _init_tf_pytorch on MainThread)[0m
[03:25:01] INFO: ==================================================
[03:25:01] INFO: DemandClean 训练开始
[03:25:01] INFO:   检测器模式: auto
[03:25:01] INFO:   训练模式: clean_base
[03:25:01] INFO:   Agent类型: single
[03:25:01] INFO:   推理模式: single_phase
[03:25:01] INFO:   FD规则: 4
[03:25:01] INFO:   丰富规则: 有
[03:25:01] INFO: ==================================================
[03:25:01] INFO: 
[Step 1] 初始化错误检测器...
[03:25:01] INFO: 
[Step 1.5] 运行 RAHA 检测获取标注行...
[03:26:47] INFO:   [预修复] 利用 RAHA 标注行修复 38 个特征单元格 + 1 个标签
[03:26:47] INFO:   标注行: [179, 197, 386, 404, 496, 707, 1051, 1084, 1212, 1229]... (共 20 行)
[03:26:47] INFO: 
[Step 2] 训练 DQN Agent...
[03:26:47] INFO: 开始训练 (single Agent, mode=clean_base)
[03:26:47] INFO:   任务类型: classification
[03:26:47] INFO:   模型类型: random_forest
[03:26:47] INFO:   原始数据: 2410 行
[03:26:47] INFO:   基准数据: 20 行
[03:26:47] INFO:   标签注入: 检测到 78 个标签错误, rate=0.032, symmetric=True
[03:26:47] INFO:   自适应注入比例范围 (基于检测结果):
[03:26:47] INFO:     missing: (0.1784, 0.2676)
[03:26:47] INFO:     semantic: (0.0050, 0.0100)
[03:26:47] INFO:     syntactic: (0.0050, 0.0100)
[03:26:47] INFO:     label: (0.0259, 0.0388)
[03:26:47] INFO:   ErrorInjector: rich_rules=True, domain=3, cfd=0, fd=4
[03:26:47] INFO:   开始训练 DQN (5 episodes, 起始轮=0)...
[03:26:50] INFO: 
已恢复最佳模型权重 (Episode 2, Score=1.0000, Cost=1)
[03:26:50] INFO: 
训练完成! 最佳分数: 1.0000 (共 5 episodes)
[03:26:50] INFO:   最佳动作分布: {'no_action': 3, 'repair_value': 1, 'delete': 0, 'replace_nearby': 0}
[03:26:50] INFO: 
训练完成!
[03:26:50] INFO: 模型已保存: /Users/qianzekai/PycharmProjects/TolerDM/results/demandclean/beers/v7_auto_plain_single/model/v7_auto_plain_single_agent.pt
[03:26:50] INFO: 
==================================================
[03:26:50] INFO: 单阶段推理
[03:26:50] INFO: ==================================================
[03:26:51] INFO:   [预修复] 利用 RAHA 标注行修复 38 个特征单元格 + 1 个标签
[03:26:51] INFO:   移除已修复错误: missing=35, semantic=2, syntactic=1, label_noise=1
[03:36:33] INFO: ==================================================
[03:36:33] INFO: DemandClean 训练开始
[03:36:33] INFO:   检测器模式: auto
[03:36:33] INFO:   训练模式: clean_base
[03:36:33] INFO:   Agent类型: single
[03:36:33] INFO:   推理模式: two_phase
[03:36:33] INFO:   FD规则: 4
[03:36:33] INFO:   丰富规则: 有
[03:36:33] INFO: ==================================================
[03:36:33] INFO: 
[Step 1] 初始化错误检测器...
[03:36:33] INFO: 
[Step 1.5] 运行 RAHA 检测获取标注行...
[03:37:19] INFO:   [预修复] 利用 RAHA 标注行修复 45 个特征单元格 + 3 个标签
[03:37:19] INFO:   标注行: [136, 525, 539, 572, 727, 756, 867, 988, 1051, 1117]... (共 20 行)
[03:37:19] INFO: 
[Step 2] 训练 DQN Agent...
[03:37:19] INFO: 开始训练 (single Agent, mode=clean_base)
[03:37:19] INFO:   任务类型: classification
[03:37:19] INFO:   模型类型: random_forest
[03:37:19] INFO:   原始数据: 2410 行
[03:37:19] INFO:   基准数据: 20 行
[03:37:19] INFO:   标签注入: 检测到 92 个标签错误, rate=0.038, symmetric=True
[03:37:19] INFO:   自适应注入比例范围 (基于检测结果):
[03:37:19] INFO:     missing: (0.1784, 0.2676)
[03:37:19] INFO:     semantic: (0.0050, 0.0100)
[03:37:19] INFO:     syntactic: (0.0050, 0.0100)
[03:37:19] INFO:     label: (0.0305, 0.0458)
[03:37:19] INFO:   ErrorInjector: rich_rules=True, domain=3, cfd=0, fd=4
[03:37:19] INFO:   开始训练 DQN (5 episodes, 起始轮=0)...
[03:37:21] INFO: 
已恢复最佳模型权重 (Episode 4, Score=1.0000, Cost=0)
[03:37:21] INFO: 
训练完成! 最佳分数: 1.0000 (共 5 episodes)
[03:37:21] INFO:   最佳动作分布: {'no_action': 0, 'repair_value': 0, 'delete': 0, 'replace_nearby': 3}
[03:37:21] INFO: 
训练完成!
[03:37:21] INFO: 模型已保存: /Users/qianzekai/PycharmProjects/TolerDM/results/demandclean/beers/v8_auto_plain_two/model/v8_auto_plain_two_agent.pt
[03:37:21] INFO: 
==================================================
[03:37:21] INFO: 两阶段推理 - 第一阶段 (Plan)
[03:37:21] INFO: ==================================================
