[日志] 完整输出将保存到: /Users/qianzekai/PycharmProjects/TolerDM/logs/demandclean/beers_ep5_20260303_015803.log
======================================================================
DemandClean 统一运行脚本
======================================================================
数据集: ['beers']
启用版本: ['v3_oracle_plain_single']
训练轮数: 5
详细输出: False
Oracle 模式: 启用 (三路划分 60/20/20, --no-oracle 关闭)
======================================================================

######################################################################
# 数据集: beers
######################################################################

  60/20/20 划分: train=1446, val=482, test=482
  60% 子集 CSV: /Users/qianzekai/PycharmProjects/TolerDM/results/demandclean/beers/dirty_train_60pct.csv
  数据集: beers
  脏数据: (1446, 8)
  特征列: 8, 标签列: style
  分类列: {'brewery_name', 'state', 'city', 'beer_name'}
  LE fit: 仅 dirty (1446 行)
  SS fit: 仅 dirty (1446 行)
  FD规则: 0 条
  编码完成: X_dirty_train=(1446, 8), X_clean_train=(1446, 8), X_clean_val=(482, 8), X_clean_test=(482, 8)

======================================================================
版本: v3_oracle_plain_single
数据集: beers | 任务: classification | 模型: random_forest
检测器: oracle | Agent: single_stage | 推理: single_phase
训练轮数: 5 | 输出目录: /Users/qianzekai/PycharmProjects/TolerDM/results/demandclean/beers/v3_oracle_plain_single
======================================================================

[Step 1] 创建 DemandClean 实例...
  [计时] Step 1 (初始化): 0.00s

[Step 2] 续训 (检测到已有模型: /Users/qianzekai/PycharmProjects/TolerDM/results/demandclean/beers/v3_oracle_plain_single/model/v3_oracle_plain_single_agent.pt)...
  已有训练历史: 10 episodes
  新增训练: 5 episodes
  模型已保存: /Users/qianzekai/PycharmProjects/TolerDM/results/demandclean/beers/v3_oracle_plain_single/model/v3_oracle_plain_single_agent.pt
  训练历史已保存: /Users/qianzekai/PycharmProjects/TolerDM/results/demandclean/beers/v3_oracle_plain_single/report/v3_oracle_plain_single_history.json
  [计时] Step 2 (训练): 4.55s

[Step 3] 推理 (模式: single_phase)...
  真值使用: 0
  动作分布: {'no_action': 398, 'repair_value': 0, 'delete': 1156, 'replace_nearby': 0}
  清洗后数据已保存: /Users/qianzekai/PycharmProjects/TolerDM/results/demandclean/beers/v3_oracle_plain_single/data/v3_oracle_plain_single_cleaned.csv
  原始格式清洗数据已保存: /Users/qianzekai/PycharmProjects/TolerDM/results/demandclean/beers/v3_oracle_plain_single/data/v3_oracle_plain_single_cleaned_original.csv
  [计时] Step 3 (推理): 4.86s

[Step 4] 检测器准确率评估...
  [计时] Step 4 (检测器评估): 0.20s

[Step 5] Baseline 评估与可视化...
  DeleteFix: 删除 1157 行, 保留 289 行
  统一测试集 (Oracle): 479 行

============================================================
Baseline 对比评估 - v3_oracle_plain_single
============================================================
  NoFix          : rf_accuracy=0.3152 | rf_f1=0.2572 | lr_accuracy=0.2234 | lr_f1=0.1243
  DeleteAll: 数据不足(0行)，跳过
  DeleteFix      : rf_accuracy=0.2985 | rf_f1=0.2268 | lr_accuracy=0.2547 | lr_f1=0.1666
  ReplaceAll     : rf_accuracy=0.3152 | rf_f1=0.2572 | lr_accuracy=0.2234 | lr_f1=0.1243
  DemandClean    : rf_accuracy=0.309 | rf_f1=0.2342 | lr_accuracy=0.2589 | lr_f1=0.1798
  FullFix        : rf_accuracy=0.3528 | rf_f1=0.2926 | lr_accuracy=0.286 | lr_f1=0.1874
  [可视化] Baseline 对比图已保存: /Users/qianzekai/PycharmProjects/TolerDM/results/demandclean/beers/v3_oracle_plain_single/visualization/v3_oracle_plain_single_baseline_comparison.png
  [计时] Step 5 (Baseline评估): 221.02s

[Step 6] 模型容忍度评估...
============================================================
模型容忍度计算 - v3_oracle_plain_single
任务类型: classification  |  模型列表: ['rf', 'lr']
============================================================

--- 模型: RF ---
  P_clean  = 0.3333
  P_dirty  = 0.2812
  P_dc     = 0.0972
  先验容忍度 (P_dc / P_dirty)            = 0.3457
  后验容忍度 (P_dc-P_dirty)/(P_clean-P_dirty) = -3.5333

--- 模型: LR ---
  P_clean  = 0.1979
  P_dirty  = 0.1840
  P_dc     = 0.1319
  先验容忍度 (P_dc / P_dirty)            = 0.7170
  后验容忍度 (P_dc-P_dirty)/(P_clean-P_dirty) = -3.7500
  容忍度柱状图已保存: /Users/qianzekai/PycharmProjects/TolerDM/results/demandclean/beers/v3_oracle_plain_single/visualization/v3_oracle_plain_single_tolerance_bar.png
  [计时] Step 6 (容忍度评估): 404.34s

[Step 7] Shapley 三维度分析...
[Shapley] 维度1: 动作重要性 (精确枚举 4!=24 排列) ...
