[日志] 完整输出将保存到: /Users/qianzekai/PycharmProjects/TolerDM/logs/demandclean/beers_ep400_20260305_024151.log
======================================================================
DemandClean 统一运行脚本
======================================================================
数据集: ['beers']
启用版本: ['v5_auto_dueling_single']
训练轮数: 400
详细输出: True
Oracle 模式: 启用 (三路划分 60/20/20, --no-oracle 关闭)
======================================================================

######################################################################
# 数据集: beers
######################################################################

  60/20/20 划分: train=1446, val=482, test=482
  60% 子集 CSV: /Users/qianzekai/PycharmProjects/TolerDM/results/demandclean/beers/dirty_train_60pct.csv
  数据集: beers
  脏数据: (1446, 8)
  特征列: 8, 标签列: style
  分类列: {'state', 'city', 'brewery_name', 'beer_name'}
  LE fit: 仅 dirty (1446 行)
  SS fit: 仅 dirty (1446 行)
  FD规则: 0 条
  编码完成: X_dirty_train=(1446, 8), X_clean_train=(1446, 8), X_clean_val=(482, 8), X_clean_test=(482, 8)

======================================================================
版本: v5_auto_dueling_single
数据集: beers | 任务: classification | 模型: random_forest
检测器: auto | Agent: dueling_two_stage | 推理: single_phase
训练轮数: 400 | 输出目录: /Users/qianzekai/PycharmProjects/TolerDM/results/demandclean/beers/v5_auto_dueling_single
======================================================================

[Step 1] 创建 DemandClean 实例...
  [计时] Step 1 (初始化): 0.00s

[Step 2] 训练 (400 episodes)...

[AutoDetector] 初始化
  RAHA 来源: pip:raha
  RAHA 可用: True
  CSV 路径: /Users/qianzekai/PycharmProjects/TolerDM/results/demandclean/beers/dirty_train_60pct.csv
  FD 规则: 4 条
  规则文件: /Users/qianzekai/PycharmProjects/TolerDM/data/beers/rules.txt
  规则摘要: ParsedRules(DOMAIN=4, FD=4)
  缺失值: 2608 个
  标签缺失(NaN): 4 个

[检测] 在原始 CSV 上运行 RAHA (labeling_budget=20)...
  [RAHA] 数据规模: 1446 行 × 11 列
543 strategy profiles are collected.
44 Features are generated for column 0.
44 Features are generated for column 1.
128 Features are generated for column 2.
106 Features are generated for column 3.
69 Features are generated for column 4.
59 Features are generated for column 5.
51 Features are generated for column 6.
72 Features are generated for column 7.
104 Features are generated for column 8.
105 Features are generated for column 9.
81 Features are generated for column 10.
A hierarchical clustering model is built for column 0.
A hierarchical clustering model is built for column 1.
A hierarchical clustering model is built for column 2.
A hierarchical clustering model is built for column 3.
A hierarchical clustering model is built for column 4.
A hierarchical clustering model is built for column 5.
A hierarchical clustering model is built for column 6.
A hierarchical clustering model is built for column 7.
A hierarchical clustering model is built for column 8.
A hierarchical clustering model is built for column 9.
A hierarchical clustering model is built for column 10.
Tuple 1328 is sampled.
Tuple 1328 is labeled.
Tuple 77 is sampled.
Tuple 77 is labeled.
Tuple 726 is sampled.
Tuple 726 is labeled.
Tuple 845 is sampled.
Tuple 845 is labeled.
Tuple 703 is sampled.
Tuple 703 is labeled.
Tuple 994 is sampled.
Tuple 994 is labeled.
Tuple 639 is sampled.
Tuple 639 is labeled.
Tuple 996 is sampled.
Tuple 996 is labeled.
Tuple 1011 is sampled.
Tuple 1011 is labeled.
Tuple 465 is sampled.
Tuple 465 is labeled.
Tuple 490 is sampled.
Tuple 490 is labeled.
Tuple 1168 is sampled.
Tuple 1168 is labeled.
Tuple 950 is sampled.
Tuple 950 is labeled.
Tuple 362 is sampled.
Tuple 362 is labeled.
Tuple 1232 is sampled.
Tuple 1232 is labeled.
Tuple 179 is sampled.
Tuple 179 is labeled.
Tuple 56 is sampled.
Tuple 56 is labeled.
Tuple 335 is sampled.
Tuple 335 is labeled.
Tuple 624 is sampled.
Tuple 624 is labeled.
Tuple 76 is sampled.
Tuple 76 is labeled.
The number of labeled data cells increased from 220 to 14729.
A classifier is trained and applied on column 0.
A classifier is trained and applied on column 1.
A classifier is trained and applied on column 2.
A classifier is trained and applied on column 3.
A classifier is trained and applied on column 4.
A classifier is trained and applied on column 5.
A classifier is trained and applied on column 6.
A classifier is trained and applied on column 7.
A classifier is trained and applied on column 8.
A classifier is trained and applied on column 9.
A classifier is trained and applied on column 10.
  RAHA 检测结果: 2001 个单元格
  Precision=0.9970  Recall=0.9828  F1=0.9898
  RAHA 标注行数: 20 (labeling_budget=20)
  RAHA 标签错误: 2 行
  句法错误(RAHA): 50 个
  DOMAIN 规则检测: 3 个句法错误 (特征列, 超出值域)
  DOMAIN 规则检测: 2 个标签错误
  句法错误(RAHA+REGEX+DOMAIN): 53 个
  FD 规则检测: 61 个语义错误
  语义错误: 61 个 (FD)
  标签噪声: 6 个 (NaN=4, 规则=2)
  特征受损行标签排除: 6 个

  检测总结: 2722 个错误 (缺失=2608, 句法=53, 语义=61, 标签噪声=0)
  模型已保存: /Users/qianzekai/PycharmProjects/TolerDM/results/demandclean/beers/v5_auto_dueling_single/model/v5_auto_dueling_single_agent.pt
  训练历史已保存: /Users/qianzekai/PycharmProjects/TolerDM/results/demandclean/beers/v5_auto_dueling_single/report/v5_auto_dueling_single_history.json
  [计时] Step 2 (训练): 1102.49s

[Step 3] 推理 (模式: single_phase)...
  [检测缓存命中] 复用上次检测结果 (2722 cells)

============================================================
单阶段推理
============================================================
  算法: Dueling Double DQN (Two Stage)
  任务类型: classification
  下游模型: random_forest
  检测到的错误: 2686 个 (missing=2574, semantic=61, syntactic=51, label=0)

  推理进度: [====================] 2686/2686

  动作分布 (共 2617 个错误):
    no_action           15 (  0.6%) 
    repair_value      2393 ( 91.4%) ████████████████████████████████████
    delete             150 (  5.7%) ██
    replace_nearby      59 (  2.3%) 

  修复明细 (repair_value): 共 2393 条
    行        列      脏值           → 修复值          错误类型      
    -------------------------------------------------------
    670      3      NaN          → 0.0000       missing   
    1187     1      NaN          → 16.0000      missing   
    108      3      NaN          → 0.0000       missing   
    1169     1      NaN          → 12.0000      missing   
    1263     3      NaN          → 0.0000       missing   
    1284     2      NaN          → -0.0395      missing   
    773      3      NaN          → 0.0000       missing   
    665      1      NaN          → 12.0000      missing   
    101      3      NaN          → 0.0000       missing   
    939      3      NaN          → 0.0000       missing   
    1384     1      NaN          → 12.0000      missing   
    187      1      NaN          → 12.0000      missing   
    473      1      NaN          → 16.0000      missing   
    338      1      NaN          → 12.0000      missing   
    265      3      NaN          → 0.0000       missing   
    1159     1      NaN          → 24.0000      missing   
    795      3      NaN          → 0.0000       missing   
    1382     2      NaN          → -0.0538      missing   
    968      2      NaN          → -0.0609      missing   
    391      3      NaN          → 0.0000       missing   
    793      3      NaN          → 0.0000       missing   
    763      3      NaN          → 0.0000       missing   
    288      1      NaN          → 12.0000      missing   
    84       2      NaN          → -0.0276      missing   
    110      3      NaN          → 0.0000       missing   
    1092     1      NaN          → 12.0000      missing   
    458      1      NaN          → 16.0000      missing   
    379      3      NaN          → 0.0000       missing   
    217      1      NaN          → 12.0000      missing   
    381      1      NaN          → 12.0000      missing   
    ... 省略 2363 条

  替换明细 (replace_nearby): 共 59 条
    行        列      脏值           → 替换值          错误类型      
    -------------------------------------------------------
    1341     6      -1.1782      → -1.1870      syntactic 
    986      6      -1.2136      → -1.2225      syntactic 
    1326     6      1.7104       → 1.7015       syntactic 
    501      7      0.9413       → 1.0780       semantic  
    1411     6      1.3825       → 1.3737       syntactic 
    620      7      -0.5623      → -0.5623      semantic  
    552      6      0.8952       → -1.5769      syntactic 
    1435     6      -1.4440      → 0.4610       syntactic 
    1317     6      1.6218       → -1.0364      syntactic 
    1048     6      -0.2035      → -0.2124      syntactic 
    438      7      -0.1522      → -0.1522      semantic  
    847      6      0.2661       → 0.8509       syntactic 
    1366     6      0.4965       → 0.4876       syntactic 
    1061     6      -1.4174      → -1.4263      syntactic 
    655      7      0.9413       → -1.3141      semantic  
    1129     6      -0.1326      → -0.1415      syntactic 
    1403     6      -0.0883      → -0.0972      syntactic 
    558      7      -0.5623      → -0.5623      semantic  
    336      7      NaN          → -0.2206      missing   
    291      7      NaN          → -1.2458      missing   
    730      6      0.8952       → 0.8863       syntactic 
    432      7      -1.5192      → -1.5192      semantic  
    934      6      1.4003       → -0.1858      syntactic 
    603      7      -1.0407      → 1.1464       semantic  
    469      7      1.4881       → 0.9413       semantic  
    1444     6      1.5863       → 1.5775       syntactic 
    1439     6      0.9661       → 0.9572       syntactic 
    266      7      NaN          → -0.0839      missing   
    1278     6      1.0015       → 0.9927       syntactic 
    1201     6      1.2762       → 1.2673       syntactic 
    ... 省略 29 条

  删除明细 (delete): 共 150 条
    行        列      脏值           错误类型      
    ----------------------------------------
    124      1      NaN          missing   
    112      1      NaN          missing   
    133      1      NaN          missing   
    141      1      NaN          missing   
    80       1      NaN          missing   
    148      1      NaN          missing   
    130      1      NaN          missing   
    149      1      NaN          missing   
    3        1      NaN          missing   
    88       1      NaN          missing   
    10       1      NaN          missing   
    45       1      NaN          missing   
    63       1      NaN          missing   
    39       1      NaN          missing   
    13       1      NaN          missing   
    115      1      NaN          missing   
    113      1      NaN          missing   
    118      1      NaN          missing   
    22       1      NaN          missing   
    96       1      NaN          missing   
    0        1      NaN          missing   
    34       1      NaN          missing   
    64       1      NaN          missing   
    20       1      NaN          missing   
    85       1      NaN          missing   
    152      1      NaN          missing   
    84       1      NaN          missing   
    15       1      NaN          missing   
    129      1      NaN          missing   
    7        1      NaN          missing   
    ... 省略 120 条
  真值使用: 2393
  动作分布: {'no_action': 15, 'repair_value': 2393, 'delete': 150, 'replace_nearby': 59}
  清洗后数据已保存: /Users/qianzekai/PycharmProjects/TolerDM/results/demandclean/beers/v5_auto_dueling_single/data/v5_auto_dueling_single_cleaned.csv
  原始格式清洗数据已保存: /Users/qianzekai/PycharmProjects/TolerDM/results/demandclean/beers/v5_auto_dueling_single/data/v5_auto_dueling_single_cleaned_original.csv
  编码版本已保存: /Users/qianzekai/PycharmProjects/TolerDM/results/demandclean/beers/v5_auto_dueling_single/data/v5_auto_dueling_single_cleaned_encoded.npz
  [计时] Step 3 (推理): 13.17s

[Step 4] 检测器准确率评估...
  [检测缓存命中] 复用上次检测结果 (2722 cells)

============================================================
检测器准确率评估
============================================================
真实错误总数: 2680 (缺失: 2608, 值错误: 72)
检测报告总数: 2722 (missing: 2608, syntactic: 53, semantic: 61)
------------------------------------------------------------

  [总体]
    Precision = 0.9824  |  Recall = 0.9978  |  F1 = 0.9900
    TP=2674  FP=48  FN=6  (GT=2680, Det=2722)

  [缺失值 (missing)]
    Precision = 1.0000  |  Recall = 1.0000  |  F1 = 1.0000
    TP=2608  FP=0  FN=0  (GT=2608, Det=2608)

  [句法错误 (syntactic)]
    Precision = 0.8302  |  Recall = 0.6111  |  F1 = 0.7040
    TP=44  FP=9  FN=28  (GT=72, Det=53)

  [语义错误 (semantic)]
    Precision = 0.3607  |  Recall = 0.3056  |  F1 = 0.3308
    TP=22  FP=39  FN=50  (GT=72, Det=61)

  [值错误合并 (syntactic+semantic)]
    Precision = 0.5789  |  Recall = 0.9167  |  F1 = 0.7097
    TP=66  FP=48  FN=6  (GT=72, Det=114)
  [计时] Step 4 (检测器评估): 0.13s

[Step 5] Baseline 评估与可视化...
  DeleteFix: 删除 1157 行, 保留 289 行
  统一测试集 (Oracle): 479 行

============================================================
Baseline 对比评估 - v5_auto_dueling_single
============================================================
  NoFix          : rf_accuracy=0.3152 | rf_f1=0.2574 | lr_accuracy=0.2255 | lr_f1=0.1259
  DeleteAll: 数据不足(0行)，跳过
  DeleteFix      : rf_accuracy=0.3027 | rf_f1=0.2308 | lr_accuracy=0.2192 | lr_f1=0.1249
  ReplaceAll     : rf_accuracy=0.3152 | rf_f1=0.2574 | lr_accuracy=0.2255 | lr_f1=0.1259
  DemandClean    : rf_accuracy=0.3528 | rf_f1=0.2794 | lr_accuracy=0.2296 | lr_f1=0.1314
  FullFix        : rf_accuracy=0.3549 | rf_f1=0.2948 | lr_accuracy=0.2276 | lr_f1=0.1346
  [可视化] Baseline 对比图已保存: /Users/qianzekai/PycharmProjects/TolerDM/results/demandclean/beers/v5_auto_dueling_single/visualization/v5_auto_dueling_single_baseline_comparison.png
  [计时] Step 5 (Baseline评估): 796.27s

[Step 6] 模型容忍度评估...
============================================================
模型容忍度计算 - v5_auto_dueling_single
任务类型: classification  |  模型列表: ['rf', 'lr']
============================================================

--- 模型: RF ---
  P_clean  = 0.3333
  P_dirty  = 0.2812
  P_dc     = 0.0833
  先验容忍度 (P_dc / P_dirty)            = 0.2963
  后验容忍度 (P_dc-P_dirty)/(P_clean-P_dirty) = -3.8000

--- 模型: LR ---
  P_clean  = 0.1979
  P_dirty  = 0.1840
  P_dc     = 0.1701
  先验容忍度 (P_dc / P_dirty)            = 0.9245
  后验容忍度 (P_dc-P_dirty)/(P_clean-P_dirty) = -1.0000
  容忍度柱状图已保存: /Users/qianzekai/PycharmProjects/TolerDM/results/demandclean/beers/v5_auto_dueling_single/visualization/v5_auto_dueling_single_tolerance_bar.png
  [计时] Step 6 (容忍度评估): 679.58s

[Step 7] Shapley 三维度分析...
============================================================
DemandClean - 三维度 Shapley 分析
============================================================
  数据: 1446 行 x 8 列
  错误数: 2722
  错误分布: {'missing': 2608, 'semantic': 61, 'syntactic': 53}
  输出目录: /Users/qianzekai/PycharmProjects/TolerDM/results/demandclean/beers/v5_auto_dueling_single/evaluation/shapley

[Shapley] 维度1: 动作重要性 (精确枚举 4!=24 排列) ...
[Shapley] 图表已保存: /Users/qianzekai/PycharmProjects/TolerDM/results/demandclean/beers/v5_auto_dueling_single/evaluation/shapley/shapley_action_importance.png
  动作重要性 Shapley 值:
    no_action           : +0.000000
    repair_value        : +0.000000
    delete              : +0.000000
    replace_nearby      : +0.000000

[Shapley] 维度2: 跳过特征 Shapley（计算量过大，仅保留维度1和维度3）
[Shapley] 维度3: 错误类型重要性 (精确枚举 3!=6 排列) ...
[Shapley] 图表已保存: /Users/qianzekai/PycharmProjects/TolerDM/results/demandclean/beers/v5_auto_dueling_single/evaluation/shapley/shapley_error_type_importance.png
  错误类型重要性 Shapley 值:
    missing             : +0.000000
    semantic            : +0.000000
    syntactic           : +0.000000

[Shapley] JSON 结果已保存: /Users/qianzekai/PycharmProjects/TolerDM/results/demandclean/beers/v5_auto_dueling_single/evaluation/shapley/shapley_results.json
[Shapley] Markdown 报告已保存: /Users/qianzekai/PycharmProjects/TolerDM/results/demandclean/beers/v5_auto_dueling_single/evaluation/shapley/shapley_report.md

============================================================
Shapley 分析完成!
============================================================
# Shapley Value Analysis Report

- 数据规模: 1446 行 × 8 列
- 错误总数: 2722
- 任务类型: classification (random_forest)
- MC 采样次数: 200

## 维度 1: 动作重要性 (Action Importance)

| 排名 | 动作 | Shapley 值 | 占比 | 方向 |
|------|------|-----------|------|------|
| 1 | no_action | +0.000000 | 0.0% | — 无影响 |
| 2 | repair_value | +0.000000 | 0.0% | — 无影响 |
| 3 | delete | +0.000000 | 0.0% | — 无影响 |
| 4 | replace_nearby | +0.000000 | 0.0% | — 无影响 |

**结论**: 最有效的清洗动作是 **no_action**

## 维度 2: 特征重要性 (Feature Importance)

| 排名 | 特征 | Shapley 值 | 占比 | 清洗价值 |
|------|------|-----------|------|---------|
| 1 | beer_name | +0.000000 | 0.0% | — 可忽略 |
| 2 | ounces | +0.000000 | 0.0% | — 可忽略 |
| 3 | abv | +0.000000 | 0.0% | — 可忽略 |
| 4 | ibu | +0.000000 | 0.0% | — 可忽略 |
| 5 | brewery_id | +0.000000 | 0.0% | — 可忽略 |
| 6 | brewery_name | +0.000000 | 0.0% | — 可忽略 |
| 7 | city | +0.000000 | 0.0% | — 可忽略 |
| 8 | state | +0.000000 | 0.0% | — 可忽略 |

**结论**: 
- 清洗价值极低的特征: beer_name, ounces, abv（清洗它们几乎不影响性能）

## 维度 3: 错误类型重要性 (Error Type Importance)

| 排名 | 错误类型 | Shapley 值 | 占比 | 优先级 |
|------|---------|-----------|------|--------|
| 1 | missing | +0.000000 | 0.0% | 🟢 低 |
| 2 | semantic | +0.000000 | 0.0% | 🟢 低 |
| 3 | syntactic | +0.000000 | 0.0% | 🟢 低 |

**结论**: 对下游性能影响最大的错误类型是 **missing**，检测器应优先识别此类错误。

## 综合清洗建议



  输出文件:
    /Users/qianzekai/PycharmProjects/TolerDM/results/demandclean/beers/v5_auto_dueling_single/evaluation/shapley/shapley_action_importance.png
    /Users/qianzekai/PycharmProjects/TolerDM/results/demandclean/beers/v5_auto_dueling_single/evaluation/shapley/shapley_feature_importance.png
    /Users/qianzekai/PycharmProjects/TolerDM/results/demandclean/beers/v5_auto_dueling_single/evaluation/shapley/shapley_error_type_importance.png
    /Users/qianzekai/PycharmProjects/TolerDM/results/demandclean/beers/v5_auto_dueling_single/evaluation/shapley/shapley_results.json
    /Users/qianzekai/PycharmProjects/TolerDM/results/demandclean/beers/v5_auto_dueling_single/evaluation/shapley/shapley_report.md
============================================================
  [计时] Step 7 (Shapley分析): 266.66s

[Step 8] 训练曲线可视化...
  [可视化] 训练曲线已保存: /Users/qianzekai/PycharmProjects/TolerDM/results/demandclean/beers/v5_auto_dueling_single/visualization/v5_auto_dueling_single_training_curves.png
  [计时] Step 8 (训练曲线): 5.70s

[Step 9] Clean4MLBaseline 统一测评...
  使用编码版本: /Users/qianzekai/PycharmProjects/TolerDM/results/demandclean/beers/v5_auto_dueling_single/data/v5_auto_dueling_single_cleaned_encoded.npz
======================================================================
Clean4MLBaseline 统一测评 - v5_auto_dueling_single
======================================================================

[1/5] 传统清洗指标
--------------------------------------------------
差异文件已保存到:
/Users/qianzekai/PycharmProjects/TolerDM/results/demandclean/beers/v5_auto_dueling_single/evaluation/v5_auto_dueling_single_clean_vs_dirty.csv
/Users/qianzekai/PycharmProjects/TolerDM/results/demandclean/beers/v5_auto_dueling_single/evaluation/v5_auto_dueling_single_dirty_vs_cleaned.csv
/Users/qianzekai/PycharmProjects/TolerDM/results/demandclean/beers/v5_auto_dueling_single/evaluation/v5_auto_dueling_single_clean_vs_cleaned.csv
修复错误数据文件已保存到: /Users/qianzekai/PycharmProjects/TolerDM/results/demandclean/beers/v5_auto_dueling_single/evaluation/v5_auto_dueling_single_repair_errors.csv
未修复但是应该修复数据文件已保存到: /Users/qianzekai/PycharmProjects/TolerDM/results/demandclean/beers/v5_auto_dueling_single/evaluation/v5_auto_dueling_single_unrepaired.csv
修复准确率: 0.2226479915433404, 修复召回率: 0.927863436123348, F1值: 0.35912190960220447
========================================
EDR 结果已保存到: /Users/qianzekai/PycharmProjects/TolerDM/results/demandclean/beers/v5_auto_dueling_single/evaluation/v5_auto_dueling_single_edr_evaluation.txt
错误减少率 (EDR): -2.2411894273127753
========================================
混合距离结果已保存到: /Users/qianzekai/PycharmProjects/TolerDM/results/demandclean/beers/v5_auto_dueling_single/evaluation/v5_auto_dueling_single_hybrid_distance_evaluation.txt
混合距离 (Hybrid Distance): 0.1912584627198533
========================================
R-EDR 结果已保存到: /Users/qianzekai/PycharmProjects/TolerDM/results/demandclean/beers/v5_auto_dueling_single/evaluation/v5_auto_dueling_single_record_based_edr_evaluation.txt
基于条目的错误减少率 (R-EDR): 0.0
========================================

[2/5] 下游任务性能 (classification)
--------------------------------------------------
  [下游任务] 使用编码版本（跳过 CSV preprocess）
  Oracle 模式: train=1292, test=479
RF - Accuracy: 0.3528, F1: 0.2794, Precision: 0.2694, Recall: 0.3528
LR - Accuracy: 0.2296, F1: 0.1314, Precision: 0.1327, Recall: 0.2296
SVM - Accuracy: 0.1858, F1: 0.0582, Precision: 0.0345, Recall: 0.1858
KNN - Accuracy: 0.1712, F1: 0.1354, Precision: 0.1237, Recall: 0.1712
DT - Accuracy: 0.2651, F1: 0.2496, Precision: 0.2588, Recall: 0.2651
GB - Accuracy: 0.3340, F1: 0.2826, Precision: 0.2922, Recall: 0.3340

[3/5] 模型容忍度
--------------------------------------------------
  [容忍度] 使用编码版本（跳过 CSV preprocess）
  Oracle 模式: train dirty=1442, cleaned=1292, clean=1440, test=479

容忍度计算结果:
  P_do_nothing (脏数据性能): 0.3152
  P_demand_clean (清洗后性能): 0.3528
  P_repair_all (完全修复性能): 0.3549
  先验容忍度 (Tolerance_prior): 1.1192
  后验容忍度 (Tolerance_post): 0.9474

[4/5] Snoopy上界评估
--------------------------------------------------
  [Snoopy] 使用编码版本（跳过 CSV preprocess）
使用编码数据评估数据质量上界...
  脏数据上界: 0.2677
  清洗后上界: 0.3328
  干净数据上界: 0.3368
  上界提升比例: 0.9423

[5/5] 真值使用成本
--------------------------------------------------
  方法类型: Type 1 (全自动)
  实际真值使用: 2393
  理想最小成本: 398
  总修改单元格: 9488
  正确修复: 398
  错误修复: 9090

======================================================================
测评完成，结果已保存到: /Users/qianzekai/PycharmProjects/TolerDM/results/demandclean/beers/v5_auto_dueling_single/evaluation/v5_auto_dueling_single_evaluation_results.txt
======================================================================
  统一测评完成，结果已保存到: /Users/qianzekai/PycharmProjects/TolerDM/results/demandclean/beers/v5_auto_dueling_single/v5_auto_dueling_single_evaluation_results.txt
  [计时] Step 9 (统一测评): 561.26s

[Step 10] 真值成本汇总...
  RAHA 检测成本: 20
  Agent 修复成本: 2393
  总成本: 2413 / 11568 cells = 20.8593%
  [计时] Step 10 (成本汇总): 0.00s

──────────────────────────────────────────────────
  步骤计时汇总
──────────────────────────────────────────────────
  Step 1 初始化         │     0.00s
  Step 2 训练          │  1102.49s
  Step 3 推理          │    13.17s
  Step 4 检测器评估       │     0.13s
  Step 5 Baseline评估  │   796.27s
  Step 6 容忍度评估       │   679.58s
  Step 7 Shapley分析   │   266.66s
  Step 8 训练曲线        │     5.70s
  Step 9 统一测评        │   561.26s
  Step 10 成本汇总        │     0.00s
──────────────────────────────────────────────────
  总计(含可视化)       │  3425.25s
  可视化耗时           │   273.45s
  净耗时(扣可视化)     │  3151.80s
──────────────────────────────────────────────────

  [输出] 报告已保存: /Users/qianzekai/PycharmProjects/TolerDM/results/demandclean/beers/v5_auto_dueling_single/report/v5_auto_dueling_single_report.json

  版本 v5_auto_dueling_single 完成! 耗时: 3151.80s
  输出目录: /Users/qianzekai/PycharmProjects/TolerDM/results/demandclean/beers/v5_auto_dueling_single

  只有 1 个版本完成，跳过跨版本对比

======================================================================
全部完成! 总耗时: 3443.07s
结果目录: /Users/qianzekai/PycharmProjects/TolerDM/results/demandclean
日志文件: /Users/qianzekai/PycharmProjects/TolerDM/logs/demandclean/beers_ep400_20260305_024151.log
======================================================================
