[日志] 完整输出将保存到: /Users/qianzekai/PycharmProjects/TolerDM/logs/demandclean/beers_ep2_20260226_054446.log
======================================================================
DemandClean 统一运行脚本
======================================================================
数据集: ['beers']
启用版本: ['v3_oracle_plain_single']
训练轮数: 2
详细输出: False
======================================================================

######################################################################
# 数据集: beers
######################################################################
  数据集: beers
  脏数据: (2410, 8), 干净数据: (2410, 8)
  特征列: 8, 标签列: style
  FD规则: 0 条

======================================================================
版本: v3_oracle_plain_single
数据集: beers | 任务: classification | 模型: random_forest
检测器: oracle | Agent: single_stage | 推理: single_phase
训练轮数: 2 | 输出目录: /Users/qianzekai/PycharmProjects/TolerDM/results/demandclean/beers/v3_oracle_plain_single
======================================================================

[Step 1] 创建 DemandClean 实例...
  [计时] Step 1 (初始化): 0.00s

[Step 2] 续训 (检测到已有模型: /Users/qianzekai/PycharmProjects/TolerDM/results/demandclean/beers/v3_oracle_plain_single/model/v3_oracle_plain_single_agent.pt)...
  已有训练历史: 3 episodes
  新增训练: 2 episodes
  模型已保存: /Users/qianzekai/PycharmProjects/TolerDM/results/demandclean/beers/v3_oracle_plain_single/model/v3_oracle_plain_single_agent.pt
  训练历史已保存: /Users/qianzekai/PycharmProjects/TolerDM/results/demandclean/beers/v3_oracle_plain_single/report/v3_oracle_plain_single_history.json
  [计时] Step 2 (训练): 1.45s

[Step 3] 推理 (模式: single_phase)...
  真值使用: 0
  动作分布: {'no_action': 654, 'repair_value': 0, 'delete': 1928, 'replace_nearby': 0}
  清洗后数据已保存: /Users/qianzekai/PycharmProjects/TolerDM/results/demandclean/beers/v3_oracle_plain_single/data/v3_oracle_plain_single_cleaned.csv
  原始格式清洗数据已保存: /Users/qianzekai/PycharmProjects/TolerDM/results/demandclean/beers/v3_oracle_plain_single/data/v3_oracle_plain_single_cleaned_original.csv
  [计时] Step 3 (推理): 1.89s

[Step 4] 检测器准确率评估...
  [计时] Step 4 (检测器评估): 0.05s

[Step 5] Baseline 评估与可视化...
  DeleteFix: 删除 1928 行, 保留 482 行

============================================================
Baseline 对比评估 - v3_oracle_plain_single
============================================================
  NoFix          : rf_accuracy=0.3091 | rf_f1=0.2833 | lr_accuracy=0.2178 | lr_f1=0.1182
  DeleteAll: 数据不足(0行)，跳过
  DeleteFix      : rf_accuracy=0.4021 | rf_f1=0.3716 | lr_accuracy=0.4124 | lr_f1=0.3673
  ReplaceAll     : rf_accuracy=0.3091 | rf_f1=0.2833 | lr_accuracy=0.2178 | lr_f1=0.1182
  DemandClean    : rf_accuracy=0.2917 | rf_f1=0.2287 | lr_accuracy=0.2292 | lr_f1=0.1707
  FullFix        : rf_accuracy=0.3734 | rf_f1=0.3407 | lr_accuracy=0.2178 | lr_f1=0.1225
  [可视化] Baseline 对比图已保存: /Users/qianzekai/PycharmProjects/TolerDM/results/demandclean/beers/v3_oracle_plain_single/visualization/v3_oracle_plain_single_baseline_comparison.png
  [计时] Step 5 (Baseline评估): 47.80s

[Step 6] 模型容忍度评估...
============================================================
模型容忍度计算 - v3_oracle_plain_single
任务类型: classification  |  模型列表: ['rf', 'lr']
============================================================

--- 模型: RF ---
  P_clean  = 0.3776
  P_dirty  = 0.3465
  P_dc     = 0.0747
  先验容忍度 (P_dc / P_dirty)            = 0.2156
  后验容忍度 (P_dc-P_dirty)/(P_clean-P_dirty) = -8.7333

--- 模型: LR ---
  P_clean  = 0.2054
  P_dirty  = 0.1971
  P_dc     = 0.1307
  先验容忍度 (P_dc / P_dirty)            = 0.6632
  后验容忍度 (P_dc-P_dirty)/(P_clean-P_dirty) = -8.0000
  容忍度柱状图已保存: /Users/qianzekai/PycharmProjects/TolerDM/results/demandclean/beers/v3_oracle_plain_single/visualization/v3_oracle_plain_single_tolerance_bar.png
  [计时] Step 6 (容忍度评估): 21.90s

[Step 7] Shapley 三维度分析...
[Shapley] 维度1: 动作重要性 (精确枚举 4!=24 排列) ...
[Shapley] 图表已保存: /Users/qianzekai/PycharmProjects/TolerDM/results/demandclean/beers/v3_oracle_plain_single/evaluation/shapley/shapley_action_importance.png
[Shapley] 维度2: 跳过特征 Shapley（计算量过大，仅保留维度1和维度3）
[Shapley] 维度3: 错误类型重要性 (精确枚举 3!=6 排列) ...
[Shapley] 图表已保存: /Users/qianzekai/PycharmProjects/TolerDM/results/demandclean/beers/v3_oracle_plain_single/evaluation/shapley/shapley_error_type_importance.png
  [计时] Step 7 (Shapley分析): 55.37s

[Step 8] 训练曲线可视化...
  [可视化] 训练曲线已保存: /Users/qianzekai/PycharmProjects/TolerDM/results/demandclean/beers/v3_oracle_plain_single/visualization/v3_oracle_plain_single_training_curves.png
  [计时] Step 8 (训练曲线): 1.67s

[Step 9] Clean4MLBaseline 统一测评...
差异文件已保存到:
/Users/qianzekai/PycharmProjects/TolerDM/results/demandclean/beers/v3_oracle_plain_single/evaluation/v3_oracle_plain_single_clean_vs_dirty.csv
/Users/qianzekai/PycharmProjects/TolerDM/results/demandclean/beers/v3_oracle_plain_single/evaluation/v3_oracle_plain_single_dirty_vs_cleaned.csv
/Users/qianzekai/PycharmProjects/TolerDM/results/demandclean/beers/v3_oracle_plain_single/evaluation/v3_oracle_plain_single_clean_vs_cleaned.csv
修复错误数据文件已保存到: /Users/qianzekai/PycharmProjects/TolerDM/results/demandclean/beers/v3_oracle_plain_single/evaluation/v3_oracle_plain_single_repair_errors.csv
未修复但是应该修复数据文件已保存到: /Users/qianzekai/PycharmProjects/TolerDM/results/demandclean/beers/v3_oracle_plain_single/evaluation/v3_oracle_plain_single_unrepaired.csv
修复准确率: 0.0, 修复召回率: 0.0, F1值: 0.0
========================================
EDR 结果已保存到: /Users/qianzekai/PycharmProjects/TolerDM/results/demandclean/beers/v3_oracle_plain_single/evaluation/v3_oracle_plain_single_edr_evaluation.txt
错误减少率 (EDR): -0.23381294964028776
========================================
混合距离结果已保存到: /Users/qianzekai/PycharmProjects/TolerDM/results/demandclean/beers/v3_oracle_plain_single/evaluation/v3_oracle_plain_single_hybrid_distance_evaluation.txt
混合距离 (Hybrid Distance): 0.05559702473694134
========================================
R-EDR 结果已保存到: /Users/qianzekai/PycharmProjects/TolerDM/results/demandclean/beers/v3_oracle_plain_single/evaluation/v3_oracle_plain_single_record_based_edr_evaluation.txt
基于条目的错误减少率 (R-EDR): 0.0
========================================
警告: 清洗后数据行数(482)与干净数据行数(2410)不一致
将使用清洗后数据自身进行评估（行对齐）
通过索引对齐，使用 482 行数据进行评估
RF - Accuracy: 0.0103, F1: 0.0022, Precision: 0.0012, Recall: 0.0103
LR - Accuracy: 0.0206, F1: 0.0060, Precision: 0.0036, Recall: 0.0206
SVM - Accuracy: 0.0412, F1: 0.0107, Precision: 0.0064, Recall: 0.0412
KNN - Accuracy: 0.0000, F1: 0.0000, Precision: 0.0000, Recall: 0.0000
DT - Accuracy: 0.0103, F1: 0.0041, Precision: 0.0026, Recall: 0.0103
GB - Accuracy: 0.0309, F1: 0.0090, Precision: 0.0053, Recall: 0.0309

容忍度计算结果:
  P_do_nothing (脏数据性能): 0.3797
  P_demand_clean (清洗后性能): 0.3196
  P_repair_all (完全修复性能): 0.3859
  先验容忍度 (Tolerance_prior): 0.8418
  后验容忍度 (Tolerance_post): -9.6529
Snoopy模块可用，正在评估数据质量上界...
  统一测评完成，结果已保存到: /Users/qianzekai/PycharmProjects/TolerDM/results/demandclean/beers/v3_oracle_plain_single/v3_oracle_plain_single_evaluation_results.txt
  [计时] Step 9 (统一测评): 48.00s

[Step 10] 真值成本汇总...
  RAHA 检测成本: 0
  Agent 修复成本: 0
  总成本: 0 / 19280 cells = 0.0000%
  [计时] Step 10 (成本汇总): 0.00s

──────────────────────────────────────────────────
  步骤计时汇总
──────────────────────────────────────────────────
  Step 1 初始化         │     0.00s
  Step 2 训练          │     1.45s
  Step 3 推理          │     1.89s
  Step 4 检测器评估       │     0.05s
  Step 5 Baseline评估  │    47.80s
  Step 6 容忍度评估       │    21.90s
  Step 7 Shapley分析   │    55.37s
  Step 8 训练曲线        │     1.67s
  Step 9 统一测评        │    48.00s
  Step 10 成本汇总        │     0.00s
──────────────────────────────────────────────────
  总计(含可视化)       │   178.12s
  可视化耗时           │    57.28s
  净耗时(扣可视化)     │   120.84s
──────────────────────────────────────────────────

  [输出] 报告已保存: /Users/qianzekai/PycharmProjects/TolerDM/results/demandclean/beers/v3_oracle_plain_single/report/v3_oracle_plain_single_report.json

  版本 v3_oracle_plain_single 完成! 耗时: 120.84s
  输出目录: /Users/qianzekai/PycharmProjects/TolerDM/results/demandclean/beers/v3_oracle_plain_single

  只有 1 个版本完成，跳过跨版本对比

======================================================================
全部完成! 总耗时: 178.24s
结果目录: /Users/qianzekai/PycharmProjects/TolerDM/results/demandclean
日志文件: /Users/qianzekai/PycharmProjects/TolerDM/logs/demandclean/beers_ep2_20260226_054446.log
======================================================================
