[日志] 完整输出将保存到: /Users/qianzekai/PycharmProjects/TolerDM/logs/demandclean/beers_ep400_20260303_015925.log
======================================================================
DemandClean 统一运行脚本
======================================================================
数据集: ['beers']
启用版本: ['v5_auto_dueling_single']
训练轮数: 400
详细输出: True
Oracle 模式: 启用 (三路划分 60/20/20, --no-oracle 关闭)
======================================================================

######################################################################
# 数据集: beers
######################################################################

  60/20/20 划分: train=1446, val=482, test=482
  60% 子集 CSV: /Users/qianzekai/PycharmProjects/TolerDM/results/demandclean/beers/dirty_train_60pct.csv
  数据集: beers
  脏数据: (1446, 8)
  特征列: 8, 标签列: style
  分类列: {'state', 'city', 'beer_name', 'brewery_name'}
  LE fit: 仅 dirty (1446 行)
  SS fit: 仅 dirty (1446 行)
  FD规则: 0 条
  编码完成: X_dirty_train=(1446, 8), X_clean_train=(1446, 8), X_clean_val=(482, 8), X_clean_test=(482, 8)

======================================================================
版本: v5_auto_dueling_single
数据集: beers | 任务: classification | 模型: random_forest
检测器: auto | Agent: dueling_two_stage | 推理: single_phase
训练轮数: 400 | 输出目录: /Users/qianzekai/PycharmProjects/TolerDM/results/demandclean/beers/v5_auto_dueling_single
======================================================================

[Step 1] 创建 DemandClean 实例...
  [计时] Step 1 (初始化): 0.00s

[Step 2] 训练 (400 episodes)...

[AutoDetector] 初始化
  RAHA 来源: pip:raha
  RAHA 可用: True
  CSV 路径: /Users/qianzekai/PycharmProjects/TolerDM/results/demandclean/beers/dirty_train_60pct.csv
  FD 规则: 4 条
  规则文件: /Users/qianzekai/PycharmProjects/TolerDM/data/beers/rules.txt
  规则摘要: ParsedRules(DOMAIN=4, FD=4)
  缺失值: 2608 个
  标签缺失(NaN): 4 个

[检测] 在原始 CSV 上运行 RAHA (labeling_budget=20)...
  [RAHA] 数据规模: 1446 行 × 11 列
543 strategy profiles are collected.
44 Features are generated for column 0.
44 Features are generated for column 1.
128 Features are generated for column 2.
106 Features are generated for column 3.
69 Features are generated for column 4.
59 Features are generated for column 5.
51 Features are generated for column 6.
72 Features are generated for column 7.
104 Features are generated for column 8.
105 Features are generated for column 9.
81 Features are generated for column 10.
A hierarchical clustering model is built for column 0.
A hierarchical clustering model is built for column 1.
A hierarchical clustering model is built for column 2.
A hierarchical clustering model is built for column 3.
A hierarchical clustering model is built for column 4.
A hierarchical clustering model is built for column 5.
A hierarchical clustering model is built for column 6.
A hierarchical clustering model is built for column 7.
A hierarchical clustering model is built for column 8.
A hierarchical clustering model is built for column 9.
A hierarchical clustering model is built for column 10.
Tuple 258 is sampled.
Tuple 258 is labeled.
Tuple 486 is sampled.
Tuple 486 is labeled.
Tuple 1317 is sampled.
Tuple 1317 is labeled.
Tuple 1290 is sampled.
Tuple 1290 is labeled.
Tuple 1331 is sampled.
Tuple 1331 is labeled.
Tuple 1303 is sampled.
Tuple 1303 is labeled.
Tuple 1173 is sampled.
Tuple 1173 is labeled.
Tuple 705 is sampled.
Tuple 705 is labeled.
Tuple 468 is sampled.
Tuple 468 is labeled.
Tuple 1244 is sampled.
Tuple 1244 is labeled.
Tuple 1194 is sampled.
Tuple 1194 is labeled.
Tuple 155 is sampled.
Tuple 155 is labeled.
Tuple 787 is sampled.
Tuple 787 is labeled.
Tuple 624 is sampled.
Tuple 624 is labeled.
Tuple 589 is sampled.
Tuple 589 is labeled.
Tuple 880 is sampled.
Tuple 880 is labeled.
Tuple 214 is sampled.
Tuple 214 is labeled.
Tuple 1210 is sampled.
Tuple 1210 is labeled.
Tuple 104 is sampled.
Tuple 104 is labeled.
Tuple 912 is sampled.
Tuple 912 is labeled.
The number of labeled data cells increased from 220 to 14661.
A classifier is trained and applied on column 0.
A classifier is trained and applied on column 1.
A classifier is trained and applied on column 2.
A classifier is trained and applied on column 3.
A classifier is trained and applied on column 4.
A classifier is trained and applied on column 5.
A classifier is trained and applied on column 6.
A classifier is trained and applied on column 7.
A classifier is trained and applied on column 8.
A classifier is trained and applied on column 9.
A classifier is trained and applied on column 10.
  RAHA 检测结果: 1987 个单元格
  Precision=0.9970  Recall=0.9759  F1=0.9863
  RAHA 标注行数: 20 (labeling_budget=20)
  RAHA 标签错误: 2 行
  句法错误(RAHA): 28 个
  DOMAIN 规则检测: 3 个句法错误 (特征列, 超出值域)
  DOMAIN 规则检测: 2 个标签错误
  句法错误(RAHA+REGEX+DOMAIN): 31 个
  FD 规则检测: 76 个语义错误
  语义错误: 76 个 (FD)
  标签噪声: 6 个 (NaN=4, 规则=2)
  特征受损行标签排除: 6 个

  检测总结: 2715 个错误 (缺失=2608, 句法=31, 语义=76, 标签噪声=0)
  模型已保存: /Users/qianzekai/PycharmProjects/TolerDM/results/demandclean/beers/v5_auto_dueling_single/model/v5_auto_dueling_single_agent.pt
  训练历史已保存: /Users/qianzekai/PycharmProjects/TolerDM/results/demandclean/beers/v5_auto_dueling_single/report/v5_auto_dueling_single_history.json
  [计时] Step 2 (训练): 1096.06s

[Step 3] 推理 (模式: single_phase)...
  [检测缓存命中] 复用上次检测结果 (2715 cells)

============================================================
单阶段推理
============================================================
  算法: Dueling Double DQN (Two Stage)
  任务类型: classification
  下游模型: random_forest
  检测到的错误: 2675 个 (missing=2571, semantic=76, syntactic=28, label=0)

  推理进度: [====================] 2675/2675

  动作分布 (共 2670 个错误):
    no_action         1431 ( 53.6%) █████████████████████
    repair_value         0 (  0.0%) 
    delete               7 (  0.3%) 
    replace_nearby    1232 ( 46.1%) ██████████████████

  替换明细 (replace_nearby): 共 1232 条
    行        列      脏值           → 替换值          错误类型      
    -------------------------------------------------------
    223      2      NaN          → -0.0276      missing   
    720      3      NaN          → 0.7646       missing   
    481      2      NaN          → -0.0633      missing   
    562      2      NaN          → -0.0276      missing   
    672      2      NaN          → -0.0395      missing   
    1405     3      NaN          → -0.2958      missing   
    352      2      NaN          → -0.0157      missing   
    775      3      NaN          → 0.7175       missing   
    1158     3      NaN          → 0.3316       missing   
    131      3      NaN          → 1.0239       missing   
    1117     3      NaN          → 0.1274       missing   
    757      3      NaN          → -0.6023      missing   
    1364     6      1.4003       → -0.8238      syntactic 
    306      3      NaN          → 1.4259       missing   
    1180     2      NaN          → -0.0276      missing   
    779      2      NaN          → -0.0395      missing   
    252      2      NaN          → -0.0395      missing   
    7        3      NaN          → 0.2513       missing   
    960      7      NaN          → -1.2458      missing   
    744      2      NaN          → -0.0276      missing   
    179      2      NaN          → -0.0514      missing   
    647      3      NaN          → -1.1662      missing   
    1266     3      NaN          → 0.0200       missing   
    708      2      NaN          → -0.0514      missing   
    804      2      NaN          → -0.0449      missing   
    868      2      NaN          → -0.0276      missing   
    9        3      NaN          → 1.2136       missing   
    346      3      NaN          → -0.6325      missing   
    475      3      NaN          → -0.5601      missing   
    1300     2      NaN          → -0.0514      missing   
    ... 省略 1202 条

  删除明细 (delete): 共 7 条
    行        列      脏值           错误类型      
    ----------------------------------------
    80       7      NaN          missing   
    19       7      NaN          missing   
    84       7      NaN          missing   
    13       7      NaN          missing   
    72       7      NaN          missing   
    87       7      NaN          missing   
    27       7      1.4881       semantic  
  真值使用: 0
  动作分布: {'no_action': 1431, 'repair_value': 0, 'delete': 7, 'replace_nearby': 1232}
  清洗后数据已保存: /Users/qianzekai/PycharmProjects/TolerDM/results/demandclean/beers/v5_auto_dueling_single/data/v5_auto_dueling_single_cleaned.csv
  原始格式清洗数据已保存: /Users/qianzekai/PycharmProjects/TolerDM/results/demandclean/beers/v5_auto_dueling_single/data/v5_auto_dueling_single_cleaned_original.csv
  [计时] Step 3 (推理): 27.74s

[Step 4] 检测器准确率评估...
  [检测缓存命中] 复用上次检测结果 (2715 cells)

============================================================
检测器准确率评估
============================================================
真实错误总数: 2680 (缺失: 2608, 值错误: 72)
检测报告总数: 2715 (missing: 2608, syntactic: 31, semantic: 76)
------------------------------------------------------------

  [总体]
    Precision = 0.9812  |  Recall = 0.9940  |  F1 = 0.9876
    TP=2664  FP=51  FN=16  (GT=2680, Det=2715)

  [缺失值 (missing)]
    Precision = 1.0000  |  Recall = 1.0000  |  F1 = 1.0000
    TP=2608  FP=0  FN=0  (GT=2608, Det=2608)

  [句法错误 (syntactic)]
    Precision = 0.7419  |  Recall = 0.3194  |  F1 = 0.4466
    TP=23  FP=8  FN=49  (GT=72, Det=31)

  [语义错误 (semantic)]
    Precision = 0.4342  |  Recall = 0.4583  |  F1 = 0.4459
    TP=33  FP=43  FN=39  (GT=72, Det=76)

  [值错误合并 (syntactic+semantic)]
    Precision = 0.5234  |  Recall = 0.7778  |  F1 = 0.6257
    TP=56  FP=51  FN=16  (GT=72, Det=107)
  [计时] Step 4 (检测器评估): 0.25s

[Step 5] Baseline 评估与可视化...
  DeleteFix: 删除 1157 行, 保留 289 行
  统一测试集 (Oracle): 479 行

============================================================
Baseline 对比评估 - v5_auto_dueling_single
============================================================
  NoFix          : rf_accuracy=0.3152 | rf_f1=0.2572 | lr_accuracy=0.2234 | lr_f1=0.1243
  DeleteAll: 数据不足(0行)，跳过
  DeleteFix      : rf_accuracy=0.3027 | rf_f1=0.2313 | lr_accuracy=0.2568 | lr_f1=0.1699
  ReplaceAll     : rf_accuracy=0.3152 | rf_f1=0.2572 | lr_accuracy=0.2234 | lr_f1=0.1243
  DemandClean    : rf_accuracy=0.3424 | rf_f1=0.2732 | lr_accuracy=0.2296 | lr_f1=0.1297
  FullFix        : rf_accuracy=0.3528 | rf_f1=0.2926 | lr_accuracy=0.286 | lr_f1=0.1874
  [可视化] Baseline 对比图已保存: /Users/qianzekai/PycharmProjects/TolerDM/results/demandclean/beers/v5_auto_dueling_single/visualization/v5_auto_dueling_single_baseline_comparison.png
  [计时] Step 5 (Baseline评估): 318.05s

[Step 6] 模型容忍度评估...
============================================================
模型容忍度计算 - v5_auto_dueling_single
任务类型: classification  |  模型列表: ['rf', 'lr']
============================================================

--- 模型: RF ---
  P_clean  = 0.3333
  P_dirty  = 0.2812
  P_dc     = 0.0625
  先验容忍度 (P_dc / P_dirty)            = 0.2222
  后验容忍度 (P_dc-P_dirty)/(P_clean-P_dirty) = -4.2000

--- 模型: LR ---
  P_clean  = 0.1979
  P_dirty  = 0.1840
  P_dc     = 0.1493
  先验容忍度 (P_dc / P_dirty)            = 0.8113
  后验容忍度 (P_dc-P_dirty)/(P_clean-P_dirty) = -2.5000
  容忍度柱状图已保存: /Users/qianzekai/PycharmProjects/TolerDM/results/demandclean/beers/v5_auto_dueling_single/visualization/v5_auto_dueling_single_tolerance_bar.png
  [计时] Step 6 (容忍度评估): 833.46s

[Step 7] Shapley 三维度分析...
============================================================
DemandClean - 三维度 Shapley 分析
============================================================
  数据: 1446 行 x 8 列
  错误数: 2715
  错误分布: {'missing': 2608, 'semantic': 76, 'syntactic': 31}
  输出目录: /Users/qianzekai/PycharmProjects/TolerDM/results/demandclean/beers/v5_auto_dueling_single/evaluation/shapley

[Shapley] 维度1: 动作重要性 (精确枚举 4!=24 排列) ...
[Shapley] 图表已保存: /Users/qianzekai/PycharmProjects/TolerDM/results/demandclean/beers/v5_auto_dueling_single/evaluation/shapley/shapley_action_importance.png
  动作重要性 Shapley 值:
    no_action           : +0.000000
    repair_value        : +0.000000
    delete              : +0.000000
    replace_nearby      : +0.000000

[Shapley] 维度2: 跳过特征 Shapley（计算量过大，仅保留维度1和维度3）
[Shapley] 维度3: 错误类型重要性 (精确枚举 3!=6 排列) ...
[Shapley] 图表已保存: /Users/qianzekai/PycharmProjects/TolerDM/results/demandclean/beers/v5_auto_dueling_single/evaluation/shapley/shapley_error_type_importance.png
  错误类型重要性 Shapley 值:
    missing             : +0.000000
    semantic            : +0.000000
    syntactic           : +0.000000

[Shapley] JSON 结果已保存: /Users/qianzekai/PycharmProjects/TolerDM/results/demandclean/beers/v5_auto_dueling_single/evaluation/shapley/shapley_results.json
[Shapley] Markdown 报告已保存: /Users/qianzekai/PycharmProjects/TolerDM/results/demandclean/beers/v5_auto_dueling_single/evaluation/shapley/shapley_report.md

============================================================
Shapley 分析完成!
============================================================
# Shapley Value Analysis Report

- 数据规模: 1446 行 × 8 列
- 错误总数: 2715
- 任务类型: classification (random_forest)
- MC 采样次数: 200

## 维度 1: 动作重要性 (Action Importance)

| 排名 | 动作 | Shapley 值 | 占比 | 方向 |
|------|------|-----------|------|------|
| 1 | no_action | +0.000000 | 0.0% | — 无影响 |
| 2 | repair_value | +0.000000 | 0.0% | — 无影响 |
| 3 | delete | +0.000000 | 0.0% | — 无影响 |
| 4 | replace_nearby | +0.000000 | 0.0% | — 无影响 |

**结论**: 最有效的清洗动作是 **no_action**

## 维度 2: 特征重要性 (Feature Importance)

| 排名 | 特征 | Shapley 值 | 占比 | 清洗价值 |
|------|------|-----------|------|---------|
| 1 | beer_name | +0.000000 | 0.0% | — 可忽略 |
| 2 | ounces | +0.000000 | 0.0% | — 可忽略 |
| 3 | abv | +0.000000 | 0.0% | — 可忽略 |
| 4 | ibu | +0.000000 | 0.0% | — 可忽略 |
| 5 | brewery_id | +0.000000 | 0.0% | — 可忽略 |
| 6 | brewery_name | +0.000000 | 0.0% | — 可忽略 |
| 7 | city | +0.000000 | 0.0% | — 可忽略 |
| 8 | state | +0.000000 | 0.0% | — 可忽略 |

**结论**: 
- 清洗价值极低的特征: beer_name, ounces, abv（清洗它们几乎不影响性能）

## 维度 3: 错误类型重要性 (Error Type Importance)

| 排名 | 错误类型 | Shapley 值 | 占比 | 优先级 |
|------|---------|-----------|------|--------|
| 1 | missing | +0.000000 | 0.0% | 🟢 低 |
| 2 | semantic | +0.000000 | 0.0% | 🟢 低 |
| 3 | syntactic | +0.000000 | 0.0% | 🟢 低 |

**结论**: 对下游性能影响最大的错误类型是 **missing**，检测器应优先识别此类错误。

## 综合清洗建议



  输出文件:
    /Users/qianzekai/PycharmProjects/TolerDM/results/demandclean/beers/v5_auto_dueling_single/evaluation/shapley/shapley_action_importance.png
    /Users/qianzekai/PycharmProjects/TolerDM/results/demandclean/beers/v5_auto_dueling_single/evaluation/shapley/shapley_feature_importance.png
    /Users/qianzekai/PycharmProjects/TolerDM/results/demandclean/beers/v5_auto_dueling_single/evaluation/shapley/shapley_error_type_importance.png
    /Users/qianzekai/PycharmProjects/TolerDM/results/demandclean/beers/v5_auto_dueling_single/evaluation/shapley/shapley_results.json
    /Users/qianzekai/PycharmProjects/TolerDM/results/demandclean/beers/v5_auto_dueling_single/evaluation/shapley/shapley_report.md
============================================================
  [计时] Step 7 (Shapley分析): 415.26s

[Step 8] 训练曲线可视化...
  [可视化] 训练曲线已保存: /Users/qianzekai/PycharmProjects/TolerDM/results/demandclean/beers/v5_auto_dueling_single/visualization/v5_auto_dueling_single_training_curves.png
  [计时] Step 8 (训练曲线): 6.34s

[Step 9] Clean4MLBaseline 统一测评...
======================================================================
Clean4MLBaseline 统一测评 - v5_auto_dueling_single
======================================================================

[1/5] 传统清洗指标
--------------------------------------------------
差异文件已保存到:
/Users/qianzekai/PycharmProjects/TolerDM/results/demandclean/beers/v5_auto_dueling_single/evaluation/v5_auto_dueling_single_clean_vs_dirty.csv
/Users/qianzekai/PycharmProjects/TolerDM/results/demandclean/beers/v5_auto_dueling_single/evaluation/v5_auto_dueling_single_dirty_vs_cleaned.csv
/Users/qianzekai/PycharmProjects/TolerDM/results/demandclean/beers/v5_auto_dueling_single/evaluation/v5_auto_dueling_single_clean_vs_cleaned.csv
修复错误数据文件已保存到: /Users/qianzekai/PycharmProjects/TolerDM/results/demandclean/beers/v5_auto_dueling_single/evaluation/v5_auto_dueling_single_repair_errors.csv
未修复但是应该修复数据文件已保存到: /Users/qianzekai/PycharmProjects/TolerDM/results/demandclean/beers/v5_auto_dueling_single/evaluation/v5_auto_dueling_single_unrepaired.csv
修复准确率: 0.5878378378378378, 修复召回率: 0.8227974116475859, F1值: 0.6857498443820033
========================================
EDR 结果已保存到: /Users/qianzekai/PycharmProjects/TolerDM/results/demandclean/beers/v5_auto_dueling_single/evaluation/v5_auto_dueling_single_edr_evaluation.txt
错误减少率 (EDR): 0.41612742658038826
========================================
混合距离结果已保存到: /Users/qianzekai/PycharmProjects/TolerDM/results/demandclean/beers/v5_auto_dueling_single/evaluation/v5_auto_dueling_single_hybrid_distance_evaluation.txt
混合距离 (Hybrid Distance): 0.03003218947609796
========================================
R-EDR 结果已保存到: /Users/qianzekai/PycharmProjects/TolerDM/results/demandclean/beers/v5_auto_dueling_single/evaluation/v5_auto_dueling_single_record_based_edr_evaluation.txt
基于条目的错误减少率 (R-EDR): 0.3648366921473245
========================================

[2/5] 下游任务性能 (classification)
--------------------------------------------------
警告: 清洗后数据行数(1439)与干净数据行数(1446)不一致
将使用清洗后数据自身进行评估（行对齐）
通过索引对齐，使用 1439 行数据进行评估
RF - Accuracy: 0.3264, F1: 0.2947, Precision: 0.3227, Recall: 0.3264
LR - Accuracy: 0.2361, F1: 0.1380, Precision: 0.1111, Recall: 0.2361
SVM - Accuracy: 0.2257, F1: 0.1374, Precision: 0.1479, Recall: 0.2257
KNN - Accuracy: 0.1806, F1: 0.1625, Precision: 0.1647, Recall: 0.1806
DT - Accuracy: 0.2361, F1: 0.2479, Precision: 0.2797, Recall: 0.2361
GB - Accuracy: 0.3160, F1: 0.2916, Precision: 0.3166, Recall: 0.3160

[3/5] 模型容忍度
--------------------------------------------------

容忍度计算结果:
  P_do_nothing (脏数据性能): 0.3426
  P_demand_clean (清洗后性能): 0.3611
  P_repair_all (完全修复性能): 0.3287
  先验容忍度 (Tolerance_prior): 1.0542
  后验容忍度 (Tolerance_post): -1.3403

[4/5] Snoopy上界评估
--------------------------------------------------
Snoopy模块可用，正在评估数据质量上界...
  脏数据上界: 0.3319
  清洗后上界: 0.3315
  干净数据上界: 0.3396
  上界提升比例: -0.0629

[5/5] 真值使用成本
--------------------------------------------------
  方法类型: Type 1 (全自动)
  实际真值使用: 0
  理想最小成本: 225
  总修改单元格: 4947
  正确修复: 225
  错误修复: 4722

======================================================================
测评完成，结果已保存到: /Users/qianzekai/PycharmProjects/TolerDM/results/demandclean/beers/v5_auto_dueling_single/evaluation/v5_auto_dueling_single_evaluation_results.txt
======================================================================
  统一测评完成，结果已保存到: /Users/qianzekai/PycharmProjects/TolerDM/results/demandclean/beers/v5_auto_dueling_single/v5_auto_dueling_single_evaluation_results.txt
  [计时] Step 9 (统一测评): 267.06s

[Step 10] 真值成本汇总...
  RAHA 检测成本: 20
  Agent 修复成本: 0
  总成本: 20 / 11568 cells = 0.1729%
  [计时] Step 10 (成本汇总): 0.00s

──────────────────────────────────────────────────
  步骤计时汇总
──────────────────────────────────────────────────
  Step 1 初始化         │     0.00s
  Step 2 训练          │  1096.06s
  Step 3 推理          │    27.74s
  Step 4 检测器评估       │     0.25s
  Step 5 Baseline评估  │   318.05s
  Step 6 容忍度评估       │   833.46s
  Step 7 Shapley分析   │   415.26s
  Step 8 训练曲线        │     6.34s
  Step 9 统一测评        │   267.06s
  Step 10 成本汇总        │     0.00s
──────────────────────────────────────────────────
  总计(含可视化)       │  2964.24s
  可视化耗时           │   422.60s
  净耗时(扣可视化)     │  2541.63s
──────────────────────────────────────────────────

  [输出] 报告已保存: /Users/qianzekai/PycharmProjects/TolerDM/results/demandclean/beers/v5_auto_dueling_single/report/v5_auto_dueling_single_report.json

  版本 v5_auto_dueling_single 完成! 耗时: 2541.63s
  输出目录: /Users/qianzekai/PycharmProjects/TolerDM/results/demandclean/beers/v5_auto_dueling_single

  只有 1 个版本完成，跳过跨版本对比

======================================================================
全部完成! 总耗时: 2980.23s
结果目录: /Users/qianzekai/PycharmProjects/TolerDM/results/demandclean
日志文件: /Users/qianzekai/PycharmProjects/TolerDM/logs/demandclean/beers_ep400_20260303_015925.log
======================================================================
