[01:13:54] INFO: ==================================================
[01:13:54] INFO: DemandClean 训练开始
[01:13:54] INFO:   检测器模式: auto
[01:13:54] INFO:   训练模式: clean_base
[01:13:54] INFO:   Agent类型: dueling_two_stage
[01:13:54] INFO:   推理模式: single_phase
[01:13:54] INFO:   FD规则: 4
[01:13:54] INFO:   丰富规则: 有
[01:13:54] INFO: ==================================================
[01:13:54] INFO: 
[Step 1] 初始化错误检测器...
[01:13:54] INFO: 
[Step 1.5] 运行 RAHA 检测获取标注行...
[01:14:25] INFO:   [预修复] 利用 RAHA 标注行修复 42 个特征单元格 + 1 个标签
[01:14:25] INFO:   标注行: [8, 67, 90, 263, 689, 701, 807, 1000, 1051, 1128]... (共 20 行)
[01:14:25] INFO: 
[Step 2] 训练 DQN Agent...
[01:14:25] INFO: 开始训练 (dueling_two_stage Agent, mode=clean_base)
[01:14:25] INFO:   任务类型: classification
[01:14:25] INFO:   模型类型: random_forest
[01:14:25] INFO:   原始数据: 2410 行
[01:14:25] INFO:   基准数据: 1338 行
[01:14:25] INFO:   标签注入: 检测到 78 个标签错误, rate=0.032, symmetric=True
[01:14:25] INFO:   自适应注入比例范围 (基于检测结果):
[01:14:25] INFO:     missing: (0.0496, 0.0744)
[01:14:25] INFO:     semantic: (0.0050, 0.0100)
[01:14:25] INFO:     syntactic: (0.1342, 0.2013)
[01:14:25] INFO:     label: (0.0259, 0.0388)
[01:14:25] INFO:   ErrorInjector: rich_rules=True, domain=3, cfd=0, fd=4
[01:14:25] INFO:   开始训练 DQN (3 episodes, 起始轮=0)...
[01:14:26] INFO: 
已恢复最佳模型权重 (Episode 3, Score=0.0000, Cost=60)
[01:14:26] INFO: 
训练完成! 最佳分数: 0.0000 (共 3 episodes)
[01:14:26] INFO:   最佳动作分布: {'no_action': 122, 'repair_value': 60, 'delete': 117, 'replace_nearby': 53}
[01:14:26] INFO: 
训练完成!
[01:14:26] INFO: 模型已保存: /Users/qianzekai/PycharmProjects/TolerDM/results/demandclean/beers/v5_auto_dueling_single/model/v5_auto_dueling_single_agent.pt
[01:14:26] INFO: 
==================================================
[01:14:26] INFO: 单阶段推理
[01:14:26] INFO: ==================================================
[01:14:26] INFO:   [预修复] 利用 RAHA 标注行修复 42 个特征单元格 + 1 个标签
[01:14:26] INFO:   移除已修复错误: missing=13, semantic=3, syntactic=26, label_noise=1
[1;34m[01:15:29][0m[1;33m WARNING Snoopy may use all CPU cores! Set env. variable 'SNOOPY_LIMIT_CPU' to 'y' to limit CPU usage. [0m[1;34m(__init__ -> _init_tf_pytorch on MainThread)[0m
[1;34m[01:15:29][0m[2;37m DEBUG   TensorFlow sees: 1 Physical GPUs, 1 Logical GPUs [0m[1;34m(__init__ -> _init_tf_pytorch on MainThread)[0m
