[日志] 完整输出将保存到: /Users/qianzekai/PycharmProjects/TolerDM/logs/demandclean/beers_ep10_20260301_053544.log
======================================================================
DemandClean 统一运行脚本
======================================================================
数据集: ['beers']
启用版本: ['v5_auto_dueling_single']
训练轮数: 10
详细输出: True
======================================================================

######################################################################
# 数据集: beers
######################################################################
  数据集: beers
  脏数据: (2410, 8), 干净数据: (2410, 8)
  特征列: 8, 标签列: style
  FD规则: 0 条

======================================================================
版本: v5_auto_dueling_single
数据集: beers | 任务: classification | 模型: random_forest
检测器: auto | Agent: dueling_two_stage | 推理: single_phase
训练轮数: 10 | 输出目录: /Users/qianzekai/PycharmProjects/TolerDM/results/demandclean/beers/v5_auto_dueling_single
======================================================================

[Step 1] 创建 DemandClean 实例...
  [计时] Step 1 (初始化): 0.00s

[Step 2] 训练 (10 episodes)...

[AutoDetector] 初始化
  RAHA 来源: pip:raha
  RAHA 可用: True
  CSV 路径: /Users/qianzekai/PycharmProjects/TolerDM/data/beers/dirty_index.csv
  FD 规则: 4 条
  规则文件: /Users/qianzekai/PycharmProjects/TolerDM/data/beers/rules.txt
  规则摘要: ParsedRules(DOMAIN=4, FD=4)
  缺失值: 4299 个
  标签缺失(NaN): 4 个

[检测] 在原始 CSV 上运行 RAHA (labeling_budget=20)...
  [RAHA] 数据规模: 2410 行 × 11 列
547 strategy profiles are collected.
43 Features are generated for column 0.
43 Features are generated for column 1.
129 Features are generated for column 2.
105 Features are generated for column 3.
70 Features are generated for column 4.
58 Features are generated for column 5.
51 Features are generated for column 6.
72 Features are generated for column 7.
104 Features are generated for column 8.
106 Features are generated for column 9.
76 Features are generated for column 10.
A hierarchical clustering model is built for column 0.
A hierarchical clustering model is built for column 1.
A hierarchical clustering model is built for column 2.
A hierarchical clustering model is built for column 3.
A hierarchical clustering model is built for column 4.
A hierarchical clustering model is built for column 5.
A hierarchical clustering model is built for column 6.
A hierarchical clustering model is built for column 7.
A hierarchical clustering model is built for column 8.
A hierarchical clustering model is built for column 9.
A hierarchical clustering model is built for column 10.
Tuple 1654 is sampled.
Tuple 1654 is labeled.
Tuple 1051 is sampled.
Tuple 1051 is labeled.
Tuple 1554 is sampled.
Tuple 1554 is labeled.
Tuple 1879 is sampled.
Tuple 1879 is labeled.
Tuple 1006 is sampled.
Tuple 1006 is labeled.
Tuple 671 is sampled.
Tuple 671 is labeled.
Tuple 61 is sampled.
Tuple 61 is labeled.
Tuple 17 is sampled.
Tuple 17 is labeled.
Tuple 1969 is sampled.
Tuple 1969 is labeled.
Tuple 1968 is sampled.
Tuple 1968 is labeled.
Tuple 1618 is sampled.
Tuple 1618 is labeled.
Tuple 1185 is sampled.
Tuple 1185 is labeled.
Tuple 1363 is sampled.
Tuple 1363 is labeled.
Tuple 1458 is sampled.
Tuple 1458 is labeled.
Tuple 751 is sampled.
Tuple 751 is labeled.
Tuple 2404 is sampled.
Tuple 2404 is labeled.
Tuple 1136 is sampled.
Tuple 1136 is labeled.
Tuple 1833 is sampled.
Tuple 1833 is labeled.
Tuple 1212 is sampled.
Tuple 1212 is labeled.
Tuple 750 is sampled.
Tuple 750 is labeled.
The number of labeled data cells increased from 220 to 25112.
A classifier is trained and applied on column 0.
A classifier is trained and applied on column 1.
A classifier is trained and applied on column 2.
A classifier is trained and applied on column 3.
A classifier is trained and applied on column 4.
A classifier is trained and applied on column 5.
A classifier is trained and applied on column 6.
A classifier is trained and applied on column 7.
A classifier is trained and applied on column 8.
A classifier is trained and applied on column 9.
A classifier is trained and applied on column 10.
  RAHA 检测结果: 3117 个单元格
  Precision=0.9955  Recall=0.9241  F1=0.9585
  RAHA 标注行数: 20 (labeling_budget=20)
  RAHA 标签错误: 16 行
  句法错误(RAHA): 0 个
  DOMAIN 规则检测: 3 个句法错误 (特征列, 超出值域)
  DOMAIN 规则检测: 2 个标签错误
  句法错误(RAHA+REGEX+DOMAIN): 3 个
  FD 规则检测: 172 个语义错误
  语义错误: 172 个 (FD)
  标签噪声: 20 个 (NaN=4, 规则=16)

  检测总结: 4494 个错误 (缺失=4299, 句法=3, 语义=172, 标签噪声=20)
  模型已保存: /Users/qianzekai/PycharmProjects/TolerDM/results/demandclean/beers/v5_auto_dueling_single/model/v5_auto_dueling_single_agent.pt
  训练历史已保存: /Users/qianzekai/PycharmProjects/TolerDM/results/demandclean/beers/v5_auto_dueling_single/report/v5_auto_dueling_single_history.json
  [计时] Step 2 (训练): 776.28s

[Step 3] 推理 (模式: single_phase)...
  [检测缓存命中] 复用上次检测结果 (4494 cells)

============================================================
单阶段推理
============================================================
  算法: Dueling Double DQN (Two Stage)
  任务类型: classification
  下游模型: random_forest
  检测到的错误: 4448 个 (missing=4258, semantic=172, syntactic=0, label=18)

  推理进度: [====================] 4448/4448

  动作分布 (共 2656 个错误):
    no_action          698 ( 26.3%) ██████████
    repair_value         5 (  0.2%) 
    delete            1928 ( 72.6%) █████████████████████████████
    replace_nearby      25 (  0.9%) 

  动作降级: 568 次
    行1091: delete → no_action
    行1405: delete → no_action
    行1570: delete → no_action
    行622: delete → no_action
    行945: delete → no_action
    ... 共 568 次降级

  修复明细 (repair_value): 共 5 条
    行        列      脏值           → 修复值          错误类型      
    -------------------------------------------------------
    2376     6      1.4467       → 1.4396       semantic  
    1842     7      -0.1358      → -0.1358      semantic  
    2186     6      -0.0501      → -0.0572      semantic  
    2319     6      1.7045       → 1.6974       semantic  
    2293     6      -1.2174      → -1.2246      semantic  

  替换明细 (replace_nearby): 共 25 条
    行        列      脏值           → 替换值          错误类型      
    -------------------------------------------------------
    1747     7      NaN          → 1.0048       missing   
    2042     7      NaN          → -0.5383      missing   
    1240     6      0.9239       → 0.0574       semantic  
    1979     3      NaN          → 1.3922       missing   
    2269     3      NaN          → -0.0592      missing   
    1246     6      -0.9381      → -0.9453      semantic  
    2164     3      NaN          → 0.7594       missing   
    2071     3      NaN          → -0.5731      missing   
    2112     6      0.2865       → 0.2794       semantic  
    2143     6      1.6616       → 1.6544       semantic  
    2287     3      NaN          → -0.7424      missing   
    2162     3      NaN          → 0.1195       missing   
    2190     3      NaN          → 0.8818       missing   
    2277     3      NaN          → 1.4721       missing   
    2129     3      NaN          → 0.4267       missing   
    2314     6      0.3438       → 0.3367       semantic  
    2394     6      0.6733       → -0.2721      semantic  
    568      -1     97.0000      → 7.0000       label_noise
    566      -1     NaN          → 7.0000       label_noise
    1800     6      -1.0384      → -1.0455      semantic  
    2073     7      NaN          → -0.0016      missing   
    2073     6      -1.1530      → -1.1601      semantic  
    1900     -1     66.0000      → 34.0000      label_noise
    413      -1     88.0000      → 24.0000      label_noise
    1555     -1     NaN          → 8.0000       label_noise

  删除明细 (delete): 共 1928 条
    行        列      脏值           错误类型      
    ----------------------------------------
    1248     1      NaN          missing   
    538      3      NaN          missing   
    495      3      NaN          missing   
    1407     1      NaN          missing   
    698      1      NaN          missing   
    207      1      NaN          missing   
    287      1      NaN          missing   
    753      3      NaN          missing   
    450      3      NaN          missing   
    499      1      NaN          missing   
    262      1      NaN          missing   
    894      1      NaN          missing   
    628      2      NaN          missing   
    205      3      NaN          missing   
    1150     2      NaN          missing   
    730      3      NaN          missing   
    1274     3      NaN          missing   
    116      1      NaN          missing   
    913      1      NaN          missing   
    1017     7      1.4744       semantic  
    1155     1      NaN          missing   
    970      1      NaN          missing   
    266      1      NaN          missing   
    57       1      NaN          missing   
    317      3      NaN          missing   
    145      2      NaN          missing   
    681      1      NaN          missing   
    1033     1      NaN          missing   
    1172     2      NaN          missing   
    13       1      NaN          missing   
    ... 省略 1898 条
  真值使用: 5
  动作分布: {'no_action': 698, 'repair_value': 5, 'delete': 1928, 'replace_nearby': 25}
  清洗后数据已保存: /Users/qianzekai/PycharmProjects/TolerDM/results/demandclean/beers/v5_auto_dueling_single/data/v5_auto_dueling_single_cleaned.csv
  原始格式清洗数据已保存: /Users/qianzekai/PycharmProjects/TolerDM/results/demandclean/beers/v5_auto_dueling_single/data/v5_auto_dueling_single_cleaned_original.csv
  [计时] Step 3 (推理): 426.00s

[Step 4] 检测器准确率评估...
  [检测缓存命中] 复用上次检测结果 (4494 cells)

============================================================
检测器准确率评估
============================================================
真实错误总数: 4427 (缺失: 4299, 值错误: 128)
检测报告总数: 4474 (missing: 4299, syntactic: 3, semantic: 172)
------------------------------------------------------------

  [总体]
    Precision = 0.9855  |  Recall = 0.9959  |  F1 = 0.9907
    TP=4409  FP=65  FN=18  (GT=4427, Det=4474)

  [缺失值 (missing)]
    Precision = 1.0000  |  Recall = 1.0000  |  F1 = 1.0000
    TP=4299  FP=0  FN=0  (GT=4299, Det=4299)

  [句法错误 (syntactic)]
    Precision = 0.0000  |  Recall = 0.0000  |  F1 = 0.0000
    TP=0  FP=3  FN=128  (GT=128, Det=3)

  [语义错误 (semantic)]
    Precision = 0.6395  |  Recall = 0.8594  |  F1 = 0.7333
    TP=110  FP=62  FN=18  (GT=128, Det=172)

  [值错误合并 (syntactic+semantic)]
    Precision = 0.6286  |  Recall = 0.8594  |  F1 = 0.7261
    TP=110  FP=65  FN=18  (GT=128, Det=175)
  [计时] Step 4 (检测器评估): 0.24s

[Step 5] Baseline 评估与可视化...
  DeleteFix: 删除 1928 行, 保留 482 行
  统一测试集: 482 行 (从 2410 行 clean 数据固定划分)

============================================================
Baseline 对比评估 - v5_auto_dueling_single
============================================================
