[19:52:10] INFO: ==================================================
[19:52:10] INFO: DemandClean 训练开始
[19:52:10] INFO:   检测器模式: auto
[19:52:10] INFO:   训练模式: clean_base
[19:52:10] INFO:   Agent类型: dueling_two_stage
[19:52:10] INFO:   推理模式: single_phase
[19:52:10] INFO:   FD规则: 4
[19:52:10] INFO:   丰富规则: 有
[19:52:10] INFO: ==================================================
[19:52:10] INFO: 
[Step 1] 初始化错误检测器...
[19:52:10] INFO: 
[Step 1.5] 运行 RAHA 检测获取标注行...
[19:54:30] INFO:   [预修复] 利用 RAHA 标注行修复 42 个特征单元格 + 0 个标签
[19:54:30] INFO:   标注行: [5, 67, 72, 218, 332, 464, 510, 518, 526, 760]... (共 20 行)
[19:54:30] INFO: 
[Step 1.8] 加载续训模型: /Users/qianzekai/PycharmProjects/TolerDM/results/demandclean/beers/v5_auto_dueling_single/model/v5_auto_dueling_single_agent.pt
[19:54:33] INFO:   已训练 400 episodes, best_score=0.2427, epsilon=0.1347
[19:54:33] INFO: 
[Step 2] 训练 DQN Agent...
[19:54:33] INFO: 续训 (dueling_two_stage Agent, mode=clean_base)
[19:54:33] INFO:   任务类型: classification
[19:54:33] INFO:   模型类型: random_forest
[19:54:33] INFO:   原始数据: 1446 行
[19:54:33] INFO:   续训起始轮: 400
[19:54:57] INFO:   Clean Base 自动选择 (5-fold CV, 样本保留率加权):
[19:54:57] INFO:     DeleteFix: 289 行, CV=0.3320, 权重=0.447, 加权=0.1484
[19:54:57] INFO:     VE-Fill:   1446 行, CV=0.0000, 权重=1.000, 加权=0.0000
[19:54:57] INFO:     → 选择 DeleteFix (289 行)
[19:54:57] INFO:   标签注入: 检测器未发现标签错误，不注入
[19:54:57] INFO:   自适应注入比例范围 (基于检测结果):
[19:54:57] INFO:     missing: (0.1804, 0.2705)
[19:54:57] INFO:     semantic: (0.0050, 0.0100)
[19:54:57] INFO:     syntactic: (0.0054, 0.0104)
[19:54:57] INFO:     label: 不注入
[19:54:57] INFO:   ErrorInjector: rich_rules=True, domain=3, cfd=0, fd=4
[19:54:57] INFO:   Oracle 模式: reward 使用干净验证集 (482 行)
[19:54:57] INFO:   开始训练 DQN (400 episodes, 起始轮=400)...
[19:56:49] INFO:   Episode 450/800: Score=0.2137, Best=0.2490, Eps=0.105
[19:56:49] INFO:     Actions: {'no_action': 1, 'repair_value': 0, 'delete': 54, 'replace_nearby': 3}
[19:58:35] INFO:   Episode 500/800: Score=0.2220, Best=0.2490, Eps=0.100
[19:58:35] INFO:     Actions: {'no_action': 52, 'repair_value': 2, 'delete': 4, 'replace_nearby': 2}
[20:00:27] INFO:   Episode 550/800: Score=0.1929, Best=0.2490, Eps=0.100
[20:00:27] INFO:     Actions: {'no_action': 0, 'repair_value': 2, 'delete': 47, 'replace_nearby': 17}
[20:02:19] INFO:   Episode 600/800: Score=0.2220, Best=0.2490, Eps=0.100
[20:02:19] INFO:     Actions: {'no_action': 46, 'repair_value': 2, 'delete': 3, 'replace_nearby': 28}
[20:04:11] INFO:   Episode 650/800: Score=0.1929, Best=0.2510, Eps=0.100
[20:04:11] INFO:     Actions: {'no_action': 10, 'repair_value': 4, 'delete': 37, 'replace_nearby': 1}
[20:05:58] INFO:   Episode 700/800: Score=0.2116, Best=0.2510, Eps=0.100
[20:05:58] INFO:     Actions: {'no_action': 19, 'repair_value': 5, 'delete': 43, 'replace_nearby': 1}
[20:07:46] INFO:   Episode 750/800: Score=0.2261, Best=0.2510, Eps=0.100
[20:07:46] INFO:     Actions: {'no_action': 9, 'repair_value': 6, 'delete': 6, 'replace_nearby': 41}
[20:09:41] INFO:   Episode 800/800: Score=0.2075, Best=0.2510, Eps=0.100
[20:09:41] INFO:     Actions: {'no_action': 0, 'repair_value': 0, 'delete': 50, 'replace_nearby': 1}
[20:09:41] INFO: 
已恢复最佳模型权重 (Episode 666, Score=0.2510, Cost=3)
[20:09:41] INFO: 
训练完成! 最佳分数: 0.2510 (共 800 episodes)
[20:09:41] INFO:   最佳动作分布: {'no_action': 8, 'repair_value': 3, 'delete': 17, 'replace_nearby': 36}
[20:09:41] INFO: 
训练完成!
[20:09:41] INFO: 模型已保存: /Users/qianzekai/PycharmProjects/TolerDM/results/demandclean/beers/v5_auto_dueling_single/model/v5_auto_dueling_single_agent.pt
[20:09:41] INFO: 
==================================================
[20:09:41] INFO: 单阶段推理
[20:09:41] INFO: ==================================================
[20:09:41] INFO:   [预修复] 利用 RAHA 标注行修复 42 个特征单元格 + 0 个标签
[20:09:41] INFO:   移除已修复错误: missing=37, semantic=1, syntactic=4
[1;34m[20:48:32][0m[1;33m WARNING Snoopy may use all CPU cores! Set env. variable 'SNOOPY_LIMIT_CPU' to 'y' to limit CPU usage. [0m[1;34m(__init__ -> _init_tf_pytorch on MainThread)[0m
[1;34m[20:48:32][0m[2;37m DEBUG   TensorFlow sees: 1 Physical GPUs, 1 Logical GPUs [0m[1;34m(__init__ -> _init_tf_pytorch on MainThread)[0m
