[01:19:01] INFO: ==================================================
[01:19:01] INFO: DemandClean 训练开始
[01:19:01] INFO:   检测器模式: oracle
[01:19:01] INFO:   训练模式: clean_base
[01:19:01] INFO:   Agent类型: single
[01:19:01] INFO:   推理模式: single_phase
[01:19:01] INFO:   FD规则: 4
[01:19:01] INFO:   丰富规则: 有
[01:19:01] INFO: ==================================================
[01:19:01] INFO: 
[Step 1] 初始化错误检测器...
[01:19:01] INFO: 
[Step 2] 训练 DQN Agent...
[01:19:01] INFO: 开始训练 (single Agent, mode=clean_base)
[01:19:01] INFO:   任务类型: classification
[01:19:01] INFO:   模型类型: random_forest
[01:19:01] INFO:   原始数据: 2410 行
[01:19:01] INFO:   基准数据: 1326 行
[01:19:02] INFO:   ErrorInjector: rich_rules=True, domain=3, cfd=0, fd=4
[01:19:02] INFO:   开始训练 DQN (3 episodes, 起始轮=0)...
[01:19:03] INFO: 
已恢复最佳模型权重 (Episode 2, Score=0.0000, Cost=99)
[01:19:03] INFO: 
训练完成! 最佳分数: 0.0000 (共 3 episodes)
[01:19:03] INFO:   最佳动作分布: {'no_action': 115, 'repair_value': 99, 'delete': 99, 'replace_nearby': 94}
[01:19:03] INFO: 
训练完成!
[01:19:03] INFO: 模型已保存: /Users/qianzekai/PycharmProjects/TolerDM/results/demandclean/beers/v3_oracle_plain_single/model/v3_oracle_plain_single_agent.pt
[01:19:03] INFO: 
==================================================
[01:19:03] INFO: 单阶段推理
[01:19:03] INFO: ==================================================
[1;34m[01:20:05][0m[1;33m WARNING Snoopy may use all CPU cores! Set env. variable 'SNOOPY_LIMIT_CPU' to 'y' to limit CPU usage. [0m[1;34m(__init__ -> _init_tf_pytorch on MainThread)[0m
[1;34m[01:20:05][0m[2;37m DEBUG   TensorFlow sees: 1 Physical GPUs, 1 Logical GPUs [0m[1;34m(__init__ -> _init_tf_pytorch on MainThread)[0m
