[日志] 完整输出将保存到: /Users/qianzekai/PycharmProjects/TolerDM/logs/demandclean/beers_ep10_20260303_203609.log
======================================================================
DemandClean 统一运行脚本
======================================================================
数据集: ['beers']
启用版本: ['v5_auto_dueling_single']
训练轮数: 10
详细输出: True
Oracle 模式: 启用 (三路划分 60/20/20, --no-oracle 关闭)
======================================================================

######################################################################
# 数据集: beers
######################################################################

  60/20/20 划分: train=1446, val=482, test=482
  60% 子集 CSV: /Users/qianzekai/PycharmProjects/TolerDM/results/demandclean/beers/dirty_train_60pct.csv
  数据集: beers
  脏数据: (1446, 8)
  特征列: 8, 标签列: style
  分类列: {'city', 'state', 'brewery_name', 'beer_name'}
  LE fit: 仅 dirty (1446 行)
  SS fit: 仅 dirty (1446 行)
  FD规则: 0 条
  编码完成: X_dirty_train=(1446, 8), X_clean_train=(1446, 8), X_clean_val=(482, 8), X_clean_test=(482, 8)

======================================================================
版本: v5_auto_dueling_single
数据集: beers | 任务: classification | 模型: random_forest
检测器: auto | Agent: dueling_two_stage | 推理: single_phase
训练轮数: 10 | 输出目录: /Users/qianzekai/PycharmProjects/TolerDM/results/demandclean/beers/v5_auto_dueling_single
======================================================================

[Step 1] 创建 DemandClean 实例...
  [计时] Step 1 (初始化): 0.00s

[Step 2] 续训 (检测到已有模型: /Users/qianzekai/PycharmProjects/TolerDM/results/demandclean/beers/v5_auto_dueling_single/model/v5_auto_dueling_single_agent.pt)...
  已有训练历史: 800 episodes
  新增训练: 10 episodes

[AutoDetector] 初始化
  RAHA 来源: pip:raha
  RAHA 可用: True
  CSV 路径: /Users/qianzekai/PycharmProjects/TolerDM/results/demandclean/beers/dirty_train_60pct.csv
  FD 规则: 4 条
  规则文件: /Users/qianzekai/PycharmProjects/TolerDM/data/beers/rules.txt
  规则摘要: ParsedRules(DOMAIN=4, FD=4)
  缺失值: 2608 个
  标签缺失(NaN): 4 个

[检测] 在原始 CSV 上运行 RAHA (labeling_budget=20)...
  [RAHA] 数据规模: 1446 行 × 11 列
543 strategy profiles are collected.
44 Features are generated for column 0.
44 Features are generated for column 1.
128 Features are generated for column 2.
106 Features are generated for column 3.
69 Features are generated for column 4.
59 Features are generated for column 5.
51 Features are generated for column 6.
72 Features are generated for column 7.
104 Features are generated for column 8.
105 Features are generated for column 9.
81 Features are generated for column 10.
A hierarchical clustering model is built for column 0.
A hierarchical clustering model is built for column 1.
A hierarchical clustering model is built for column 2.
A hierarchical clustering model is built for column 3.
A hierarchical clustering model is built for column 4.
A hierarchical clustering model is built for column 5.
A hierarchical clustering model is built for column 6.
A hierarchical clustering model is built for column 7.
A hierarchical clustering model is built for column 8.
A hierarchical clustering model is built for column 9.
A hierarchical clustering model is built for column 10.
Tuple 1410 is sampled.
Tuple 1410 is labeled.
Tuple 1317 is sampled.
Tuple 1317 is labeled.
Tuple 74 is sampled.
Tuple 74 is labeled.
Tuple 1154 is sampled.
Tuple 1154 is labeled.
Tuple 330 is sampled.
Tuple 330 is labeled.
Tuple 1386 is sampled.
Tuple 1386 is labeled.
Tuple 197 is sampled.
Tuple 197 is labeled.
Tuple 845 is sampled.
Tuple 845 is labeled.
Tuple 347 is sampled.
Tuple 347 is labeled.
Tuple 1203 is sampled.
Tuple 1203 is labeled.
Tuple 144 is sampled.
Tuple 144 is labeled.
Tuple 1198 is sampled.
Tuple 1198 is labeled.
Tuple 369 is sampled.
Tuple 369 is labeled.
Tuple 680 is sampled.
Tuple 680 is labeled.
Tuple 625 is sampled.
Tuple 625 is labeled.
Tuple 502 is sampled.
Tuple 502 is labeled.
Tuple 313 is sampled.
Tuple 313 is labeled.
Tuple 1256 is sampled.
Tuple 1256 is labeled.
Tuple 658 is sampled.
Tuple 658 is labeled.
Tuple 1088 is sampled.
Tuple 1088 is labeled.
The number of labeled data cells increased from 220 to 15231.
A classifier is trained and applied on column 0.
A classifier is trained and applied on column 1.
A classifier is trained and applied on column 2.
A classifier is trained and applied on column 3.
A classifier is trained and applied on column 4.
A classifier is trained and applied on column 5.
A classifier is trained and applied on column 6.
A classifier is trained and applied on column 7.
A classifier is trained and applied on column 8.
A classifier is trained and applied on column 9.
A classifier is trained and applied on column 10.
  RAHA 检测结果: 1878 个单元格
  Precision=1.0000  Recall=0.9251  F1=0.9611
  RAHA 标注行数: 20 (labeling_budget=20)
  RAHA 标签错误: 2 行
  句法错误(RAHA): 0 个
  DOMAIN 规则检测: 3 个句法错误 (特征列, 超出值域)
  DOMAIN 规则检测: 2 个标签错误
  句法错误(RAHA+REGEX+DOMAIN): 3 个
  FD 规则检测: 99 个语义错误
  语义错误: 99 个 (FD)
  标签噪声: 6 个 (NaN=4, 规则=2)
  特征受损行标签排除: 6 个

  检测总结: 2710 个错误 (缺失=2608, 句法=3, 语义=99, 标签噪声=0)
  模型已保存: /Users/qianzekai/PycharmProjects/TolerDM/results/demandclean/beers/v5_auto_dueling_single/model/v5_auto_dueling_single_agent.pt
  训练历史已保存: /Users/qianzekai/PycharmProjects/TolerDM/results/demandclean/beers/v5_auto_dueling_single/report/v5_auto_dueling_single_history.json
  [计时] Step 2 (训练): 209.77s

[Step 3] 推理 (模式: single_phase)...
  [检测缓存命中] 复用上次检测结果 (2710 cells)

============================================================
单阶段推理
============================================================
  算法: Dueling Double DQN (Two Stage)
  任务类型: classification
  下游模型: random_forest
  检测到的错误: 2671 个 (missing=2572, semantic=99, syntactic=0, label=0)

  推理进度: [====================] 2671/2671

  动作分布 (共 2671 个错误):
    no_action         1817 ( 68.0%) ███████████████████████████
    repair_value        57 (  2.1%) 
    delete               0 (  0.0%) 
    replace_nearby     797 ( 29.8%) ███████████

  修复明细 (repair_value): 共 57 条
    行        列      脏值           → 修复值          错误类型      
    -------------------------------------------------------
    1345     3      NaN          → 0.0000       missing   
    1382     2      NaN          → -0.0538      missing   
    1238     2      NaN          → -0.0371      missing   
    1356     2      NaN          → -0.0288      missing   
    1373     3      NaN          → 0.0000       missing   
    1436     2      NaN          → -0.0609      missing   
    1279     3      NaN          → 0.0000       missing   
    1335     2      NaN          → -0.0371      missing   
    1305     2      NaN          → -0.0395      missing   
    1339     3      NaN          → 0.0000       missing   
    1265     2      NaN          → -0.0514      missing   
    1379     2      NaN          → -0.0490      missing   
    1278     3      NaN          → 0.0000       missing   
    1423     2      NaN          → -0.0157      missing   
    1392     3      NaN          → 0.0000       missing   
    1402     3      NaN          → 0.0000       missing   
    1420     2      NaN          → -0.0645      missing   
    1320     3      NaN          → 0.0000       missing   
    1433     2      NaN          → -0.0502      missing   
    1374     2      NaN          → -0.0335      missing   
    1299     3      NaN          → 0.0000       missing   
    1326     2      NaN          → -0.0395      missing   
    1359     3      NaN          → 0.0000       missing   
    1332     3      NaN          → 0.0000       missing   
    1437     3      NaN          → 0.0000       missing   
    1346     2      NaN          → -0.0562      missing   
    1416     2      NaN          → -0.0573      missing   
    1443     3      NaN          → 0.0000       missing   
    1273     2      NaN          → -0.0276      missing   
    1285     3      NaN          → 0.0000       missing   
    ... 省略 27 条

  替换明细 (replace_nearby): 共 797 条
    行        列      脏值           → 替换值          错误类型      
    -------------------------------------------------------
    1191     2      NaN          → -0.0276      missing   
    1112     3      NaN          → 0.8682       missing   
    842      3      NaN          → 0.3758       missing   
    1018     2      NaN          → -0.0514      missing   
    1169     2      NaN          → -0.0514      missing   
    965      3      NaN          → -0.5539      missing   
    1011     6      -1.0896      → -1.1073      semantic  
    1108     3      NaN          → 0.6885       missing   
    989      3      NaN          → 0.0512       missing   
    364      7      NaN          → -0.0839      missing   
    940      3      NaN          → -0.0464      missing   
    869      6      -1.5769      → -1.1427      semantic  
    675      7      NaN          → -1.2458      missing   
    984      2      NaN          → -0.0395      missing   
    1201     6      1.2762       → 1.2673       semantic  
    1204     3      NaN          → -0.7538      missing   
    1278     7      NaN          → -0.0839      missing   
    1054     2      NaN          → -0.0514      missing   
    1053     3      NaN          → 0.1278       missing   
    747      6      -0.9212      → -0.7263      semantic  
    1197     3      NaN          → 0.9752       missing   
    896      7      NaN          → 0.7363       missing   
    1403     7      NaN          → -0.5623      missing   
    1031     2      NaN          → -0.0395      missing   
    893      3      NaN          → 0.0755       missing   
    788      3      NaN          → -0.0258      missing   
    975      2      NaN          → -0.0514      missing   
    1181     3      NaN          → 0.5967       missing   
    458      7      NaN          → -1.3141      missing   
    932      3      NaN          → -0.9802      missing   
    ... 省略 767 条
  真值使用: 57
  动作分布: {'no_action': 1817, 'repair_value': 57, 'delete': 0, 'replace_nearby': 797}
  清洗后数据已保存: /Users/qianzekai/PycharmProjects/TolerDM/results/demandclean/beers/v5_auto_dueling_single/data/v5_auto_dueling_single_cleaned.csv
  原始格式清洗数据已保存: /Users/qianzekai/PycharmProjects/TolerDM/results/demandclean/beers/v5_auto_dueling_single/data/v5_auto_dueling_single_cleaned_original.csv
  [计时] Step 3 (推理): 33.11s

[Step 4] 检测器准确率评估...
  [检测缓存命中] 复用上次检测结果 (2710 cells)

============================================================
检测器准确率评估
============================================================
真实错误总数: 2680 (缺失: 2608, 值错误: 72)
检测报告总数: 2710 (missing: 2608, syntactic: 3, semantic: 99)
------------------------------------------------------------

  [总体]
    Precision = 0.9827  |  Recall = 0.9937  |  F1 = 0.9881
    TP=2663  FP=47  FN=17  (GT=2680, Det=2710)

  [缺失值 (missing)]
    Precision = 1.0000  |  Recall = 1.0000  |  F1 = 1.0000
    TP=2608  FP=0  FN=0  (GT=2608, Det=2608)

  [句法错误 (syntactic)]
    Precision = 0.0000  |  Recall = 0.0000  |  F1 = 0.0000
    TP=0  FP=3  FN=72  (GT=72, Det=3)

  [语义错误 (semantic)]
    Precision = 0.5556  |  Recall = 0.7639  |  F1 = 0.6433
    TP=55  FP=44  FN=17  (GT=72, Det=99)

  [值错误合并 (syntactic+semantic)]
    Precision = 0.5392  |  Recall = 0.7639  |  F1 = 0.6322
    TP=55  FP=47  FN=17  (GT=72, Det=102)
  [计时] Step 4 (检测器评估): 0.22s

[Step 5] Baseline 评估与可视化...
  DeleteFix: 删除 1157 行, 保留 289 行
  统一测试集 (Oracle): 479 行

============================================================
Baseline 对比评估 - v5_auto_dueling_single
============================================================
  NoFix          : rf_accuracy=0.3152 | rf_f1=0.2574 | lr_accuracy=0.2255 | lr_f1=0.1259
  DeleteAll: 数据不足(0行)，跳过
  DeleteFix      : rf_accuracy=0.3173 | rf_f1=0.2384 | lr_accuracy=0.215 | lr_f1=0.1197
  ReplaceAll     : rf_accuracy=0.3152 | rf_f1=0.2574 | lr_accuracy=0.2255 | lr_f1=0.1259
  DemandClean    : rf_accuracy=0.3403 | rf_f1=0.2713 | lr_accuracy=0.2317 | lr_f1=0.1314
  FullFix        : rf_accuracy=0.3549 | rf_f1=0.2948 | lr_accuracy=0.2276 | lr_f1=0.1346
  [可视化] Baseline 对比图已保存: /Users/qianzekai/PycharmProjects/TolerDM/results/demandclean/beers/v5_auto_dueling_single/visualization/v5_auto_dueling_single_baseline_comparison.png
  [计时] Step 5 (Baseline评估): 954.64s

[Step 6] 模型容忍度评估...
============================================================
模型容忍度计算 - v5_auto_dueling_single
任务类型: classification  |  模型列表: ['rf', 'lr']
============================================================

--- 模型: RF ---
  P_clean  = 0.3333
  P_dirty  = 0.2812
  P_dc     = 0.3403
  先验容忍度 (P_dc / P_dirty)            = 1.2099
  后验容忍度 (P_dc-P_dirty)/(P_clean-P_dirty) = 1.1333

--- 模型: LR ---
  P_clean  = 0.1979
  P_dirty  = 0.1840
  P_dc     = 0.1771
  先验容忍度 (P_dc / P_dirty)            = 0.9623
  后验容忍度 (P_dc-P_dirty)/(P_clean-P_dirty) = -0.5000
  容忍度柱状图已保存: /Users/qianzekai/PycharmProjects/TolerDM/results/demandclean/beers/v5_auto_dueling_single/visualization/v5_auto_dueling_single_tolerance_bar.png
  [计时] Step 6 (容忍度评估): 614.65s

[Step 7] Shapley 三维度分析...
============================================================
DemandClean - 三维度 Shapley 分析
============================================================
  数据: 1446 行 x 8 列
  错误数: 2710
  错误分布: {'missing': 2608, 'semantic': 99, 'syntactic': 3}
  输出目录: /Users/qianzekai/PycharmProjects/TolerDM/results/demandclean/beers/v5_auto_dueling_single/evaluation/shapley

[Shapley] 维度1: 动作重要性 (精确枚举 4!=24 排列) ...
[Shapley] 图表已保存: /Users/qianzekai/PycharmProjects/TolerDM/results/demandclean/beers/v5_auto_dueling_single/evaluation/shapley/shapley_action_importance.png
  动作重要性 Shapley 值:
    no_action           : +0.000000
    repair_value        : +0.000000
    delete              : +0.000000
    replace_nearby      : +0.000000

[Shapley] 维度2: 跳过特征 Shapley（计算量过大，仅保留维度1和维度3）
[Shapley] 维度3: 错误类型重要性 (精确枚举 3!=6 排列) ...
[Shapley] 图表已保存: /Users/qianzekai/PycharmProjects/TolerDM/results/demandclean/beers/v5_auto_dueling_single/evaluation/shapley/shapley_error_type_importance.png
  错误类型重要性 Shapley 值:
    missing             : +0.000000
    semantic            : +0.000000
    syntactic           : +0.000000

[Shapley] JSON 结果已保存: /Users/qianzekai/PycharmProjects/TolerDM/results/demandclean/beers/v5_auto_dueling_single/evaluation/shapley/shapley_results.json
[Shapley] Markdown 报告已保存: /Users/qianzekai/PycharmProjects/TolerDM/results/demandclean/beers/v5_auto_dueling_single/evaluation/shapley/shapley_report.md

============================================================
Shapley 分析完成!
============================================================
# Shapley Value Analysis Report

- 数据规模: 1446 行 × 8 列
- 错误总数: 2710
- 任务类型: classification (random_forest)
- MC 采样次数: 200

## 维度 1: 动作重要性 (Action Importance)

| 排名 | 动作 | Shapley 值 | 占比 | 方向 |
|------|------|-----------|------|------|
| 1 | no_action | +0.000000 | 0.0% | — 无影响 |
| 2 | repair_value | +0.000000 | 0.0% | — 无影响 |
| 3 | delete | +0.000000 | 0.0% | — 无影响 |
| 4 | replace_nearby | +0.000000 | 0.0% | — 无影响 |

**结论**: 最有效的清洗动作是 **no_action**

## 维度 2: 特征重要性 (Feature Importance)

| 排名 | 特征 | Shapley 值 | 占比 | 清洗价值 |
|------|------|-----------|------|---------|
| 1 | beer_name | +0.000000 | 0.0% | — 可忽略 |
| 2 | ounces | +0.000000 | 0.0% | — 可忽略 |
| 3 | abv | +0.000000 | 0.0% | — 可忽略 |
| 4 | ibu | +0.000000 | 0.0% | — 可忽略 |
| 5 | brewery_id | +0.000000 | 0.0% | — 可忽略 |
| 6 | brewery_name | +0.000000 | 0.0% | — 可忽略 |
| 7 | city | +0.000000 | 0.0% | — 可忽略 |
| 8 | state | +0.000000 | 0.0% | — 可忽略 |

**结论**: 
- 清洗价值极低的特征: beer_name, ounces, abv（清洗它们几乎不影响性能）

## 维度 3: 错误类型重要性 (Error Type Importance)

| 排名 | 错误类型 | Shapley 值 | 占比 | 优先级 |
|------|---------|-----------|------|--------|
| 1 | missing | +0.000000 | 0.0% | 🟢 低 |
| 2 | semantic | +0.000000 | 0.0% | 🟢 低 |
| 3 | syntactic | +0.000000 | 0.0% | 🟢 低 |

**结论**: 对下游性能影响最大的错误类型是 **missing**，检测器应优先识别此类错误。

## 综合清洗建议



  输出文件:
    /Users/qianzekai/PycharmProjects/TolerDM/results/demandclean/beers/v5_auto_dueling_single/evaluation/shapley/shapley_action_importance.png
    /Users/qianzekai/PycharmProjects/TolerDM/results/demandclean/beers/v5_auto_dueling_single/evaluation/shapley/shapley_feature_importance.png
    /Users/qianzekai/PycharmProjects/TolerDM/results/demandclean/beers/v5_auto_dueling_single/evaluation/shapley/shapley_error_type_importance.png
    /Users/qianzekai/PycharmProjects/TolerDM/results/demandclean/beers/v5_auto_dueling_single/evaluation/shapley/shapley_results.json
    /Users/qianzekai/PycharmProjects/TolerDM/results/demandclean/beers/v5_auto_dueling_single/evaluation/shapley/shapley_report.md
============================================================
  [计时] Step 7 (Shapley分析): 412.73s

[Step 8] 训练曲线可视化...
  [可视化] 训练曲线已保存: /Users/qianzekai/PycharmProjects/TolerDM/results/demandclean/beers/v5_auto_dueling_single/visualization/v5_auto_dueling_single_training_curves.png
  [计时] Step 8 (训练曲线): 7.81s

[Step 9] Clean4MLBaseline 统一测评...
======================================================================
Clean4MLBaseline 统一测评 - v5_auto_dueling_single
======================================================================

[1/5] 传统清洗指标
--------------------------------------------------
差异文件已保存到:
/Users/qianzekai/PycharmProjects/TolerDM/results/demandclean/beers/v5_auto_dueling_single/evaluation/v5_auto_dueling_single_clean_vs_dirty.csv
/Users/qianzekai/PycharmProjects/TolerDM/results/demandclean/beers/v5_auto_dueling_single/evaluation/v5_auto_dueling_single_dirty_vs_cleaned.csv
/Users/qianzekai/PycharmProjects/TolerDM/results/demandclean/beers/v5_auto_dueling_single/evaluation/v5_auto_dueling_single_clean_vs_cleaned.csv
修复错误数据文件已保存到: /Users/qianzekai/PycharmProjects/TolerDM/results/demandclean/beers/v5_auto_dueling_single/evaluation/v5_auto_dueling_single_repair_errors.csv
未修复但是应该修复数据文件已保存到: /Users/qianzekai/PycharmProjects/TolerDM/results/demandclean/beers/v5_auto_dueling_single/evaluation/v5_auto_dueling_single_unrepaired.csv
修复准确率: 0.18715944089078418, 修复召回率: 0.7783251231527094, F1值: 0.30175706643169437
========================================
EDR 结果已保存到: /Users/qianzekai/PycharmProjects/TolerDM/results/demandclean/beers/v5_auto_dueling_single/evaluation/v5_auto_dueling_single_edr_evaluation.txt
错误减少率 (EDR): -2.3817733990147785
========================================
混合距离结果已保存到: /Users/qianzekai/PycharmProjects/TolerDM/results/demandclean/beers/v5_auto_dueling_single/evaluation/v5_auto_dueling_single_hybrid_distance_evaluation.txt
混合距离 (Hybrid Distance): 0.204059766267751
========================================
R-EDR 结果已保存到: /Users/qianzekai/PycharmProjects/TolerDM/results/demandclean/beers/v5_auto_dueling_single/evaluation/v5_auto_dueling_single_record_based_edr_evaluation.txt
基于条目的错误减少率 (R-EDR): 0.0
========================================

[2/5] 下游任务性能 (classification)
--------------------------------------------------
RF - Accuracy: 0.2690, F1: 0.2452, Precision: 0.2623, Recall: 0.2690
LR - Accuracy: 0.1759, F1: 0.0634, Precision: 0.0392, Recall: 0.1759
SVM - Accuracy: 0.1724, F1: 0.0507, Precision: 0.0297, Recall: 0.1724
KNN - Accuracy: 0.1483, F1: 0.1288, Precision: 0.1478, Recall: 0.1483
DT - Accuracy: 0.2345, F1: 0.2431, Precision: 0.2917, Recall: 0.2345
GB - Accuracy: 0.2103, F1: 0.2004, Precision: 0.2235, Recall: 0.2103

[3/5] 模型容忍度
--------------------------------------------------

容忍度计算结果:
  P_do_nothing (脏数据性能): 0.3287
  P_demand_clean (清洗后性能): 0.0796
  P_repair_all (完全修复性能): 0.3287
  先验容忍度 (Tolerance_prior): 0.2421
  后验容忍度 (Tolerance_post): 0.0000

[4/5] Snoopy上界评估
--------------------------------------------------
Snoopy模块可用，正在评估数据质量上界...
  脏数据上界: 0.3319
  清洗后上界: 0.2794
  干净数据上界: 0.3402
  上界提升比例: -6.3261

[5/5] 真值使用成本
--------------------------------------------------
  方法类型: Type 1 (全自动)
  实际真值使用: 57
  理想最小成本: 145
  总修改单元格: 10590
  正确修复: 145
  错误修复: 10445

======================================================================
测评完成，结果已保存到: /Users/qianzekai/PycharmProjects/TolerDM/results/demandclean/beers/v5_auto_dueling_single/evaluation/v5_auto_dueling_single_evaluation_results.txt
======================================================================
  统一测评完成，结果已保存到: /Users/qianzekai/PycharmProjects/TolerDM/results/demandclean/beers/v5_auto_dueling_single/v5_auto_dueling_single_evaluation_results.txt
  [计时] Step 9 (统一测评): 687.71s

[Step 10] 真值成本汇总...
  RAHA 检测成本: 20
  Agent 修复成本: 57
  总成本: 77 / 11568 cells = 0.6656%
  [计时] Step 10 (成本汇总): 0.00s

──────────────────────────────────────────────────
  步骤计时汇总
──────────────────────────────────────────────────
  Step 1 初始化         │     0.00s
  Step 2 训练          │   209.77s
  Step 3 推理          │    33.11s
  Step 4 检测器评估       │     0.22s
  Step 5 Baseline评估  │   954.64s
  Step 6 容忍度评估       │   614.65s
  Step 7 Shapley分析   │   412.73s
  Step 8 训练曲线        │     7.81s
  Step 9 统一测评        │   687.71s
  Step 10 成本汇总        │     0.00s
──────────────────────────────────────────────────
  总计(含可视化)       │  2920.64s
  可视化耗时           │   421.63s
  净耗时(扣可视化)     │  2499.01s
──────────────────────────────────────────────────

  [输出] 报告已保存: /Users/qianzekai/PycharmProjects/TolerDM/results/demandclean/beers/v5_auto_dueling_single/report/v5_auto_dueling_single_report.json

  版本 v5_auto_dueling_single 完成! 耗时: 2499.01s
  输出目录: /Users/qianzekai/PycharmProjects/TolerDM/results/demandclean/beers/v5_auto_dueling_single

  只有 1 个版本完成，跳过跨版本对比

======================================================================
全部完成! 总耗时: 2936.14s
结果目录: /Users/qianzekai/PycharmProjects/TolerDM/results/demandclean
日志文件: /Users/qianzekai/PycharmProjects/TolerDM/logs/demandclean/beers_ep10_20260303_203609.log
======================================================================
