[00:49:57] INFO: ==================================================
[00:49:57] INFO: DemandClean 训练开始
[00:49:57] INFO:   检测器模式: auto
[00:49:57] INFO:   训练模式: clean_base
[00:49:57] INFO:   Agent类型: dueling_two_stage
[00:49:57] INFO:   推理模式: two_phase
[00:49:57] INFO:   FD规则: 4
[00:49:57] INFO:   丰富规则: 有
[00:49:57] INFO: ==================================================
[00:49:57] INFO: 
[Step 1] 初始化错误检测器...
[00:49:57] INFO: 
[Step 1.5] 运行 RAHA 检测获取标注行...
[00:54:00] INFO:   [预修复] 利用 RAHA 标注行修复 44 个特征单元格 + 1 个标签
[00:54:00] INFO:   标注行: [133, 136, 264, 470, 564, 694, 1030, 1051, 1173, 1618]... (共 20 行)
[00:54:00] INFO: 
[Step 2] 训练 DQN Agent...
[00:54:00] INFO: 开始训练 (dueling_two_stage Agent, mode=clean_base)
[00:54:00] INFO:   任务类型: classification
[00:54:00] INFO:   模型类型: random_forest
[00:54:00] INFO:   原始数据: 2410 行
[00:54:00] INFO:   基准数据: 482 行 (DeleteFix 策略: 删除 1928 错误行, 填充 478 个残余 NaN)
[00:54:00] INFO:   标签注入: 检测到 16 个标签错误, rate=0.007, symmetric=True
[00:54:00] INFO:   自适应注入比例范围 (基于检测结果):
[00:54:00] INFO:     missing: (0.1784, 0.2676)
[00:54:00] INFO:     semantic: (0.0054, 0.0104)
[00:54:00] INFO:     syntactic: (0.0050, 0.0100)
[00:54:00] INFO:     label: (0.0053, 0.0103)
[00:54:04] INFO:   ErrorInjector: rich_rules=True, domain=3, cfd=0, fd=4
[00:54:04] INFO:   开始训练 DQN (400 episodes, 起始轮=0)...
[01:06:09] INFO:   Episode 50/400: Score=0.9710, Best=0.9730, Eps=0.778
[01:06:09] INFO:     Actions: {'no_action': 24, 'repair_value': 18, 'delete': 22, 'replace_nearby': 30}
[01:17:30] INFO:   Episode 100/400: Score=0.9647, Best=0.9855, Eps=0.606
[01:17:30] INFO:     Actions: {'no_action': 30, 'repair_value': 26, 'delete': 30, 'replace_nearby': 46}
[01:29:26] INFO:   Episode 150/400: Score=0.9378, Best=0.9855, Eps=0.471
[01:29:26] INFO:     Actions: {'no_action': 17, 'repair_value': 15, 'delete': 52, 'replace_nearby': 34}
[01:41:14] INFO:   Episode 200/400: Score=0.9357, Best=0.9855, Eps=0.367
[01:41:15] INFO:     Actions: {'no_action': 18, 'repair_value': 7, 'delete': 51, 'replace_nearby': 28}
[01:52:49] INFO:   Episode 250/400: Score=0.8693, Best=0.9855, Eps=0.286
[01:52:49] INFO:     Actions: {'no_action': 9, 'repair_value': 0, 'delete': 93, 'replace_nearby': 11}
[02:05:18] INFO:   Episode 300/400: Score=0.9730, Best=0.9917, Eps=0.222
[02:05:18] INFO:     Actions: {'no_action': 9, 'repair_value': 39, 'delete': 26, 'replace_nearby': 50}
[02:17:41] INFO:   Episode 350/400: Score=0.8589, Best=0.9917, Eps=0.173
[02:17:41] INFO:     Actions: {'no_action': 9, 'repair_value': 1, 'delete': 100, 'replace_nearby': 10}
[02:31:10] INFO:   Episode 400/400: Score=0.9398, Best=0.9917, Eps=0.135
[02:31:10] INFO:     Actions: {'no_action': 3, 'repair_value': 5, 'delete': 53, 'replace_nearby': 56}
[02:31:10] INFO: 
已恢复最佳模型权重 (Episode 299, Score=0.9917, Cost=19)
[02:31:10] INFO: 
训练完成! 最佳分数: 0.9917 (共 400 episodes)
[02:31:10] INFO:   最佳动作分布: {'no_action': 6, 'repair_value': 19, 'delete': 8, 'replace_nearby': 60}
[02:31:10] INFO: 
训练完成!
[02:31:10] INFO: 模型已保存: /Users/qianzekai/PycharmProjects/TolerDM/results/demandclean/beers/v6_auto_dueling_two/model/v6_auto_dueling_two_agent.pt
[02:31:10] INFO: 
==================================================
[02:31:10] INFO: 两阶段推理 - 第一阶段 (Plan)
[02:31:10] INFO: ==================================================
