Traceback (most recent call last):
  File "/Users/qianzekai/PycharmProjects/TolerDM/run_demandclean/run_demandclean_base.py", line 1957, in run_version
    getscoreml_results = run_all_evaluation(
  File "/Users/qianzekai/PycharmProjects/TolerDM/tools/getScoreML.py", line 1465, in run_all_evaluation
    tolerance_results = calculate_tolerance(
  File "/Users/qianzekai/PycharmProjects/TolerDM/tools/getScoreML.py", line 557, in calculate_tolerance
    P_do_nothing = get_performance_enc(X_dirty, y_dirty, X_clean[test_indices], y_clean[test_indices])
  File "/Users/qianzekai/PycharmProjects/TolerDM/tools/getScoreML.py", line 548, in get_performance_enc
    model.fit(X[train_indices], y_train_labels[train_indices])
  File "/Users/qianzekai/PycharmProjects/TolerDM/TolerRL/lib/python3.9/site-packages/sklearn/ensemble/_forest.py", line 327, in fit
    X, y = self._validate_data(
  File "/Users/qianzekai/PycharmProjects/TolerDM/TolerRL/lib/python3.9/site-packages/sklearn/base.py", line 581, in _validate_data
    X, y = check_X_y(X, y, **check_params)
  File "/Users/qianzekai/PycharmProjects/TolerDM/TolerRL/lib/python3.9/site-packages/sklearn/utils/validation.py", line 964, in check_X_y
    X = check_array(
  File "/Users/qianzekai/PycharmProjects/TolerDM/TolerRL/lib/python3.9/site-packages/sklearn/utils/validation.py", line 800, in check_array
    _assert_all_finite(array, allow_nan=force_all_finite == "allow-nan")
  File "/Users/qianzekai/PycharmProjects/TolerDM/TolerRL/lib/python3.9/site-packages/sklearn/utils/validation.py", line 114, in _assert_all_finite
    raise ValueError(
ValueError: Input contains NaN, infinity or a value too large for dtype('float32').
