[20:36:25] INFO: ==================================================
[20:36:25] INFO: DemandClean 训练开始
[20:36:25] INFO:   检测器模式: auto
[20:36:25] INFO:   训练模式: clean_base
[20:36:25] INFO:   Agent类型: dueling_two_stage
[20:36:25] INFO:   推理模式: single_phase
[20:36:25] INFO:   FD规则: 4
[20:36:25] INFO:   丰富规则: 有
[20:36:25] INFO: ==================================================
[20:36:25] INFO: 
[Step 1] 初始化错误检测器...
[20:36:25] INFO: 
[Step 1.5] 运行 RAHA 检测获取标注行...
[20:38:58] INFO:   [预修复] 利用 RAHA 标注行修复 39 个特征单元格 + 0 个标签
[20:38:58] INFO:   标注行: [74, 144, 197, 313, 330, 347, 369, 502, 625, 658]... (共 20 行)
[20:38:58] INFO: 
[Step 1.8] 加载续训模型: /Users/qianzekai/PycharmProjects/TolerDM/results/demandclean/beers/v5_auto_dueling_single/model/v5_auto_dueling_single_agent.pt
[20:39:01] INFO:   已训练 800 episodes, best_score=0.2510, epsilon=0.0997
[20:39:01] INFO: 
[Step 2] 训练 DQN Agent...
[20:39:01] INFO: 续训 (dueling_two_stage Agent, mode=clean_base)
[20:39:01] INFO:   任务类型: classification
[20:39:01] INFO:   模型类型: random_forest
[20:39:01] INFO:   原始数据: 1446 行
[20:39:01] INFO:   续训起始轮: 800
[20:39:32] INFO:   Clean Base 自动选择 (5-fold CV, 样本保留率加权):
[20:39:32] INFO:     DeleteFix: 289 行, CV=0.2803, 权重=0.447, 加权=0.1253
[20:39:32] INFO:     VE-Fill:   1446 行, CV=0.0000, 权重=1.000, 加权=0.0000
[20:39:32] INFO:     → 选择 DeleteFix (289 行)
[20:39:32] INFO:   标签注入: 检测器未发现标签错误，不注入
[20:39:32] INFO:   自适应注入比例范围 (基于检测结果):
[20:39:32] INFO:     missing: (0.1804, 0.2705)
[20:39:32] INFO:     semantic: (0.0068, 0.0118)
[20:39:32] INFO:     syntactic: (0.0050, 0.0100)
[20:39:32] INFO:     label: 不注入
[20:39:32] INFO:   ErrorInjector: rich_rules=True, domain=3, cfd=0, fd=4
[20:39:32] INFO:   Oracle 模式: reward 使用干净验证集 (482 行)
[20:39:32] INFO:   开始训练 DQN (10 episodes, 起始轮=800)...
[20:39:54] INFO: 
已恢复最佳模型权重 (Episode 803, Score=0.2386, Cost=9)
[20:39:54] INFO: 
训练完成! 最佳分数: 0.2386 (共 810 episodes)
[20:39:54] INFO:   最佳动作分布: {'no_action': 9, 'repair_value': 9, 'delete': 6, 'replace_nearby': 50}
[20:39:54] INFO: 
训练完成!
[20:39:54] INFO: 模型已保存: /Users/qianzekai/PycharmProjects/TolerDM/results/demandclean/beers/v5_auto_dueling_single/model/v5_auto_dueling_single_agent.pt
[20:39:55] INFO: 
==================================================
[20:39:55] INFO: 单阶段推理
[20:39:55] INFO: ==================================================
[20:39:55] INFO:   [预修复] 利用 RAHA 标注行修复 39 个特征单元格 + 0 个标签
[20:39:55] INFO:   移除已修复错误: missing=36, syntactic=3
[1;34m[21:22:33][0m[1;33m WARNING Snoopy may use all CPU cores! Set env. variable 'SNOOPY_LIMIT_CPU' to 'y' to limit CPU usage. [0m[1;34m(__init__ -> _init_tf_pytorch on MainThread)[0m
[1;34m[21:22:33][0m[2;37m DEBUG   TensorFlow sees: 1 Physical GPUs, 1 Logical GPUs [0m[1;34m(__init__ -> _init_tf_pytorch on MainThread)[0m
