[日志] 完整输出将保存到: /Users/qianzekai/PycharmProjects/TolerDM/logs/demandclean/beers_ep400_20260301_021922.log
======================================================================
DemandClean 统一运行脚本
======================================================================
数据集: ['beers']
启用版本: ['v6_auto_dueling_two']
训练轮数: 400
详细输出: True
======================================================================

######################################################################
# 数据集: beers
######################################################################
  数据集: beers
  脏数据: (2410, 8), 干净数据: (2410, 8)
  特征列: 8, 标签列: style
  FD规则: 0 条

======================================================================
版本: v6_auto_dueling_two
数据集: beers | 任务: classification | 模型: random_forest
检测器: auto | Agent: dueling_two_stage | 推理: two_phase
训练轮数: 400 | 输出目录: /Users/qianzekai/PycharmProjects/TolerDM/results/demandclean/beers/v6_auto_dueling_two
======================================================================

[Step 1] 创建 DemandClean 实例...
  [计时] Step 1 (初始化): 0.00s

[Step 2] 训练 (400 episodes)...

[AutoDetector] 初始化
  RAHA 来源: pip:raha
  RAHA 可用: True
  CSV 路径: /Users/qianzekai/PycharmProjects/TolerDM/data/beers/dirty_index.csv
  FD 规则: 4 条
  规则文件: /Users/qianzekai/PycharmProjects/TolerDM/data/beers/rules.txt
  规则摘要: ParsedRules(DOMAIN=4, FD=4)
  缺失值: 4299 个
  标签缺失(NaN): 4 个

[检测] 在原始 CSV 上运行 RAHA (labeling_budget=20)...
  [RAHA] 数据规模: 2410 行 × 11 列
547 strategy profiles are collected.
43 Features are generated for column 0.
43 Features are generated for column 1.
129 Features are generated for column 2.
105 Features are generated for column 3.
70 Features are generated for column 4.
58 Features are generated for column 5.
51 Features are generated for column 6.
72 Features are generated for column 7.
104 Features are generated for column 8.
106 Features are generated for column 9.
76 Features are generated for column 10.
A hierarchical clustering model is built for column 0.
A hierarchical clustering model is built for column 1.
A hierarchical clustering model is built for column 2.
A hierarchical clustering model is built for column 3.
A hierarchical clustering model is built for column 4.
A hierarchical clustering model is built for column 5.
A hierarchical clustering model is built for column 6.
A hierarchical clustering model is built for column 7.
A hierarchical clustering model is built for column 8.
A hierarchical clustering model is built for column 9.
A hierarchical clustering model is built for column 10.
Tuple 1443 is sampled.
Tuple 1443 is labeled.
Tuple 864 is sampled.
Tuple 864 is labeled.
Tuple 1888 is sampled.
Tuple 1888 is labeled.
Tuple 1051 is sampled.
Tuple 1051 is labeled.
Tuple 290 is sampled.
Tuple 290 is labeled.
Tuple 1917 is sampled.
Tuple 1917 is labeled.
Tuple 1554 is sampled.
Tuple 1554 is labeled.
Tuple 1416 is sampled.
Tuple 1416 is labeled.
Tuple 61 is sampled.
Tuple 61 is labeled.
Tuple 133 is sampled.
Tuple 133 is labeled.
Tuple 1384 is sampled.
Tuple 1384 is labeled.
Tuple 1346 is sampled.
Tuple 1346 is labeled.
Tuple 2020 is sampled.
Tuple 2020 is labeled.
Tuple 0 is sampled.
Tuple 0 is labeled.
Tuple 752 is sampled.
Tuple 752 is labeled.
Tuple 1125 is sampled.
Tuple 1125 is labeled.
Tuple 413 is sampled.
Tuple 413 is labeled.
Tuple 1162 is sampled.
Tuple 1162 is labeled.
Tuple 1173 is sampled.
Tuple 1173 is labeled.
Tuple 2394 is sampled.
Tuple 2394 is labeled.
The number of labeled data cells increased from 220 to 24134.
A classifier is trained and applied on column 0.
A classifier is trained and applied on column 1.
A classifier is trained and applied on column 2.
A classifier is trained and applied on column 3.
A classifier is trained and applied on column 4.
A classifier is trained and applied on column 5.
A classifier is trained and applied on column 6.
A classifier is trained and applied on column 7.
A classifier is trained and applied on column 8.
A classifier is trained and applied on column 9.
A classifier is trained and applied on column 10.
  RAHA 检测结果: 3256 个单元格
  Precision=0.9991  Recall=0.9687  F1=0.9837
  RAHA 标注行数: 20 (labeling_budget=20)
  RAHA 标签错误: 2 行
  句法错误(RAHA): 26 个
  DOMAIN 规则检测: 3 个句法错误 (特征列, 超出值域)
  DOMAIN 规则检测: 2 个标签错误
  句法错误(RAHA+REGEX+DOMAIN): 29 个
  FD 规则检测: 150 个语义错误
  语义错误: 150 个 (FD)
  标签噪声: 6 个 (NaN=4, 规则=2)

  检测总结: 4484 个错误 (缺失=4299, 句法=29, 语义=150, 标签噪声=6)
  模型已保存: /Users/qianzekai/PycharmProjects/TolerDM/results/demandclean/beers/v6_auto_dueling_two/model/v6_auto_dueling_two_agent.pt
  训练历史已保存: /Users/qianzekai/PycharmProjects/TolerDM/results/demandclean/beers/v6_auto_dueling_two/report/v6_auto_dueling_two_history.json
  [计时] Step 2 (训练): 2137.47s

[Step 3] 推理 (模式: two_phase)...
  [检测缓存命中] 复用上次检测结果 (4484 cells)

============================================================
两阶段推理 - 第一阶段 (Plan)
============================================================
  算法: Dueling Double DQN (Two Stage)
  任务类型: classification
  下游模型: random_forest
  检测到的错误: 4484 个 (missing=4299, semantic=150, syntactic=29, label=6)

  推理进度: [====================] 4484/4484

  动作分布 (共 4484 个错误):
    no_action             3474 ( 77.5%) ██████████████████████████████
    repair_value(计划)         0 (  0.0%) 
    delete                 601 ( 13.4%) █████
    replace_nearby         409 (  9.1%) ███

  替换明细 (replace_nearby): 共 409 条
    行        列      脏值           → 替换值          错误类型      
    -------------------------------------------------------
    1719     3      NaN          → 0.5881       missing   
    1735     7      NaN          → 0.8035       missing   
    1737     3      NaN          → -0.6736      missing   
    1760     3      NaN          → -0.7205      missing   
    1761     3      NaN          → -0.0094      missing   
    1764     3      NaN          → -0.1212      missing   
    1765     3      NaN          → -0.0094      missing   
    1774     3      NaN          → -0.0659      missing   
    1775     3      NaN          → -0.3184      missing   
    1808     3      NaN          → 0.5883       missing   
    1813     3      NaN          → -0.7275      missing   
    1814     3      NaN          → -0.4192      missing   
    1819     3      NaN          → -0.5034      missing   
    1831     7      NaN          → -1.2763      missing   
    1853     3      NaN          → -0.7716      missing   
    1854     3      NaN          → -0.4961      missing   
    1856     3      NaN          → 1.2495       missing   
    1883     7      NaN          → -1.2092      missing   
    1887     3      NaN          → 0.6652       missing   
    1897     3      NaN          → -0.0225      missing   
    1901     3      NaN          → 2.7559       missing   
    1905     7      NaN          → 1.0048       missing   
    1925     3      NaN          → 0.7949       missing   
    1926     7      NaN          → -0.6725      missing   
    1928     3      NaN          → 2.0814       missing   
    1932     3      NaN          → -0.2365      missing   
    1932     7      NaN          → -0.6725      missing   
    1935     3      NaN          → 0.9193       missing   
    1942     3      NaN          → 0.1480       missing   
    1955     7      NaN          → 1.3402       missing   
    ... 省略 379 条

  删除明细 (delete): 共 601 条
    行        列      脏值           错误类型      
    ----------------------------------------
    1719     2      NaN          missing   
    1724     2      NaN          missing   
    1727     2      NaN          missing   
    1728     2      NaN          missing   
    1733     2      NaN          missing   
    1735     2      NaN          missing   
    1737     2      NaN          missing   
    1742     2      NaN          missing   
    1760     2      NaN          missing   
    1761     2      NaN          missing   
    1764     2      NaN          missing   
    1765     2      NaN          missing   
    1770     2      NaN          missing   
    1774     2      NaN          missing   
    1775     2      NaN          missing   
    1776     2      NaN          missing   
    1777     2      NaN          missing   
    1780     2      NaN          missing   
    1783     2      NaN          missing   
    1784     2      NaN          missing   
    1785     2      NaN          missing   
    1786     2      NaN          missing   
    1788     2      NaN          missing   
    1790     2      NaN          missing   
    1793     2      NaN          missing   
    1794     2      NaN          missing   
    1796     2      NaN          missing   
    1803     2      NaN          missing   
    1804     2      NaN          missing   
    1805     2      NaN          missing   
    ... 省略 571 条

  需要用户提供 0 个真值
  修复计划: 需要 0 个真值

============================================================
两阶段推理 - 第二阶段 (Execute)
============================================================
  提供的真值数量: 0
  计划修复数量: 0

  执行结果:
    成功匹配真值: 0 / 0
    删除行数: 601
    最终数据行数: 1809
  真值使用: 0
  清洗后数据已保存: /Users/qianzekai/PycharmProjects/TolerDM/results/demandclean/beers/v6_auto_dueling_two/data/v6_auto_dueling_two_cleaned.csv
  原始格式清洗数据已保存: /Users/qianzekai/PycharmProjects/TolerDM/results/demandclean/beers/v6_auto_dueling_two/data/v6_auto_dueling_two_cleaned_original.csv
  [计时] Step 3 (推理): 46.66s

[Step 4] 检测器准确率评估...
  [检测缓存命中] 复用上次检测结果 (4484 cells)

============================================================
检测器准确率评估
============================================================
真实错误总数: 4427 (缺失: 4299, 值错误: 128)
检测报告总数: 4478 (missing: 4299, syntactic: 29, semantic: 150)
------------------------------------------------------------

  [总体]
    Precision = 0.9853  |  Recall = 0.9966  |  F1 = 0.9909
    TP=4412  FP=66  FN=15  (GT=4427, Det=4478)

  [缺失值 (missing)]
    Precision = 1.0000  |  Recall = 1.0000  |  F1 = 1.0000
    TP=4299  FP=0  FN=0  (GT=4299, Det=4299)

  [句法错误 (syntactic)]
    Precision = 0.7931  |  Recall = 0.1797  |  F1 = 0.2930
    TP=23  FP=6  FN=105  (GT=128, Det=29)

  [语义错误 (semantic)]
    Precision = 0.6000  |  Recall = 0.7031  |  F1 = 0.6475
    TP=90  FP=60  FN=38  (GT=128, Det=150)

  [值错误合并 (syntactic+semantic)]
    Precision = 0.6313  |  Recall = 0.8828  |  F1 = 0.7362
    TP=113  FP=66  FN=15  (GT=128, Det=179)
  [计时] Step 4 (检测器评估): 0.26s

[Step 5] Baseline 评估与可视化...
  DeleteFix: 删除 1928 行, 保留 482 行
  统一测试集: 482 行 (从 2410 行 clean 数据固定划分)

============================================================
Baseline 对比评估 - v6_auto_dueling_two
============================================================
  NoFix          : rf_accuracy=0.888 | rf_f1=0.8807 | lr_accuracy=0.2137 | lr_f1=0.1266
  DeleteAll: 数据不足(0行)，跳过
  DeleteFix      : rf_accuracy=0.4232 | rf_f1=0.3785 | lr_accuracy=0.2095 | lr_f1=0.1835
  ReplaceAll     : rf_accuracy=0.888 | rf_f1=0.8807 | lr_accuracy=0.2137 | lr_f1=0.1266
  DemandClean    : rf_accuracy=0.7054 | rf_f1=0.6944 | lr_accuracy=0.2676 | lr_f1=0.1871
  FullFix        : rf_accuracy=0.9979 | rf_f1=0.9978 | lr_accuracy=0.2199 | lr_f1=0.1321
  [可视化] Baseline 对比图已保存: /Users/qianzekai/PycharmProjects/TolerDM/results/demandclean/beers/v6_auto_dueling_two/visualization/v6_auto_dueling_two_baseline_comparison.png
  [计时] Step 5 (Baseline评估): 600.82s

[Step 6] 模型容忍度评估...
============================================================
模型容忍度计算 - v6_auto_dueling_two
任务类型: classification  |  模型列表: ['rf', 'lr']
============================================================

--- 模型: RF ---
  P_clean  = 0.3776
  P_dirty  = 0.3465
  P_dc     = 0.1183
  先验容忍度 (P_dc / P_dirty)            = 0.3413
  后验容忍度 (P_dc-P_dirty)/(P_clean-P_dirty) = -7.3333

--- 模型: LR ---
  P_clean  = 0.2054
  P_dirty  = 0.1971
  P_dc     = 0.1763
  先验容忍度 (P_dc / P_dirty)            = 0.8947
  后验容忍度 (P_dc-P_dirty)/(P_clean-P_dirty) = -2.5000
  容忍度柱状图已保存: /Users/qianzekai/PycharmProjects/TolerDM/results/demandclean/beers/v6_auto_dueling_two/visualization/v6_auto_dueling_two_tolerance_bar.png
  [计时] Step 6 (容忍度评估): 404.52s

[Step 7] Shapley 三维度分析...
============================================================
DemandClean - 三维度 Shapley 分析
============================================================
  数据: 2410 行 x 8 列
  错误数: 4484
  错误分布: {'missing': 4299, 'semantic': 150, 'syntactic': 29, 'unknown': 6}
  输出目录: /Users/qianzekai/PycharmProjects/TolerDM/results/demandclean/beers/v6_auto_dueling_two/evaluation/shapley

[Shapley] 维度1: 动作重要性 (精确枚举 4!=24 排列) ...
[Shapley] 图表已保存: /Users/qianzekai/PycharmProjects/TolerDM/results/demandclean/beers/v6_auto_dueling_two/evaluation/shapley/shapley_action_importance.png
  动作重要性 Shapley 值:
    delete              : +0.026042
    replace_nearby      : +0.026042
    no_action           : -0.026042
    repair_value        : -0.026042

[Shapley] 维度2: 跳过特征 Shapley（计算量过大，仅保留维度1和维度3）
[Shapley] 维度3: 错误类型重要性 (精确枚举 4!=24 排列) ...
[Shapley] 图表已保存: /Users/qianzekai/PycharmProjects/TolerDM/results/demandclean/beers/v6_auto_dueling_two/evaluation/shapley/shapley_error_type_importance.png
  错误类型重要性 Shapley 值:
    missing             : +0.171875
    syntactic           : +0.024306
    label_noise         : -0.064236
    semantic            : -0.131944

[Shapley] JSON 结果已保存: /Users/qianzekai/PycharmProjects/TolerDM/results/demandclean/beers/v6_auto_dueling_two/evaluation/shapley/shapley_results.json
[Shapley] Markdown 报告已保存: /Users/qianzekai/PycharmProjects/TolerDM/results/demandclean/beers/v6_auto_dueling_two/evaluation/shapley/shapley_report.md

============================================================
Shapley 分析完成!
============================================================
# Shapley Value Analysis Report

- 数据规模: 2410 行 × 8 列
- 错误总数: 4484
- 任务类型: classification (random_forest)
- MC 采样次数: 200

## 维度 1: 动作重要性 (Action Importance)

| 排名 | 动作 | Shapley 值 | 占比 | 方向 |
|------|------|-----------|------|------|
| 1 | delete | +0.026042 | 25.0% | ↑ 正贡献 |
| 2 | replace_nearby | +0.026042 | 25.0% | ↑ 正贡献 |
| 3 | no_action | -0.026042 | 25.0% | ↓ 负贡献 |
| 4 | repair_value | -0.026042 | 25.0% | ↓ 负贡献 |

**结论**: 最有效的清洗动作是 **delete**
（no_action, repair_value 对性能有负面影响，建议减少使用）

## 维度 2: 特征重要性 (Feature Importance)

| 排名 | 特征 | Shapley 值 | 占比 | 清洗价值 |
|------|------|-----------|------|---------|
| 1 | beer_name | +0.000000 | 0.0% | — 可忽略 |
| 2 | ounces | +0.000000 | 0.0% | — 可忽略 |
| 3 | abv | +0.000000 | 0.0% | — 可忽略 |
| 4 | ibu | +0.000000 | 0.0% | — 可忽略 |
| 5 | brewery_id | +0.000000 | 0.0% | — 可忽略 |
| 6 | brewery_name | +0.000000 | 0.0% | — 可忽略 |
| 7 | city | +0.000000 | 0.0% | — 可忽略 |
| 8 | state | +0.000000 | 0.0% | — 可忽略 |

**结论**: 
- 清洗价值极低的特征: beer_name, ounces, abv（清洗它们几乎不影响性能）

## 维度 3: 错误类型重要性 (Error Type Importance)

| 排名 | 错误类型 | Shapley 值 | 占比 | 优先级 |
|------|---------|-----------|------|--------|
| 1 | missing | +0.171875 | 43.8% | 🔴 高 |
| 2 | syntactic | +0.024306 | 6.2% | 🟢 低 |
| 3 | label_noise | -0.064236 | 16.4% | 🟢 低 |
| 4 | semantic | -0.131944 | 33.6% | 🟡 中 |

**结论**: 对下游性能影响最大的错误类型是 **missing**，检测器应优先识别此类错误。

## 综合清洗建议



  输出文件:
    /Users/qianzekai/PycharmProjects/TolerDM/results/demandclean/beers/v6_auto_dueling_two/evaluation/shapley/shapley_action_importance.png
    /Users/qianzekai/PycharmProjects/TolerDM/results/demandclean/beers/v6_auto_dueling_two/evaluation/shapley/shapley_feature_importance.png
    /Users/qianzekai/PycharmProjects/TolerDM/results/demandclean/beers/v6_auto_dueling_two/evaluation/shapley/shapley_error_type_importance.png
    /Users/qianzekai/PycharmProjects/TolerDM/results/demandclean/beers/v6_auto_dueling_two/evaluation/shapley/shapley_results.json
    /Users/qianzekai/PycharmProjects/TolerDM/results/demandclean/beers/v6_auto_dueling_two/evaluation/shapley/shapley_report.md
============================================================
  [计时] Step 7 (Shapley分析): 1314.77s

[Step 8] 训练曲线可视化...
  [可视化] 训练曲线已保存: /Users/qianzekai/PycharmProjects/TolerDM/results/demandclean/beers/v6_auto_dueling_two/visualization/v6_auto_dueling_two_training_curves.png
  [计时] Step 8 (训练曲线): 6.38s

[Step 9] Clean4MLBaseline 统一测评...
======================================================================
Clean4MLBaseline 统一测评 - v6_auto_dueling_two
======================================================================

[1/5] 传统清洗指标
--------------------------------------------------
差异文件已保存到:
/Users/qianzekai/PycharmProjects/TolerDM/results/demandclean/beers/v6_auto_dueling_two/evaluation/v6_auto_dueling_two_clean_vs_dirty.csv
/Users/qianzekai/PycharmProjects/TolerDM/results/demandclean/beers/v6_auto_dueling_two/evaluation/v6_auto_dueling_two_dirty_vs_cleaned.csv
/Users/qianzekai/PycharmProjects/TolerDM/results/demandclean/beers/v6_auto_dueling_two/evaluation/v6_auto_dueling_two_clean_vs_cleaned.csv
修复错误数据文件已保存到: /Users/qianzekai/PycharmProjects/TolerDM/results/demandclean/beers/v6_auto_dueling_two/evaluation/v6_auto_dueling_two_repair_errors.csv
未修复但是应该修复数据文件已保存到: /Users/qianzekai/PycharmProjects/TolerDM/results/demandclean/beers/v6_auto_dueling_two/evaluation/v6_auto_dueling_two_unrepaired.csv
修复准确率: 0.6043518234753295, 修复召回率: 0.826487845766974, F1值: 0.6981766683880966
========================================
EDR 结果已保存到: /Users/qianzekai/PycharmProjects/TolerDM/results/demandclean/beers/v6_auto_dueling_two/evaluation/v6_auto_dueling_two_edr_evaluation.txt
错误减少率 (EDR): 0.43419949706621963
========================================
混合距离结果已保存到: /Users/qianzekai/PycharmProjects/TolerDM/results/demandclean/beers/v6_auto_dueling_two/evaluation/v6_auto_dueling_two_hybrid_distance_evaluation.txt
混合距离 (Hybrid Distance): 0.024740176629437605
========================================
R-EDR 结果已保存到: /Users/qianzekai/PycharmProjects/TolerDM/results/demandclean/beers/v6_auto_dueling_two/evaluation/v6_auto_dueling_two_record_based_edr_evaluation.txt
基于条目的错误减少率 (R-EDR): 0.4168048645660586
========================================

[2/5] 下游任务性能 (classification)
--------------------------------------------------
警告: 清洗后数据行数(1809)与干净数据行数(2410)不一致
将使用清洗后数据自身进行评估（行对齐）
通过索引对齐，使用 1809 行数据进行评估
RF - Accuracy: 0.0138, F1: 0.0081, Precision: 0.0075, Recall: 0.0138
LR - Accuracy: 0.0166, F1: 0.0040, Precision: 0.0026, Recall: 0.0166
SVM - Accuracy: 0.0138, F1: 0.0038, Precision: 0.0025, Recall: 0.0138
KNN - Accuracy: 0.0138, F1: 0.0085, Precision: 0.0084, Recall: 0.0138
DT - Accuracy: 0.0110, F1: 0.0074, Precision: 0.0085, Recall: 0.0110
GB - Accuracy: 0.0083, F1: 0.0037, Precision: 0.0036, Recall: 0.0083

[3/5] 模型容忍度
--------------------------------------------------

容忍度计算结果:
  P_do_nothing (脏数据性能): 0.3797
  P_demand_clean (清洗后性能): 0.3646
  P_repair_all (完全修复性能): 0.3859
  先验容忍度 (Tolerance_prior): 0.9604
  后验容忍度 (Tolerance_post): -2.4144

[4/5] Snoopy上界评估
--------------------------------------------------
Snoopy模块可用，正在评估数据质量上界...
  脏数据上界: 0.2606
  清洗后上界: 0.2576
  干净数据上界: 0.2581
  上界提升比例: 1.1982

[5/5] 真值使用成本
--------------------------------------------------
  方法类型: Type 2 (需验证集)
  实际真值使用: 0
  理想最小成本: 172
  总修改单元格: 5995
  正确修复: 172
  错误修复: 5823

======================================================================
测评完成，结果已保存到: /Users/qianzekai/PycharmProjects/TolerDM/results/demandclean/beers/v6_auto_dueling_two/evaluation/v6_auto_dueling_two_evaluation_results.txt
======================================================================
  统一测评完成，结果已保存到: /Users/qianzekai/PycharmProjects/TolerDM/results/demandclean/beers/v6_auto_dueling_two/v6_auto_dueling_two_evaluation_results.txt
  [计时] Step 9 (统一测评): 321.52s

[Step 10] 真值成本汇总...
  RAHA 检测成本: 20
  Agent 修复成本: 0
  总成本: 20 / 19280 cells = 0.1037%
  [计时] Step 10 (成本汇总): 0.00s

──────────────────────────────────────────────────
  步骤计时汇总
──────────────────────────────────────────────────
  Step 1 初始化         │     0.00s
  Step 2 训练          │  2137.47s
  Step 3 推理          │    46.66s
  Step 4 检测器评估       │     0.26s
  Step 5 Baseline评估  │   600.82s
  Step 6 容忍度评估       │   404.52s
  Step 7 Shapley分析   │  1314.77s
  Step 8 训练曲线        │     6.38s
  Step 9 统一测评        │   321.52s
  Step 10 成本汇总        │     0.00s
──────────────────────────────────────────────────
  总计(含可视化)       │  4832.41s
  可视化耗时           │  1321.91s
  净耗时(扣可视化)     │  3510.50s
──────────────────────────────────────────────────

  [输出] 报告已保存: /Users/qianzekai/PycharmProjects/TolerDM/results/demandclean/beers/v6_auto_dueling_two/report/v6_auto_dueling_two_report.json

  版本 v6_auto_dueling_two 完成! 耗时: 3510.50s
  输出目录: /Users/qianzekai/PycharmProjects/TolerDM/results/demandclean/beers/v6_auto_dueling_two

  只有 1 个版本完成，跳过跨版本对比

======================================================================
全部完成! 总耗时: 4832.84s
结果目录: /Users/qianzekai/PycharmProjects/TolerDM/results/demandclean
日志文件: /Users/qianzekai/PycharmProjects/TolerDM/logs/demandclean/beers_ep400_20260301_021922.log
======================================================================
