[日志] 完整输出将保存到: /Users/qianzekai/PycharmProjects/TolerDM/logs/demandclean/beers_ep400_20260228_004957.log
======================================================================
DemandClean 统一运行脚本
======================================================================
数据集: ['beers']
启用版本: ['v6_auto_dueling_two']
训练轮数: 400
详细输出: True
======================================================================

######################################################################
# 数据集: beers
######################################################################
  数据集: beers
  脏数据: (2410, 8), 干净数据: (2410, 8)
  特征列: 8, 标签列: style
  FD规则: 0 条

======================================================================
版本: v6_auto_dueling_two
数据集: beers | 任务: classification | 模型: random_forest
检测器: auto | Agent: dueling_two_stage | 推理: two_phase
训练轮数: 400 | 输出目录: /Users/qianzekai/PycharmProjects/TolerDM/results/demandclean/beers/v6_auto_dueling_two
======================================================================

[Step 1] 创建 DemandClean 实例...
  [计时] Step 1 (初始化): 0.00s

[Step 2] 训练 (400 episodes)...

[AutoDetector] 初始化
  RAHA 来源: pip:raha
  RAHA 可用: True
  CSV 路径: /Users/qianzekai/PycharmProjects/TolerDM/data/beers/dirty_index.csv
  FD 规则: 4 条
  规则文件: /Users/qianzekai/PycharmProjects/TolerDM/data/beers/rules.txt
  规则摘要: ParsedRules(DOMAIN=4, FD=4)
  缺失值: 4299 个
  标签缺失(NaN): 4 个

[检测] 在原始 CSV 上运行 RAHA (labeling_budget=20)...
  [RAHA] 数据规模: 2410 行 × 11 列
547 strategy profiles are collected.
43 Features are generated for column 0.
43 Features are generated for column 1.
129 Features are generated for column 2.
105 Features are generated for column 3.
70 Features are generated for column 4.
58 Features are generated for column 5.
51 Features are generated for column 6.
72 Features are generated for column 7.
104 Features are generated for column 8.
106 Features are generated for column 9.
76 Features are generated for column 10.
A hierarchical clustering model is built for column 0.
A hierarchical clustering model is built for column 1.
A hierarchical clustering model is built for column 2.
A hierarchical clustering model is built for column 3.
A hierarchical clustering model is built for column 4.
A hierarchical clustering model is built for column 5.
A hierarchical clustering model is built for column 6.
A hierarchical clustering model is built for column 7.
A hierarchical clustering model is built for column 8.
A hierarchical clustering model is built for column 9.
A hierarchical clustering model is built for column 10.
Tuple 1911 is sampled.
Tuple 1911 is labeled.
Tuple 1051 is sampled.
Tuple 1051 is labeled.
Tuple 564 is sampled.
Tuple 564 is labeled.
Tuple 1803 is sampled.
Tuple 1803 is labeled.
Tuple 2177 is sampled.
Tuple 2177 is labeled.
Tuple 1030 is sampled.
Tuple 1030 is labeled.
Tuple 1969 is sampled.
Tuple 1969 is labeled.
Tuple 264 is sampled.
Tuple 264 is labeled.
Tuple 2028 is sampled.
Tuple 2028 is labeled.
Tuple 133 is sampled.
Tuple 133 is labeled.
Tuple 136 is sampled.
Tuple 136 is labeled.
Tuple 694 is sampled.
Tuple 694 is labeled.
Tuple 1744 is sampled.
Tuple 1744 is labeled.
Tuple 2376 is sampled.
Tuple 2376 is labeled.
Tuple 470 is sampled.
Tuple 470 is labeled.
Tuple 2162 is sampled.
Tuple 2162 is labeled.
Tuple 2101 is sampled.
Tuple 2101 is labeled.
Tuple 1173 is sampled.
Tuple 1173 is labeled.
Tuple 1618 is sampled.
Tuple 1618 is labeled.
Tuple 1968 is sampled.
Tuple 1968 is labeled.
The number of labeled data cells increased from 220 to 24621.
A classifier is trained and applied on column 0.
A classifier is trained and applied on column 1.
A classifier is trained and applied on column 2.
A classifier is trained and applied on column 3.
A classifier is trained and applied on column 4.
A classifier is trained and applied on column 5.
A classifier is trained and applied on column 6.
A classifier is trained and applied on column 7.
A classifier is trained and applied on column 8.
A classifier is trained and applied on column 9.
A classifier is trained and applied on column 10.
  RAHA 检测结果: 3292 个单元格
  Precision=0.9945  Recall=0.9750  F1=0.9847
  RAHA 标注行数: 20 (labeling_budget=20)
  RAHA 标签错误: 12 行
  句法错误(RAHA): 51 个
  DOMAIN 规则检测: 3 个句法错误 (特征列, 超出值域)
  DOMAIN 规则检测: 2 个标签错误
  句法错误(RAHA+REGEX+DOMAIN): 54 个
  FD 规则检测: 131 个语义错误
  语义错误: 131 个 (FD)
  标签噪声: 16 个 (NaN=4, 规则=12)

  检测总结: 4500 个错误 (缺失=4299, 句法=54, 语义=131, 标签噪声=16)
  模型已保存: /Users/qianzekai/PycharmProjects/TolerDM/results/demandclean/beers/v6_auto_dueling_two/model/v6_auto_dueling_two_agent.pt
  训练历史已保存: /Users/qianzekai/PycharmProjects/TolerDM/results/demandclean/beers/v6_auto_dueling_two/report/v6_auto_dueling_two_history.json
  [计时] Step 2 (训练): 6072.41s

[Step 3] 推理 (模式: two_phase)...
  [检测缓存命中] 复用上次检测结果 (4500 cells)

============================================================
两阶段推理 - 第一阶段 (Plan)
============================================================
  算法: Dueling Double DQN (Two Stage)
  任务类型: classification
  下游模型: random_forest
  检测到的错误: 4500 个 (missing=4299, semantic=131, syntactic=54, label=16)

  推理进度: [====================] 4500/4500

  动作分布 (共 4500 个错误):
    no_action              646 ( 14.4%) █████
    repair_value(计划)      1742 ( 38.7%) ███████████████
    delete                1928 ( 42.8%) █████████████████
    replace_nearby         184 (  4.1%) █

  动作降级: 646 次

  替换明细 (replace_nearby): 共 184 条
    行        列      脏值           → 替换值          错误类型      
    -------------------------------------------------------
    0        3      NaN          → -0.4372      missing   
    1        3      NaN          → 1.1332       missing   
    1930     3      NaN          → 0.4562       missing   
    1932     3      NaN          → 0.1793       missing   
    1935     3      NaN          → 1.2595       missing   
    1940     3      NaN          → -0.2168      missing   
    1942     3      NaN          → -0.5365      missing   
    1955     3      NaN          → 0.4838       missing   
    1963     3      NaN          → 0.6805       missing   
    1969     3      NaN          → 0.0303       missing   
    1970     3      NaN          → 0.1709       missing   
    1971     3      NaN          → 0.0137       missing   
    1972     3      NaN          → 0.0284       missing   
    1973     3      NaN          → -1.0535      missing   
    1974     3      NaN          → 0.2505       missing   
    1975     3      NaN          → 0.0201       missing   
    1976     3      NaN          → 0.0681       missing   
    1977     3      NaN          → 0.0243       missing   
    1978     3      NaN          → -0.9988      missing   
    1979     3      NaN          → 0.7426       missing   
    1980     3      NaN          → 0.0254       missing   
    1981     3      NaN          → 0.1457       missing   
    1984     3      NaN          → 0.3002       missing   
    1985     3      NaN          → -0.4177      missing   
    2003     3      NaN          → -1.5565      missing   
    2008     3      NaN          → 0.9501       missing   
    2017     3      NaN          → 0.7243       missing   
    2018     3      NaN          → 0.7243       missing   
    2019     3      NaN          → 0.7482       missing   
    2020     3      NaN          → 0.0676       missing   
    ... 省略 154 条

  删除明细 (delete): 共 1928 条
    行        列      脏值           错误类型      
    ----------------------------------------
    2        1      NaN          missing   
    3        1      NaN          missing   
    4        1      NaN          missing   
    5        1      NaN          missing   
    6        1      NaN          missing   
    7        1      NaN          missing   
    8        1      NaN          missing   
    9        1      NaN          missing   
    10       1      NaN          missing   
    11       1      NaN          missing   
    12       1      NaN          missing   
    13       1      NaN          missing   
    14       1      NaN          missing   
    15       1      NaN          missing   
    16       1      NaN          missing   
    17       1      NaN          missing   
    18       1      NaN          missing   
    19       1      NaN          missing   
    20       1      NaN          missing   
    21       1      NaN          missing   
    22       1      NaN          missing   
    23       1      NaN          missing   
    24       1      NaN          missing   
    25       1      NaN          missing   
    26       1      NaN          missing   
    27       1      NaN          missing   
    28       1      NaN          missing   
    29       1      NaN          missing   
    30       1      NaN          missing   
    31       1      NaN          missing   
    ... 省略 1898 条

  需要用户提供 1742 个真值
  修复计划: 需要 1742 个真值

============================================================
两阶段推理 - 第二阶段 (Execute)
============================================================
  提供的真值数量: 1742
  计划修复数量: 1742

  执行结果:
    成功匹配真值: 1742 / 1742
    删除行数: 1928
    最终数据行数: 482
  真值使用: 1742
  清洗后数据已保存: /Users/qianzekai/PycharmProjects/TolerDM/results/demandclean/beers/v6_auto_dueling_two/data/v6_auto_dueling_two_cleaned.csv
  原始格式清洗数据已保存: /Users/qianzekai/PycharmProjects/TolerDM/results/demandclean/beers/v6_auto_dueling_two/data/v6_auto_dueling_two_cleaned_original.csv
  [计时] Step 3 (推理): 82.18s

[Step 4] 检测器准确率评估...
  [检测缓存命中] 复用上次检测结果 (4500 cells)

============================================================
检测器准确率评估
============================================================
真实错误总数: 4427 (缺失: 4299, 值错误: 128)
检测报告总数: 4484 (missing: 4299, syntactic: 54, semantic: 131)
------------------------------------------------------------

  [总体]
    Precision = 0.9844  |  Recall = 0.9971  |  F1 = 0.9907
    TP=4414  FP=70  FN=13  (GT=4427, Det=4484)

  [缺失值 (missing)]
    Precision = 1.0000  |  Recall = 1.0000  |  F1 = 1.0000
    TP=4299  FP=0  FN=0  (GT=4299, Det=4299)

  [句法错误 (syntactic)]
    Precision = 0.8148  |  Recall = 0.3438  |  F1 = 0.4835
    TP=44  FP=10  FN=84  (GT=128, Det=54)

  [语义错误 (semantic)]
    Precision = 0.5420  |  Recall = 0.5547  |  F1 = 0.5483
    TP=71  FP=60  FN=57  (GT=128, Det=131)

  [值错误合并 (syntactic+semantic)]
    Precision = 0.6216  |  Recall = 0.8984  |  F1 = 0.7348
    TP=115  FP=70  FN=13  (GT=128, Det=185)
  [计时] Step 4 (检测器评估): 0.07s

[Step 5] Baseline 评估与可视化...
  DeleteFix: 删除 1928 行, 保留 482 行
  统一测试集: 482 行 (从 2410 行 clean 数据固定划分)

============================================================
Baseline 对比评估 - v6_auto_dueling_two
============================================================
  NoFix          : rf_accuracy=0.888 | rf_f1=0.8807 | lr_accuracy=0.2137 | lr_f1=0.1266
  DeleteAll: 数据不足(0行)，跳过
  DeleteFix      : rf_accuracy=0.4191 | rf_f1=0.3694 | lr_accuracy=0.2158 | lr_f1=0.1858
  ReplaceAll     : rf_accuracy=0.888 | rf_f1=0.8807 | lr_accuracy=0.2137 | lr_f1=0.1266
  DemandClean    : rf_accuracy=0.3963 | rf_f1=0.3735 | lr_accuracy=0.1722 | lr_f1=0.1281
  FullFix        : rf_accuracy=0.9979 | rf_f1=0.9978 | lr_accuracy=0.2199 | lr_f1=0.1321
  [可视化] Baseline 对比图已保存: /Users/qianzekai/PycharmProjects/TolerDM/results/demandclean/beers/v6_auto_dueling_two/visualization/v6_auto_dueling_two_baseline_comparison.png
  [计时] Step 5 (Baseline评估): 259.40s

[Step 6] 模型容忍度评估...
============================================================
模型容忍度计算 - v6_auto_dueling_two
任务类型: classification  |  模型列表: ['rf', 'lr']
============================================================

--- 模型: RF ---
  P_clean  = 0.3776
  P_dirty  = 0.3465
  P_dc     = 0.0788
  先验容忍度 (P_dc / P_dirty)            = 0.2275
  后验容忍度 (P_dc-P_dirty)/(P_clean-P_dirty) = -8.6000

--- 模型: LR ---
  P_clean  = 0.2054
  P_dirty  = 0.1971
  P_dc     = 0.1743
  先验容忍度 (P_dc / P_dirty)            = 0.8842
  后验容忍度 (P_dc-P_dirty)/(P_clean-P_dirty) = -2.7500
  容忍度柱状图已保存: /Users/qianzekai/PycharmProjects/TolerDM/results/demandclean/beers/v6_auto_dueling_two/visualization/v6_auto_dueling_two_tolerance_bar.png
  [计时] Step 6 (容忍度评估): 188.20s

[Step 7] Shapley 三维度分析...
============================================================
DemandClean - 三维度 Shapley 分析
============================================================
  数据: 2410 行 x 8 列
  错误数: 4500
  错误分布: {'missing': 4299, 'semantic': 131, 'syntactic': 54, 'unknown': 16}
  输出目录: /Users/qianzekai/PycharmProjects/TolerDM/results/demandclean/beers/v6_auto_dueling_two/evaluation/shapley

[Shapley] 维度1: 动作重要性 (精确枚举 4!=24 排列) ...
[Shapley] 图表已保存: /Users/qianzekai/PycharmProjects/TolerDM/results/demandclean/beers/v6_auto_dueling_two/evaluation/shapley/shapley_action_importance.png
  动作重要性 Shapley 值:
    delete              : +0.241905
    no_action           : -0.057203
    replace_nearby      : -0.086956
    repair_value        : -0.097746

[Shapley] 维度2: 跳过特征 Shapley（计算量过大，仅保留维度1和维度3）
[Shapley] 维度3: 错误类型重要性 (精确枚举 4!=24 排列) ...
[Shapley] 图表已保存: /Users/qianzekai/PycharmProjects/TolerDM/results/demandclean/beers/v6_auto_dueling_two/evaluation/shapley/shapley_error_type_importance.png
  错误类型重要性 Shapley 值:
    label_noise         : +0.128247
    missing             : +0.066844
    syntactic           : +0.026338
    semantic            : +0.007738

[Shapley] JSON 结果已保存: /Users/qianzekai/PycharmProjects/TolerDM/results/demandclean/beers/v6_auto_dueling_two/evaluation/shapley/shapley_results.json
[Shapley] Markdown 报告已保存: /Users/qianzekai/PycharmProjects/TolerDM/results/demandclean/beers/v6_auto_dueling_two/evaluation/shapley/shapley_report.md

============================================================
Shapley 分析完成!
============================================================
# Shapley Value Analysis Report

- 数据规模: 2410 行 × 8 列
- 错误总数: 4500
- 任务类型: classification (random_forest)
- MC 采样次数: 200

## 维度 1: 动作重要性 (Action Importance)

| 排名 | 动作 | Shapley 值 | 占比 | 方向 |
|------|------|-----------|------|------|
| 1 | delete | +0.241905 | 50.0% | ↑ 正贡献 |
| 2 | no_action | -0.057203 | 11.8% | ↓ 负贡献 |
| 3 | replace_nearby | -0.086956 | 18.0% | ↓ 负贡献 |
| 4 | repair_value | -0.097746 | 20.2% | ↓ 负贡献 |

**结论**: 最有效的清洗动作是 **delete**
（no_action, replace_nearby, repair_value 对性能有负面影响，建议减少使用）

## 维度 2: 特征重要性 (Feature Importance)

| 排名 | 特征 | Shapley 值 | 占比 | 清洗价值 |
|------|------|-----------|------|---------|
| 1 | beer_name | +0.000000 | 0.0% | — 可忽略 |
| 2 | ounces | +0.000000 | 0.0% | — 可忽略 |
| 3 | abv | +0.000000 | 0.0% | — 可忽略 |
| 4 | ibu | +0.000000 | 0.0% | — 可忽略 |
| 5 | brewery_id | +0.000000 | 0.0% | — 可忽略 |
| 6 | brewery_name | +0.000000 | 0.0% | — 可忽略 |
| 7 | city | +0.000000 | 0.0% | — 可忽略 |
| 8 | state | +0.000000 | 0.0% | — 可忽略 |

**结论**: 
- 清洗价值极低的特征: beer_name, ounces, abv（清洗它们几乎不影响性能）

## 维度 3: 错误类型重要性 (Error Type Importance)

| 排名 | 错误类型 | Shapley 值 | 占比 | 优先级 |
|------|---------|-----------|------|--------|
| 1 | label_noise | +0.128247 | 56.0% | 🔴 高 |
| 2 | missing | +0.066844 | 29.2% | 🟡 中 |
| 3 | syntactic | +0.026338 | 11.5% | 🟢 低 |
| 4 | semantic | +0.007738 | 3.4% | 🟢 低 |

**结论**: 对下游性能影响最大的错误类型是 **label_noise**，检测器应优先识别此类错误。

## 综合清洗建议



  输出文件:
    /Users/qianzekai/PycharmProjects/TolerDM/results/demandclean/beers/v6_auto_dueling_two/evaluation/shapley/shapley_action_importance.png
    /Users/qianzekai/PycharmProjects/TolerDM/results/demandclean/beers/v6_auto_dueling_two/evaluation/shapley/shapley_feature_importance.png
    /Users/qianzekai/PycharmProjects/TolerDM/results/demandclean/beers/v6_auto_dueling_two/evaluation/shapley/shapley_error_type_importance.png
    /Users/qianzekai/PycharmProjects/TolerDM/results/demandclean/beers/v6_auto_dueling_two/evaluation/shapley/shapley_results.json
    /Users/qianzekai/PycharmProjects/TolerDM/results/demandclean/beers/v6_auto_dueling_two/evaluation/shapley/shapley_report.md
============================================================
  [计时] Step 7 (Shapley分析): 907.58s

[Step 8] 训练曲线可视化...
