[日志] 完整输出将保存到: /Users/qianzekai/PycharmProjects/TolerDM/logs/demandclean/beers_ep10_20260303_223217.log
======================================================================
DemandClean 统一运行脚本
======================================================================
数据集: ['beers']
启用版本: ['v5_auto_dueling_single']
训练轮数: 10
详细输出: True
Oracle 模式: 启用 (三路划分 60/20/20, --no-oracle 关闭)
======================================================================

######################################################################
# 数据集: beers
######################################################################

  60/20/20 划分: train=1446, val=482, test=482
  60% 子集 CSV: /Users/qianzekai/PycharmProjects/TolerDM/results/demandclean/beers/dirty_train_60pct.csv
  数据集: beers
  脏数据: (1446, 8)
  特征列: 8, 标签列: style
  分类列: {'city', 'state', 'beer_name', 'brewery_name'}
  LE fit: 仅 dirty (1446 行)
  SS fit: 仅 dirty (1446 行)
  FD规则: 0 条
  编码完成: X_dirty_train=(1446, 8), X_clean_train=(1446, 8), X_clean_val=(482, 8), X_clean_test=(482, 8)

======================================================================
版本: v5_auto_dueling_single
数据集: beers | 任务: classification | 模型: random_forest
检测器: auto | Agent: dueling_two_stage | 推理: single_phase
训练轮数: 10 | 输出目录: /Users/qianzekai/PycharmProjects/TolerDM/results/demandclean/beers/v5_auto_dueling_single
======================================================================

[Step 1] 创建 DemandClean 实例...
  [计时] Step 1 (初始化): 0.00s

[Step 2] 续训 (检测到已有模型: /Users/qianzekai/PycharmProjects/TolerDM/results/demandclean/beers/v5_auto_dueling_single/model/v5_auto_dueling_single_agent.pt)...
  已有训练历史: 1210 episodes
  新增训练: 10 episodes

[AutoDetector] 初始化
  RAHA 来源: pip:raha
  RAHA 可用: True
  CSV 路径: /Users/qianzekai/PycharmProjects/TolerDM/results/demandclean/beers/dirty_train_60pct.csv
  FD 规则: 4 条
  规则文件: /Users/qianzekai/PycharmProjects/TolerDM/data/beers/rules.txt
  规则摘要: ParsedRules(DOMAIN=4, FD=4)
  缺失值: 2608 个
  标签缺失(NaN): 4 个

[检测] 在原始 CSV 上运行 RAHA (labeling_budget=20)...
  [RAHA] 数据规模: 1446 行 × 11 列
543 strategy profiles are collected.
44 Features are generated for column 0.
44 Features are generated for column 1.
128 Features are generated for column 2.
106 Features are generated for column 3.
69 Features are generated for column 4.
59 Features are generated for column 5.
51 Features are generated for column 6.
72 Features are generated for column 7.
104 Features are generated for column 8.
105 Features are generated for column 9.
81 Features are generated for column 10.
A hierarchical clustering model is built for column 0.
A hierarchical clustering model is built for column 1.
A hierarchical clustering model is built for column 2.
A hierarchical clustering model is built for column 3.
A hierarchical clustering model is built for column 4.
A hierarchical clustering model is built for column 5.
A hierarchical clustering model is built for column 6.
A hierarchical clustering model is built for column 7.
A hierarchical clustering model is built for column 8.
A hierarchical clustering model is built for column 9.
A hierarchical clustering model is built for column 10.
Tuple 785 is sampled.
Tuple 785 is labeled.
Tuple 1241 is sampled.
Tuple 1241 is labeled.
Tuple 72 is sampled.
Tuple 72 is labeled.
Tuple 1317 is sampled.
Tuple 1317 is labeled.
Tuple 58 is sampled.
Tuple 58 is labeled.
Tuple 226 is sampled.
Tuple 226 is labeled.
Tuple 429 is sampled.
Tuple 429 is labeled.
Tuple 1368 is sampled.
Tuple 1368 is labeled.
Tuple 332 is sampled.
Tuple 332 is labeled.
Tuple 1244 is sampled.
Tuple 1244 is labeled.
Tuple 943 is sampled.
Tuple 943 is labeled.
Tuple 704 is sampled.
Tuple 704 is labeled.
Tuple 859 is sampled.
Tuple 859 is labeled.
Tuple 1216 is sampled.
Tuple 1216 is labeled.
Tuple 807 is sampled.
Tuple 807 is labeled.
Tuple 555 is sampled.
Tuple 555 is labeled.
Tuple 718 is sampled.
Tuple 718 is labeled.
Tuple 959 is sampled.
Tuple 959 is labeled.
Tuple 1229 is sampled.
Tuple 1229 is labeled.
Tuple 845 is sampled.
Tuple 845 is labeled.
The number of labeled data cells increased from 220 to 14961.
A classifier is trained and applied on column 0.
A classifier is trained and applied on column 1.
A classifier is trained and applied on column 2.
A classifier is trained and applied on column 3.
A classifier is trained and applied on column 4.
A classifier is trained and applied on column 5.
A classifier is trained and applied on column 6.
A classifier is trained and applied on column 7.
A classifier is trained and applied on column 8.
A classifier is trained and applied on column 9.
A classifier is trained and applied on column 10.
  RAHA 检测结果: 2000 个单元格
  Precision=0.9985  Recall=0.9837  F1=0.9911
  RAHA 标注行数: 20 (labeling_budget=20)
  RAHA 标签错误: 2 行
  句法错误(RAHA): 51 个
  DOMAIN 规则检测: 3 个句法错误 (特征列, 超出值域)
  DOMAIN 规则检测: 2 个标签错误
  句法错误(RAHA+REGEX+DOMAIN): 54 个
  FD 规则检测: 54 个语义错误
  语义错误: 54 个 (FD)
  标签噪声: 6 个 (NaN=4, 规则=2)
  特征受损行标签排除: 6 个

  检测总结: 2716 个错误 (缺失=2608, 句法=54, 语义=54, 标签噪声=0)
  模型已保存: /Users/qianzekai/PycharmProjects/TolerDM/results/demandclean/beers/v5_auto_dueling_single/model/v5_auto_dueling_single_agent.pt
  训练历史已保存: /Users/qianzekai/PycharmProjects/TolerDM/results/demandclean/beers/v5_auto_dueling_single/report/v5_auto_dueling_single_history.json
  [计时] Step 2 (训练): 216.95s

[Step 3] 推理 (模式: single_phase)...
  [检测缓存命中] 复用上次检测结果 (2716 cells)

============================================================
单阶段推理
============================================================
  算法: Dueling Double DQN (Two Stage)
  任务类型: classification
  下游模型: random_forest
  检测到的错误: 2668 个 (missing=2564, semantic=54, syntactic=50, label=0)

  推理进度: [====================] 2668/2668

  动作分布 (共 2654 个错误):
    no_action         2185 ( 82.3%) ████████████████████████████████
    repair_value         0 (  0.0%) 
    delete              10 (  0.4%) 
    replace_nearby     459 ( 17.3%) ██████

  替换明细 (replace_nearby): 共 459 条
    行        列      脏值           → 替换值          错误类型      
    -------------------------------------------------------
    1355     3      NaN          → -0.8010      missing   
    467      6      -0.7617      → -1.1870      semantic  
    1086     3      NaN          → -1.0705      missing   
    1331     3      NaN          → -0.7259      missing   
    1119     3      NaN          → -0.2156      missing   
    1108     3      NaN          → 0.6886       missing   
    1423     3      NaN          → -0.2901      missing   
    500      6      1.1344       → 1.1256       semantic  
    84       6      1.2319       → -1.1427      syntactic 
    1295     3      NaN          → 1.4404       missing   
    1231     6      -1.1605      → -1.1693      syntactic 
    19       6      -1.5946      → 0.5319       syntactic 
    1209     3      NaN          → 0.6916       missing   
    363      6      0.2484       → 0.2395       syntactic 
    1211     3      NaN          → 0.1864       missing   
    1386     3      NaN          → -0.2164      missing   
    266      7      NaN          → -0.0839      missing   
    1073     3      NaN          → 0.1062       missing   
    1324     3      NaN          → -0.2329      missing   
    1201     7      NaN          → -1.5875      missing   
    923      6      0.2484       → 0.2395       syntactic 
    1174     3      NaN          → -0.1387      missing   
    1124     3      NaN          → -0.4054      missing   
    436      6      -0.9301      → -0.9389      syntactic 
    1152     3      NaN          → 1.0692       missing   
    1205     3      NaN          → -0.2633      missing   
    1428     3      NaN          → -0.8907      missing   
    558      7      -0.5623      → -0.5623      semantic  
    1279     3      NaN          → 0.3988       missing   
    1408     3      NaN          → 0.3861       missing   
    ... 省略 429 条

  删除明细 (delete): 共 10 条
    行        列      脏值           错误类型      
    ----------------------------------------
    230      7      NaN          missing   
    84       7      NaN          missing   
    80       7      NaN          missing   
    27       7      1.4881       semantic  
    205      7      NaN          missing   
    117      7      NaN          missing   
    123      7      NaN          missing   
    87       7      NaN          missing   
    13       7      NaN          missing   
    19       7      NaN          missing   
  真值使用: 0
  动作分布: {'no_action': 2185, 'repair_value': 0, 'delete': 10, 'replace_nearby': 459}
  清洗后数据已保存: /Users/qianzekai/PycharmProjects/TolerDM/results/demandclean/beers/v5_auto_dueling_single/data/v5_auto_dueling_single_cleaned.csv
  原始格式清洗数据已保存: /Users/qianzekai/PycharmProjects/TolerDM/results/demandclean/beers/v5_auto_dueling_single/data/v5_auto_dueling_single_cleaned_original.csv
  编码版本已保存: /Users/qianzekai/PycharmProjects/TolerDM/results/demandclean/beers/v5_auto_dueling_single/data/v5_auto_dueling_single_cleaned_encoded.npz
  [计时] Step 3 (推理): 30.18s

[Step 4] 检测器准确率评估...
  [检测缓存命中] 复用上次检测结果 (2716 cells)

============================================================
检测器准确率评估
============================================================
真实错误总数: 2680 (缺失: 2608, 值错误: 72)
检测报告总数: 2716 (missing: 2608, syntactic: 54, semantic: 54)
------------------------------------------------------------

  [总体]
    Precision = 0.9834  |  Recall = 0.9966  |  F1 = 0.9900
    TP=2671  FP=45  FN=9  (GT=2680, Det=2716)

  [缺失值 (missing)]
    Precision = 1.0000  |  Recall = 1.0000  |  F1 = 1.0000
    TP=2608  FP=0  FN=0  (GT=2608, Det=2608)

  [句法错误 (syntactic)]
    Precision = 0.8889  |  Recall = 0.6667  |  F1 = 0.7619
    TP=48  FP=6  FN=24  (GT=72, Det=54)

  [语义错误 (semantic)]
    Precision = 0.2778  |  Recall = 0.2083  |  F1 = 0.2381
    TP=15  FP=39  FN=57  (GT=72, Det=54)

  [值错误合并 (syntactic+semantic)]
    Precision = 0.5833  |  Recall = 0.8750  |  F1 = 0.7000
    TP=63  FP=45  FN=9  (GT=72, Det=108)
  [计时] Step 4 (检测器评估): 0.13s

[Step 5] Baseline 评估与可视化...
  DeleteFix: 删除 1157 行, 保留 289 行
  统一测试集 (Oracle): 479 行

============================================================
Baseline 对比评估 - v5_auto_dueling_single
============================================================
  NoFix          : rf_accuracy=0.3152 | rf_f1=0.2574 | lr_accuracy=0.2255 | lr_f1=0.1259
  DeleteAll: 数据不足(0行)，跳过
  DeleteFix      : rf_accuracy=0.3027 | rf_f1=0.2273 | lr_accuracy=0.2192 | lr_f1=0.1249
  ReplaceAll     : rf_accuracy=0.3152 | rf_f1=0.2574 | lr_accuracy=0.2255 | lr_f1=0.1259
  DemandClean    : rf_accuracy=0.3466 | rf_f1=0.2717 | lr_accuracy=0.2276 | lr_f1=0.1276
  FullFix        : rf_accuracy=0.3549 | rf_f1=0.2948 | lr_accuracy=0.2276 | lr_f1=0.1346
  [可视化] Baseline 对比图已保存: /Users/qianzekai/PycharmProjects/TolerDM/results/demandclean/beers/v5_auto_dueling_single/visualization/v5_auto_dueling_single_baseline_comparison.png
  [计时] Step 5 (Baseline评估): 1415.77s

[Step 6] 模型容忍度评估...
============================================================
模型容忍度计算 - v5_auto_dueling_single
任务类型: classification  |  模型列表: ['rf', 'lr']
============================================================

--- 模型: RF ---
  P_clean  = 0.3333
  P_dirty  = 0.2812
  P_dc     = 0.0486
  先验容忍度 (P_dc / P_dirty)            = 0.1728
  后验容忍度 (P_dc-P_dirty)/(P_clean-P_dirty) = -4.4667

--- 模型: LR ---
  P_clean  = 0.1979
  P_dirty  = 0.1840
  P_dc     = 0.1667
  先验容忍度 (P_dc / P_dirty)            = 0.9057
  后验容忍度 (P_dc-P_dirty)/(P_clean-P_dirty) = -1.2500
  容忍度柱状图已保存: /Users/qianzekai/PycharmProjects/TolerDM/results/demandclean/beers/v5_auto_dueling_single/visualization/v5_auto_dueling_single_tolerance_bar.png
  [计时] Step 6 (容忍度评估): 1213.53s

[Step 7] Shapley 三维度分析...
============================================================
DemandClean - 三维度 Shapley 分析
============================================================
  数据: 1446 行 x 8 列
  错误数: 2716
  错误分布: {'missing': 2608, 'semantic': 54, 'syntactic': 54}
  输出目录: /Users/qianzekai/PycharmProjects/TolerDM/results/demandclean/beers/v5_auto_dueling_single/evaluation/shapley

[Shapley] 维度1: 动作重要性 (精确枚举 4!=24 排列) ...
[Shapley] 图表已保存: /Users/qianzekai/PycharmProjects/TolerDM/results/demandclean/beers/v5_auto_dueling_single/evaluation/shapley/shapley_action_importance.png
  动作重要性 Shapley 值:
    no_action           : +0.000000
    repair_value        : +0.000000
    delete              : +0.000000
    replace_nearby      : +0.000000

[Shapley] 维度2: 跳过特征 Shapley（计算量过大，仅保留维度1和维度3）
[Shapley] 维度3: 错误类型重要性 (精确枚举 3!=6 排列) ...
[Shapley] 图表已保存: /Users/qianzekai/PycharmProjects/TolerDM/results/demandclean/beers/v5_auto_dueling_single/evaluation/shapley/shapley_error_type_importance.png
  错误类型重要性 Shapley 值:
    missing             : +0.000000
    semantic            : +0.000000
    syntactic           : +0.000000

[Shapley] JSON 结果已保存: /Users/qianzekai/PycharmProjects/TolerDM/results/demandclean/beers/v5_auto_dueling_single/evaluation/shapley/shapley_results.json
[Shapley] Markdown 报告已保存: /Users/qianzekai/PycharmProjects/TolerDM/results/demandclean/beers/v5_auto_dueling_single/evaluation/shapley/shapley_report.md

============================================================
Shapley 分析完成!
============================================================
# Shapley Value Analysis Report

- 数据规模: 1446 行 × 8 列
- 错误总数: 2716
- 任务类型: classification (random_forest)
- MC 采样次数: 200

## 维度 1: 动作重要性 (Action Importance)

| 排名 | 动作 | Shapley 值 | 占比 | 方向 |
|------|------|-----------|------|------|
| 1 | no_action | +0.000000 | 0.0% | — 无影响 |
| 2 | repair_value | +0.000000 | 0.0% | — 无影响 |
| 3 | delete | +0.000000 | 0.0% | — 无影响 |
| 4 | replace_nearby | +0.000000 | 0.0% | — 无影响 |

**结论**: 最有效的清洗动作是 **no_action**

## 维度 2: 特征重要性 (Feature Importance)

| 排名 | 特征 | Shapley 值 | 占比 | 清洗价值 |
|------|------|-----------|------|---------|
| 1 | beer_name | +0.000000 | 0.0% | — 可忽略 |
| 2 | ounces | +0.000000 | 0.0% | — 可忽略 |
| 3 | abv | +0.000000 | 0.0% | — 可忽略 |
| 4 | ibu | +0.000000 | 0.0% | — 可忽略 |
| 5 | brewery_id | +0.000000 | 0.0% | — 可忽略 |
| 6 | brewery_name | +0.000000 | 0.0% | — 可忽略 |
| 7 | city | +0.000000 | 0.0% | — 可忽略 |
| 8 | state | +0.000000 | 0.0% | — 可忽略 |

**结论**: 
- 清洗价值极低的特征: beer_name, ounces, abv（清洗它们几乎不影响性能）

## 维度 3: 错误类型重要性 (Error Type Importance)

| 排名 | 错误类型 | Shapley 值 | 占比 | 优先级 |
|------|---------|-----------|------|--------|
| 1 | missing | +0.000000 | 0.0% | 🟢 低 |
| 2 | semantic | +0.000000 | 0.0% | 🟢 低 |
| 3 | syntactic | +0.000000 | 0.0% | 🟢 低 |

**结论**: 对下游性能影响最大的错误类型是 **missing**，检测器应优先识别此类错误。

## 综合清洗建议



  输出文件:
    /Users/qianzekai/PycharmProjects/TolerDM/results/demandclean/beers/v5_auto_dueling_single/evaluation/shapley/shapley_action_importance.png
    /Users/qianzekai/PycharmProjects/TolerDM/results/demandclean/beers/v5_auto_dueling_single/evaluation/shapley/shapley_feature_importance.png
    /Users/qianzekai/PycharmProjects/TolerDM/results/demandclean/beers/v5_auto_dueling_single/evaluation/shapley/shapley_error_type_importance.png
    /Users/qianzekai/PycharmProjects/TolerDM/results/demandclean/beers/v5_auto_dueling_single/evaluation/shapley/shapley_results.json
    /Users/qianzekai/PycharmProjects/TolerDM/results/demandclean/beers/v5_auto_dueling_single/evaluation/shapley/shapley_report.md
============================================================
  [计时] Step 7 (Shapley分析): 517.84s

[Step 8] 训练曲线可视化...
  [可视化] 训练曲线已保存: /Users/qianzekai/PycharmProjects/TolerDM/results/demandclean/beers/v5_auto_dueling_single/visualization/v5_auto_dueling_single_training_curves.png
  [计时] Step 8 (训练曲线): 8.66s

[Step 9] Clean4MLBaseline 统一测评...
  使用编码版本: /Users/qianzekai/PycharmProjects/TolerDM/results/demandclean/beers/v5_auto_dueling_single/data/v5_auto_dueling_single_cleaned_encoded.npz
======================================================================
Clean4MLBaseline 统一测评 - v5_auto_dueling_single
======================================================================

[1/5] 传统清洗指标
--------------------------------------------------
差异文件已保存到:
/Users/qianzekai/PycharmProjects/TolerDM/results/demandclean/beers/v5_auto_dueling_single/evaluation/v5_auto_dueling_single_clean_vs_dirty.csv
/Users/qianzekai/PycharmProjects/TolerDM/results/demandclean/beers/v5_auto_dueling_single/evaluation/v5_auto_dueling_single_dirty_vs_cleaned.csv
/Users/qianzekai/PycharmProjects/TolerDM/results/demandclean/beers/v5_auto_dueling_single/evaluation/v5_auto_dueling_single_clean_vs_cleaned.csv
修复错误数据文件已保存到: /Users/qianzekai/PycharmProjects/TolerDM/results/demandclean/beers/v5_auto_dueling_single/evaluation/v5_auto_dueling_single_repair_errors.csv
未修复但是应该修复数据文件已保存到: /Users/qianzekai/PycharmProjects/TolerDM/results/demandclean/beers/v5_auto_dueling_single/evaluation/v5_auto_dueling_single_unrepaired.csv
修复准确率: 0.20904891626199218, 修复召回率: 0.8694581280788177, F1值: 0.3370571946598583
========================================
EDR 结果已保存到: /Users/qianzekai/PycharmProjects/TolerDM/results/demandclean/beers/v5_auto_dueling_single/evaluation/v5_auto_dueling_single_edr_evaluation.txt
错误减少率 (EDR): -2.2911330049261083
========================================
混合距离结果已保存到: /Users/qianzekai/PycharmProjects/TolerDM/results/demandclean/beers/v5_auto_dueling_single/evaluation/v5_auto_dueling_single_hybrid_distance_evaluation.txt
混合距离 (Hybrid Distance): 0.20972894798795647
========================================
R-EDR 结果已保存到: /Users/qianzekai/PycharmProjects/TolerDM/results/demandclean/beers/v5_auto_dueling_single/evaluation/v5_auto_dueling_single_record_based_edr_evaluation.txt
基于条目的错误减少率 (R-EDR): 0.0
========================================

[2/5] 下游任务性能 (classification)
--------------------------------------------------
  [下游任务] 使用编码版本（跳过 CSV preprocess）
  [错误] 统一测评失败: Input contains NaN, infinity or a value too large for dtype('float64').
  [计时] Step 9 (统一测评): 6.24s

[Step 10] 真值成本汇总...
  RAHA 检测成本: 20
  Agent 修复成本: 0
  总成本: 20 / 11568 cells = 0.1729%
  [计时] Step 10 (成本汇总): 0.00s

──────────────────────────────────────────────────
  步骤计时汇总
──────────────────────────────────────────────────
  Step 1 初始化         │     0.00s
  Step 2 训练          │   216.95s
  Step 3 推理          │    30.18s
  Step 4 检测器评估       │     0.13s
  Step 5 Baseline评估  │  1415.77s
  Step 6 容忍度评估       │  1213.53s
  Step 7 Shapley分析   │   517.84s
  Step 8 训练曲线        │     8.66s
  Step 9 统一测评        │     6.24s
  Step 10 成本汇总        │     0.00s
──────────────────────────────────────────────────
  总计(含可视化)       │  3409.30s
  可视化耗时           │   527.65s
  净耗时(扣可视化)     │  2881.65s
──────────────────────────────────────────────────

  [输出] 报告已保存: /Users/qianzekai/PycharmProjects/TolerDM/results/demandclean/beers/v5_auto_dueling_single/report/v5_auto_dueling_single_report.json

  版本 v5_auto_dueling_single 完成! 耗时: 2881.65s
  输出目录: /Users/qianzekai/PycharmProjects/TolerDM/results/demandclean/beers/v5_auto_dueling_single

  只有 1 个版本完成，跳过跨版本对比

======================================================================
全部完成! 总耗时: 3425.96s
结果目录: /Users/qianzekai/PycharmProjects/TolerDM/results/demandclean
日志文件: /Users/qianzekai/PycharmProjects/TolerDM/logs/demandclean/beers_ep10_20260303_223217.log
======================================================================
