[日志] 完整输出将保存到: /Users/qianzekai/PycharmProjects/TolerDM/logs/demandclean/beers_ep3_20260225_011354.log
======================================================================
DemandClean 统一运行脚本
======================================================================
数据集: ['beers']
启用版本: ['v5_auto_dueling_single']
训练轮数: 3
详细输出: True
======================================================================

######################################################################
# 数据集: beers
######################################################################
  数据集: beers
  脏数据: (2410, 8), 干净数据: (2410, 8)
  特征列: 8, 标签列: style
  FD规则: 0 条

======================================================================
版本: v5_auto_dueling_single
数据集: beers | 任务: classification | 模型: random_forest
检测器: auto | Agent: dueling_two_stage | 推理: single_phase
训练轮数: 3 | 输出目录: /Users/qianzekai/PycharmProjects/TolerDM/results/demandclean/beers/v5_auto_dueling_single
======================================================================

[Step 1] 创建 DemandClean 实例...

[Step 2] 训练 (3 episodes)...

[AutoDetector] 初始化
  RAHA 来源: pip:raha
  RAHA 可用: True
  CSV 路径: /Users/qianzekai/PycharmProjects/TolerDM/data/beers/dirty_index.csv
  FD 规则: 4 条
  规则文件: /Users/qianzekai/PycharmProjects/TolerDM/data/beers/rules.txt
  规则摘要: ParsedRules(DOMAIN=4, FD=4, STAT=1)
  缺失值: 1196 个
  标签缺失(NaN): 4 个

[检测] 在原始 CSV 上运行 RAHA (labeling_budget=20)...
  [RAHA] 数据规模: 2410 行 × 11 列
547 strategy profiles are collected.
43 Features are generated for column 0.
43 Features are generated for column 1.
129 Features are generated for column 2.
105 Features are generated for column 3.
70 Features are generated for column 4.
58 Features are generated for column 5.
51 Features are generated for column 6.
72 Features are generated for column 7.
104 Features are generated for column 8.
106 Features are generated for column 9.
76 Features are generated for column 10.
A hierarchical clustering model is built for column 0.
A hierarchical clustering model is built for column 1.
A hierarchical clustering model is built for column 2.
A hierarchical clustering model is built for column 3.
A hierarchical clustering model is built for column 4.
A hierarchical clustering model is built for column 5.
A hierarchical clustering model is built for column 6.
A hierarchical clustering model is built for column 7.
A hierarchical clustering model is built for column 8.
A hierarchical clustering model is built for column 9.
A hierarchical clustering model is built for column 10.
Tuple 2087 is sampled.
Tuple 2087 is labeled.
Tuple 1581 is sampled.
Tuple 1581 is labeled.
Tuple 1051 is sampled.
Tuple 1051 is labeled.
Tuple 1942 is sampled.
Tuple 1942 is labeled.
Tuple 689 is sampled.
Tuple 689 is labeled.
Tuple 701 is sampled.
Tuple 701 is labeled.
Tuple 1000 is sampled.
Tuple 1000 is labeled.
Tuple 2128 is sampled.
Tuple 2128 is labeled.
Tuple 807 is sampled.
Tuple 807 is labeled.
Tuple 1255 is sampled.
Tuple 1255 is labeled.
Tuple 8 is sampled.
Tuple 8 is labeled.
Tuple 1403 is sampled.
Tuple 1403 is labeled.
Tuple 67 is sampled.
Tuple 67 is labeled.
Tuple 1128 is sampled.
Tuple 1128 is labeled.
Tuple 1186 is sampled.
Tuple 1186 is labeled.
Tuple 90 is sampled.
Tuple 90 is labeled.
Tuple 263 is sampled.
Tuple 263 is labeled.
Tuple 1985 is sampled.
Tuple 1985 is labeled.
Tuple 2161 is sampled.
Tuple 2161 is labeled.
Tuple 2392 is sampled.
Tuple 2392 is labeled.
The number of labeled data cells increased from 220 to 24684.
A classifier is trained and applied on column 0.
A classifier is trained and applied on column 1.
A classifier is trained and applied on column 2.
A classifier is trained and applied on column 3.
A classifier is trained and applied on column 4.
A classifier is trained and applied on column 5.
A classifier is trained and applied on column 6.
A classifier is trained and applied on column 7.
A classifier is trained and applied on column 8.
A classifier is trained and applied on column 9.
A classifier is trained and applied on column 10.
  RAHA 检测结果: 3366 个单元格
  Precision=0.9973  Recall=0.9997  F1=0.9985
  RAHA 标注行数: 20 (labeling_budget=20)
  RAHA 标签错误: 2 行
  句法错误(RAHA): 3235 个
  FD 规则检测: 52 个语义错误
  DOMAIN 规则检测: 3 个语义错误 (特征列)
  DOMAIN 规则检测: 78 个标签错误
  语义错误: 55 个 (FD+DOMAIN)
  标签噪声: 78 个 (NaN=4, 规则=74)

  检测总结: 4564 个错误 (缺失=1196, 句法=3235, 语义=55, 标签噪声=78)
  模型已保存: /Users/qianzekai/PycharmProjects/TolerDM/results/demandclean/beers/v5_auto_dueling_single/model/v5_auto_dueling_single_agent.pt
  训练历史已保存: /Users/qianzekai/PycharmProjects/TolerDM/results/demandclean/beers/v5_auto_dueling_single/report/v5_auto_dueling_single_history.json

[Step 3] 推理 (模式: single_phase)...
  缺失值: 1196 个
  标签缺失(NaN): 4 个
  [RAHA] 使用缓存结果: 3366 个单元格
  RAHA 标签错误: 2 行
  句法错误(RAHA): 3235 个
  FD 规则检测: 52 个语义错误
  DOMAIN 规则检测: 3 个语义错误 (特征列)
  DOMAIN 规则检测: 78 个标签错误
  语义错误: 55 个 (FD+DOMAIN)
  标签噪声: 78 个 (NaN=4, 规则=74)

  检测总结: 4564 个错误 (缺失=1196, 句法=3235, 语义=55, 标签噪声=78)

============================================================
单阶段推理
============================================================
  算法: Dueling Double DQN (Two Stage)
  任务类型: classification
  下游模型: random_forest
  检测到的错误: 4521 个 (missing=1183, semantic=52, syntactic=3209, label=77)

  推理进度: [====================] 4521/4521

  动作分布 (共 2558 个错误):
    no_action          630 ( 24.6%) █████████
    repair_value         0 (  0.0%) 
    delete            1928 ( 75.4%) ██████████████████████████████
    replace_nearby       0 (  0.0%) 

  动作降级: 630 次
    行324: delete → no_action
    行439: delete → no_action
    行1054: delete → no_action
    行960: delete → no_action
    行1093: delete → no_action
    ... 共 630 次降级

  删除明细 (delete): 共 1928 条
    行        列      脏值           错误类型      
    ----------------------------------------
    789      1      2.0217       syntactic 
    623      3      NaN          missing   
    2002     2      -0.6984      syntactic 
    1434     1      2.0217       syntactic 
    597      1      -0.1953      syntactic 
    190      1      -0.1953      syntactic 
    1119     1      -0.4416      syntactic 
    947      1      1.7754       syntactic 
    1759     7      NaN          missing   
    605      1      0.7900       syntactic 
    1430     7      NaN          missing   
    770      2      0.0585       syntactic 
    847      3      NaN          missing   
    636      1      -0.1953      syntactic 
    174      3      NaN          missing   
    2110     1      1.5290       syntactic 
    55       -1     71.0000      label_noise
    2044     1      1.5290       syntactic 
    2093     2      0.0585       syntactic 
    1655     1      1.7754       syntactic 
    103      1      0.2974       syntactic 
    1932     7      NaN          missing   
    1561     1      3.4997       syntactic 
    1486     2      0.0585       syntactic 
    763      3      NaN          missing   
    542      6      0.5300       syntactic 
    2218     2      0.0585       syntactic 
    2159     1      2.0217       syntactic 
    1764     2      0.8155       syntactic 
    1190     1      0.2974       syntactic 
    ... 省略 1898 条
  真值使用: 0
  动作分布: {'no_action': 630, 'repair_value': 0, 'delete': 1928, 'replace_nearby': 0}
  清洗后数据已保存: /Users/qianzekai/PycharmProjects/TolerDM/results/demandclean/beers/v5_auto_dueling_single/data/v5_auto_dueling_single_cleaned.csv
  原始格式清洗数据已保存: /Users/qianzekai/PycharmProjects/TolerDM/results/demandclean/beers/v5_auto_dueling_single/data/v5_auto_dueling_single_cleaned_original.csv

[Step 4] 检测器准确率评估...
  缺失值: 1196 个
  标签缺失(NaN): 4 个
  [RAHA] 使用缓存结果: 3366 个单元格
  RAHA 标签错误: 2 行
  句法错误(RAHA): 3235 个
  FD 规则检测: 52 个语义错误
  DOMAIN 规则检测: 3 个语义错误 (特征列)
  DOMAIN 规则检测: 78 个标签错误
  语义错误: 55 个 (FD+DOMAIN)
  标签噪声: 78 个 (NaN=4, 规则=74)

  检测总结: 4564 个错误 (缺失=1196, 句法=3235, 语义=55, 标签噪声=78)

============================================================
检测器准确率评估
============================================================
真实错误总数: 4425 (缺失: 1196, 值错误: 3229)
检测报告总数: 4486 (missing: 1196, syntactic: 3235, semantic: 55)
------------------------------------------------------------

  [总体]
    Precision = 0.9862  |  Recall = 0.9998  |  F1 = 0.9929
    TP=4424  FP=62  FN=1  (GT=4425, Det=4486)

  [缺失值 (missing)]
    Precision = 1.0000  |  Recall = 1.0000  |  F1 = 1.0000
    TP=1196  FP=0  FN=0  (GT=1196, Det=1196)

  [句法错误 (syntactic)]
    Precision = 0.9978  |  Recall = 0.9997  |  F1 = 0.9988
    TP=3228  FP=7  FN=1  (GT=3229, Det=3235)

  [语义错误 (semantic)]
    Precision = 0.0000  |  Recall = 0.0000  |  F1 = 0.0000
    TP=0  FP=55  FN=3229  (GT=3229, Det=55)

  [值错误合并 (syntactic+semantic)]
    Precision = 0.9812  |  Recall = 0.9997  |  F1 = 0.9903
    TP=3228  FP=62  FN=1  (GT=3229, Det=3290)

[Step 5] Baseline 评估与可视化...
  DeleteFix: 删除 1928 行, 保留 482 行

============================================================
Baseline 对比评估 - v5_auto_dueling_single
============================================================
  NoFix          : rf_accuracy=0.3693 | rf_f1=0.3307 | lr_accuracy=0.2635 | lr_f1=0.1761
  DeleteAll      : rf_accuracy=0.4528 | rf_f1=0.3939 | lr_accuracy=0.3283 | lr_f1=0.2568
  DeleteFix      : rf_accuracy=0.3299 | rf_f1=0.2911 | lr_accuracy=0.3299 | lr_f1=0.2817
  ReplaceAll     : rf_accuracy=0.3693 | rf_f1=0.3307 | lr_accuracy=0.2635 | lr_f1=0.1761
  DemandClean    : rf_accuracy=0.3299 | rf_f1=0.255 | lr_accuracy=0.2577 | lr_f1=0.1943
  FullFix        : rf_accuracy=0.3734 | rf_f1=0.3361 | lr_accuracy=0.2635 | lr_f1=0.1749
  [可视化] Baseline 对比图已保存: /Users/qianzekai/PycharmProjects/TolerDM/results/demandclean/beers/v5_auto_dueling_single/visualization/v5_auto_dueling_single_baseline_comparison.png

[Step 6] 模型容忍度评估...
============================================================
模型容忍度计算 - v5_auto_dueling_single
任务类型: classification  |  模型列表: ['rf', 'lr']
============================================================

--- 模型: RF ---
  P_clean  = 0.3817
  P_dirty  = 0.3838
  P_dc     = 0.1203
  先验容忍度 (P_dc / P_dirty)            = 0.3135
  后验容忍度 (P_dc-P_dirty)/(P_clean-P_dirty) = 127.0000

--- 模型: LR ---
  P_clean  = 0.2718
  P_dirty  = 0.2801
  P_dc     = 0.1369
  先验容忍度 (P_dc / P_dirty)            = 0.4889
  后验容忍度 (P_dc-P_dirty)/(P_clean-P_dirty) = 17.2500
  容忍度柱状图已保存: /Users/qianzekai/PycharmProjects/TolerDM/results/demandclean/beers/v5_auto_dueling_single/visualization/v5_auto_dueling_single_tolerance_bar.png

[Step 7] Shapley 三维度分析...
============================================================
DemandClean - 三维度 Shapley 分析
============================================================
  数据: 2410 行 x 8 列
  错误数: 4564
  错误分布: {'missing': 1196, 'semantic': 55, 'syntactic': 3235, 'unknown': 78}
  输出目录: /Users/qianzekai/PycharmProjects/TolerDM/results/demandclean/beers/v5_auto_dueling_single/evaluation/shapley

[Shapley] 维度1: 动作重要性 (精确枚举 4!=24 排列) ...
[Shapley] 图表已保存: /Users/qianzekai/PycharmProjects/TolerDM/results/demandclean/beers/v5_auto_dueling_single/evaluation/shapley/shapley_action_importance.png
  动作重要性 Shapley 值:
    delete              : +0.201389
    repair_value        : +0.005208
    replace_nearby      : -0.102431
    no_action           : -0.104167

[Shapley] 维度2: 跳过特征 Shapley（计算量过大，仅保留维度1和维度3）
[Shapley] 维度3: 错误类型重要性 (精确枚举 4!=24 排列) ...
[Shapley] 图表已保存: /Users/qianzekai/PycharmProjects/TolerDM/results/demandclean/beers/v5_auto_dueling_single/evaluation/shapley/shapley_error_type_importance.png
  错误类型重要性 Shapley 值:
    label_noise         : +0.142542
    semantic            : -0.024698
    missing             : -0.037068
    syntactic           : -0.080776

[Shapley] JSON 结果已保存: /Users/qianzekai/PycharmProjects/TolerDM/results/demandclean/beers/v5_auto_dueling_single/evaluation/shapley/shapley_results.json
[Shapley] Markdown 报告已保存: /Users/qianzekai/PycharmProjects/TolerDM/results/demandclean/beers/v5_auto_dueling_single/evaluation/shapley/shapley_report.md

============================================================
Shapley 分析完成!
============================================================
# Shapley Value Analysis Report

- 数据规模: 2410 行 × 8 列
- 错误总数: 4564
- 任务类型: classification (random_forest)
- MC 采样次数: 200

## 维度 1: 动作重要性 (Action Importance)

| 排名 | 动作 | Shapley 值 | 占比 | 方向 |
|------|------|-----------|------|------|
| 1 | delete | +0.201389 | 48.7% | ↑ 正贡献 |
| 2 | repair_value | +0.005208 | 1.3% | ↑ 正贡献 |
| 3 | replace_nearby | -0.102431 | 24.8% | ↓ 负贡献 |
| 4 | no_action | -0.104167 | 25.2% | ↓ 负贡献 |

**结论**: 最有效的清洗动作是 **delete**
（replace_nearby, no_action 对性能有负面影响，建议减少使用）

## 维度 2: 特征重要性 (Feature Importance)

| 排名 | 特征 | Shapley 值 | 占比 | 清洗价值 |
|------|------|-----------|------|---------|
| 1 | beer_name | +0.000000 | 0.0% | — 可忽略 |
| 2 | ounces | +0.000000 | 0.0% | — 可忽略 |
| 3 | abv | +0.000000 | 0.0% | — 可忽略 |
| 4 | ibu | +0.000000 | 0.0% | — 可忽略 |
| 5 | brewery_id | +0.000000 | 0.0% | — 可忽略 |
| 6 | brewery_name | +0.000000 | 0.0% | — 可忽略 |
| 7 | city | +0.000000 | 0.0% | — 可忽略 |
| 8 | state | +0.000000 | 0.0% | — 可忽略 |

**结论**: 
- 清洗价值极低的特征: beer_name, ounces, abv（清洗它们几乎不影响性能）

## 维度 3: 错误类型重要性 (Error Type Importance)

| 排名 | 错误类型 | Shapley 值 | 占比 | 优先级 |
|------|---------|-----------|------|--------|
| 1 | label_noise | +0.142542 | 50.0% | 🔴 高 |
| 2 | semantic | -0.024698 | 8.7% | 🟢 低 |
| 3 | missing | -0.037068 | 13.0% | 🟢 低 |
| 4 | syntactic | -0.080776 | 28.3% | 🟡 中 |

**结论**: 对下游性能影响最大的错误类型是 **label_noise**，检测器应优先识别此类错误。

## 综合清洗建议



  输出文件:
    /Users/qianzekai/PycharmProjects/TolerDM/results/demandclean/beers/v5_auto_dueling_single/evaluation/shapley/shapley_action_importance.png
    /Users/qianzekai/PycharmProjects/TolerDM/results/demandclean/beers/v5_auto_dueling_single/evaluation/shapley/shapley_feature_importance.png
    /Users/qianzekai/PycharmProjects/TolerDM/results/demandclean/beers/v5_auto_dueling_single/evaluation/shapley/shapley_error_type_importance.png
    /Users/qianzekai/PycharmProjects/TolerDM/results/demandclean/beers/v5_auto_dueling_single/evaluation/shapley/shapley_results.json
    /Users/qianzekai/PycharmProjects/TolerDM/results/demandclean/beers/v5_auto_dueling_single/evaluation/shapley/shapley_report.md
============================================================

[Step 8] 训练曲线可视化...
  [可视化] 训练曲线已保存: /Users/qianzekai/PycharmProjects/TolerDM/results/demandclean/beers/v5_auto_dueling_single/visualization/v5_auto_dueling_single_training_curves.png

[Step 9] Clean4MLBaseline 统一测评...
======================================================================
Clean4MLBaseline 统一测评 - v5_auto_dueling_single
======================================================================

[1/5] 传统清洗指标
--------------------------------------------------
差异文件已保存到:
/Users/qianzekai/PycharmProjects/TolerDM/results/demandclean/beers/v5_auto_dueling_single/evaluation/v5_auto_dueling_single_clean_vs_dirty.csv
/Users/qianzekai/PycharmProjects/TolerDM/results/demandclean/beers/v5_auto_dueling_single/evaluation/v5_auto_dueling_single_dirty_vs_cleaned.csv
/Users/qianzekai/PycharmProjects/TolerDM/results/demandclean/beers/v5_auto_dueling_single/evaluation/v5_auto_dueling_single_clean_vs_cleaned.csv
修复错误数据文件已保存到: /Users/qianzekai/PycharmProjects/TolerDM/results/demandclean/beers/v5_auto_dueling_single/evaluation/v5_auto_dueling_single_repair_errors.csv
未修复但是应该修复数据文件已保存到: /Users/qianzekai/PycharmProjects/TolerDM/results/demandclean/beers/v5_auto_dueling_single/evaluation/v5_auto_dueling_single_unrepaired.csv
修复准确率: 0.17073170731707318, 修复召回率: 0.05045045045045045, F1值: 0.07788595267688664
========================================
EDR 结果已保存到: /Users/qianzekai/PycharmProjects/TolerDM/results/demandclean/beers/v5_auto_dueling_single/evaluation/v5_auto_dueling_single_edr_evaluation.txt
错误减少率 (EDR): -0.1873873873873874
========================================
混合距离结果已保存到: /Users/qianzekai/PycharmProjects/TolerDM/results/demandclean/beers/v5_auto_dueling_single/evaluation/v5_auto_dueling_single_hybrid_distance_evaluation.txt
混合距离 (Hybrid Distance): 0.055497864607920125
========================================
R-EDR 结果已保存到: /Users/qianzekai/PycharmProjects/TolerDM/results/demandclean/beers/v5_auto_dueling_single/evaluation/v5_auto_dueling_single_record_based_edr_evaluation.txt
基于条目的错误减少率 (R-EDR): 0.016597510373443983
========================================

[2/5] 下游任务性能 (classification)
--------------------------------------------------
警告: 清洗后数据行数(482)与干净数据行数(2410)不一致
将使用清洗后数据自身进行评估（行对齐）
通过索引对齐，使用 482 行数据进行评估
RF - Accuracy: 0.3299, F1: 0.2553, Precision: 0.2234, Recall: 0.3299
LR - Accuracy: 0.2577, F1: 0.1924, Precision: 0.1566, Recall: 0.2577
SVM - Accuracy: 0.2990, F1: 0.1924, Precision: 0.1591, Recall: 0.2990
KNN - Accuracy: 0.2268, F1: 0.1776, Precision: 0.1513, Recall: 0.2268
DT - Accuracy: 0.2784, F1: 0.2846, Precision: 0.3289, Recall: 0.2784
GB - Accuracy: 0.2784, F1: 0.2730, Precision: 0.3307, Recall: 0.2784

[3/5] 模型容忍度
--------------------------------------------------

容忍度计算结果:
  P_do_nothing (脏数据性能): 0.3797
  P_demand_clean (清洗后性能): 0.2887
  P_repair_all (完全修复性能): 0.3859
  先验容忍度 (Tolerance_prior): 0.7603
  后验容忍度 (Tolerance_post): -14.6220

[4/5] Snoopy上界评估
--------------------------------------------------
Snoopy模块可用，正在评估数据质量上界...
  脏数据上界: 0.2606
  清洗后上界: 0.2759
  干净数据上界: 0.2581
  上界提升比例: -6.1626

[5/5] 真值使用成本
--------------------------------------------------
  方法类型: Type 1 (全自动)
  实际真值使用: 0
  理想最小成本: 28
  总修改单元格: 516
  正确修复: 28
  错误修复: 488

======================================================================
测评完成，结果已保存到: /Users/qianzekai/PycharmProjects/TolerDM/results/demandclean/beers/v5_auto_dueling_single/evaluation/v5_auto_dueling_single_evaluation_results.txt
======================================================================
  统一测评完成，结果已保存到: /Users/qianzekai/PycharmProjects/TolerDM/results/demandclean/beers/v5_auto_dueling_single/v5_auto_dueling_single_evaluation_results.txt

[Step 10] 真值成本汇总...
  RAHA 检测成本: 20
  Agent 修复成本: 0
  总成本: 20 / 19280 cells = 0.1037%

  [输出] 报告已保存: /Users/qianzekai/PycharmProjects/TolerDM/results/demandclean/beers/v5_auto_dueling_single/report/v5_auto_dueling_single_report.json

  版本 v5_auto_dueling_single 完成! 耗时: 55.27s
  输出目录: /Users/qianzekai/PycharmProjects/TolerDM/results/demandclean/beers/v5_auto_dueling_single

  只有 1 个版本完成，跳过跨版本对比

======================================================================
全部完成! 总耗时: 100.63s
结果目录: /Users/qianzekai/PycharmProjects/TolerDM/results/demandclean
日志文件: /Users/qianzekai/PycharmProjects/TolerDM/logs/demandclean/beers_ep3_20260225_011354.log
======================================================================
