[日志] 完整输出将保存到: /Users/qianzekai/PycharmProjects/TolerDM/logs/demandclean/beers_ep400_20260228_025547.log
======================================================================
DemandClean 统一运行脚本
======================================================================
数据集: ['beers']
启用版本: ['v6_auto_dueling_two']
训练轮数: 400
详细输出: True
======================================================================

######################################################################
# 数据集: beers
######################################################################
  数据集: beers
  脏数据: (2410, 8), 干净数据: (2410, 8)
  特征列: 8, 标签列: style
  FD规则: 0 条

======================================================================
版本: v6_auto_dueling_two
数据集: beers | 任务: classification | 模型: random_forest
检测器: auto | Agent: dueling_two_stage | 推理: two_phase
训练轮数: 400 | 输出目录: /Users/qianzekai/PycharmProjects/TolerDM/results/demandclean/beers/v6_auto_dueling_two
======================================================================

[Step 1] 创建 DemandClean 实例...
  [计时] Step 1 (初始化): 0.00s

[Step 2] 训练 (400 episodes)...

[AutoDetector] 初始化
  RAHA 来源: pip:raha
  RAHA 可用: True
  CSV 路径: /Users/qianzekai/PycharmProjects/TolerDM/data/beers/dirty_index.csv
  FD 规则: 4 条
  规则文件: /Users/qianzekai/PycharmProjects/TolerDM/data/beers/rules.txt
  规则摘要: ParsedRules(DOMAIN=4, FD=4)
  缺失值: 4299 个
  标签缺失(NaN): 4 个

[检测] 在原始 CSV 上运行 RAHA (labeling_budget=20)...
  [RAHA] 数据规模: 2410 行 × 11 列
547 strategy profiles are collected.
43 Features are generated for column 0.
43 Features are generated for column 1.
129 Features are generated for column 2.
105 Features are generated for column 3.
70 Features are generated for column 4.
58 Features are generated for column 5.
51 Features are generated for column 6.
72 Features are generated for column 7.
104 Features are generated for column 8.
106 Features are generated for column 9.
76 Features are generated for column 10.
A hierarchical clustering model is built for column 0.
A hierarchical clustering model is built for column 1.
A hierarchical clustering model is built for column 2.
A hierarchical clustering model is built for column 3.
A hierarchical clustering model is built for column 4.
A hierarchical clustering model is built for column 5.
A hierarchical clustering model is built for column 6.
A hierarchical clustering model is built for column 7.
A hierarchical clustering model is built for column 8.
A hierarchical clustering model is built for column 9.
A hierarchical clustering model is built for column 10.
Tuple 1755 is sampled.
Tuple 1755 is labeled.
Tuple 651 is sampled.
Tuple 651 is labeled.
Tuple 17 is sampled.
Tuple 17 is labeled.
Tuple 1051 is sampled.
Tuple 1051 is labeled.
Tuple 691 is sampled.
Tuple 691 is labeled.
Tuple 335 is sampled.
Tuple 335 is labeled.
Tuple 1750 is sampled.
Tuple 1750 is labeled.
Tuple 1969 is sampled.
Tuple 1969 is labeled.
Tuple 1349 is sampled.
Tuple 1349 is labeled.
Tuple 1387 is sampled.
Tuple 1387 is labeled.
Tuple 478 is sampled.
Tuple 478 is labeled.
Tuple 2163 is sampled.
Tuple 2163 is labeled.
Tuple 326 is sampled.
Tuple 326 is labeled.
Tuple 585 is sampled.
Tuple 585 is labeled.
Tuple 1409 is sampled.
Tuple 1409 is labeled.
Tuple 367 is sampled.
Tuple 367 is labeled.
Tuple 2090 is sampled.
Tuple 2090 is labeled.
Tuple 1482 is sampled.
Tuple 1482 is labeled.
Tuple 470 is sampled.
Tuple 470 is labeled.
Tuple 2278 is sampled.
Tuple 2278 is labeled.
The number of labeled data cells increased from 220 to 25595.
A classifier is trained and applied on column 0.
A classifier is trained and applied on column 1.
A classifier is trained and applied on column 2.
A classifier is trained and applied on column 3.
A classifier is trained and applied on column 4.
A classifier is trained and applied on column 5.
A classifier is trained and applied on column 6.
A classifier is trained and applied on column 7.
A classifier is trained and applied on column 8.
A classifier is trained and applied on column 9.
A classifier is trained and applied on column 10.
  RAHA 检测结果: 3114 个单元格
  Precision=0.9965  Recall=0.9241  F1=0.9589
  RAHA 标注行数: 20 (labeling_budget=20)
  RAHA 标签错误: 12 行
  句法错误(RAHA): 0 个
  DOMAIN 规则检测: 3 个句法错误 (特征列, 超出值域)
  DOMAIN 规则检测: 2 个标签错误
  句法错误(RAHA+REGEX+DOMAIN): 3 个
  FD 规则检测: 172 个语义错误
  语义错误: 172 个 (FD)
  标签噪声: 16 个 (NaN=4, 规则=12)

  检测总结: 4490 个错误 (缺失=4299, 句法=3, 语义=172, 标签噪声=16)
  模型已保存: /Users/qianzekai/PycharmProjects/TolerDM/results/demandclean/beers/v6_auto_dueling_two/model/v6_auto_dueling_two_agent.pt
  训练历史已保存: /Users/qianzekai/PycharmProjects/TolerDM/results/demandclean/beers/v6_auto_dueling_two/report/v6_auto_dueling_two_history.json
  [计时] Step 2 (训练): 2462.95s

[Step 3] 推理 (模式: two_phase)...
  [检测缓存命中] 复用上次检测结果 (4490 cells)

============================================================
两阶段推理 - 第一阶段 (Plan)
============================================================
  算法: Dueling Double DQN (Two Stage)
  任务类型: classification
  下游模型: random_forest
  检测到的错误: 4490 个 (missing=4299, semantic=172, syntactic=3, label=16)

  推理进度: [====================] 4490/4490

  动作分布 (共 4490 个错误):
    no_action             4490 (100.0%) ████████████████████████████████████████
    repair_value(计划)         0 (  0.0%) 
    delete                   0 (  0.0%) 
    replace_nearby           0 (  0.0%) 

  需要用户提供 0 个真值
  修复计划: 需要 0 个真值

============================================================
两阶段推理 - 第二阶段 (Execute)
============================================================
  提供的真值数量: 0
  计划修复数量: 0

  执行结果:
    成功匹配真值: 0 / 0
    删除行数: 0
    最终数据行数: 2410
  真值使用: 0
  清洗后数据已保存: /Users/qianzekai/PycharmProjects/TolerDM/results/demandclean/beers/v6_auto_dueling_two/data/v6_auto_dueling_two_cleaned.csv
  原始格式清洗数据已保存: /Users/qianzekai/PycharmProjects/TolerDM/results/demandclean/beers/v6_auto_dueling_two/data/v6_auto_dueling_two_cleaned_original.csv
  [计时] Step 3 (推理): 56.66s

[Step 4] 检测器准确率评估...
  [检测缓存命中] 复用上次检测结果 (4490 cells)

============================================================
检测器准确率评估
============================================================
真实错误总数: 4427 (缺失: 4299, 值错误: 128)
检测报告总数: 4474 (missing: 4299, syntactic: 3, semantic: 172)
------------------------------------------------------------

  [总体]
    Precision = 0.9855  |  Recall = 0.9959  |  F1 = 0.9907
    TP=4409  FP=65  FN=18  (GT=4427, Det=4474)

  [缺失值 (missing)]
    Precision = 1.0000  |  Recall = 1.0000  |  F1 = 1.0000
    TP=4299  FP=0  FN=0  (GT=4299, Det=4299)

  [句法错误 (syntactic)]
    Precision = 0.0000  |  Recall = 0.0000  |  F1 = 0.0000
    TP=0  FP=3  FN=128  (GT=128, Det=3)

  [语义错误 (semantic)]
    Precision = 0.6395  |  Recall = 0.8594  |  F1 = 0.7333
    TP=110  FP=62  FN=18  (GT=128, Det=172)

  [值错误合并 (syntactic+semantic)]
    Precision = 0.6286  |  Recall = 0.8594  |  F1 = 0.7261
    TP=110  FP=65  FN=18  (GT=128, Det=175)
  [计时] Step 4 (检测器评估): 0.21s

[Step 5] Baseline 评估与可视化...
  DeleteFix: 删除 1928 行, 保留 482 行
  统一测试集: 482 行 (从 2410 行 clean 数据固定划分)

============================================================
Baseline 对比评估 - v6_auto_dueling_two
============================================================
  NoFix          : rf_accuracy=0.888 | rf_f1=0.8807 | lr_accuracy=0.2137 | lr_f1=0.1266
  DeleteAll: 数据不足(0行)，跳过
  DeleteFix      : rf_accuracy=0.417 | rf_f1=0.3646 | lr_accuracy=0.2137 | lr_f1=0.1852
  ReplaceAll     : rf_accuracy=0.888 | rf_f1=0.8807 | lr_accuracy=0.2137 | lr_f1=0.1266
  DemandClean    : rf_accuracy=0.8734 | rf_f1=0.8706 | lr_accuracy=0.2261 | lr_f1=0.1299
  FullFix        : rf_accuracy=0.9979 | rf_f1=0.9978 | lr_accuracy=0.2199 | lr_f1=0.1321
  [可视化] Baseline 对比图已保存: /Users/qianzekai/PycharmProjects/TolerDM/results/demandclean/beers/v6_auto_dueling_two/visualization/v6_auto_dueling_two_baseline_comparison.png
  [计时] Step 5 (Baseline评估): 260.07s

[Step 6] 模型容忍度评估...
============================================================
模型容忍度计算 - v6_auto_dueling_two
任务类型: classification  |  模型列表: ['rf', 'lr']
============================================================

--- 模型: RF ---
  P_clean  = 0.3776
  P_dirty  = 0.3465
  P_dc     = 0.3568
  先验容忍度 (P_dc / P_dirty)            = 1.0299
  后验容忍度 (P_dc-P_dirty)/(P_clean-P_dirty) = 0.3333

--- 模型: LR ---
  P_clean  = 0.2054
  P_dirty  = 0.1971
  P_dc     = 0.2137
  先验容忍度 (P_dc / P_dirty)            = 1.0842
  后验容忍度 (P_dc-P_dirty)/(P_clean-P_dirty) = 2.0000
  容忍度柱状图已保存: /Users/qianzekai/PycharmProjects/TolerDM/results/demandclean/beers/v6_auto_dueling_two/visualization/v6_auto_dueling_two_tolerance_bar.png
  [计时] Step 6 (容忍度评估): 183.31s

[Step 7] Shapley 三维度分析...
============================================================
DemandClean - 三维度 Shapley 分析
============================================================
  数据: 2410 行 x 8 列
  错误数: 4490
  错误分布: {'missing': 4299, 'semantic': 172, 'syntactic': 3, 'unknown': 16}
  输出目录: /Users/qianzekai/PycharmProjects/TolerDM/results/demandclean/beers/v6_auto_dueling_two/evaluation/shapley

[Shapley] 维度1: 动作重要性 (精确枚举 4!=24 排列) ...
[Shapley] 图表已保存: /Users/qianzekai/PycharmProjects/TolerDM/results/demandclean/beers/v6_auto_dueling_two/evaluation/shapley/shapley_action_importance.png
  动作重要性 Shapley 值:
    no_action           : +0.000000
    repair_value        : +0.000000
    delete              : +0.000000
    replace_nearby      : +0.000000

[Shapley] 维度2: 跳过特征 Shapley（计算量过大，仅保留维度1和维度3）
[Shapley] 维度3: 错误类型重要性 (精确枚举 4!=24 排列) ...
[Shapley] 图表已保存: /Users/qianzekai/PycharmProjects/TolerDM/results/demandclean/beers/v6_auto_dueling_two/evaluation/shapley/shapley_error_type_importance.png
  错误类型重要性 Shapley 值:
    missing             : +0.000000
    semantic            : +0.000000
    syntactic           : +0.000000
    label_noise         : +0.000000

[Shapley] JSON 结果已保存: /Users/qianzekai/PycharmProjects/TolerDM/results/demandclean/beers/v6_auto_dueling_two/evaluation/shapley/shapley_results.json
[Shapley] Markdown 报告已保存: /Users/qianzekai/PycharmProjects/TolerDM/results/demandclean/beers/v6_auto_dueling_two/evaluation/shapley/shapley_report.md

============================================================
Shapley 分析完成!
============================================================
# Shapley Value Analysis Report

- 数据规模: 2410 行 × 8 列
- 错误总数: 4490
- 任务类型: classification (random_forest)
- MC 采样次数: 200

## 维度 1: 动作重要性 (Action Importance)

| 排名 | 动作 | Shapley 值 | 占比 | 方向 |
|------|------|-----------|------|------|
| 1 | no_action | +0.000000 | 0.0% | — 无影响 |
| 2 | repair_value | +0.000000 | 0.0% | — 无影响 |
| 3 | delete | +0.000000 | 0.0% | — 无影响 |
| 4 | replace_nearby | +0.000000 | 0.0% | — 无影响 |

**结论**: 最有效的清洗动作是 **no_action**

## 维度 2: 特征重要性 (Feature Importance)

| 排名 | 特征 | Shapley 值 | 占比 | 清洗价值 |
|------|------|-----------|------|---------|
| 1 | beer_name | +0.000000 | 0.0% | — 可忽略 |
| 2 | ounces | +0.000000 | 0.0% | — 可忽略 |
| 3 | abv | +0.000000 | 0.0% | — 可忽略 |
| 4 | ibu | +0.000000 | 0.0% | — 可忽略 |
| 5 | brewery_id | +0.000000 | 0.0% | — 可忽略 |
| 6 | brewery_name | +0.000000 | 0.0% | — 可忽略 |
| 7 | city | +0.000000 | 0.0% | — 可忽略 |
| 8 | state | +0.000000 | 0.0% | — 可忽略 |

**结论**: 
- 清洗价值极低的特征: beer_name, ounces, abv（清洗它们几乎不影响性能）

## 维度 3: 错误类型重要性 (Error Type Importance)

| 排名 | 错误类型 | Shapley 值 | 占比 | 优先级 |
|------|---------|-----------|------|--------|
| 1 | missing | +0.000000 | 0.0% | 🟢 低 |
| 2 | semantic | +0.000000 | 0.0% | 🟢 低 |
| 3 | syntactic | +0.000000 | 0.0% | 🟢 低 |
| 4 | label_noise | +0.000000 | 0.0% | 🟢 低 |

**结论**: 对下游性能影响最大的错误类型是 **missing**，检测器应优先识别此类错误。

## 综合清洗建议



  输出文件:
    /Users/qianzekai/PycharmProjects/TolerDM/results/demandclean/beers/v6_auto_dueling_two/evaluation/shapley/shapley_action_importance.png
    /Users/qianzekai/PycharmProjects/TolerDM/results/demandclean/beers/v6_auto_dueling_two/evaluation/shapley/shapley_feature_importance.png
    /Users/qianzekai/PycharmProjects/TolerDM/results/demandclean/beers/v6_auto_dueling_two/evaluation/shapley/shapley_error_type_importance.png
    /Users/qianzekai/PycharmProjects/TolerDM/results/demandclean/beers/v6_auto_dueling_two/evaluation/shapley/shapley_results.json
    /Users/qianzekai/PycharmProjects/TolerDM/results/demandclean/beers/v6_auto_dueling_two/evaluation/shapley/shapley_report.md
============================================================
  [计时] Step 7 (Shapley分析): 1054.79s

[Step 8] 训练曲线可视化...
  [可视化] 训练曲线已保存: /Users/qianzekai/PycharmProjects/TolerDM/results/demandclean/beers/v6_auto_dueling_two/visualization/v6_auto_dueling_two_training_curves.png
  [计时] Step 8 (训练曲线): 6.27s

[Step 9] Clean4MLBaseline 统一测评...
======================================================================
Clean4MLBaseline 统一测评 - v6_auto_dueling_two
======================================================================

[1/5] 传统清洗指标
--------------------------------------------------
差异文件已保存到:
/Users/qianzekai/PycharmProjects/TolerDM/results/demandclean/beers/v6_auto_dueling_two/evaluation/v6_auto_dueling_two_clean_vs_dirty.csv
/Users/qianzekai/PycharmProjects/TolerDM/results/demandclean/beers/v6_auto_dueling_two/evaluation/v6_auto_dueling_two_dirty_vs_cleaned.csv
/Users/qianzekai/PycharmProjects/TolerDM/results/demandclean/beers/v6_auto_dueling_two/evaluation/v6_auto_dueling_two_clean_vs_cleaned.csv
修复错误数据文件已保存到: /Users/qianzekai/PycharmProjects/TolerDM/results/demandclean/beers/v6_auto_dueling_two/evaluation/v6_auto_dueling_two_repair_errors.csv
未修复但是应该修复数据文件已保存到: /Users/qianzekai/PycharmProjects/TolerDM/results/demandclean/beers/v6_auto_dueling_two/evaluation/v6_auto_dueling_two_unrepaired.csv
修复准确率: 0.6, 修复召回率: 0.7995830851697439, F1值: 0.6855610876568765
========================================
EDR 结果已保存到: /Users/qianzekai/PycharmProjects/TolerDM/results/demandclean/beers/v6_auto_dueling_two/evaluation/v6_auto_dueling_two_edr_evaluation.txt
错误减少率 (EDR): 0.42823108993448483
========================================
混合距离结果已保存到: /Users/qianzekai/PycharmProjects/TolerDM/results/demandclean/beers/v6_auto_dueling_two/evaluation/v6_auto_dueling_two_hybrid_distance_evaluation.txt
混合距离 (Hybrid Distance): 0.042743450016652675
========================================
R-EDR 结果已保存到: /Users/qianzekai/PycharmProjects/TolerDM/results/demandclean/beers/v6_auto_dueling_two/evaluation/v6_auto_dueling_two_record_based_edr_evaluation.txt
基于条目的错误减少率 (R-EDR): 0.3896265560165975
========================================

[2/5] 下游任务性能 (classification)
--------------------------------------------------
RF - Accuracy: 0.0041, F1: 0.0007, Precision: 0.0004, Recall: 0.0041
LR - Accuracy: 0.0124, F1: 0.0096, Precision: 0.0587, Recall: 0.0124
SVM - Accuracy: 0.0083, F1: 0.0024, Precision: 0.0015, Recall: 0.0083
KNN - Accuracy: 0.0124, F1: 0.0129, Precision: 0.0232, Recall: 0.0124
DT - Accuracy: 0.0041, F1: 0.0030, Precision: 0.0033, Recall: 0.0041
GB - Accuracy: 0.0145, F1: 0.0133, Precision: 0.0228, Recall: 0.0145

[3/5] 模型容忍度
--------------------------------------------------

容忍度计算结果:
  P_do_nothing (脏数据性能): 0.3797
  P_demand_clean (清洗后性能): 0.0083
  P_repair_all (完全修复性能): 0.3859
  先验容忍度 (Tolerance_prior): 0.0219
  后验容忍度 (Tolerance_post): -59.6667

[4/5] Snoopy上界评估
--------------------------------------------------
Snoopy模块可用，正在评估数据质量上界...
  脏数据上界: 0.2606
  清洗后上界: 0.2427
  干净数据上界: 0.2581
  上界提升比例: 7.1667

[5/5] 真值使用成本
--------------------------------------------------
  方法类型: Type 2 (需验证集)
  实际真值使用: 0
  理想最小成本: 294
  总修改单元格: 8119
  正确修复: 294
  错误修复: 7825

======================================================================
测评完成，结果已保存到: /Users/qianzekai/PycharmProjects/TolerDM/results/demandclean/beers/v6_auto_dueling_two/evaluation/v6_auto_dueling_two_evaluation_results.txt
======================================================================
  统一测评完成，结果已保存到: /Users/qianzekai/PycharmProjects/TolerDM/results/demandclean/beers/v6_auto_dueling_two/v6_auto_dueling_two_evaluation_results.txt
  [计时] Step 9 (统一测评): 418.55s

[Step 10] 真值成本汇总...
  RAHA 检测成本: 20
  Agent 修复成本: 0
  总成本: 20 / 19280 cells = 0.1037%
  [计时] Step 10 (成本汇总): 0.00s

──────────────────────────────────────────────────
  步骤计时汇总
──────────────────────────────────────────────────
  Step 1 初始化         │     0.00s
  Step 2 训练          │  2462.95s
  Step 3 推理          │    56.66s
  Step 4 检测器评估       │     0.21s
  Step 5 Baseline评估  │   260.07s
  Step 6 容忍度评估       │   183.31s
  Step 7 Shapley分析   │  1054.79s
  Step 8 训练曲线        │     6.27s
  Step 9 统一测评        │   418.55s
  Step 10 成本汇总        │     0.00s
──────────────────────────────────────────────────
  总计(含可视化)       │  4442.81s
  可视化耗时           │  1062.01s
  净耗时(扣可视化)     │  3380.80s
──────────────────────────────────────────────────

  [输出] 报告已保存: /Users/qianzekai/PycharmProjects/TolerDM/results/demandclean/beers/v6_auto_dueling_two/report/v6_auto_dueling_two_report.json

  版本 v6_auto_dueling_two 完成! 耗时: 3380.80s
  输出目录: /Users/qianzekai/PycharmProjects/TolerDM/results/demandclean/beers/v6_auto_dueling_two

  只有 1 个版本完成，跳过跨版本对比

======================================================================
全部完成! 总耗时: 4443.26s
结果目录: /Users/qianzekai/PycharmProjects/TolerDM/results/demandclean
日志文件: /Users/qianzekai/PycharmProjects/TolerDM/logs/demandclean/beers_ep400_20260228_025547.log
======================================================================
