[16:07:26] INFO: ==================================================
[16:07:26] INFO: DemandClean 训练开始
[16:07:26] INFO:   检测器模式: auto
[16:07:26] INFO:   训练模式: clean_base
[16:07:26] INFO:   Agent类型: dueling_two_stage
[16:07:26] INFO:   推理模式: two_phase
[16:07:26] INFO:   FD规则: 4
[16:07:26] INFO:   丰富规则: 有
[16:07:26] INFO: ==================================================
[16:07:26] INFO: 
[Step 1] 初始化错误检测器...
[16:07:26] INFO: 
[Step 1.5] 运行 RAHA 检测获取标注行...
[16:14:23] INFO:   [预修复] 利用 RAHA 标注行修复 40 个特征单元格 + 1 个标签
[16:14:23] INFO:   标注行: [32, 33, 246, 295, 352, 594, 728, 760, 835, 1051]... (共 20 行)
[16:14:23] INFO: 
[Step 2] 训练 DQN Agent...
[16:14:23] INFO: 开始训练 (dueling_two_stage Agent, mode=clean_base)
[16:14:23] INFO:   任务类型: classification
[16:14:23] INFO:   模型类型: random_forest
[16:14:23] INFO:   原始数据: 2410 行
[16:16:21] INFO:   Clean Base 自动选择 (5-fold CV, 样本保留率加权):
[16:16:21] INFO:     DeleteFix: 482 行, CV=0.3464, 权重=0.447, 加权=0.1549
[16:16:21] INFO:     VE-Fill:   2410 行, CV=0.2714, 权重=1.000, 加权=0.2714
[16:16:21] INFO:     → 选择 VE-Fill (2410 行)
[16:16:21] INFO:   标签注入: 检测到 16 个标签错误, rate=0.007, symmetric=True
[16:16:21] INFO:   自适应注入比例范围 (基于检测结果):
[16:16:21] INFO:     missing: (0.1784, 0.2676)
[16:16:21] INFO:     semantic: (0.0059, 0.0109)
[16:16:21] INFO:     syntactic: (0.0050, 0.0100)
[16:16:21] INFO:     label: (0.0053, 0.0103)
[16:16:26] INFO:   ErrorInjector: rich_rules=True, domain=3, cfd=0, fd=4
[16:16:26] INFO:   Oracle 模式: reward 使用干净验证集 (482 行)
[16:16:26] INFO:   开始训练 DQN (400 episodes, 起始轮=0)...
[17:02:32] INFO:   Episode 50/400: Score=0.3340, Best=0.4046, Eps=0.778
[17:02:32] INFO:     Actions: {'no_action': 158, 'repair_value': 79, 'delete': 303, 'replace_nearby': 86}
[17:42:17] INFO:   Episode 100/400: Score=0.3672, Best=0.4046, Eps=0.606
[17:42:17] INFO:     Actions: {'no_action': 119, 'repair_value': 101, 'delete': 173, 'replace_nearby': 219}
[18:22:07] INFO:   Episode 150/400: Score=0.3320, Best=0.4046, Eps=0.471
[18:22:07] INFO:     Actions: {'no_action': 106, 'repair_value': 86, 'delete': 392, 'replace_nearby': 31}
[18:57:55] INFO:   Episode 200/400: Score=0.3568, Best=0.4046, Eps=0.367
[18:57:55] INFO:     Actions: {'no_action': 430, 'repair_value': 12, 'delete': 152, 'replace_nearby': 70}
[19:33:29] INFO:   Episode 250/400: Score=0.3734, Best=0.4212, Eps=0.286
[19:33:29] INFO:     Actions: {'no_action': 319, 'repair_value': 39, 'delete': 45, 'replace_nearby': 153}
[20:09:46] INFO:   Episode 300/400: Score=0.3382, Best=0.4212, Eps=0.222
[20:09:46] INFO:     Actions: {'no_action': 34, 'repair_value': 60, 'delete': 354, 'replace_nearby': 24}
[20:51:23] INFO:   Episode 350/400: Score=0.3942, Best=0.4212, Eps=0.173
[20:51:23] INFO:     Actions: {'no_action': 375, 'repair_value': 129, 'delete': 24, 'replace_nearby': 15}
[21:38:15] INFO:   Episode 400/400: Score=0.3714, Best=0.4212, Eps=0.135
[21:38:15] INFO:     Actions: {'no_action': 25, 'repair_value': 5, 'delete': 452, 'replace_nearby': 47}
[21:38:15] INFO: 
已恢复最佳模型权重 (Episode 231, Score=0.4212, Cost=78)
[21:38:15] INFO: 
训练完成! 最佳分数: 0.4212 (共 400 episodes)
[21:38:15] INFO:   最佳动作分布: {'no_action': 50, 'repair_value': 78, 'delete': 344, 'replace_nearby': 47}
[21:38:15] INFO: 
训练完成!
[21:38:15] INFO: 模型已保存: /Users/qianzekai/PycharmProjects/TolerDM/results/demandclean/beers/v6_auto_dueling_two/model/v6_auto_dueling_two_agent.pt
[21:38:15] INFO: 
==================================================
[21:38:15] INFO: 两阶段推理 - 第一阶段 (Plan)
[21:38:15] INFO: ==================================================
[1;34m[23:25:02][0m[1;33m WARNING Snoopy may use all CPU cores! Set env. variable 'SNOOPY_LIMIT_CPU' to 'y' to limit CPU usage. [0m[1;34m(__init__ -> _init_tf_pytorch on MainThread)[0m
[1;34m[23:25:02][0m[2;37m DEBUG   TensorFlow sees: 1 Physical GPUs, 1 Logical GPUs [0m[1;34m(__init__ -> _init_tf_pytorch on MainThread)[0m
