[01:09:40] INFO: ==================================================
[01:09:40] INFO: DemandClean 训练开始
[01:09:40] INFO:   检测器模式: auto
[01:09:40] INFO:   训练模式: clean_base
[01:09:40] INFO:   Agent类型: dueling_two_stage
[01:09:40] INFO:   推理模式: two_phase
[01:09:40] INFO:   FD规则: 4
[01:09:40] INFO:   丰富规则: 有
[01:09:40] INFO: ==================================================
[01:09:40] INFO: 
[Step 1] 初始化错误检测器...
[01:09:40] INFO: 
[Step 1.5] 运行 RAHA 检测获取标注行...
[01:14:20] INFO:   [预修复] 利用 RAHA 标注行修复 40 个特征单元格 + 2 个标签
[01:14:20] INFO:   标注行: [36, 61, 271, 464, 480, 766, 920, 1051, 1152, 1205]... (共 20 行)
[01:14:20] INFO: 
[Step 2] 训练 DQN Agent...
[01:14:20] INFO: 开始训练 (dueling_two_stage Agent, mode=clean_base)
[01:14:20] INFO:   任务类型: classification
[01:14:20] INFO:   模型类型: random_forest
[01:14:20] INFO:   原始数据: 2410 行
[01:15:38] INFO:   Clean Base 自动选择 (5-fold CV, 样本保留率加权):
[01:15:38] INFO:     DeleteFix: 482 行, CV=0.3526, 权重=0.447, 加权=0.1577
[01:15:38] INFO:     VE-Fill:   2410 行, CV=0.2755, 权重=1.000, 加权=0.2755
[01:15:38] INFO:     → 选择 VE-Fill (2410 行)
[01:15:38] INFO:   标签注入: 检测到 20 个标签错误, rate=0.008, symmetric=True
[01:15:38] INFO:   自适应注入比例范围 (基于检测结果):
[01:15:38] INFO:     missing: (0.1784, 0.2676)
[01:15:38] INFO:     semantic: (0.0071, 0.0121)
[01:15:38] INFO:     syntactic: (0.0050, 0.0100)
[01:15:38] INFO:     label: (0.0066, 0.0116)
[01:15:42] INFO:   ErrorInjector: rich_rules=True, domain=3, cfd=0, fd=4
[01:15:42] INFO:   Oracle 模式: reward 使用干净验证集 (482 行)
[01:15:42] INFO:   开始训练 DQN (400 episodes, 起始轮=0)...
[02:17:08] INFO:   Episode 50/400: Score=0.3174, Best=0.3838, Eps=0.778
[02:17:08] INFO:     Actions: {'no_action': 211, 'repair_value': 58, 'delete': 229, 'replace_nearby': 129}
[03:04:42] INFO:   Episode 100/400: Score=0.3568, Best=0.4066, Eps=0.606
[03:04:42] INFO:     Actions: {'no_action': 183, 'repair_value': 91, 'delete': 242, 'replace_nearby': 54}
[03:52:36] INFO:   Episode 150/400: Score=0.4025, Best=0.4066, Eps=0.471
[03:52:36] INFO:     Actions: {'no_action': 128, 'repair_value': 104, 'delete': 107, 'replace_nearby': 289}
[04:43:28] INFO:   Episode 200/400: Score=0.3444, Best=0.4066, Eps=0.367
[04:43:28] INFO:     Actions: {'no_action': 93, 'repair_value': 45, 'delete': 468, 'replace_nearby': 38}
[06:47:25] INFO:   Episode 250/400: Score=0.3838, Best=0.4108, Eps=0.286
[06:47:25] INFO:     Actions: {'no_action': 53, 'repair_value': 334, 'delete': 76, 'replace_nearby': 100}
[07:33:08] INFO:   Episode 300/400: Score=0.3278, Best=0.4129, Eps=0.222
[07:33:08] INFO:     Actions: {'no_action': 530, 'repair_value': 47, 'delete': 53, 'replace_nearby': 9}
[08:14:26] INFO:   Episode 350/400: Score=0.3693, Best=0.4129, Eps=0.173
[08:14:26] INFO:     Actions: {'no_action': 63, 'repair_value': 56, 'delete': 45, 'replace_nearby': 517}
[09:07:55] INFO:   Episode 400/400: Score=0.3320, Best=0.4129, Eps=0.135
[09:07:55] INFO:     Actions: {'no_action': 502, 'repair_value': 1, 'delete': 27, 'replace_nearby': 19}
[09:07:55] INFO: 
已恢复最佳模型权重 (Episode 258, Score=0.4129, Cost=73)
[09:07:55] INFO: 
训练完成! 最佳分数: 0.4129 (共 400 episodes)
[09:07:55] INFO:   最佳动作分布: {'no_action': 51, 'repair_value': 73, 'delete': 57, 'replace_nearby': 374}
[09:07:55] INFO: 
训练完成!
[09:07:55] INFO: 模型已保存: /Users/qianzekai/PycharmProjects/TolerDM/results/demandclean/beers/v6_auto_dueling_two/model/v6_auto_dueling_two_agent.pt
[09:07:55] INFO: 
==================================================
[09:07:55] INFO: 两阶段推理 - 第一阶段 (Plan)
[09:07:55] INFO: ==================================================
