[日志] 完整输出将保存到: /Users/qianzekai/PycharmProjects/TolerDM/logs/demandclean/beers_ep3_20260224_214748.log
======================================================================
DemandClean 统一运行脚本
======================================================================
数据集: ['beers']
启用版本: ['v4_oracle_plain_two']
训练轮数: 3
详细输出: False
======================================================================

######################################################################
# 数据集: beers
######################################################################
  数据集: beers
  脏数据: (2410, 8), 干净数据: (2410, 8)
  特征列: 8, 标签列: style
  FD规则: 0 条

======================================================================
版本: v4_oracle_plain_two
数据集: beers | 任务: classification | 模型: random_forest
检测器: oracle | Agent: single_stage | 推理: two_phase
训练轮数: 3 | 输出目录: /Users/qianzekai/PycharmProjects/TolerDM/results/demandclean/beers/v4_oracle_plain_two
======================================================================

[Step 1] 创建 DemandClean 实例...

[Step 2] 训练 (3 episodes)...
  模型已保存: /Users/qianzekai/PycharmProjects/TolerDM/results/demandclean/beers/v4_oracle_plain_two/model/v4_oracle_plain_two_agent.pt
  训练历史已保存: /Users/qianzekai/PycharmProjects/TolerDM/results/demandclean/beers/v4_oracle_plain_two/report/v4_oracle_plain_two_history.json

[Step 3] 推理 (模式: two_phase)...
  修复计划: 需要 0 个真值
  真值使用: 0
  清洗后数据已保存: /Users/qianzekai/PycharmProjects/TolerDM/results/demandclean/beers/v4_oracle_plain_two/data/v4_oracle_plain_two_cleaned.csv
  原始格式清洗数据已保存: /Users/qianzekai/PycharmProjects/TolerDM/results/demandclean/beers/v4_oracle_plain_two/data/v4_oracle_plain_two_cleaned_original.csv

[Step 4] 检测器准确率评估...

[Step 5] Baseline 评估与可视化...
  DeleteFix: 删除 1928 行, 保留 482 行

============================================================
Baseline 对比评估 - v4_oracle_plain_two
============================================================
  NoFix          : rf_accuracy=0.3693 | rf_f1=0.3307 | lr_accuracy=0.2635 | lr_f1=0.1761
  DeleteAll      : rf_accuracy=0.4528 | rf_f1=0.3939 | lr_accuracy=0.3283 | lr_f1=0.2568
  DeleteFix      : rf_accuracy=0.4433 | rf_f1=0.4166 | lr_accuracy=0.3505 | lr_f1=0.3194
  ReplaceAll     : rf_accuracy=0.3693 | rf_f1=0.3307 | lr_accuracy=0.2635 | lr_f1=0.1761
  DemandClean    : rf_accuracy=0.4227 | rf_f1=0.3582 | lr_accuracy=0.3608 | lr_f1=0.2937
  FullFix        : rf_accuracy=0.3734 | rf_f1=0.3361 | lr_accuracy=0.2635 | lr_f1=0.1749
  [可视化] Baseline 对比图已保存: /Users/qianzekai/PycharmProjects/TolerDM/results/demandclean/beers/v4_oracle_plain_two/visualization/v4_oracle_plain_two_baseline_comparison.png

[Step 6] 模型容忍度评估...
============================================================
模型容忍度计算 - v4_oracle_plain_two
任务类型: classification  |  模型列表: ['rf', 'lr']
============================================================

--- 模型: RF ---
  P_clean  = 0.3817
  P_dirty  = 0.3838
  P_dc     = 0.0602
  先验容忍度 (P_dc / P_dirty)            = 0.1568
  后验容忍度 (P_dc-P_dirty)/(P_clean-P_dirty) = 156.0000

--- 模型: LR ---
  P_clean  = 0.2718
  P_dirty  = 0.2801
  P_dc     = 0.1349
  先验容忍度 (P_dc / P_dirty)            = 0.4815
  后验容忍度 (P_dc-P_dirty)/(P_clean-P_dirty) = 17.5000
  容忍度柱状图已保存: /Users/qianzekai/PycharmProjects/TolerDM/results/demandclean/beers/v4_oracle_plain_two/visualization/v4_oracle_plain_two_tolerance_bar.png

[Step 7] Shapley 三维度分析...
[Shapley] 维度1: 动作重要性 (精确枚举 4!=24 排列) ...
[Shapley] 图表已保存: /Users/qianzekai/PycharmProjects/TolerDM/results/demandclean/beers/v4_oracle_plain_two/evaluation/shapley/shapley_action_importance.png
[Shapley] 维度2: 跳过特征 Shapley（计算量过大，仅保留维度1和维度3）
[Shapley] 维度3: 错误类型重要性 (精确枚举 3!=6 排列) ...
[Shapley] 图表已保存: /Users/qianzekai/PycharmProjects/TolerDM/results/demandclean/beers/v4_oracle_plain_two/evaluation/shapley/shapley_error_type_importance.png

[Step 8] 训练曲线可视化...
  [可视化] 训练曲线已保存: /Users/qianzekai/PycharmProjects/TolerDM/results/demandclean/beers/v4_oracle_plain_two/visualization/v4_oracle_plain_two_training_curves.png

[Step 9] Clean4MLBaseline 统一测评...
差异文件已保存到:
/Users/qianzekai/PycharmProjects/TolerDM/results/demandclean/beers/v4_oracle_plain_two/evaluation/v4_oracle_plain_two_clean_vs_dirty.csv
/Users/qianzekai/PycharmProjects/TolerDM/results/demandclean/beers/v4_oracle_plain_two/evaluation/v4_oracle_plain_two_dirty_vs_cleaned.csv
/Users/qianzekai/PycharmProjects/TolerDM/results/demandclean/beers/v4_oracle_plain_two/evaluation/v4_oracle_plain_two_clean_vs_cleaned.csv
修复错误数据文件已保存到: /Users/qianzekai/PycharmProjects/TolerDM/results/demandclean/beers/v4_oracle_plain_two/evaluation/v4_oracle_plain_two_repair_errors.csv
未修复但是应该修复数据文件已保存到: /Users/qianzekai/PycharmProjects/TolerDM/results/demandclean/beers/v4_oracle_plain_two/evaluation/v4_oracle_plain_two_unrepaired.csv
修复准确率: 0.0, 修复召回率: 0.0, F1值: 0.0
========================================
EDR 结果已保存到: /Users/qianzekai/PycharmProjects/TolerDM/results/demandclean/beers/v4_oracle_plain_two/evaluation/v4_oracle_plain_two_edr_evaluation.txt
错误减少率 (EDR): -0.046875
========================================
混合距离结果已保存到: /Users/qianzekai/PycharmProjects/TolerDM/results/demandclean/beers/v4_oracle_plain_two/evaluation/v4_oracle_plain_two_hybrid_distance_evaluation.txt
混合距离 (Hybrid Distance): 0.06402682568542323
========================================
R-EDR 结果已保存到: /Users/qianzekai/PycharmProjects/TolerDM/results/demandclean/beers/v4_oracle_plain_two/evaluation/v4_oracle_plain_two_record_based_edr_evaluation.txt
基于条目的错误减少率 (R-EDR): 0.0
========================================
警告: 清洗后数据行数(482)与干净数据行数(2410)不一致
将使用清洗后数据自身进行评估（行对齐）
通过索引对齐，使用 482 行数据进行评估
RF - Accuracy: 0.3711, F1: 0.3244, Precision: 0.2966, Recall: 0.3711
LR - Accuracy: 0.3402, F1: 0.2775, Precision: 0.2362, Recall: 0.3402
SVM - Accuracy: 0.2784, F1: 0.1803, Precision: 0.1387, Recall: 0.2784
KNN - Accuracy: 0.2062, F1: 0.1758, Precision: 0.1748, Recall: 0.2062
DT - Accuracy: 0.2887, F1: 0.2982, Precision: 0.3191, Recall: 0.2887
GB - Accuracy: 0.3196, F1: 0.3216, Precision: 0.3560, Recall: 0.3196

容忍度计算结果:
  P_do_nothing (脏数据性能): 0.3797
  P_demand_clean (清洗后性能): 0.5567
  P_repair_all (完全修复性能): 0.3859
  先验容忍度 (Tolerance_prior): 1.4663
  后验容忍度 (Tolerance_post): 28.4433
Snoopy模块可用，正在评估数据质量上界...
  统一测评完成，结果已保存到: /Users/qianzekai/PycharmProjects/TolerDM/results/demandclean/beers/v4_oracle_plain_two/v4_oracle_plain_two_evaluation_results.txt

[Step 10] 真值成本汇总...
  RAHA 检测成本: 0
  Agent 修复成本: 0
  总成本: 0 / 19280 cells = 0.0000%

  [输出] 报告已保存: /Users/qianzekai/PycharmProjects/TolerDM/results/demandclean/beers/v4_oracle_plain_two/report/v4_oracle_plain_two_report.json

  版本 v4_oracle_plain_two 完成! 耗时: 38.24s
  输出目录: /Users/qianzekai/PycharmProjects/TolerDM/results/demandclean/beers/v4_oracle_plain_two

  只有 1 个版本完成，跳过跨版本对比

======================================================================
全部完成! 总耗时: 56.83s
结果目录: /Users/qianzekai/PycharmProjects/TolerDM/results/demandclean
日志文件: /Users/qianzekai/PycharmProjects/TolerDM/logs/demandclean/beers_ep3_20260224_214748.log
======================================================================
