[01:16:39] INFO: ==================================================
[01:16:39] INFO: DemandClean 训练开始
[01:16:39] INFO:   检测器模式: oracle
[01:16:39] INFO:   训练模式: clean_base
[01:16:39] INFO:   Agent类型: single
[01:16:39] INFO:   推理模式: single_phase
[01:16:39] INFO:   FD规则: 4
[01:16:39] INFO:   丰富规则: 有
[01:16:39] INFO: ==================================================
[01:16:39] INFO: 
[Step 1] 初始化错误检测器...
[01:16:39] INFO: 
[Step 1.8] 加载续训模型: /Users/qianzekai/PycharmProjects/TolerDM/results/demandclean/beers/v3_oracle_plain_single/model/v3_oracle_plain_single_agent.pt
[01:16:39] INFO:   已训练 6 episodes, best_score=0.0000, epsilon=0.9704
[01:16:39] INFO: 
[Step 2] 训练 DQN Agent...
[01:16:39] INFO: 续训 (single Agent, mode=clean_base)
[01:16:39] INFO:   任务类型: classification
[01:16:39] INFO:   模型类型: random_forest
[01:16:39] INFO:   原始数据: 2410 行
[01:16:39] INFO:   续训起始轮: 6
[01:16:39] INFO:   基准数据: 1326 行
[01:16:39] INFO:   ErrorInjector: rich_rules=True, domain=3, cfd=0, fd=4
[01:16:39] INFO:   开始训练 DQN (3 episodes, 起始轮=6)...
[01:16:41] INFO: 
已恢复最佳模型权重 (Episode 8, Score=0.0000, Cost=114)
[01:16:41] INFO: 
训练完成! 最佳分数: 0.0000 (共 9 episodes)
[01:16:41] INFO:   最佳动作分布: {'no_action': 93, 'repair_value': 114, 'delete': 112, 'replace_nearby': 109}
[01:16:41] INFO: 
训练完成!
[01:16:41] INFO: 模型已保存: /Users/qianzekai/PycharmProjects/TolerDM/results/demandclean/beers/v3_oracle_plain_single/model/v3_oracle_plain_single_agent.pt
[01:16:41] INFO: 
==================================================
[01:16:41] INFO: 单阶段推理
[01:16:41] INFO: ==================================================
[1;34m[01:17:17][0m[1;33m WARNING Snoopy may use all CPU cores! Set env. variable 'SNOOPY_LIMIT_CPU' to 'y' to limit CPU usage. [0m[1;34m(__init__ -> _init_tf_pytorch on MainThread)[0m
[1;34m[01:17:17][0m[2;37m DEBUG   TensorFlow sees: 1 Physical GPUs, 1 Logical GPUs [0m[1;34m(__init__ -> _init_tf_pytorch on MainThread)[0m
