[21:37:45] INFO: ==================================================
[21:37:45] INFO: DemandClean 训练开始
[21:37:45] INFO:   检测器模式: auto
[21:37:45] INFO:   训练模式: clean_base
[21:37:45] INFO:   Agent类型: dueling_two_stage
[21:37:45] INFO:   推理模式: single_phase
[21:37:45] INFO:   FD规则: 4
[21:37:45] INFO:   丰富规则: 有
[21:37:45] INFO: ==================================================
[21:37:45] INFO: 
[Step 1] 初始化错误检测器...
[21:37:45] INFO: 
[Step 1.5] 运行 RAHA 检测获取标注行...
[21:41:33] INFO:   [预修复] 利用 RAHA 标注行修复 34 个特征单元格 + 1 个标签
[21:41:33] INFO:   标注行: [1, 22, 314, 474, 512, 630, 795, 1051, 1104, 1297]... (共 20 行)
[21:41:33] INFO: 
[Step 2] 训练 DQN Agent...
[21:41:33] INFO: 开始训练 (dueling_two_stage Agent, mode=clean_base)
[21:41:33] INFO:   任务类型: classification
[21:41:33] INFO:   模型类型: random_forest
[21:41:33] INFO:   原始数据: 2410 行
[21:41:33] INFO:   基准数据: 482 行 (DeleteFix 策略: 删除 1928 错误行, 填充 478 个残余 NaN)
[21:41:33] INFO:   标签注入: 检测到 20 个标签错误, rate=0.008, symmetric=True
[21:41:33] INFO:   自适应注入比例范围 (基于检测结果):
[21:41:33] INFO:     missing: (0.1784, 0.2676)
[21:41:33] INFO:     semantic: (0.0071, 0.0121)
[21:41:33] INFO:     syntactic: (0.0050, 0.0100)
[21:41:33] INFO:     label: (0.0066, 0.0116)
[21:41:37] INFO:   ErrorInjector: rich_rules=True, domain=3, cfd=0, fd=4
[21:41:37] INFO:   开始训练 DQN (400 episodes, 起始轮=0)...
[21:51:50] INFO:   Episode 50/400: Score=0.9419, Best=0.9710, Eps=0.778
[21:51:50] INFO:     Actions: {'no_action': 36, 'repair_value': 21, 'delete': 43, 'replace_nearby': 14}
[22:02:17] INFO:   Episode 100/400: Score=0.9564, Best=0.9813, Eps=0.606
[22:02:17] INFO:     Actions: {'no_action': 20, 'repair_value': 13, 'delete': 37, 'replace_nearby': 32}
[22:13:54] INFO:   Episode 150/400: Score=0.9025, Best=0.9813, Eps=0.471
[22:13:54] INFO:     Actions: {'no_action': 18, 'repair_value': 9, 'delete': 66, 'replace_nearby': 19}
[22:24:29] INFO:   Episode 200/400: Score=0.8942, Best=0.9813, Eps=0.367
[22:24:29] INFO:     Actions: {'no_action': 16, 'repair_value': 1, 'delete': 65, 'replace_nearby': 17}
[22:34:02] INFO:   Episode 250/400: Score=0.9232, Best=0.9813, Eps=0.286
[22:34:02] INFO:     Actions: {'no_action': 11, 'repair_value': 7, 'delete': 41, 'replace_nearby': 51}
[22:42:42] INFO:   Episode 300/400: Score=0.9232, Best=0.9813, Eps=0.222
[22:42:42] INFO:     Actions: {'no_action': 10, 'repair_value': 48, 'delete': 45, 'replace_nearby': 7}
[22:51:33] INFO:   Episode 350/400: Score=0.8589, Best=0.9876, Eps=0.173
[22:51:33] INFO:     Actions: {'no_action': 6, 'repair_value': 5, 'delete': 98, 'replace_nearby': 2}
[23:00:13] INFO:   Episode 400/400: Score=0.8900, Best=0.9938, Eps=0.135
[23:00:13] INFO:     Actions: {'no_action': 4, 'repair_value': 4, 'delete': 84, 'replace_nearby': 19}
[23:00:13] INFO: 
已恢复最佳模型权重 (Episode 369, Score=0.9938, Cost=11)
[23:00:13] INFO: 
训练完成! 最佳分数: 0.9938 (共 400 episodes)
[23:00:13] INFO:   最佳动作分布: {'no_action': 3, 'repair_value': 11, 'delete': 7, 'replace_nearby': 83}
[23:00:13] INFO: 
训练完成!
[23:00:13] INFO: 模型已保存: /Users/qianzekai/PycharmProjects/TolerDM/results/demandclean/beers/v5_auto_dueling_single/model/v5_auto_dueling_single_agent.pt
[23:00:13] INFO: 
==================================================
[23:00:13] INFO: 单阶段推理
[23:00:13] INFO: ==================================================
[23:00:13] INFO:   [预修复] 利用 RAHA 标注行修复 34 个特征单元格 + 1 个标签
[23:00:13] INFO:   移除已修复错误: missing=32, syntactic=2, label_noise=1
[1;34m[23:30:22][0m[1;33m WARNING Snoopy may use all CPU cores! Set env. variable 'SNOOPY_LIMIT_CPU' to 'y' to limit CPU usage. [0m[1;34m(__init__ -> _init_tf_pytorch on MainThread)[0m
[1;34m[23:30:22][0m[2;37m DEBUG   TensorFlow sees: 1 Physical GPUs, 1 Logical GPUs [0m[1;34m(__init__ -> _init_tf_pytorch on MainThread)[0m
