[02:55:48] INFO: ==================================================
[02:55:48] INFO: DemandClean 训练开始
[02:55:48] INFO:   检测器模式: auto
[02:55:48] INFO:   训练模式: clean_base
[02:55:48] INFO:   Agent类型: dueling_two_stage
[02:55:48] INFO:   推理模式: two_phase
[02:55:48] INFO:   FD规则: 4
[02:55:48] INFO:   丰富规则: 有
[02:55:48] INFO: ==================================================
[02:55:48] INFO: 
[Step 1] 初始化错误检测器...
[02:55:48] INFO: 
[Step 1.5] 运行 RAHA 检测获取标注行...
[03:00:50] INFO:   [预修复] 利用 RAHA 标注行修复 43 个特征单元格 + 1 个标签
[03:00:50] INFO:   标注行: [17, 326, 335, 367, 470, 478, 585, 651, 691, 1051]... (共 20 行)
[03:00:50] INFO: 
[Step 2] 训练 DQN Agent...
[03:00:50] INFO: 开始训练 (dueling_two_stage Agent, mode=clean_base)
[03:00:50] INFO:   任务类型: classification
[03:00:50] INFO:   模型类型: random_forest
[03:00:50] INFO:   原始数据: 2410 行
[03:00:50] INFO:   基准数据: 482 行 (DeleteFix 策略: 删除 1928 错误行, 填充 481 个残余 NaN)
[03:00:50] INFO:   标签注入: 检测到 16 个标签错误, rate=0.007, symmetric=True
[03:00:50] INFO:   自适应注入比例范围 (基于检测结果):
[03:00:50] INFO:     missing: (0.1784, 0.2676)
[03:00:50] INFO:     semantic: (0.0071, 0.0121)
[03:00:50] INFO:     syntactic: (0.0050, 0.0100)
[03:00:50] INFO:     label: (0.0053, 0.0103)
[03:00:54] INFO:   ErrorInjector: rich_rules=True, domain=3, cfd=0, fd=4
[03:00:54] INFO:   开始训练 DQN (400 episodes, 起始轮=0)...
[03:05:39] INFO:   Episode 50/400: Score=0.7884, Best=0.8071, Eps=0.778
[03:05:39] INFO:     Actions: {'no_action': 48, 'repair_value': 15, 'delete': 36, 'replace_nearby': 20}
[03:10:45] INFO:   Episode 100/400: Score=0.7095, Best=0.8071, Eps=0.606
[03:10:45] INFO:     Actions: {'no_action': 50, 'repair_value': 8, 'delete': 35, 'replace_nearby': 16}
[03:16:33] INFO:   Episode 150/400: Score=0.7510, Best=0.8091, Eps=0.471
[03:16:33] INFO:     Actions: {'no_action': 39, 'repair_value': 5, 'delete': 53, 'replace_nearby': 11}
[03:21:43] INFO:   Episode 200/400: Score=0.7075, Best=0.8091, Eps=0.367
[03:21:43] INFO:     Actions: {'no_action': 95, 'repair_value': 2, 'delete': 22, 'replace_nearby': 5}
[03:25:44] INFO:   Episode 250/400: Score=0.7220, Best=0.8091, Eps=0.286
[03:25:44] INFO:     Actions: {'no_action': 76, 'repair_value': 7, 'delete': 22, 'replace_nearby': 23}
[03:29:33] INFO:   Episode 300/400: Score=0.8071, Best=0.8091, Eps=0.222
[03:29:33] INFO:     Actions: {'no_action': 84, 'repair_value': 0, 'delete': 30, 'replace_nearby': 7}
[03:33:19] INFO:   Episode 350/400: Score=0.7552, Best=0.8091, Eps=0.173
[03:33:19] INFO:     Actions: {'no_action': 107, 'repair_value': 0, 'delete': 9, 'replace_nearby': 6}
[03:36:51] INFO:   Episode 400/400: Score=0.7573, Best=0.8091, Eps=0.135
[03:36:51] INFO:     Actions: {'no_action': 75, 'repair_value': 1, 'delete': 32, 'replace_nearby': 11}
[03:36:51] INFO: 
已恢复最佳模型权重 (Episode 126, Score=0.8091, Cost=6)
[03:36:51] INFO: 
训练完成! 最佳分数: 0.8091 (共 400 episodes)
[03:36:51] INFO:   最佳动作分布: {'no_action': 61, 'repair_value': 6, 'delete': 27, 'replace_nearby': 12}
[03:36:51] INFO: 
训练完成!
[03:36:51] INFO: 模型已保存: /Users/qianzekai/PycharmProjects/TolerDM/results/demandclean/beers/v6_auto_dueling_two/model/v6_auto_dueling_two_agent.pt
[03:36:51] INFO: 
==================================================
[03:36:51] INFO: 两阶段推理 - 第一阶段 (Plan)
[03:36:51] INFO: ==================================================
[1;34m[04:08:25][0m[1;33m WARNING Snoopy may use all CPU cores! Set env. variable 'SNOOPY_LIMIT_CPU' to 'y' to limit CPU usage. [0m[1;34m(__init__ -> _init_tf_pytorch on MainThread)[0m
[1;34m[04:08:25][0m[2;37m DEBUG   TensorFlow sees: 1 Physical GPUs, 1 Logical GPUs [0m[1;34m(__init__ -> _init_tf_pytorch on MainThread)[0m
