[01:04:58] INFO: ==================================================
[01:04:58] INFO: DemandClean 训练开始
[01:04:58] INFO:   检测器模式: auto
[01:04:58] INFO:   训练模式: clean_base
[01:04:58] INFO:   Agent类型: dueling_two_stage
[01:04:58] INFO:   推理模式: two_phase
[01:04:58] INFO:   FD规则: 4
[01:04:58] INFO:   丰富规则: 有
[01:04:58] INFO: ==================================================
[01:04:58] INFO: 
[Step 1] 初始化错误检测器...
[01:04:58] INFO: 
[Step 1.5] 运行 RAHA 检测获取标注行...
[01:05:27] INFO: 
[Step 2] 训练 DQN Agent...
[01:05:27] INFO: 开始训练 (dueling_two_stage Agent, mode=clean_base)
[01:05:27] INFO:   任务类型: classification
[01:05:27] INFO:   模型类型: random_forest
[01:05:27] INFO:   原始数据: 2410 行
[01:05:27] INFO:   基准数据: 1326 行
[01:05:27] INFO:   标签注入: 检测到 78 个标签错误, rate=0.032, symmetric=True
[01:05:27] INFO:   自适应注入比例范围 (基于检测结果):
[01:05:27] INFO:     missing: (0.0496, 0.0744)
[01:05:27] INFO:     semantic: (0.0075, 0.0125)
[01:05:27] INFO:     syntactic: (0.1284, 0.1926)
[01:05:27] INFO:     label: (0.0259, 0.0388)
[01:05:28] INFO:   ErrorInjector: rich_rules=True, domain=3, cfd=0, fd=4
[01:05:28] INFO:   开始训练 DQN (3 episodes, 起始轮=0)...
[01:05:29] INFO: 
已恢复最佳模型权重 (Episode 3, Score=0.0000, Cost=52)
[01:05:29] INFO: 
训练完成! 最佳分数: 0.0000 (共 3 episodes)
[01:05:29] INFO:   最佳动作分布: {'no_action': 106, 'repair_value': 52, 'delete': 106, 'replace_nearby': 62}
[01:05:29] INFO: 
训练完成!
[01:05:29] INFO: 模型已保存: /Users/qianzekai/PycharmProjects/TolerDM/results/demandclean/beers/v6_auto_dueling_two/model/v6_auto_dueling_two_agent.pt
[01:05:29] INFO: 
==================================================
[01:05:29] INFO: 两阶段推理 - 第一阶段 (Plan)
[01:05:29] INFO: ==================================================
[1;34m[01:07:09][0m[1;33m WARNING Snoopy may use all CPU cores! Set env. variable 'SNOOPY_LIMIT_CPU' to 'y' to limit CPU usage. [0m[1;34m(__init__ -> _init_tf_pytorch on MainThread)[0m
[1;34m[01:07:09][0m[2;37m DEBUG   TensorFlow sees: 1 Physical GPUs, 1 Logical GPUs [0m[1;34m(__init__ -> _init_tf_pytorch on MainThread)[0m
