[01:59:41] INFO: ==================================================
[01:59:41] INFO: DemandClean 训练开始
[01:59:41] INFO:   检测器模式: auto
[01:59:41] INFO:   训练模式: clean_base
[01:59:41] INFO:   Agent类型: dueling_two_stage
[01:59:41] INFO:   推理模式: single_phase
[01:59:41] INFO:   FD规则: 4
[01:59:41] INFO:   丰富规则: 有
[01:59:41] INFO: ==================================================
[01:59:41] INFO: 
[Step 1] 初始化错误检测器...
[01:59:41] INFO: 
[Step 1.5] 运行 RAHA 检测获取标注行...
[02:02:29] INFO:   [预修复] 利用 RAHA 标注行修复 40 个特征单元格 + 0 个标签
[02:02:29] INFO:   标注行: [104, 155, 214, 258, 468, 486, 589, 624, 705, 787]... (共 20 行)
[02:02:29] INFO: 
[Step 2] 训练 DQN Agent...
[02:02:29] INFO: 开始训练 (dueling_two_stage Agent, mode=clean_base)
[02:02:29] INFO:   任务类型: classification
[02:02:29] INFO:   模型类型: random_forest
[02:02:29] INFO:   原始数据: 1446 行
[02:02:53] INFO:   Clean Base 自动选择 (5-fold CV, 样本保留率加权):
[02:02:53] INFO:     DeleteFix: 289 行, CV=0.3320, 权重=0.447, 加权=0.1484
[02:02:53] INFO:     VE-Fill:   1446 行, CV=0.0000, 权重=1.000, 加权=0.0000
[02:02:53] INFO:     → 选择 DeleteFix (289 行)
[02:02:53] INFO:   标签注入: 检测器未发现标签错误，不注入
[02:02:53] INFO:   自适应注入比例范围 (基于检测结果):
[02:02:53] INFO:     missing: (0.1804, 0.2705)
[02:02:53] INFO:     semantic: (0.0053, 0.0103)
[02:02:53] INFO:     syntactic: (0.0050, 0.0100)
[02:02:53] INFO:     label: 不注入
[02:02:57] INFO:   ErrorInjector: rich_rules=True, domain=3, cfd=0, fd=4
[02:02:57] INFO:   Oracle 模式: reward 使用干净验证集 (482 行)
[02:02:57] INFO:   开始训练 DQN (400 episodes, 起始轮=0)...
[02:04:49] INFO:   Episode 50/400: Score=0.2012, Best=0.2386, Eps=0.778
[02:04:49] INFO:     Actions: {'no_action': 25, 'repair_value': 15, 'delete': 20, 'replace_nearby': 12}
[02:06:40] INFO:   Episode 100/400: Score=0.2075, Best=0.2386, Eps=0.606
[02:06:40] INFO:     Actions: {'no_action': 20, 'repair_value': 12, 'delete': 37, 'replace_nearby': 8}
[02:08:31] INFO:   Episode 150/400: Score=0.1950, Best=0.2427, Eps=0.471
[02:08:31] INFO:     Actions: {'no_action': 32, 'repair_value': 5, 'delete': 6, 'replace_nearby': 10}
[02:10:21] INFO:   Episode 200/400: Score=0.1950, Best=0.2427, Eps=0.367
[02:10:21] INFO:     Actions: {'no_action': 8, 'repair_value': 4, 'delete': 41, 'replace_nearby': 4}
[02:12:14] INFO:   Episode 250/400: Score=0.2324, Best=0.2427, Eps=0.286
[02:12:14] INFO:     Actions: {'no_action': 14, 'repair_value': 11, 'delete': 4, 'replace_nearby': 31}
[02:14:02] INFO:   Episode 300/400: Score=0.2137, Best=0.2427, Eps=0.222
[02:14:02] INFO:     Actions: {'no_action': 2, 'repair_value': 21, 'delete': 5, 'replace_nearby': 47}
[02:15:53] INFO:   Episode 350/400: Score=0.2178, Best=0.2427, Eps=0.173
[02:15:53] INFO:     Actions: {'no_action': 5, 'repair_value': 5, 'delete': 4, 'replace_nearby': 51}
[02:17:57] INFO:   Episode 400/400: Score=0.2220, Best=0.2427, Eps=0.135
[02:17:57] INFO:     Actions: {'no_action': 25, 'repair_value': 18, 'delete': 3, 'replace_nearby': 25}
[02:17:57] INFO: 
已恢复最佳模型权重 (Episode 242, Score=0.2427, Cost=5)
[02:17:57] INFO: 
训练完成! 最佳分数: 0.2427 (共 400 episodes)
[02:17:57] INFO:   最佳动作分布: {'no_action': 8, 'repair_value': 5, 'delete': 22, 'replace_nearby': 23}
[02:17:57] INFO: 
训练完成!
[02:17:57] INFO: 模型已保存: /Users/qianzekai/PycharmProjects/TolerDM/results/demandclean/beers/v5_auto_dueling_single/model/v5_auto_dueling_single_agent.pt
[02:17:57] INFO: 
==================================================
[02:17:57] INFO: 单阶段推理
[02:17:57] INFO: ==================================================
[02:17:57] INFO:   [预修复] 利用 RAHA 标注行修复 40 个特征单元格 + 0 个标签
[02:17:57] INFO:   移除已修复错误: missing=37, syntactic=3
[1;34m[02:48:08][0m[1;33m WARNING Snoopy may use all CPU cores! Set env. variable 'SNOOPY_LIMIT_CPU' to 'y' to limit CPU usage. [0m[1;34m(__init__ -> _init_tf_pytorch on MainThread)[0m
[1;34m[02:48:08][0m[2;37m DEBUG   TensorFlow sees: 1 Physical GPUs, 1 Logical GPUs [0m[1;34m(__init__ -> _init_tf_pytorch on MainThread)[0m
