[00:47:54] INFO: ==================================================
[00:47:54] INFO: DemandClean 训练开始
[00:47:54] INFO:   检测器模式: auto
[00:47:54] INFO:   训练模式: clean_base
[00:47:54] INFO:   Agent类型: dueling_two_stage
[00:47:54] INFO:   推理模式: single_phase
[00:47:54] INFO:   FD规则: 4
[00:47:54] INFO:   丰富规则: 有
[00:47:54] INFO: ==================================================
[00:47:54] INFO: 
[Step 1] 初始化错误检测器...
[00:47:54] INFO: 
[Step 1.5] 运行 RAHA 检测获取标注行...
[00:48:22] INFO: 
[Step 2] 训练 DQN Agent...
[00:48:22] INFO: 开始训练 (dueling_two_stage Agent, mode=clean_base)
[00:48:22] INFO:   任务类型: classification
[00:48:22] INFO:   模型类型: random_forest
[00:48:22] INFO:   原始数据: 2410 行
[00:48:22] INFO:   基准数据: 1326 行
[00:48:22] INFO:   标签注入: 检测到 78 个标签错误, rate=0.032, symmetric=True
[00:48:22] INFO:   自适应注入比例范围 (基于检测结果):
[00:48:22] INFO:     missing: (0.0496, 0.0744)
[00:48:22] INFO:     semantic: (0.0054, 0.0104)
[00:48:22] INFO:     syntactic: (0.1307, 0.1961)
[00:48:22] INFO:     label: (0.0259, 0.0388)
[00:48:22] INFO:   ErrorInjector: rich_rules=True, domain=3, cfd=0, fd=4
[00:48:22] INFO:   开始训练 DQN (3 episodes, 起始轮=0)...
[00:48:23] INFO: 
已恢复最佳模型权重 (Episode 3, Score=0.0000, Cost=54)
[00:48:23] INFO: 
训练完成! 最佳分数: 0.0000 (共 3 episodes)
[00:48:23] INFO:   最佳动作分布: {'no_action': 104, 'repair_value': 54, 'delete': 136, 'replace_nearby': 56}
[00:48:23] INFO: 
训练完成!
[00:48:23] INFO: 模型已保存: /Users/qianzekai/PycharmProjects/TolerDM/results/demandclean/beers/v5_auto_dueling_single/model/v5_auto_dueling_single_agent.pt
[00:48:23] INFO: 
==================================================
[00:48:23] INFO: 单阶段推理
[00:48:23] INFO: ==================================================
[1;34m[00:49:32][0m[1;33m WARNING Snoopy may use all CPU cores! Set env. variable 'SNOOPY_LIMIT_CPU' to 'y' to limit CPU usage. [0m[1;34m(__init__ -> _init_tf_pytorch on MainThread)[0m
[1;34m[00:49:32][0m[2;37m DEBUG   TensorFlow sees: 1 Physical GPUs, 1 Logical GPUs [0m[1;34m(__init__ -> _init_tf_pytorch on MainThread)[0m
