[16:16:08] INFO: ==================================================
[16:16:08] INFO: DemandClean 训练开始
[16:16:08] INFO:   检测器模式: auto
[16:16:08] INFO:   训练模式: clean_base
[16:16:08] INFO:   Agent类型: dueling_two_stage
[16:16:08] INFO:   推理模式: single_phase
[16:16:08] INFO:   FD规则: 4
[16:16:08] INFO:   丰富规则: 有
[16:16:08] INFO: ==================================================
[16:16:08] INFO: 
[Step 1] 初始化错误检测器...
[16:16:08] INFO: 
[Step 1.5] 运行 RAHA 检测获取标注行...
[16:22:18] INFO:   [预修复] 利用 RAHA 标注行修复 43 个特征单元格 + 2 个标签
[16:22:18] INFO:   标注行: [16, 212, 224, 302, 419, 581, 702, 752, 873, 920]... (共 20 行)
[16:22:18] INFO: 
[Step 2] 训练 DQN Agent...
[16:22:18] INFO: 开始训练 (dueling_two_stage Agent, mode=clean_base)
[16:22:18] INFO:   任务类型: classification
[16:22:18] INFO:   模型类型: random_forest
[16:22:18] INFO:   原始数据: 2410 行
[16:22:18] INFO:   基准数据: 20 行
[16:22:18] INFO:   标签注入: 检测到 20 个标签错误, rate=0.008, symmetric=True
[16:22:18] INFO:   自适应注入比例范围 (基于检测结果):
[16:22:18] INFO:     missing: (0.1784, 0.2676)
[16:22:18] INFO:     semantic: (0.0071, 0.0121)
[16:22:18] INFO:     syntactic: (0.0050, 0.0100)
[16:22:18] INFO:     label: (0.0066, 0.0116)
[16:22:23] INFO:   ErrorInjector: rich_rules=True, domain=3, cfd=0, fd=4
[16:22:23] INFO:   开始训练 DQN (400 episodes, 起始轮=0)...
[16:24:28] INFO:   Episode 50/400: Score=0.9500, Best=1.0000, Eps=0.778
[16:24:28] INFO:     Actions: {'no_action': 2, 'repair_value': 0, 'delete': 1, 'replace_nearby': 2}
[16:26:25] INFO:   Episode 100/400: Score=0.9500, Best=1.0000, Eps=0.606
[16:26:25] INFO:     Actions: {'no_action': 1, 'repair_value': 1, 'delete': 2, 'replace_nearby': 1}
[16:28:37] INFO:   Episode 150/400: Score=1.0000, Best=1.0000, Eps=0.471
[16:28:37] INFO:     Actions: {'no_action': 1, 'repair_value': 0, 'delete': 0, 'replace_nearby': 3}
[16:30:41] INFO:   Episode 200/400: Score=1.0000, Best=1.0000, Eps=0.367
[16:30:41] INFO:     Actions: {'no_action': 0, 'repair_value': 1, 'delete': 1, 'replace_nearby': 1}
[16:32:49] INFO:   Episode 250/400: Score=1.0000, Best=1.0000, Eps=0.286
[16:32:49] INFO:     Actions: {'no_action': 1, 'repair_value': 1, 'delete': 0, 'replace_nearby': 2}
[16:35:06] INFO:   Episode 300/400: Score=0.9500, Best=1.0000, Eps=0.222
[16:35:06] INFO:     Actions: {'no_action': 1, 'repair_value': 0, 'delete': 1, 'replace_nearby': 2}
[16:37:06] INFO:   Episode 350/400: Score=1.0000, Best=1.0000, Eps=0.173
[16:37:06] INFO:     Actions: {'no_action': 0, 'repair_value': 1, 'delete': 0, 'replace_nearby': 2}
[16:39:13] INFO:   Episode 400/400: Score=1.0000, Best=1.0000, Eps=0.135
[16:39:13] INFO:     Actions: {'no_action': 0, 'repair_value': 0, 'delete': 0, 'replace_nearby': 3}
[16:39:13] INFO: 
已恢复最佳模型权重 (Episode 400, Score=1.0000, Cost=0)
[16:39:13] INFO: 
训练完成! 最佳分数: 1.0000 (共 400 episodes)
[16:39:13] INFO:   最佳动作分布: {'no_action': 0, 'repair_value': 0, 'delete': 0, 'replace_nearby': 3}
[16:39:13] INFO: 
训练完成!
[16:39:13] INFO: 模型已保存: /Users/qianzekai/PycharmProjects/TolerDM/results/demandclean/beers/v5_auto_dueling_single/model/v5_auto_dueling_single_agent.pt
[16:39:13] INFO: 
==================================================
[16:39:13] INFO: 单阶段推理
[16:39:13] INFO: ==================================================
[16:39:13] INFO:   [预修复] 利用 RAHA 标注行修复 43 个特征单元格 + 2 个标签
[16:39:13] INFO:   移除已修复错误: missing=40, syntactic=3, label_noise=2
[1;34m[17:20:48][0m[1;33m WARNING Snoopy may use all CPU cores! Set env. variable 'SNOOPY_LIMIT_CPU' to 'y' to limit CPU usage. [0m[1;34m(__init__ -> _init_tf_pytorch on MainThread)[0m
[1;34m[17:20:48][0m[2;37m DEBUG   TensorFlow sees: 1 Physical GPUs, 1 Logical GPUs [0m[1;34m(__init__ -> _init_tf_pytorch on MainThread)[0m
