[日志] 完整输出将保存到: /Users/qianzekai/PycharmProjects/TolerDM/logs/demandclean/beers_ep3_20260225_010458.log
======================================================================
DemandClean 统一运行脚本
======================================================================
数据集: ['beers']
启用版本: ['v6_auto_dueling_two']
训练轮数: 3
详细输出: True
======================================================================

######################################################################
# 数据集: beers
######################################################################
  数据集: beers
  脏数据: (2410, 8), 干净数据: (2410, 8)
  特征列: 8, 标签列: style
  FD规则: 0 条

======================================================================
版本: v6_auto_dueling_two
数据集: beers | 任务: classification | 模型: random_forest
检测器: auto | Agent: dueling_two_stage | 推理: two_phase
训练轮数: 3 | 输出目录: /Users/qianzekai/PycharmProjects/TolerDM/results/demandclean/beers/v6_auto_dueling_two
======================================================================

[Step 1] 创建 DemandClean 实例...

[Step 2] 训练 (3 episodes)...

[AutoDetector] 初始化
  RAHA 来源: pip:raha
  RAHA 可用: True
  CSV 路径: /Users/qianzekai/PycharmProjects/TolerDM/data/beers/dirty_index.csv
  FD 规则: 4 条
  规则文件: /Users/qianzekai/PycharmProjects/TolerDM/data/beers/rules.txt
  规则摘要: ParsedRules(DOMAIN=4, FD=4, STAT=1)
  缺失值: 1196 个
  标签缺失(NaN): 4 个

[检测] 在原始 CSV 上运行 RAHA (labeling_budget=20)...
  [RAHA] 数据规模: 2410 行 × 11 列
------------------------------------------------------------------------
---------------------Initializing the Dataset Object--------------------
------------------------------------------------------------------------
------------------------------------------------------------------------
-------------------Running Error Detection Strategies-------------------
------------------------------------------------------------------------
547 strategy profiles are collected.
------------------------------------------------------------------------
-----------------------Generating Feature Vectors-----------------------
------------------------------------------------------------------------
43 Features are generated for column 0.
43 Features are generated for column 1.
129 Features are generated for column 2.
105 Features are generated for column 3.
70 Features are generated for column 4.
58 Features are generated for column 5.
51 Features are generated for column 6.
72 Features are generated for column 7.
104 Features are generated for column 8.
106 Features are generated for column 9.
76 Features are generated for column 10.
------------------------------------------------------------------------
---------------Building the Hierarchical Clustering Model---------------
------------------------------------------------------------------------
A hierarchical clustering model is built for column 0.
A hierarchical clustering model is built for column 1.
A hierarchical clustering model is built for column 2.
A hierarchical clustering model is built for column 3.
A hierarchical clustering model is built for column 4.
A hierarchical clustering model is built for column 5.
A hierarchical clustering model is built for column 6.
A hierarchical clustering model is built for column 7.
A hierarchical clustering model is built for column 8.
A hierarchical clustering model is built for column 9.
A hierarchical clustering model is built for column 10.
------------------------------------------------------------------------
-------------Iterative Clustering-Based Sampling and Labeling-----------
------------------------------------------------------------------------
Tuple 1090 is sampled.
Tuple 1090 is labeled.
------------------------------------------------------------------------
Tuple 57 is sampled.
Tuple 57 is labeled.
------------------------------------------------------------------------
Tuple 1554 is sampled.
Tuple 1554 is labeled.
------------------------------------------------------------------------
Tuple 353 is sampled.
Tuple 353 is labeled.
------------------------------------------------------------------------
Tuple 644 is sampled.
Tuple 644 is labeled.
------------------------------------------------------------------------
Tuple 910 is sampled.
Tuple 910 is labeled.
------------------------------------------------------------------------
Tuple 117 is sampled.
Tuple 117 is labeled.
------------------------------------------------------------------------
Tuple 2232 is sampled.
Tuple 2232 is labeled.
------------------------------------------------------------------------
Tuple 377 is sampled.
Tuple 377 is labeled.
------------------------------------------------------------------------
Tuple 2162 is sampled.
Tuple 2162 is labeled.
------------------------------------------------------------------------
Tuple 1838 is sampled.
Tuple 1838 is labeled.
------------------------------------------------------------------------
Tuple 255 is sampled.
Tuple 255 is labeled.
------------------------------------------------------------------------
Tuple 1409 is sampled.
Tuple 1409 is labeled.
------------------------------------------------------------------------
Tuple 1000 is sampled.
Tuple 1000 is labeled.
------------------------------------------------------------------------
Tuple 1746 is sampled.
Tuple 1746 is labeled.
------------------------------------------------------------------------
Tuple 2097 is sampled.
Tuple 2097 is labeled.
------------------------------------------------------------------------
Tuple 288 is sampled.
Tuple 288 is labeled.
------------------------------------------------------------------------
Tuple 2218 is sampled.
Tuple 2218 is labeled.
------------------------------------------------------------------------
Tuple 2002 is sampled.
Tuple 2002 is labeled.
------------------------------------------------------------------------
Tuple 354 is sampled.
Tuple 354 is labeled.
------------------------------------------------------------------------
------------------------------------------------------------------------
--------------Propagating User Labels Through the Clusters--------------
------------------------------------------------------------------------
The number of labeled data cells increased from 220 to 25138.
------------------------------------------------------------------------
---------------Training and Testing Classification Models---------------
------------------------------------------------------------------------
A classifier is trained and applied on column 0.
A classifier is trained and applied on column 1.
A classifier is trained and applied on column 2.
A classifier is trained and applied on column 3.
A classifier is trained and applied on column 4.
A classifier is trained and applied on column 5.
A classifier is trained and applied on column 6.
A classifier is trained and applied on column 7.
A classifier is trained and applied on column 8.
A classifier is trained and applied on column 9.
A classifier is trained and applied on column 10.
  RAHA 标签错误: 2 行
  句法错误(RAHA): 3095 个
  FD 规则检测: 172 个语义错误
  DOMAIN 规则检测: 9 个语义错误 (特征列)
  DOMAIN 规则检测: 78 个标签错误
  语义错误: 181 个 (FD+DOMAIN)
  标签噪声: 78 个 (NaN=4, 规则=74)

  检测总结: 4550 个错误 (缺失=1196, 句法=3095, 语义=181, 标签噪声=78)
  模型已保存: /Users/qianzekai/PycharmProjects/TolerDM/results/demandclean/beers/v6_auto_dueling_two/model/v6_auto_dueling_two_agent.pt
  训练历史已保存: /Users/qianzekai/PycharmProjects/TolerDM/results/demandclean/beers/v6_auto_dueling_two/report/v6_auto_dueling_two_history.json

[Step 3] 推理 (模式: two_phase)...
  缺失值: 1196 个
  标签缺失(NaN): 4 个
  [RAHA] 使用缓存结果: 3097 个单元格
  RAHA 标签错误: 2 行
  句法错误(RAHA): 3095 个
  FD 规则检测: 172 个语义错误
  DOMAIN 规则检测: 9 个语义错误 (特征列)
  DOMAIN 规则检测: 78 个标签错误
  语义错误: 181 个 (FD+DOMAIN)
  标签噪声: 78 个 (NaN=4, 规则=74)

  检测总结: 4550 个错误 (缺失=1196, 句法=3095, 语义=181, 标签噪声=78)

============================================================
两阶段推理 - 第一阶段 (Plan)
============================================================
  算法: Dueling Double DQN (Two Stage)
  任务类型: classification
  下游模型: random_forest
  检测到的错误: 4550 个 (missing=1196, semantic=181, syntactic=3095, label=78)

  推理进度: [====================] 4550/4550

  动作分布 (共 4550 个错误):
    no_action                0 (  0.0%) 
    repair_value(计划)      1273 ( 28.0%) ███████████
    delete                   0 (  0.0%) 
    replace_nearby        3277 ( 72.0%) ████████████████████████████

  替换明细 (replace_nearby): 共 3277 条
    行        列      脏值           → 替换值          错误类型      
    -------------------------------------------------------
    1303     3      NaN          → -1.2408      missing   
    1304     3      NaN          → 0.8500       missing   
    1305     3      NaN          → 0.0454       missing   
    1316     3      NaN          → 1.5156       missing   
    1317     3      NaN          → 1.5325       missing   
    1318     3      NaN          → 1.4017       missing   
    1329     3      NaN          → -0.5559      missing   
    1341     3      NaN          → 0.6220       missing   
    1342     3      NaN          → 0.2720       missing   
    1343     3      NaN          → 0.1228       missing   
    1344     3      NaN          → 0.0752       missing   
    1345     3      NaN          → -0.0475      missing   
    1347     3      NaN          → 0.1597       missing   
    1348     3      NaN          → -0.2168      missing   
    1349     3      NaN          → -1.0924      missing   
    1350     3      NaN          → 1.2857       missing   
    1351     3      NaN          → -0.7210      missing   
    1352     3      NaN          → -0.5308      missing   
    1353     3      NaN          → -0.6256      missing   
    1358     3      NaN          → 1.2258       missing   
    1361     3      NaN          → 2.0680       missing   
    1362     3      NaN          → -0.9784      missing   
    1363     3      NaN          → -1.1292      missing   
    1364     3      NaN          → -0.9843      missing   
    1365     3      NaN          → -0.7855      missing   
    1366     3      NaN          → 0.0809       missing   
    1367     3      NaN          → -0.4388      missing   
    1368     3      NaN          → -0.3397      missing   
    1369     3      NaN          → -0.7448      missing   
    1370     3      NaN          → 0.2060       missing   
    ... 省略 3247 条

  需要用户提供 1273 个真值
  修复计划: 需要 1273 个真值

============================================================
两阶段推理 - 第二阶段 (Execute)
============================================================
  提供的真值数量: 1273
  计划修复数量: 1273

  执行结果:
    成功匹配真值: 1273 / 1273
    删除行数: 0
    最终数据行数: 2410
  真值使用: 1273
  清洗后数据已保存: /Users/qianzekai/PycharmProjects/TolerDM/results/demandclean/beers/v6_auto_dueling_two/data/v6_auto_dueling_two_cleaned.csv
  原始格式清洗数据已保存: /Users/qianzekai/PycharmProjects/TolerDM/results/demandclean/beers/v6_auto_dueling_two/data/v6_auto_dueling_two_cleaned_original.csv

[Step 4] 检测器准确率评估...
  缺失值: 1196 个
  标签缺失(NaN): 4 个
  [RAHA] 使用缓存结果: 3097 个单元格
  RAHA 标签错误: 2 行
  句法错误(RAHA): 3095 个
  FD 规则检测: 172 个语义错误
  DOMAIN 规则检测: 9 个语义错误 (特征列)
  DOMAIN 规则检测: 78 个标签错误
  语义错误: 181 个 (FD+DOMAIN)
  标签噪声: 78 个 (NaN=4, 规则=74)

  检测总结: 4550 个错误 (缺失=1196, 句法=3095, 语义=181, 标签噪声=78)

============================================================
检测器准确率评估
============================================================
真实错误总数: 4425 (缺失: 1196, 值错误: 3229)
检测报告总数: 4472 (missing: 1196, syntactic: 3095, semantic: 181)
------------------------------------------------------------

  [总体]
    Precision = 0.9855  |  Recall = 0.9959  |  F1 = 0.9907
    TP=4407  FP=65  FN=18  (GT=4425, Det=4472)

  [缺失值 (missing)]
    Precision = 1.0000  |  Recall = 1.0000  |  F1 = 1.0000
    TP=1196  FP=0  FN=0  (GT=1196, Det=1196)

  [句法错误 (syntactic)]
    Precision = 1.0000  |  Recall = 0.9585  |  F1 = 0.9788
    TP=3095  FP=0  FN=134  (GT=3229, Det=3095)

  [语义错误 (semantic)]
    Precision = 0.6409  |  Recall = 0.0359  |  F1 = 0.0680
    TP=116  FP=65  FN=3113  (GT=3229, Det=181)

  [值错误合并 (syntactic+semantic)]
    Precision = 0.9802  |  Recall = 0.9944  |  F1 = 0.9872
    TP=3211  FP=65  FN=18  (GT=3229, Det=3276)

[Step 5] Baseline 评估与可视化...
  DeleteFix: 删除 1928 行, 保留 482 行

============================================================
Baseline 对比评估 - v6_auto_dueling_two
============================================================
  NoFix          : rf_accuracy=0.3693 | rf_f1=0.3307 | lr_accuracy=0.2635 | lr_f1=0.1761
  DeleteAll      : rf_accuracy=0.4528 | rf_f1=0.3939 | lr_accuracy=0.3283 | lr_f1=0.2568
  DeleteFix      : rf_accuracy=0.3814 | rf_f1=0.3422 | lr_accuracy=0.3196 | lr_f1=0.2824
  ReplaceAll     : rf_accuracy=0.3693 | rf_f1=0.3307 | lr_accuracy=0.2635 | lr_f1=0.1761
  DemandClean    : rf_accuracy=0.3693 | rf_f1=0.332 | lr_accuracy=0.2593 | lr_f1=0.1697
  FullFix        : rf_accuracy=0.3734 | rf_f1=0.3361 | lr_accuracy=0.2635 | lr_f1=0.1749
  [可视化] Baseline 对比图已保存: /Users/qianzekai/PycharmProjects/TolerDM/results/demandclean/beers/v6_auto_dueling_two/visualization/v6_auto_dueling_two_baseline_comparison.png

[Step 6] 模型容忍度评估...
============================================================
模型容忍度计算 - v6_auto_dueling_two
任务类型: classification  |  模型列表: ['rf', 'lr']
============================================================

--- 模型: RF ---
  P_clean  = 0.3817
  P_dirty  = 0.3838
  P_dc     = 0.3921
  先验容忍度 (P_dc / P_dirty)            = 1.0216
  后验容忍度 (P_dc-P_dirty)/(P_clean-P_dirty) = -4.0000

--- 模型: LR ---
  P_clean  = 0.2718
  P_dirty  = 0.2801
  P_dc     = 0.2759
  先验容忍度 (P_dc / P_dirty)            = 0.9852
  后验容忍度 (P_dc-P_dirty)/(P_clean-P_dirty) = 0.5000
  容忍度柱状图已保存: /Users/qianzekai/PycharmProjects/TolerDM/results/demandclean/beers/v6_auto_dueling_two/visualization/v6_auto_dueling_two_tolerance_bar.png

[Step 7] Shapley 三维度分析...
============================================================
DemandClean - 三维度 Shapley 分析
============================================================
  数据: 2410 行 x 8 列
  错误数: 4550
  错误分布: {'missing': 1196, 'semantic': 181, 'syntactic': 3095, 'unknown': 78}
  输出目录: /Users/qianzekai/PycharmProjects/TolerDM/results/demandclean/beers/v6_auto_dueling_two/evaluation/shapley

[Shapley] 维度1: 动作重要性 (精确枚举 4!=24 排列) ...
[Shapley] 图表已保存: /Users/qianzekai/PycharmProjects/TolerDM/results/demandclean/beers/v6_auto_dueling_two/evaluation/shapley/shapley_action_importance.png
  动作重要性 Shapley 值:
    no_action           : +0.000000
    repair_value        : +0.000000
    delete              : +0.000000
    replace_nearby      : +0.000000

[Shapley] 维度2: 跳过特征 Shapley（计算量过大，仅保留维度1和维度3）
[Shapley] 维度3: 错误类型重要性 (精确枚举 4!=24 排列) ...
[Shapley] 图表已保存: /Users/qianzekai/PycharmProjects/TolerDM/results/demandclean/beers/v6_auto_dueling_two/evaluation/shapley/shapley_error_type_importance.png
  错误类型重要性 Shapley 值:
    missing             : +0.000000
    semantic            : +0.000000
    syntactic           : +0.000000
    label_noise         : +0.000000

[Shapley] JSON 结果已保存: /Users/qianzekai/PycharmProjects/TolerDM/results/demandclean/beers/v6_auto_dueling_two/evaluation/shapley/shapley_results.json
[Shapley] Markdown 报告已保存: /Users/qianzekai/PycharmProjects/TolerDM/results/demandclean/beers/v6_auto_dueling_two/evaluation/shapley/shapley_report.md

============================================================
Shapley 分析完成!
============================================================
# Shapley Value Analysis Report

- 数据规模: 2410 行 × 8 列
- 错误总数: 4550
- 任务类型: classification (random_forest)
- MC 采样次数: 200

## 维度 1: 动作重要性 (Action Importance)

| 排名 | 动作 | Shapley 值 | 占比 | 方向 |
|------|------|-----------|------|------|
| 1 | no_action | +0.000000 | 0.0% | — 无影响 |
| 2 | repair_value | +0.000000 | 0.0% | — 无影响 |
| 3 | delete | +0.000000 | 0.0% | — 无影响 |
| 4 | replace_nearby | +0.000000 | 0.0% | — 无影响 |

**结论**: 最有效的清洗动作是 **no_action**

## 维度 2: 特征重要性 (Feature Importance)

| 排名 | 特征 | Shapley 值 | 占比 | 清洗价值 |
|------|------|-----------|------|---------|
| 1 | beer_name | +0.000000 | 0.0% | — 可忽略 |
| 2 | ounces | +0.000000 | 0.0% | — 可忽略 |
| 3 | abv | +0.000000 | 0.0% | — 可忽略 |
| 4 | ibu | +0.000000 | 0.0% | — 可忽略 |
| 5 | brewery_id | +0.000000 | 0.0% | — 可忽略 |
| 6 | brewery_name | +0.000000 | 0.0% | — 可忽略 |
| 7 | city | +0.000000 | 0.0% | — 可忽略 |
| 8 | state | +0.000000 | 0.0% | — 可忽略 |

**结论**: 
- 清洗价值极低的特征: beer_name, ounces, abv（清洗它们几乎不影响性能）

## 维度 3: 错误类型重要性 (Error Type Importance)

| 排名 | 错误类型 | Shapley 值 | 占比 | 优先级 |
|------|---------|-----------|------|--------|
| 1 | missing | +0.000000 | 0.0% | 🟢 低 |
| 2 | semantic | +0.000000 | 0.0% | 🟢 低 |
| 3 | syntactic | +0.000000 | 0.0% | 🟢 低 |
| 4 | label_noise | +0.000000 | 0.0% | 🟢 低 |

**结论**: 对下游性能影响最大的错误类型是 **missing**，检测器应优先识别此类错误。

## 综合清洗建议



  输出文件:
    /Users/qianzekai/PycharmProjects/TolerDM/results/demandclean/beers/v6_auto_dueling_two/evaluation/shapley/shapley_action_importance.png
    /Users/qianzekai/PycharmProjects/TolerDM/results/demandclean/beers/v6_auto_dueling_two/evaluation/shapley/shapley_feature_importance.png
    /Users/qianzekai/PycharmProjects/TolerDM/results/demandclean/beers/v6_auto_dueling_two/evaluation/shapley/shapley_error_type_importance.png
    /Users/qianzekai/PycharmProjects/TolerDM/results/demandclean/beers/v6_auto_dueling_two/evaluation/shapley/shapley_results.json
    /Users/qianzekai/PycharmProjects/TolerDM/results/demandclean/beers/v6_auto_dueling_two/evaluation/shapley/shapley_report.md
============================================================

[Step 8] 训练曲线可视化...
  [可视化] 训练曲线已保存: /Users/qianzekai/PycharmProjects/TolerDM/results/demandclean/beers/v6_auto_dueling_two/visualization/v6_auto_dueling_two_training_curves.png

[Step 9] Clean4MLBaseline 统一测评...
======================================================================
Clean4MLBaseline 统一测评 - v6_auto_dueling_two
======================================================================

[1/5] 传统清洗指标
--------------------------------------------------
差异文件已保存到:
/Users/qianzekai/PycharmProjects/TolerDM/results/demandclean/beers/v6_auto_dueling_two/evaluation/v6_auto_dueling_two_clean_vs_dirty.csv
/Users/qianzekai/PycharmProjects/TolerDM/results/demandclean/beers/v6_auto_dueling_two/evaluation/v6_auto_dueling_two_dirty_vs_cleaned.csv
/Users/qianzekai/PycharmProjects/TolerDM/results/demandclean/beers/v6_auto_dueling_two/evaluation/v6_auto_dueling_two_clean_vs_cleaned.csv
修复错误数据文件已保存到: /Users/qianzekai/PycharmProjects/TolerDM/results/demandclean/beers/v6_auto_dueling_two/evaluation/v6_auto_dueling_two_repair_errors.csv
未修复但是应该修复数据文件已保存到: /Users/qianzekai/PycharmProjects/TolerDM/results/demandclean/beers/v6_auto_dueling_two/evaluation/v6_auto_dueling_two_unrepaired.csv
修复准确率: 0.3177790903721205, 修复召回率: 0.16021441334127456, F1值: 0.21302712329734552
========================================
EDR 结果已保存到: /Users/qianzekai/PycharmProjects/TolerDM/results/demandclean/beers/v6_auto_dueling_two/evaluation/v6_auto_dueling_two_edr_evaluation.txt
错误减少率 (EDR): -0.18374032162001191
========================================
混合距离结果已保存到: /Users/qianzekai/PycharmProjects/TolerDM/results/demandclean/beers/v6_auto_dueling_two/evaluation/v6_auto_dueling_two_hybrid_distance_evaluation.txt
混合距离 (Hybrid Distance): 0.06207068465846684
========================================
R-EDR 结果已保存到: /Users/qianzekai/PycharmProjects/TolerDM/results/demandclean/beers/v6_auto_dueling_two/evaluation/v6_auto_dueling_two_record_based_edr_evaluation.txt
基于条目的错误减少率 (R-EDR): 0.0
========================================

[2/5] 下游任务性能 (classification)
--------------------------------------------------
RF - Accuracy: 0.3631, F1: 0.3230, Precision: 0.3324, Recall: 0.3631
LR - Accuracy: 0.2718, F1: 0.1770, Precision: 0.1446, Recall: 0.2718
SVM - Accuracy: 0.2801, F1: 0.1991, Precision: 0.1763, Recall: 0.2801
KNN - Accuracy: 0.2324, F1: 0.2001, Precision: 0.1885, Recall: 0.2324
DT - Accuracy: 0.2759, F1: 0.2737, Precision: 0.2793, Recall: 0.2759
GB - Accuracy: 0.3423, F1: 0.3129, Precision: 0.3360, Recall: 0.3423

[3/5] 模型容忍度
--------------------------------------------------

容忍度计算结果:
  P_do_nothing (脏数据性能): 0.3797
  P_demand_clean (清洗后性能): 0.2573
  P_repair_all (完全修复性能): 0.3859
  先验容忍度 (Tolerance_prior): 0.6776
  后验容忍度 (Tolerance_post): -19.6667

[4/5] Snoopy上界评估
--------------------------------------------------
Snoopy模块可用，正在评估数据质量上界...
  脏数据上界: 0.2606
  清洗后上界: 0.2668
  干净数据上界: 0.2581
  上界提升比例: -2.5000

[5/5] 真值使用成本
--------------------------------------------------
  方法类型: Type 2 (需验证集)
  实际真值使用: 1273
  理想最小成本: 538
  总修改单元格: 3017
  正确修复: 538
  错误修复: 2479

======================================================================
测评完成，结果已保存到: /Users/qianzekai/PycharmProjects/TolerDM/results/demandclean/beers/v6_auto_dueling_two/evaluation/v6_auto_dueling_two_evaluation_results.txt
======================================================================
  统一测评完成，结果已保存到: /Users/qianzekai/PycharmProjects/TolerDM/results/demandclean/beers/v6_auto_dueling_two/v6_auto_dueling_two_evaluation_results.txt

[Step 10] 真值成本汇总...
  RAHA 检测成本: 20
  Agent 修复成本: 1273
  总成本: 1293 / 19280 cells = 6.7064%

  [输出] 报告已保存: /Users/qianzekai/PycharmProjects/TolerDM/results/demandclean/beers/v6_auto_dueling_two/report/v6_auto_dueling_two_report.json

  版本 v6_auto_dueling_two 完成! 耗时: 92.73s
  输出目录: /Users/qianzekai/PycharmProjects/TolerDM/results/demandclean/beers/v6_auto_dueling_two

  只有 1 个版本完成，跳过跨版本对比

======================================================================
全部完成! 总耗时: 141.36s
结果目录: /Users/qianzekai/PycharmProjects/TolerDM/results/demandclean
日志文件: /Users/qianzekai/PycharmProjects/TolerDM/logs/demandclean/beers_ep3_20260225_010458.log
======================================================================
