[日志] 完整输出将保存到: /Users/qianzekai/PycharmProjects/TolerDM/logs/demandclean/bike_v5_ep200_20260414_011501.log
======================================================================
DemandClean 统一运行脚本
======================================================================
数据集: ['bike']
启用版本: ['v5_auto_dueling_single']
训练轮数: 200
详细输出: False
Oracle 模式: 启用 (三路划分 60/20/20, --no-oracle 关闭)
修复率控制: min=None, max=1.0
======================================================================

######################################################################
# 数据集: bike
######################################################################

  60/20/20 划分: train=10427, val=3476, test=3476
  60% 子集 CSV: /Users/qianzekai/PycharmProjects/TolerDM/results/demandclean/bike/dirty_train_60pct.csv
  数据集: bike
  脏数据: (10427, 15)
  特征列: 15, 标签列: cnt
  分类列: (无)
  LE fit: 仅 dirty (10427 行)
  SS fit: 仅 dirty (10427 行)
  FD规则: 0 条
  编码完成: X_dirty_train=(10427, 15), X_clean_train=(10427, 15), X_clean_val=(3476, 15), X_clean_test=(3476, 15)

======================================================================
版本: v5_auto_dueling_single
数据集: bike | 任务: regression | 模型: random_forest
检测器: auto | Agent: dueling_two_stage | 推理: single_phase
训练轮数: 200 | 输出目录: /Users/qianzekai/PycharmProjects/TolerDM/results/demandclean/bike/v5_auto_dueling_single_tuned
======================================================================

[Step 1] 创建 DemandClean 实例...
  [计时] Step 1 (初始化): 0.00s

[Step 2] 训练 (200 episodes)...
  RAHA 检测结果: 24709 个单元格
  Precision=0.9696  Recall=0.9570  F1=0.9633
  RAHA 标注行数: 20 (labeling_budget=20)
  RAHA 检测结果: 1442 个单元格
  Precision=0.9736  Recall=0.9480  F1=0.9607
  RAHA 标注行数: 20 (labeling_budget=20)
  模型已保存: /Users/qianzekai/PycharmProjects/TolerDM/results/demandclean/bike/v5_auto_dueling_single_tuned/model/v5_auto_dueling_single_agent.pt
  训练历史已保存: /Users/qianzekai/PycharmProjects/TolerDM/results/demandclean/bike/v5_auto_dueling_single_tuned/report/v5_auto_dueling_single_history.json
  [计时] Step 2 (训练): 11161.91s

[Step 3] 推理 (模式: single_phase)...
  真值使用: 2089
  动作分布: {'no_action': 1156, 'repair_value': 2089, 'delete': 376, 'replace_nearby': 23205}
  清洗后数据已保存: /Users/qianzekai/PycharmProjects/TolerDM/results/demandclean/bike/v5_auto_dueling_single_tuned/data/v5_auto_dueling_single_cleaned.csv
  原始格式清洗数据已保存: /Users/qianzekai/PycharmProjects/TolerDM/results/demandclean/bike/v5_auto_dueling_single_tuned/data/v5_auto_dueling_single_cleaned_original.csv
  编码版本已保存: /Users/qianzekai/PycharmProjects/TolerDM/results/demandclean/bike/v5_auto_dueling_single_tuned/data/v5_auto_dueling_single_cleaned_encoded.npz
  [计时] Step 3 (推理): 1633.97s

[Step 4] 检测器准确率评估...
  [计时] Step 4 (检测器评估): 0.40s

[Step 5] Baseline 评估与可视化...
  ReplaceAll VE: ValueEstimator(DC=9 rules (2 target cols), DOMAIN=15 cols)
  ReplaceAll VE 估值: 27198 个错误, 47.8s
  DeleteFix: 删除 8342 行, 保留 2085 行
  统一测试集 (Oracle): 3476 行

============================================================
Baseline 对比评估 - v5_auto_dueling_single
============================================================
  NoFix          : rf_mse=110.9192 | rf_r2=0.9965 | ridge_mse=4421.611 | ridge_r2=0.8593 | 6.0s
  DeleteAll      : rf_mse=110.9192 | rf_r2=0.9965 | ridge_mse=4421.611 | ridge_r2=0.8593 | 6.1s
  DeleteFix      : rf_mse=150.7834 | rf_r2=0.9952 | ridge_mse=1193.6423 | ridge_r2=0.962 | 1.1s
  ReplaceAll     : rf_mse=85.965 | rf_r2=0.9973 | ridge_mse=0.7966 | ridge_r2=1.0 | 5.9s
  DemandClean    : rf_mse=76.927 | rf_r2=0.9976 | ridge_mse=2.6435 | ridge_r2=0.9999 | 5.3s
  FullFix        : rf_mse=7.1489 | rf_r2=0.9998 | ridge_mse=0.0014 | ridge_r2=1.0 | 4.8s
  [可视化] Baseline 对比图已保存: /Users/qianzekai/PycharmProjects/TolerDM/results/demandclean/bike/v5_auto_dueling_single_tuned/visualization/v5_auto_dueling_single_baseline_comparison.png
  [计时] Step 5 (Baseline评估): 78.78s

[Step 6] 模型容忍度评估...
============================================================
模型容忍度计算 - v5_auto_dueling_single
任务类型: regression  |  模型列表: ['rf', 'ridge']
============================================================

--- 模型: RF ---
  P_clean  = 0.9997
  P_dirty  = 0.9967
  P_dc     = -0.2109
  先验容忍度 (P_dc / P_dirty)            = -0.2116
  后验容忍度 (P_dc-P_dirty)/(P_clean-P_dirty) = -402.0631

--- 模型: RIDGE ---
  P_clean  = 1.0000
  P_dirty  = 0.8561
  P_dc     = -0.0516
  先验容忍度 (P_dc / P_dirty)            = -0.0603
  后验容忍度 (P_dc-P_dirty)/(P_clean-P_dirty) = -6.3064
  容忍度柱状图已保存: /Users/qianzekai/PycharmProjects/TolerDM/results/demandclean/bike/v5_auto_dueling_single_tuned/visualization/v5_auto_dueling_single_tolerance_bar.png
  [计时] Step 6 (容忍度评估): 15.99s

[Step 7] Shapley 三维度分析...
[Shapley] 维度1: 动作重要性 (精确枚举 4!=24 排列) ...
[Shapley] 图表已保存: /Users/qianzekai/PycharmProjects/TolerDM/results/demandclean/bike/v5_auto_dueling_single_tuned/evaluation/shapley/shapley_action_importance.png
[Shapley] 维度2: 跳过特征 Shapley（计算量过大，仅保留维度1和维度3）
[Shapley] 维度3: 错误类型重要性 (精确枚举 2!=2 排列) ...
[Shapley] 图表已保存: /Users/qianzekai/PycharmProjects/TolerDM/results/demandclean/bike/v5_auto_dueling_single_tuned/evaluation/shapley/shapley_error_type_importance.png
  [计时] Step 7 (Shapley分析): 5987.50s

[Step 8] 训练曲线可视化...
  [可视化] 训练曲线已保存: /Users/qianzekai/PycharmProjects/TolerDM/results/demandclean/bike/v5_auto_dueling_single_tuned/visualization/v5_auto_dueling_single_training_curves.png
  [计时] Step 8 (训练曲线): 0.84s

[Step 9] Clean4MLBaseline 统一测评...
差异文件已保存到:
/Users/qianzekai/PycharmProjects/TolerDM/results/demandclean/bike/v5_auto_dueling_single_tuned/evaluation/v5_auto_dueling_single_clean_vs_dirty.csv
/Users/qianzekai/PycharmProjects/TolerDM/results/demandclean/bike/v5_auto_dueling_single_tuned/evaluation/v5_auto_dueling_single_dirty_vs_cleaned.csv
/Users/qianzekai/PycharmProjects/TolerDM/results/demandclean/bike/v5_auto_dueling_single_tuned/evaluation/v5_auto_dueling_single_clean_vs_cleaned.csv
修复错误数据文件已保存到: /Users/qianzekai/PycharmProjects/TolerDM/results/demandclean/bike/v5_auto_dueling_single_tuned/evaluation/v5_auto_dueling_single_repair_errors.csv
未修复但是应该修复数据文件已保存到: /Users/qianzekai/PycharmProjects/TolerDM/results/demandclean/bike/v5_auto_dueling_single_tuned/evaluation/v5_auto_dueling_single_unrepaired.csv
修复准确率: 0.1376187648456057, 修复召回率: 0.1455773232303404, F1值: 0.14148621572796566
========================================
EDR 结果已保存到: /Users/qianzekai/PycharmProjects/TolerDM/results/demandclean/bike/v5_auto_dueling_single_tuned/evaluation/v5_auto_dueling_single_edr_evaluation.txt
错误减少率 (EDR): 0.03572690510776962
========================================
混合距离结果已保存到: /Users/qianzekai/PycharmProjects/TolerDM/results/demandclean/bike/v5_auto_dueling_single_tuned/evaluation/v5_auto_dueling_single_hybrid_distance_evaluation.txt
混合距离 (Hybrid Distance): 0.38920125875972417
========================================
R-EDR 结果已保存到: /Users/qianzekai/PycharmProjects/TolerDM/results/demandclean/bike/v5_auto_dueling_single_tuned/evaluation/v5_auto_dueling_single_record_based_edr_evaluation.txt
基于条目的错误减少率 (R-EDR): 0.01989335520918786
========================================
  [下游任务] 使用编码版本（跳过 CSV preprocess）
  Oracle 模式: train=10051, test=3476
RF - MSE: 76.9270, R2: 0.9976
LR - MSE: 2.6203, R2: 0.9999
RIDGE - MSE: 2.6435, R2: 0.9999
LASSO - MSE: 2.0590, R2: 0.9999
KNN - MSE: 1383.6198, R2: 0.9560
GB - MSE: 65.1656, R2: 0.9979
  [容忍度] 使用编码版本（跳过 CSV preprocess）
  Oracle 模式: train dirty=10427, cleaned=10051, clean=10427, test=3476

容忍度计算结果:
  P_do_nothing (脏数据性能): 0.9965
  P_demand_clean (清洗后性能): 0.9976
  P_repair_all (完全修复性能): 0.9998
  先验容忍度 (Tolerance_prior): 1.0011
  后验容忍度 (Tolerance_post): 0.3276
  [Snoopy] 使用编码版本（跳过 CSV preprocess）
使用编码数据评估数据质量上界...
  统一测评完成，结果已保存到: /Users/qianzekai/PycharmProjects/TolerDM/results/demandclean/bike/v5_auto_dueling_single_tuned/v5_auto_dueling_single_evaluation_results.txt
  [计时] Step 9 (统一测评): 116.48s

[Step 10] 真值成本汇总...
  RAHA 检测成本: 40
  Agent 修复成本: 2089
  总成本: 2129 / 156405 cells = 1.3612%
  [计时] Step 10 (成本汇总): 0.00s

──────────────────────────────────────────────────
  步骤计时汇总
──────────────────────────────────────────────────
  Step 1 初始化         │     0.00s
  Step 2 训练          │ 11161.91s
  Step 3 推理          │  1633.97s
  Step 4 检测器评估       │     0.40s
  Step 5 Baseline评估  │    78.78s
  Step 6 容忍度评估       │    15.99s
  Step 7 Shapley分析   │  5987.50s
  Step 8 训练曲线        │     0.84s
  Step 9 统一测评        │   116.48s
  Step 10 成本汇总        │     0.00s
──────────────────────────────────────────────────
  总计(含可视化)       │ 18995.87s
  可视化耗时           │  5988.61s
  净耗时(扣可视化)     │ 13007.26s
──────────────────────────────────────────────────

  [输出] 报告已保存: /Users/qianzekai/PycharmProjects/TolerDM/results/demandclean/bike/v5_auto_dueling_single_tuned/report/v5_auto_dueling_single_report.json

  版本 v5_auto_dueling_single 完成! 耗时: 13007.26s
  输出目录: /Users/qianzekai/PycharmProjects/TolerDM/results/demandclean/bike/v5_auto_dueling_single_tuned

  只有 1 个版本完成，跳过跨版本对比

======================================================================
全部完成! 总耗时: 18996.09s
结果目录: /Users/qianzekai/PycharmProjects/TolerDM/results/demandclean
日志文件: /Users/qianzekai/PycharmProjects/TolerDM/logs/demandclean/bike_v5_ep200_20260414_011501.log
======================================================================
