[日志] 完整输出将保存到: /Users/qianzekai/PycharmProjects/TolerDM/logs/demandclean/bike_v7_ep300_20260412_222956.log
======================================================================
DemandClean 统一运行脚本
======================================================================
数据集: ['bike']
启用版本: ['v7_auto_plain_single']
训练轮数: 300
详细输出: False
Oracle 模式: 启用 (三路划分 60/20/20, --no-oracle 关闭)
======================================================================

######################################################################
# 数据集: bike
######################################################################

  60/20/20 划分: train=10427, val=3476, test=3476
  60% 子集 CSV: /Users/qianzekai/PycharmProjects/TolerDM/results/demandclean/bike/dirty_train_60pct.csv
  数据集: bike
  脏数据: (10427, 15)
  特征列: 15, 标签列: cnt
  分类列: (无)
  LE fit: 仅 dirty (10427 行)
  SS fit: 仅 dirty (10427 行)
  FD规则: 0 条
  编码完成: X_dirty_train=(10427, 15), X_clean_train=(10427, 15), X_clean_val=(3476, 15), X_clean_test=(3476, 15)

======================================================================
版本: v7_auto_plain_single
数据集: bike | 任务: regression | 模型: random_forest
检测器: auto | Agent: single_stage | 推理: single_phase
训练轮数: 300 | 输出目录: /Users/qianzekai/PycharmProjects/TolerDM/results/demandclean/bike/v7_auto_plain_single
======================================================================

[Step 1] 创建 DemandClean 实例...
  [计时] Step 1 (初始化): 0.00s

[Step 2] 训练 (300 episodes)...
  RAHA 检测结果: 23503 个单元格
  Precision=0.8981  Recall=0.8431  F1=0.8698
  RAHA 标注行数: 20 (labeling_budget=20)
  RAHA 检测结果: 1432 个单元格
  Precision=0.9832  Recall=0.9507  F1=0.9667
  RAHA 标注行数: 20 (labeling_budget=20)
  模型已保存: /Users/qianzekai/PycharmProjects/TolerDM/results/demandclean/bike/v7_auto_plain_single/model/v7_auto_plain_single_agent.pt
  训练历史已保存: /Users/qianzekai/PycharmProjects/TolerDM/results/demandclean/bike/v7_auto_plain_single/report/v7_auto_plain_single_history.json
  [计时] Step 2 (训练): 5436.32s

[Step 3] 推理 (模式: single_phase)...
  真值使用: 449
  动作分布: {'no_action': 3759, 'repair_value': 449, 'delete': 804, 'replace_nearby': 22111}
  清洗后数据已保存: /Users/qianzekai/PycharmProjects/TolerDM/results/demandclean/bike/v7_auto_plain_single/data/v7_auto_plain_single_cleaned.csv
  原始格式清洗数据已保存: /Users/qianzekai/PycharmProjects/TolerDM/results/demandclean/bike/v7_auto_plain_single/data/v7_auto_plain_single_cleaned_original.csv
  编码版本已保存: /Users/qianzekai/PycharmProjects/TolerDM/results/demandclean/bike/v7_auto_plain_single/data/v7_auto_plain_single_cleaned_encoded.npz
  [计时] Step 3 (推理): 736.92s

[Step 4] 检测器准确率评估...
  [计时] Step 4 (检测器评估): 0.31s

[Step 5] Baseline 评估与可视化...
  ReplaceAll VE: ValueEstimator(DC=9 rules (2 target cols), DOMAIN=15 cols)
  ReplaceAll VE 估值: 28735 个错误, 42.2s
  DeleteFix: 删除 8342 行, 保留 2085 行
  统一测试集 (Oracle): 3476 行

============================================================
Baseline 对比评估 - v7_auto_plain_single
============================================================
  NoFix          : rf_mse=110.9192 | rf_r2=0.9965 | ridge_mse=4421.611 | ridge_r2=0.8593 | 4.4s
  DeleteAll      : rf_mse=110.9192 | rf_r2=0.9965 | ridge_mse=4421.611 | ridge_r2=0.8593 | 4.6s
  DeleteFix      : rf_mse=146.6556 | rf_r2=0.9953 | ridge_mse=1756.3136 | ridge_r2=0.9441 | 0.9s
  ReplaceAll     : rf_mse=95.5461 | rf_r2=0.997 | ridge_mse=1.6471 | ridge_r2=0.9999 | 4.4s
  DemandClean    : rf_mse=51.8532 | rf_r2=0.9983 | ridge_mse=383.8274 | ridge_r2=0.9878 | 4.0s
  FullFix        : rf_mse=7.1489 | rf_r2=0.9998 | ridge_mse=0.0014 | ridge_r2=1.0 | 3.6s
  [可视化] Baseline 对比图已保存: /Users/qianzekai/PycharmProjects/TolerDM/results/demandclean/bike/v7_auto_plain_single/visualization/v7_auto_plain_single_baseline_comparison.png
  [计时] Step 5 (Baseline评估): 65.23s

[Step 6] 模型容忍度评估...
============================================================
模型容忍度计算 - v7_auto_plain_single
任务类型: regression  |  模型列表: ['rf', 'ridge']
============================================================

--- 模型: RF ---
  P_clean  = 0.9997
  P_dirty  = 0.9967
  P_dc     = -0.1870
  先验容忍度 (P_dc / P_dirty)            = -0.1876
  后验容忍度 (P_dc-P_dirty)/(P_clean-P_dirty) = -394.1143

--- 模型: RIDGE ---
  P_clean  = 1.0000
  P_dirty  = 0.8561
  P_dc     = -0.0143
  先验容忍度 (P_dc / P_dirty)            = -0.0167
  后验容忍度 (P_dc-P_dirty)/(P_clean-P_dirty) = -6.0470
  容忍度柱状图已保存: /Users/qianzekai/PycharmProjects/TolerDM/results/demandclean/bike/v7_auto_plain_single/visualization/v7_auto_plain_single_tolerance_bar.png
  [计时] Step 6 (容忍度评估): 13.19s

[Step 7] Shapley 三维度分析...
[Shapley] 维度1: 动作重要性 (精确枚举 4!=24 排列) ...
[Shapley] 图表已保存: /Users/qianzekai/PycharmProjects/TolerDM/results/demandclean/bike/v7_auto_plain_single/evaluation/shapley/shapley_action_importance.png
[Shapley] 维度2: 跳过特征 Shapley（计算量过大，仅保留维度1和维度3）
[Shapley] 维度3: 错误类型重要性 (精确枚举 2!=2 排列) ...
[Shapley] 图表已保存: /Users/qianzekai/PycharmProjects/TolerDM/results/demandclean/bike/v7_auto_plain_single/evaluation/shapley/shapley_error_type_importance.png
  [计时] Step 7 (Shapley分析): 4647.85s

[Step 8] 训练曲线可视化...
  [可视化] 训练曲线已保存: /Users/qianzekai/PycharmProjects/TolerDM/results/demandclean/bike/v7_auto_plain_single/visualization/v7_auto_plain_single_training_curves.png
  [计时] Step 8 (训练曲线): 0.83s

[Step 9] Clean4MLBaseline 统一测评...
差异文件已保存到:
/Users/qianzekai/PycharmProjects/TolerDM/results/demandclean/bike/v7_auto_plain_single/evaluation/v7_auto_plain_single_clean_vs_dirty.csv
/Users/qianzekai/PycharmProjects/TolerDM/results/demandclean/bike/v7_auto_plain_single/evaluation/v7_auto_plain_single_dirty_vs_cleaned.csv
/Users/qianzekai/PycharmProjects/TolerDM/results/demandclean/bike/v7_auto_plain_single/evaluation/v7_auto_plain_single_clean_vs_cleaned.csv
修复错误数据文件已保存到: /Users/qianzekai/PycharmProjects/TolerDM/results/demandclean/bike/v7_auto_plain_single/evaluation/v7_auto_plain_single_repair_errors.csv
未修复但是应该修复数据文件已保存到: /Users/qianzekai/PycharmProjects/TolerDM/results/demandclean/bike/v7_auto_plain_single/evaluation/v7_auto_plain_single_unrepaired.csv
修复准确率: 0.0733770002487356, 修复召回率: 0.07285749567794517, F1值: 0.07311632513175872
========================================
EDR 结果已保存到: /Users/qianzekai/PycharmProjects/TolerDM/results/demandclean/bike/v7_auto_plain_single/evaluation/v7_auto_plain_single_edr_evaluation.txt
错误减少率 (EDR): -0.05910924508108998
========================================
混合距离结果已保存到: /Users/qianzekai/PycharmProjects/TolerDM/results/demandclean/bike/v7_auto_plain_single/evaluation/v7_auto_plain_single_hybrid_distance_evaluation.txt
混合距离 (Hybrid Distance): 0.39562674560482897
========================================
R-EDR 结果已保存到: /Users/qianzekai/PycharmProjects/TolerDM/results/demandclean/bike/v7_auto_plain_single/evaluation/v7_auto_plain_single_record_based_edr_evaluation.txt
基于条目的错误减少率 (R-EDR): 0.0021417862497322766
========================================
  [下游任务] 使用编码版本（跳过 CSV preprocess）
  Oracle 模式: train=9623, test=3476
RF - MSE: 51.8532, R2: 0.9983
LR - MSE: 382.6916, R2: 0.9878
RIDGE - MSE: 383.8274, R2: 0.9878
LASSO - MSE: 393.0949, R2: 0.9875
KNN - MSE: 1830.8067, R2: 0.9417
GB - MSE: 81.6572, R2: 0.9974
  [容忍度] 使用编码版本（跳过 CSV preprocess）
  Oracle 模式: train dirty=10427, cleaned=9623, clean=10427, test=3476

容忍度计算结果:
  P_do_nothing (脏数据性能): 0.9965
  P_demand_clean (清洗后性能): 0.9983
  P_repair_all (完全修复性能): 0.9998
  先验容忍度 (Tolerance_prior): 1.0019
  后验容忍度 (Tolerance_post): 0.5692
  [Snoopy] 使用编码版本（跳过 CSV preprocess）
使用编码数据评估数据质量上界...
  统一测评完成，结果已保存到: /Users/qianzekai/PycharmProjects/TolerDM/results/demandclean/bike/v7_auto_plain_single/v7_auto_plain_single_evaluation_results.txt
  [计时] Step 9 (统一测评): 89.32s

[Step 10] 真值成本汇总...
  RAHA 检测成本: 40
  Agent 修复成本: 449
  总成本: 489 / 156405 cells = 0.3126%
  [计时] Step 10 (成本汇总): 0.00s

──────────────────────────────────────────────────
  步骤计时汇总
──────────────────────────────────────────────────
  Step 1 初始化         │     0.00s
  Step 2 训练          │  5436.32s
  Step 3 推理          │   736.92s
  Step 4 检测器评估       │     0.31s
  Step 5 Baseline评估  │    65.23s
  Step 6 容忍度评估       │    13.19s
  Step 7 Shapley分析   │  4647.85s
  Step 8 训练曲线        │     0.83s
  Step 9 统一测评        │    89.32s
  Step 10 成本汇总        │     0.00s
──────────────────────────────────────────────────
  总计(含可视化)       │ 10989.97s
  可视化耗时           │  4648.89s
  净耗时(扣可视化)     │  6341.08s
──────────────────────────────────────────────────

  [输出] 报告已保存: /Users/qianzekai/PycharmProjects/TolerDM/results/demandclean/bike/v7_auto_plain_single/report/v7_auto_plain_single_report.json

  版本 v7_auto_plain_single 完成! 耗时: 6341.08s
  输出目录: /Users/qianzekai/PycharmProjects/TolerDM/results/demandclean/bike/v7_auto_plain_single

  只有 1 个版本完成，跳过跨版本对比

======================================================================
全部完成! 总耗时: 10990.12s
结果目录: /Users/qianzekai/PycharmProjects/TolerDM/results/demandclean
日志文件: /Users/qianzekai/PycharmProjects/TolerDM/logs/demandclean/bike_v7_ep300_20260412_222956.log
======================================================================
