[日志] 完整输出将保存到: /Users/qianzekai/PycharmProjects/TolerDM/logs/demandclean/breast_cancer_ep5_20260303_024930.log
======================================================================
DemandClean 统一运行脚本
======================================================================
数据集: ['breast_cancer']
启用版本: ['v3_oracle_plain_single']
训练轮数: 5
详细输出: False
Oracle 模式: 启用 (三路划分 60/20/20, --no-oracle 关闭)
======================================================================

######################################################################
# 数据集: breast_cancer
######################################################################

  60/20/20 划分: train=419, val=140, test=140
  60% 子集 CSV: /Users/qianzekai/PycharmProjects/TolerDM/results/demandclean/breast_cancer/dirty_train_60pct.csv
  数据集: breast_cancer
  脏数据: (419, 9)
  特征列: 9, 标签列: class
  分类列: (无)
  LE fit: 仅 dirty (419 行)
  SS fit: 仅 dirty (419 行)
  FD规则: 0 条
  编码完成: X_dirty_train=(419, 9), X_clean_train=(419, 9), X_clean_val=(140, 9), X_clean_test=(140, 9)

======================================================================
版本: v3_oracle_plain_single
数据集: breast_cancer | 任务: classification | 模型: random_forest
检测器: oracle | Agent: single_stage | 推理: single_phase
训练轮数: 5 | 输出目录: /Users/qianzekai/PycharmProjects/TolerDM/results/demandclean/breast_cancer/v3_oracle_plain_single
======================================================================

[Step 1] 创建 DemandClean 实例...
  [计时] Step 1 (初始化): 0.00s

[Step 2] 续训 (检测到已有模型: /Users/qianzekai/PycharmProjects/TolerDM/results/demandclean/breast_cancer/v3_oracle_plain_single/model/v3_oracle_plain_single_agent.pt)...
  已有训练历史: 50 episodes
  新增训练: 5 episodes
  模型已保存: /Users/qianzekai/PycharmProjects/TolerDM/results/demandclean/breast_cancer/v3_oracle_plain_single/model/v3_oracle_plain_single_agent.pt
  训练历史已保存: /Users/qianzekai/PycharmProjects/TolerDM/results/demandclean/breast_cancer/v3_oracle_plain_single/report/v3_oracle_plain_single_history.json
  [计时] Step 2 (训练): 12.48s

[Step 3] 推理 (模式: single_phase)...
  真值使用: 104
  动作分布: {'no_action': 224, 'repair_value': 104, 'delete': 0, 'replace_nearby': 0}
  清洗后数据已保存: /Users/qianzekai/PycharmProjects/TolerDM/results/demandclean/breast_cancer/v3_oracle_plain_single/data/v3_oracle_plain_single_cleaned.csv
  原始格式清洗数据已保存: /Users/qianzekai/PycharmProjects/TolerDM/results/demandclean/breast_cancer/v3_oracle_plain_single/data/v3_oracle_plain_single_cleaned_original.csv
  [计时] Step 3 (推理): 51.91s

[Step 4] 检测器准确率评估...
  [计时] Step 4 (检测器评估): 0.01s

[Step 5] Baseline 评估与可视化...
  DeleteFix: 删除 248 行, 保留 171 行
  统一测试集 (Oracle): 140 行

============================================================
Baseline 对比评估 - v3_oracle_plain_single
============================================================
  NoFix          : rf_accuracy=0.9929 | rf_f1=0.9928 | lr_accuracy=0.9571 | lr_f1=0.956
  DeleteAll      : rf_accuracy=1.0 | rf_f1=1.0 | lr_accuracy=0.9571 | lr_f1=0.956
  DeleteFix      : rf_accuracy=0.9929 | rf_f1=0.9928 | lr_accuracy=0.9857 | lr_f1=0.9856
  ReplaceAll     : rf_accuracy=0.9929 | rf_f1=0.9928 | lr_accuracy=0.9571 | lr_f1=0.956
  DemandClean    : rf_accuracy=0.9857 | rf_f1=0.9856 | lr_accuracy=0.9929 | lr_f1=0.9928
  FullFix        : rf_accuracy=0.9929 | rf_f1=0.9928 | lr_accuracy=0.9857 | lr_f1=0.9856
  [可视化] Baseline 对比图已保存: /Users/qianzekai/PycharmProjects/TolerDM/results/demandclean/breast_cancer/v3_oracle_plain_single/visualization/v3_oracle_plain_single_baseline_comparison.png
  [计时] Step 5 (Baseline评估): 4.50s

[Step 6] 模型容忍度评估...
============================================================
模型容忍度计算 - v3_oracle_plain_single
任务类型: classification  |  模型列表: ['rf', 'lr']
============================================================

--- 模型: RF ---
  P_clean  = 1.0000
  P_dirty  = 1.0000
  P_dc     = 1.0000
  先验容忍度 (P_dc / P_dirty)            = 1.0000
  后验容忍度 (P_dc-P_dirty)/(P_clean-P_dirty) = 1.0000

--- 模型: LR ---
  P_clean  = 1.0000
  P_dirty  = 0.9881
  P_dc     = 1.0000
  先验容忍度 (P_dc / P_dirty)            = 1.0120
  后验容忍度 (P_dc-P_dirty)/(P_clean-P_dirty) = 1.0000
  容忍度柱状图已保存: /Users/qianzekai/PycharmProjects/TolerDM/results/demandclean/breast_cancer/v3_oracle_plain_single/visualization/v3_oracle_plain_single_tolerance_bar.png
  [计时] Step 6 (容忍度评估): 3.15s

[Step 7] Shapley 三维度分析...
[Shapley] 维度1: 动作重要性 (精确枚举 4!=24 排列) ...
[Shapley] 图表已保存: /Users/qianzekai/PycharmProjects/TolerDM/results/demandclean/breast_cancer/v3_oracle_plain_single/evaluation/shapley/shapley_action_importance.png
[Shapley] 维度2: 跳过特征 Shapley（计算量过大，仅保留维度1和维度3）
[Shapley] 维度3: 错误类型重要性 (精确枚举 4!=24 排列) ...
[Shapley] 图表已保存: /Users/qianzekai/PycharmProjects/TolerDM/results/demandclean/breast_cancer/v3_oracle_plain_single/evaluation/shapley/shapley_error_type_importance.png
  [计时] Step 7 (Shapley分析): 1188.65s

[Step 8] 训练曲线可视化...
  [可视化] 训练曲线已保存: /Users/qianzekai/PycharmProjects/TolerDM/results/demandclean/breast_cancer/v3_oracle_plain_single/visualization/v3_oracle_plain_single_training_curves.png
  [计时] Step 8 (训练曲线): 6.31s

[Step 9] Clean4MLBaseline 统一测评...
差异文件已保存到:
/Users/qianzekai/PycharmProjects/TolerDM/results/demandclean/breast_cancer/v3_oracle_plain_single/evaluation/v3_oracle_plain_single_clean_vs_dirty.csv
/Users/qianzekai/PycharmProjects/TolerDM/results/demandclean/breast_cancer/v3_oracle_plain_single/evaluation/v3_oracle_plain_single_dirty_vs_cleaned.csv
/Users/qianzekai/PycharmProjects/TolerDM/results/demandclean/breast_cancer/v3_oracle_plain_single/evaluation/v3_oracle_plain_single_clean_vs_cleaned.csv
修复错误数据文件已保存到: /Users/qianzekai/PycharmProjects/TolerDM/results/demandclean/breast_cancer/v3_oracle_plain_single/evaluation/v3_oracle_plain_single_repair_errors.csv
未修复但是应该修复数据文件已保存到: /Users/qianzekai/PycharmProjects/TolerDM/results/demandclean/breast_cancer/v3_oracle_plain_single/evaluation/v3_oracle_plain_single_unrepaired.csv
修复准确率: 0.5238095238095238, 修复召回率: 0.3734567901234568, F1值: 0.43603603598743995
========================================
EDR 结果已保存到: /Users/qianzekai/PycharmProjects/TolerDM/results/demandclean/breast_cancer/v3_oracle_plain_single/evaluation/v3_oracle_plain_single_edr_evaluation.txt
错误减少率 (EDR): 0.3611111111111111
========================================
混合距离结果已保存到: /Users/qianzekai/PycharmProjects/TolerDM/results/demandclean/breast_cancer/v3_oracle_plain_single/evaluation/v3_oracle_plain_single_hybrid_distance_evaluation.txt
混合距离 (Hybrid Distance): 0.20558414691836385
========================================
R-EDR 结果已保存到: /Users/qianzekai/PycharmProjects/TolerDM/results/demandclean/breast_cancer/v3_oracle_plain_single/evaluation/v3_oracle_plain_single_record_based_edr_evaluation.txt
基于条目的错误减少率 (R-EDR): 0.2620967741935484
========================================
RF - Accuracy: 1.0000, F1: 1.0000, Precision: 1.0000, Recall: 1.0000
LR - Accuracy: 0.9643, F1: 0.9648, Precision: 0.9680, Recall: 0.9643
SVM - Accuracy: 0.9881, F1: 0.9882, Precision: 0.9885, Recall: 0.9881
KNN - Accuracy: 0.9762, F1: 0.9762, Precision: 0.9762, Recall: 0.9762
DT - Accuracy: 0.9643, F1: 0.9636, Precision: 0.9660, Recall: 0.9643
GB - Accuracy: 1.0000, F1: 1.0000, Precision: 1.0000, Recall: 1.0000

容忍度计算结果:
  P_do_nothing (脏数据性能): 1.0000
  P_demand_clean (清洗后性能): 1.0000
  P_repair_all (完全修复性能): 1.0000
  先验容忍度 (Tolerance_prior): 1.0000
  后验容忍度 (Tolerance_post): 0.0000
Snoopy模块可用，正在评估数据质量上界...
  统一测评完成，结果已保存到: /Users/qianzekai/PycharmProjects/TolerDM/results/demandclean/breast_cancer/v3_oracle_plain_single/v3_oracle_plain_single_evaluation_results.txt
  [计时] Step 9 (统一测评): 37.17s

[Step 10] 真值成本汇总...
  RAHA 检测成本: 0
  Agent 修复成本: 104
  总成本: 104 / 3771 cells = 2.7579%
  [计时] Step 10 (成本汇总): 0.00s

──────────────────────────────────────────────────
  步骤计时汇总
──────────────────────────────────────────────────
  Step 1 初始化         │     0.00s
  Step 2 训练          │    12.48s
  Step 3 推理          │    51.91s
  Step 4 检测器评估       │     0.01s
  Step 5 Baseline评估  │     4.50s
  Step 6 容忍度评估       │     3.15s
  Step 7 Shapley分析   │  1188.65s
  Step 8 训练曲线        │     6.31s
  Step 9 统一测评        │    37.17s
  Step 10 成本汇总        │     0.00s
──────────────────────────────────────────────────
  总计(含可视化)       │  1304.20s
  可视化耗时           │  1195.81s
  净耗时(扣可视化)     │   108.38s
──────────────────────────────────────────────────

  [输出] 报告已保存: /Users/qianzekai/PycharmProjects/TolerDM/results/demandclean/breast_cancer/v3_oracle_plain_single/report/v3_oracle_plain_single_report.json

  版本 v3_oracle_plain_single 完成! 耗时: 108.38s
  输出目录: /Users/qianzekai/PycharmProjects/TolerDM/results/demandclean/breast_cancer/v3_oracle_plain_single

  只有 1 个版本完成，跳过跨版本对比

======================================================================
全部完成! 总耗时: 1304.22s
结果目录: /Users/qianzekai/PycharmProjects/TolerDM/results/demandclean
日志文件: /Users/qianzekai/PycharmProjects/TolerDM/logs/demandclean/breast_cancer_ep5_20260303_024930.log
======================================================================
