[日志] 完整输出将保存到: /Users/qianzekai/PycharmProjects/TolerDM/logs/demandclean/breast_cancer_v5_ep300_20260413_043250.log
======================================================================
DemandClean 统一运行脚本
======================================================================
数据集: ['breast_cancer']
启用版本: ['v5_auto_dueling_single']
训练轮数: 300
详细输出: False
Oracle 模式: 启用 (三路划分 60/20/20, --no-oracle 关闭)
======================================================================

######################################################################
# 数据集: breast_cancer
######################################################################

  60/20/20 划分: train=419, val=140, test=140
  60% 子集 CSV: /Users/qianzekai/PycharmProjects/TolerDM/results/demandclean/breast_cancer/dirty_train_60pct.csv
  数据集: breast_cancer
  脏数据: (419, 9)
  特征列: 9, 标签列: class
  分类列: (无)
  LE fit: 仅 dirty (419 行)
  SS fit: 仅 dirty (419 行)
  FD规则: 0 条
  编码完成: X_dirty_train=(419, 9), X_clean_train=(419, 9), X_clean_val=(140, 9), X_clean_test=(140, 9)

======================================================================
版本: v5_auto_dueling_single
数据集: breast_cancer | 任务: classification | 模型: random_forest
检测器: auto | Agent: dueling_two_stage | 推理: single_phase
训练轮数: 300 | 输出目录: /Users/qianzekai/PycharmProjects/TolerDM/results/demandclean/breast_cancer/v5_auto_dueling_single
======================================================================

[Step 1] 创建 DemandClean 实例...
  [计时] Step 1 (初始化): 0.00s

[Step 2] 训练 (300 episodes)...
