[日志] 完整输出将保存到: /Users/qianzekai/PycharmProjects/TolerDM/logs/demandclean/breast_cancer_v5_ep300_20260413_045629.log
======================================================================
DemandClean 统一运行脚本
======================================================================
数据集: ['breast_cancer']
启用版本: ['v5_auto_dueling_single']
训练轮数: 300
详细输出: False
Oracle 模式: 启用 (三路划分 60/20/20, --no-oracle 关闭)
======================================================================

######################################################################
# 数据集: breast_cancer
######################################################################

  60/20/20 划分: train=419, val=140, test=140
  60% 子集 CSV: /Users/qianzekai/PycharmProjects/TolerDM/results/demandclean/breast_cancer/dirty_train_60pct.csv
  数据集: breast_cancer
  脏数据: (419, 9)
  特征列: 9, 标签列: class
  分类列: (无)
  LE fit: 仅 dirty (419 行)
  SS fit: 仅 dirty (419 行)
  FD规则: 0 条
  编码完成: X_dirty_train=(419, 9), X_clean_train=(419, 9), X_clean_val=(140, 9), X_clean_test=(140, 9)

======================================================================
版本: v5_auto_dueling_single
数据集: breast_cancer | 任务: classification | 模型: random_forest
检测器: auto | Agent: dueling_two_stage | 推理: single_phase
训练轮数: 300 | 输出目录: /Users/qianzekai/PycharmProjects/TolerDM/results/demandclean/breast_cancer/v5_auto_dueling_single_ngt
======================================================================

[Step 1] 创建 DemandClean 实例...
  [计时] Step 1 (初始化): 0.00s

[Step 2] 训练 (300 episodes)...
  RAHA 检测结果: 129 个单元格
  Precision=0.7287  Recall=0.2901  F1=0.4150
  RAHA 标注行数: 20 (labeling_budget=20)
  模型已保存: /Users/qianzekai/PycharmProjects/TolerDM/results/demandclean/breast_cancer/v5_auto_dueling_single_ngt/model/v5_auto_dueling_single_agent.pt
  训练历史已保存: /Users/qianzekai/PycharmProjects/TolerDM/results/demandclean/breast_cancer/v5_auto_dueling_single_ngt/report/v5_auto_dueling_single_history.json
  [计时] Step 2 (训练): 37.38s

[Step 3] 推理 (模式: single_phase)...
  真值使用: 0
  动作分布: {'no_action': 0, 'repair_value': 0, 'delete': 7, 'replace_nearby': 304}
  清洗后数据已保存: /Users/qianzekai/PycharmProjects/TolerDM/results/demandclean/breast_cancer/v5_auto_dueling_single_ngt/data/v5_auto_dueling_single_cleaned.csv
  原始格式清洗数据已保存: /Users/qianzekai/PycharmProjects/TolerDM/results/demandclean/breast_cancer/v5_auto_dueling_single_ngt/data/v5_auto_dueling_single_cleaned_original.csv
  编码版本已保存: /Users/qianzekai/PycharmProjects/TolerDM/results/demandclean/breast_cancer/v5_auto_dueling_single_ngt/data/v5_auto_dueling_single_cleaned_encoded.npz
  [计时] Step 3 (推理): 4.23s

[Step 4] 检测器准确率评估...
  [计时] Step 4 (检测器评估): 0.00s

[Step 5] Baseline 评估与可视化...
  ReplaceAll VE: ValueEstimator(DC=2 rules (2 target cols), CFD=22 rules (9 target cols), DOMAIN=9 cols)
  ReplaceAll VE 估值: 332 个错误, 0.0s
  DeleteFix: 删除 234 行, 保留 185 行
  统一测试集 (Oracle): 140 行

============================================================
Baseline 对比评估 - v5_auto_dueling_single
============================================================
  NoFix          : rf_accuracy=0.9929 | rf_f1=0.9928 | lr_accuracy=0.9571 | lr_f1=0.956 | 0.1s
  DeleteAll      : rf_accuracy=1.0 | rf_f1=1.0 | lr_accuracy=0.9571 | lr_f1=0.956 | 0.0s
  DeleteFix      : rf_accuracy=0.9857 | rf_f1=0.9857 | lr_accuracy=0.9786 | lr_f1=0.9783 | 0.0s
  ReplaceAll     : rf_accuracy=0.9929 | rf_f1=0.9928 | lr_accuracy=0.9857 | lr_f1=0.9856 | 0.0s
  DemandClean    : rf_accuracy=0.9786 | rf_f1=0.9783 | lr_accuracy=0.9857 | lr_f1=0.9856 | 0.0s
  FullFix        : rf_accuracy=0.9929 | rf_f1=0.9928 | lr_accuracy=0.9857 | lr_f1=0.9856 | 0.0s
  [可视化] Baseline 对比图已保存: /Users/qianzekai/PycharmProjects/TolerDM/results/demandclean/breast_cancer/v5_auto_dueling_single_ngt/visualization/v5_auto_dueling_single_baseline_comparison.png
  [计时] Step 5 (Baseline评估): 0.46s

[Step 6] 模型容忍度评估...
============================================================
模型容忍度计算 - v5_auto_dueling_single
任务类型: classification  |  模型列表: ['rf', 'lr']
============================================================

--- 模型: RF ---
  P_clean  = 1.0000
  P_dirty  = 1.0000
  P_dc     = 0.6429
  先验容忍度 (P_dc / P_dirty)            = 0.6429
  后验容忍度 (P_dc-P_dirty)/(P_clean-P_dirty) = 1.0000

--- 模型: LR ---
  P_clean  = 1.0000
  P_dirty  = 0.9881
  P_dc     = 0.7619
  先验容忍度 (P_dc / P_dirty)            = 0.7711
  后验容忍度 (P_dc-P_dirty)/(P_clean-P_dirty) = -19.0000
  容忍度柱状图已保存: /Users/qianzekai/PycharmProjects/TolerDM/results/demandclean/breast_cancer/v5_auto_dueling_single_ngt/visualization/v5_auto_dueling_single_tolerance_bar.png
  [计时] Step 6 (容忍度评估): 0.35s

[Step 7] Shapley 三维度分析...
[Shapley] 维度1: 动作重要性 (精确枚举 4!=24 排列) ...
[Shapley] 图表已保存: /Users/qianzekai/PycharmProjects/TolerDM/results/demandclean/breast_cancer/v5_auto_dueling_single_ngt/evaluation/shapley/shapley_action_importance.png
[Shapley] 维度2: 跳过特征 Shapley（计算量过大，仅保留维度1和维度3）
[Shapley] 维度3: 错误类型重要性 (精确枚举 4!=24 排列) ...
[Shapley] 图表已保存: /Users/qianzekai/PycharmProjects/TolerDM/results/demandclean/breast_cancer/v5_auto_dueling_single_ngt/evaluation/shapley/shapley_error_type_importance.png
  [计时] Step 7 (Shapley分析): 106.72s

[Step 8] 训练曲线可视化...
  [可视化] 训练曲线已保存: /Users/qianzekai/PycharmProjects/TolerDM/results/demandclean/breast_cancer/v5_auto_dueling_single_ngt/visualization/v5_auto_dueling_single_training_curves.png
  [计时] Step 8 (训练曲线): 0.50s

[Step 9] Clean4MLBaseline 统一测评...
差异文件已保存到:
/Users/qianzekai/PycharmProjects/TolerDM/results/demandclean/breast_cancer/v5_auto_dueling_single_ngt/evaluation/v5_auto_dueling_single_clean_vs_dirty.csv
/Users/qianzekai/PycharmProjects/TolerDM/results/demandclean/breast_cancer/v5_auto_dueling_single_ngt/evaluation/v5_auto_dueling_single_dirty_vs_cleaned.csv
/Users/qianzekai/PycharmProjects/TolerDM/results/demandclean/breast_cancer/v5_auto_dueling_single_ngt/evaluation/v5_auto_dueling_single_clean_vs_cleaned.csv
修复错误数据文件已保存到: /Users/qianzekai/PycharmProjects/TolerDM/results/demandclean/breast_cancer/v5_auto_dueling_single_ngt/evaluation/v5_auto_dueling_single_repair_errors.csv
未修复但是应该修复数据文件已保存到: /Users/qianzekai/PycharmProjects/TolerDM/results/demandclean/breast_cancer/v5_auto_dueling_single_ngt/evaluation/v5_auto_dueling_single_unrepaired.csv
修复准确率: 0.2152317880794702, 修复召回率: 0.20569620253164558, F1值: 0.21035598700504185
========================================
EDR 结果已保存到: /Users/qianzekai/PycharmProjects/TolerDM/results/demandclean/breast_cancer/v5_auto_dueling_single_ngt/evaluation/v5_auto_dueling_single_edr_evaluation.txt
错误减少率 (EDR): 0.0031645569620253164
========================================
混合距离结果已保存到: /Users/qianzekai/PycharmProjects/TolerDM/results/demandclean/breast_cancer/v5_auto_dueling_single_ngt/evaluation/v5_auto_dueling_single_hybrid_distance_evaluation.txt
混合距离 (Hybrid Distance): 0.10039668761973428
========================================
R-EDR 结果已保存到: /Users/qianzekai/PycharmProjects/TolerDM/results/demandclean/breast_cancer/v5_auto_dueling_single_ngt/evaluation/v5_auto_dueling_single_record_based_edr_evaluation.txt
基于条目的错误减少率 (R-EDR): 0.11570247933884298
========================================
  [下游任务] 使用编码版本（跳过 CSV preprocess）
  Oracle 模式: train=412, test=140
RF - Accuracy: 0.9786, F1: 0.9783, Precision: 0.9792, Recall: 0.9786
LR - Accuracy: 0.9857, F1: 0.9856, Precision: 0.9860, Recall: 0.9857
SVM - Accuracy: 0.9714, F1: 0.9714, Precision: 0.9714, Recall: 0.9714
KNN - Accuracy: 0.9929, F1: 0.9928, Precision: 0.9929, Recall: 0.9929
DT - Accuracy: 0.9500, F1: 0.9502, Precision: 0.9505, Recall: 0.9500
GB - Accuracy: 0.9786, F1: 0.9786, Precision: 0.9788, Recall: 0.9786
  [容忍度] 使用编码版本（跳过 CSV preprocess）
  Oracle 模式: train dirty=419, cleaned=412, clean=419, test=140

容忍度计算结果:
  P_do_nothing (脏数据性能): 0.9929
  P_demand_clean (清洗后性能): 0.9786
  P_repair_all (完全修复性能): 0.9929
  先验容忍度 (Tolerance_prior): 0.9856
  后验容忍度 (Tolerance_post): 0.0000
  [Snoopy] 使用编码版本（跳过 CSV preprocess）
使用编码数据评估数据质量上界...
  统一测评完成，结果已保存到: /Users/qianzekai/PycharmProjects/TolerDM/results/demandclean/breast_cancer/v5_auto_dueling_single_ngt/v5_auto_dueling_single_evaluation_results.txt
  [计时] Step 9 (统一测评): 1.52s

[Step 10] 真值成本汇总...
  RAHA 检测成本: 20
  Agent 修复成本: 0
  总成本: 20 / 3771 cells = 0.5304%
  [计时] Step 10 (成本汇总): 0.00s

──────────────────────────────────────────────────
  步骤计时汇总
──────────────────────────────────────────────────
  Step 1 初始化         │     0.00s
  Step 2 训练          │    37.38s
  Step 3 推理          │     4.23s
  Step 4 检测器评估       │     0.00s
  Step 5 Baseline评估  │     0.46s
  Step 6 容忍度评估       │     0.35s
  Step 7 Shapley分析   │   106.72s
  Step 8 训练曲线        │     0.50s
  Step 9 统一测评        │     1.52s
  Step 10 成本汇总        │     0.00s
──────────────────────────────────────────────────
  总计(含可视化)       │   151.17s
  可视化耗时           │   107.36s
  净耗时(扣可视化)     │    43.82s
──────────────────────────────────────────────────

  [输出] 报告已保存: /Users/qianzekai/PycharmProjects/TolerDM/results/demandclean/breast_cancer/v5_auto_dueling_single_ngt/report/v5_auto_dueling_single_report.json

  版本 v5_auto_dueling_single 完成! 耗时: 43.82s
  输出目录: /Users/qianzekai/PycharmProjects/TolerDM/results/demandclean/breast_cancer/v5_auto_dueling_single_ngt

  只有 1 个版本完成，跳过跨版本对比

======================================================================
全部完成! 总耗时: 151.20s
结果目录: /Users/qianzekai/PycharmProjects/TolerDM/results/demandclean
日志文件: /Users/qianzekai/PycharmProjects/TolerDM/logs/demandclean/breast_cancer_v5_ep300_20260413_045629.log
======================================================================
