[日志] 完整输出将保存到: /Users/qianzekai/PycharmProjects/TolerDM/logs/demandclean/har_ep50_20260222_171926.log
======================================================================
DemandClean 统一运行脚本
======================================================================
数据集: ['har']
启用版本: ['v3_oracle_plain_single']
训练轮数: 50
详细输出: False
======================================================================

######################################################################
# 数据集: har
######################################################################
  数据集: har
  脏数据: (70000, 3), 干净数据: (70000, 3)
  特征列: 3, 标签列: gt
  FD规则: 0 条

======================================================================
版本: v3_oracle_plain_single
数据集: har | 任务: clustering | 模型: kmeans
检测器: oracle | Agent: single_stage | 推理: single_phase
训练轮数: 50 | 输出目录: /Users/qianzekai/PycharmProjects/TolerDM/results/demandclean/har/v3_oracle_plain_single
======================================================================

[Step 1] 创建 DemandClean 实例...

[Step 2] 训练 (50 episodes)...
  模型已保存: /Users/qianzekai/PycharmProjects/TolerDM/results/demandclean/har/v3_oracle_plain_single/model/v3_oracle_plain_single_agent.pt
  训练历史已保存: /Users/qianzekai/PycharmProjects/TolerDM/results/demandclean/har/v3_oracle_plain_single/report/v3_oracle_plain_single_history.json

[Step 3] 推理 (模式: single_phase)...
  真值使用: 39122
  动作分布: {'no_action': 0, 'repair_value': 39122, 'delete': 0, 'replace_nearby': 0}
  清洗后数据已保存: /Users/qianzekai/PycharmProjects/TolerDM/results/demandclean/har/v3_oracle_plain_single/data/v3_oracle_plain_single_cleaned.csv
  原始格式清洗数据已保存: /Users/qianzekai/PycharmProjects/TolerDM/results/demandclean/har/v3_oracle_plain_single/data/v3_oracle_plain_single_cleaned_original.csv

[Step 4] 检测器准确率评估...

[Step 5] Baseline 评估与可视化...
  DeleteFix: 删除 32271 行, 保留 37729 行

============================================================
Baseline 对比评估 - v3_oracle_plain_single
============================================================
  NoFix          : kmeans_silhouette=0.5106 | kmeans_ari=0.6685 | agglomerative_silhouette=0.499 | agglomerative_ari=0.6069
