[日志] 完整输出将保存到: /Users/qianzekai/PycharmProjects/TolerDM/logs/demandclean/har_ep50_20260222_205134.log
======================================================================
DemandClean 统一运行脚本
======================================================================
数据集: ['har']
启用版本: ['v3_oracle_plain_single']
训练轮数: 50
详细输出: False
======================================================================

######################################################################
# 数据集: har
######################################################################
  数据集: har
  脏数据: (70000, 3), 干净数据: (70000, 3)
  特征列: 3, 标签列: gt
  FD规则: 0 条

======================================================================
版本: v3_oracle_plain_single
数据集: har | 任务: clustering | 模型: kmeans
检测器: oracle | Agent: single_stage | 推理: single_phase
训练轮数: 50 | 输出目录: /Users/qianzekai/PycharmProjects/TolerDM/results/demandclean/har/v3_oracle_plain_single
======================================================================

[Step 1] 创建 DemandClean 实例...

[Step 2] 训练 (50 episodes)...
  模型已保存: /Users/qianzekai/PycharmProjects/TolerDM/results/demandclean/har/v3_oracle_plain_single/model/v3_oracle_plain_single_agent.pt
  训练历史已保存: /Users/qianzekai/PycharmProjects/TolerDM/results/demandclean/har/v3_oracle_plain_single/report/v3_oracle_plain_single_history.json

[Step 3] 推理 (模式: single_phase)...
  真值使用: 5077
  动作分布: {'no_action': 0, 'repair_value': 5077, 'delete': 23201, 'replace_nearby': 6544}
  清洗后数据已保存: /Users/qianzekai/PycharmProjects/TolerDM/results/demandclean/har/v3_oracle_plain_single/data/v3_oracle_plain_single_cleaned.csv
  原始格式清洗数据已保存: /Users/qianzekai/PycharmProjects/TolerDM/results/demandclean/har/v3_oracle_plain_single/data/v3_oracle_plain_single_cleaned_original.csv

[Step 4] 检测器准确率评估...

[Step 5] Baseline 评估与可视化...
  DeleteFix: 删除 32271 行, 保留 37729 行

============================================================
Baseline 对比评估 - v3_oracle_plain_single
============================================================
  NoFix          : kmeans_silhouette=0.51 | kmeans_ari=0.6685
  DeleteAll      : kmeans_silhouette=0.5222 | kmeans_ari=0.6679
  DeleteFix      : kmeans_silhouette=0.9085 | kmeans_ari=1.0
  ReplaceAll     : kmeans_silhouette=0.51 | kmeans_ari=0.6685
  DemandClean    : kmeans_silhouette=0.7868 | kmeans_ari=0.9721
  FullFix        : kmeans_silhouette=0.9096 | kmeans_ari=1.0

[Step 6] 模型容忍度评估...
============================================================
模型容忍度计算 - v3_oracle_plain_single
任务类型: clustering  |  模型列表: ['kmeans']
============================================================

--- 模型: KMEANS ---
  P_clean  = 0.9090
  P_dirty  = 0.5105
  P_dc     = 0.7553
  先验容忍度 (P_dc / P_dirty)            = 1.4794
  后验容忍度 (P_dc-P_dirty)/(P_clean-P_dirty) = 0.6143
  容忍度柱状图已保存: /Users/qianzekai/PycharmProjects/TolerDM/results/demandclean/har/v3_oracle_plain_single/visualization/v3_oracle_plain_single_tolerance_bar.png

[Step 7] Shapley 三维度分析...
[Shapley] 维度1: 动作重要性 (精确枚举 4!=24 排列) ...
[Shapley] 图表已保存: /Users/qianzekai/PycharmProjects/TolerDM/results/demandclean/har/v3_oracle_plain_single/evaluation/shapley/shapley_action_importance.png
[Shapley] 维度2: 特征重要性 (蒙特卡洛 50 次, 3 个特征) ...
[Shapley] 图表已保存: /Users/qianzekai/PycharmProjects/TolerDM/results/demandclean/har/v3_oracle_plain_single/evaluation/shapley/shapley_feature_importance.png
[Shapley] 维度3: 错误类型重要性 (精确枚举 4!=24 排列) ...
[Shapley] 图表已保存: /Users/qianzekai/PycharmProjects/TolerDM/results/demandclean/har/v3_oracle_plain_single/evaluation/shapley/shapley_error_type_importance.png

[Step 8] 训练曲线可视化...
  [可视化] 训练曲线已保存: /Users/qianzekai/PycharmProjects/TolerDM/results/demandclean/har/v3_oracle_plain_single/visualization/v3_oracle_plain_single_training_curves.png

[Step 9] Clean4MLBaseline 统一测评...
差异文件已保存到:
/Users/qianzekai/PycharmProjects/TolerDM/results/demandclean/har/v3_oracle_plain_single/evaluation/v3_oracle_plain_single_clean_vs_dirty.csv
/Users/qianzekai/PycharmProjects/TolerDM/results/demandclean/har/v3_oracle_plain_single/evaluation/v3_oracle_plain_single_dirty_vs_cleaned.csv
/Users/qianzekai/PycharmProjects/TolerDM/results/demandclean/har/v3_oracle_plain_single/evaluation/v3_oracle_plain_single_clean_vs_cleaned.csv
修复错误数据文件已保存到: /Users/qianzekai/PycharmProjects/TolerDM/results/demandclean/har/v3_oracle_plain_single/evaluation/v3_oracle_plain_single_repair_errors.csv
未修复但是应该修复数据文件已保存到: /Users/qianzekai/PycharmProjects/TolerDM/results/demandclean/har/v3_oracle_plain_single/evaluation/v3_oracle_plain_single_unrepaired.csv
修复准确率: 0.11493795005362341, 修复召回率: 0.3872599628329548, F1值: 0.17726424230302132
========================================
EDR 结果已保存到: /Users/qianzekai/PycharmProjects/TolerDM/results/demandclean/har/v3_oracle_plain_single/evaluation/v3_oracle_plain_single_edr_evaluation.txt
错误减少率 (EDR): -1.9820359281437125
========================================
混合距离结果已保存到: /Users/qianzekai/PycharmProjects/TolerDM/results/demandclean/har/v3_oracle_plain_single/evaluation/v3_oracle_plain_single_hybrid_distance_evaluation.txt
混合距离 (Hybrid Distance): 0.12856122552076193
========================================
R-EDR 结果已保存到: /Users/qianzekai/PycharmProjects/TolerDM/results/demandclean/har/v3_oracle_plain_single/evaluation/v3_oracle_plain_single_record_based_edr_evaluation.txt
基于条目的错误减少率 (R-EDR): -1.7263506063947078
========================================
警告: 清洗后数据行数(46799)与干净数据行数(70000)不一致
将使用清洗后数据自身进行评估（行对齐）
通过索引对齐，使用 46799 行数据进行评估
KMEANS - Silhouette: 0.8033, ARI: 0.9101
AGGLOMERATIVE - Silhouette: 0.7876, ARI: 0.8356
SPECTRAL - Silhouette: 0.7877, ARI: 0.9306

容忍度计算结果:
  P_do_nothing (脏数据性能): 0.6135
  P_demand_clean (清洗后性能): 0.7832
  P_repair_all (完全修复性能): 0.6770
  先验容忍度 (Tolerance_prior): 1.2766
  后验容忍度 (Tolerance_post): 2.6734
Snoopy模块可用，正在评估数据质量上界...
  统一测评完成，结果已保存到: /Users/qianzekai/PycharmProjects/TolerDM/results/demandclean/har/v3_oracle_plain_single/v3_oracle_plain_single_evaluation_results.txt

  [输出] 报告已保存: /Users/qianzekai/PycharmProjects/TolerDM/results/demandclean/har/v3_oracle_plain_single/report/v3_oracle_plain_single_report.json

  版本 v3_oracle_plain_single 完成! 耗时: 5979.68s
  输出目录: /Users/qianzekai/PycharmProjects/TolerDM/results/demandclean/har/v3_oracle_plain_single

  只有 1 个版本完成，跳过跨版本对比

======================================================================
全部完成! 总耗时: 5980.00s
结果目录: /Users/qianzekai/PycharmProjects/TolerDM/results/demandclean
日志文件: /Users/qianzekai/PycharmProjects/TolerDM/logs/demandclean/har_ep50_20260222_205134.log
======================================================================
