[日志] 完整输出将保存到: /Users/qianzekai/PycharmProjects/TolerDM/logs/demandclean/har_v5_ep300_20260415_012355.log
======================================================================
DemandClean 统一运行脚本
======================================================================
数据集: ['har']
启用版本: ['v5_auto_dueling_single']
训练轮数: 300
详细输出: False
Oracle 模式: 启用 (三路划分 60/20/20, --no-oracle 关闭)
======================================================================

######################################################################
# 数据集: har
######################################################################

  60/20/20 划分: train=42000, val=14000, test=14000
  60% 子集 CSV: /Users/qianzekai/PycharmProjects/TolerDM/results/demandclean/har/dirty_train_60pct.csv
  数据集: har
  脏数据: (42000, 3)
  特征列: 3, 标签列: gt
  分类列: (无)
  LE fit: 仅 dirty (42000 行)
  SS fit: 仅 dirty (42000 行)
  FD规则: 0 条
  编码完成: X_dirty_train=(42000, 3), X_clean_train=(42000, 3), X_clean_val=(14000, 3), X_clean_test=(14000, 3)

======================================================================
版本: v5_auto_dueling_single
数据集: har | 任务: clustering | 模型: kmeans
检测器: auto | Agent: dueling_two_stage | 推理: single_phase
训练轮数: 300 | 输出目录: /Users/qianzekai/PycharmProjects/TolerDM/results/demandclean/har/v5_auto_dueling_single_tuned2
======================================================================

[Step 1] 创建 DemandClean 实例...
  [计时] Step 1 (初始化): 0.00s

[Step 2] 训练 (300 episodes)...
  RAHA 检测结果: 3070 个单元格
  Precision=0.8339  Recall=0.6641  F1=0.7394
  RAHA 标注行数: 20 (labeling_budget=20)
  RAHA 检测结果: 3673 个单元格
  Precision=0.9371  Recall=0.8973  F1=0.9168
  RAHA 标注行数: 20 (labeling_budget=20)
  RAHA 检测结果: 8274 个单元格
  Precision=0.8510  Recall=0.8751  F1=0.8629
  RAHA 标注行数: 20 (labeling_budget=20)
  RAHA 检测结果: 7684 个单元格
  Precision=0.8429  Recall=0.8322  F1=0.8375
  RAHA 标注行数: 20 (labeling_budget=20)
  模型已保存: /Users/qianzekai/PycharmProjects/TolerDM/results/demandclean/har/v5_auto_dueling_single_tuned2/model/v5_auto_dueling_single_agent.pt
  训练历史已保存: /Users/qianzekai/PycharmProjects/TolerDM/results/demandclean/har/v5_auto_dueling_single_tuned2/report/v5_auto_dueling_single_history.json
  [计时] Step 2 (训练): 27814.00s

[Step 3] 推理 (模式: single_phase)...
  真值使用: 5880
  动作分布: {'no_action': 332, 'repair_value': 5880, 'delete': 770, 'replace_nearby': 18116}
  清洗后数据已保存: /Users/qianzekai/PycharmProjects/TolerDM/results/demandclean/har/v5_auto_dueling_single_tuned2/data/v5_auto_dueling_single_cleaned.csv
  原始格式清洗数据已保存: /Users/qianzekai/PycharmProjects/TolerDM/results/demandclean/har/v5_auto_dueling_single_tuned2/data/v5_auto_dueling_single_cleaned_original.csv
  编码版本已保存: /Users/qianzekai/PycharmProjects/TolerDM/results/demandclean/har/v5_auto_dueling_single_tuned2/data/v5_auto_dueling_single_cleaned_encoded.npz
  [计时] Step 3 (推理): 353.11s

[Step 4] 检测器准确率评估...
  [计时] Step 4 (检测器评估): 0.19s

[Step 5] Baseline 评估与可视化...
  ReplaceAll VE: ValueEstimator(DOMAIN=3 cols)
  ReplaceAll VE 估值: 25199 个错误, 81.7s
  DeleteFix: 删除 20460 行, 保留 21540 行
  统一测试集 (Oracle): 13863 行

============================================================
Baseline 对比评估 - v5_auto_dueling_single
============================================================
  NoFix          : kmeans_silhouette=0.5095 | kmeans_ari=0.6652 | 1.1s
  DeleteAll      : kmeans_silhouette=0.5216 | kmeans_ari=0.6628 | 1.1s
  DeleteFix      : kmeans_silhouette=0.8917 | kmeans_ari=0.9824 | 0.9s
  ReplaceAll     : kmeans_silhouette=0.8428 | kmeans_ari=0.9577 | 1.0s
  DemandClean    : kmeans_silhouette=0.859 | kmeans_ari=0.9712 | 0.9s
  FullFix        : kmeans_silhouette=0.9098 | kmeans_ari=1.0 | 1.0s
  [计时] Step 5 (Baseline评估): 90.18s

[Step 6] 模型容忍度评估...
============================================================
模型容忍度计算 - v5_auto_dueling_single
任务类型: clustering  |  模型列表: ['kmeans']
============================================================

--- 模型: KMEANS ---
  P_clean  = 0.9081
  P_dirty  = 0.5083
  P_dc     = 0.8557
  先验容忍度 (P_dc / P_dirty)            = 1.6833
  后验容忍度 (P_dc-P_dirty)/(P_clean-P_dirty) = 0.8689
  容忍度柱状图已保存: /Users/qianzekai/PycharmProjects/TolerDM/results/demandclean/har/v5_auto_dueling_single_tuned2/visualization/v5_auto_dueling_single_tolerance_bar.png
  [计时] Step 6 (容忍度评估): 23.97s

[Step 7] Shapley 三维度分析...
[Shapley] 维度1: 动作重要性 (精确枚举 4!=24 排列) ...
[Shapley] 图表已保存: /Users/qianzekai/PycharmProjects/TolerDM/results/demandclean/har/v5_auto_dueling_single_tuned2/evaluation/shapley/shapley_action_importance.png
[Shapley] 维度2: 跳过特征 Shapley（计算量过大，仅保留维度1和维度3）
[Shapley] 维度3: 错误类型重要性 (精确枚举 3!=6 排列) ...
[Shapley] 图表已保存: /Users/qianzekai/PycharmProjects/TolerDM/results/demandclean/har/v5_auto_dueling_single_tuned2/evaluation/shapley/shapley_error_type_importance.png
  [计时] Step 7 (Shapley分析): 1133.68s

[Step 8] 训练曲线可视化...
  [可视化] 训练曲线已保存: /Users/qianzekai/PycharmProjects/TolerDM/results/demandclean/har/v5_auto_dueling_single_tuned2/visualization/v5_auto_dueling_single_training_curves.png
  [计时] Step 8 (训练曲线): 0.76s

[Step 9] Clean4MLBaseline 统一测评...
差异文件已保存到:
/Users/qianzekai/PycharmProjects/TolerDM/results/demandclean/har/v5_auto_dueling_single_tuned2/evaluation/v5_auto_dueling_single_clean_vs_dirty.csv
/Users/qianzekai/PycharmProjects/TolerDM/results/demandclean/har/v5_auto_dueling_single_tuned2/evaluation/v5_auto_dueling_single_dirty_vs_cleaned.csv
/Users/qianzekai/PycharmProjects/TolerDM/results/demandclean/har/v5_auto_dueling_single_tuned2/evaluation/v5_auto_dueling_single_clean_vs_cleaned.csv
修复错误数据文件已保存到: /Users/qianzekai/PycharmProjects/TolerDM/results/demandclean/har/v5_auto_dueling_single_tuned2/evaluation/v5_auto_dueling_single_repair_errors.csv
未修复但是应该修复数据文件已保存到: /Users/qianzekai/PycharmProjects/TolerDM/results/demandclean/har/v5_auto_dueling_single_tuned2/evaluation/v5_auto_dueling_single_unrepaired.csv
修复准确率: 0.12921374010885972, 修复召回率: 0.24907423734791043, F1值: 0.17015509707894683
========================================
EDR 结果已保存到: /Users/qianzekai/PycharmProjects/TolerDM/results/demandclean/har/v5_auto_dueling_single_tuned2/evaluation/v5_auto_dueling_single_edr_evaluation.txt
错误减少率 (EDR): -0.7180832304708165
========================================
混合距离结果已保存到: /Users/qianzekai/PycharmProjects/TolerDM/results/demandclean/har/v5_auto_dueling_single_tuned2/evaluation/v5_auto_dueling_single_hybrid_distance_evaluation.txt
混合距离 (Hybrid Distance): 0.2664995244204005
========================================
R-EDR 结果已保存到: /Users/qianzekai/PycharmProjects/TolerDM/results/demandclean/har/v5_auto_dueling_single_tuned2/evaluation/v5_auto_dueling_single_record_based_edr_evaluation.txt
基于条目的错误减少率 (R-EDR): -0.5720780957475261
========================================
  [下游任务] 使用编码版本（跳过 CSV preprocess）
KMEANS 聚类失败: Found input variables with inconsistent numbers of samples: [13863, 40423]
AGGLOMERATIVE 聚类失败: Found input variables with inconsistent numbers of samples: [13863, 40423]
SPECTRAL 聚类失败: Found input variables with inconsistent numbers of samples: [13863, 40423]
  [容忍度] 使用编码版本（跳过 CSV preprocess）
  Oracle 模式: train dirty=40368, cleaned=40423, clean=41603, test=13863

容忍度计算结果:
  P_do_nothing (脏数据性能): 0.5095
  P_demand_clean (清洗后性能): 0.8590
  P_repair_all (完全修复性能): 0.9098
  先验容忍度 (Tolerance_prior): 1.6859
  后验容忍度 (Tolerance_post): 0.8731
  [Snoopy] 使用编码版本（跳过 CSV preprocess）
使用编码数据评估数据质量上界...
  统一测评完成，结果已保存到: /Users/qianzekai/PycharmProjects/TolerDM/results/demandclean/har/v5_auto_dueling_single_tuned2/v5_auto_dueling_single_evaluation_results.txt
  [计时] Step 9 (统一测评): 155.79s

[Step 10] 真值成本汇总...
  RAHA 检测成本: 80
  Agent 修复成本: 5880
  总成本: 5960 / 126000 cells = 4.7302%
  [计时] Step 10 (成本汇总): 0.00s

──────────────────────────────────────────────────
  步骤计时汇总
──────────────────────────────────────────────────
  Step 1 初始化         │     0.00s
  Step 2 训练          │ 27814.00s
  Step 3 推理          │   353.11s
  Step 4 检测器评估       │     0.19s
  Step 5 Baseline评估  │    90.18s
  Step 6 容忍度评估       │    23.97s
  Step 7 Shapley分析   │  1133.68s
  Step 8 训练曲线        │     0.76s
  Step 9 统一测评        │   155.79s
  Step 10 成本汇总        │     0.00s
──────────────────────────────────────────────────
  总计(含可视化)       │ 29571.70s
  可视化耗时           │  1134.44s
  净耗时(扣可视化)     │ 28437.26s
──────────────────────────────────────────────────

  [输出] 报告已保存: /Users/qianzekai/PycharmProjects/TolerDM/results/demandclean/har/v5_auto_dueling_single_tuned2/report/v5_auto_dueling_single_report.json

  版本 v5_auto_dueling_single 完成! 耗时: 28437.26s
  输出目录: /Users/qianzekai/PycharmProjects/TolerDM/results/demandclean/har/v5_auto_dueling_single_tuned2

  只有 1 个版本完成，跳过跨版本对比

======================================================================
全部完成! 总耗时: 29572.73s
结果目录: /Users/qianzekai/PycharmProjects/TolerDM/results/demandclean
日志文件: /Users/qianzekai/PycharmProjects/TolerDM/logs/demandclean/har_v5_ep300_20260415_012355.log
======================================================================
