[日志] 完整输出将保存到: /Users/qianzekai/PycharmProjects/TolerDM/logs/demandclean/har_ep50_20260222_161931.log
======================================================================
DemandClean 统一运行脚本
======================================================================
数据集: ['har']
启用版本: ['v3_oracle_plain_single']
训练轮数: 50
详细输出: False
======================================================================

######################################################################
# 数据集: har
######################################################################
  数据集: har
  脏数据: (70000, 3), 干净数据: (70000, 3)
  特征列: 3, 标签列: gt
  FD规则: 0 条

======================================================================
版本: v3_oracle_plain_single
数据集: har | 任务: clustering | 模型: kmeans
检测器: oracle | Agent: single_stage | 推理: single_phase
训练轮数: 50 | 输出目录: /Users/qianzekai/PycharmProjects/TolerDM/results/demandclean/har/v3_oracle_plain_single
======================================================================

[Step 1] 创建 DemandClean 实例...

[Step 2] 训练 (50 episodes)...
