[日志] 完整输出将保存到: /Users/qianzekai/PycharmProjects/TolerDM/logs/demandclean/har_v8_ep300_20260413_022039.log
======================================================================
DemandClean 统一运行脚本
======================================================================
数据集: ['har']
启用版本: ['v8_auto_plain_two']
训练轮数: 300
详细输出: False
Oracle 模式: 启用 (三路划分 60/20/20, --no-oracle 关闭)
======================================================================

######################################################################
# 数据集: har
######################################################################

  60/20/20 划分: train=42000, val=14000, test=14000
  60% 子集 CSV: /Users/qianzekai/PycharmProjects/TolerDM/results/demandclean/har/dirty_train_60pct.csv
  数据集: har
  脏数据: (42000, 3)
  特征列: 3, 标签列: gt
  分类列: (无)
  LE fit: 仅 dirty (42000 行)
  SS fit: 仅 dirty (42000 行)
  FD规则: 0 条
  编码完成: X_dirty_train=(42000, 3), X_clean_train=(42000, 3), X_clean_val=(14000, 3), X_clean_test=(14000, 3)

======================================================================
版本: v8_auto_plain_two
数据集: har | 任务: clustering | 模型: kmeans
检测器: auto | Agent: single_stage | 推理: two_phase
训练轮数: 300 | 输出目录: /Users/qianzekai/PycharmProjects/TolerDM/results/demandclean/har/v8_auto_plain_two
======================================================================

[Step 1] 创建 DemandClean 实例...
  [计时] Step 1 (初始化): 0.00s

[Step 2] 训练 (300 episodes)...
  RAHA 检测结果: 4186 个单元格
  Precision=0.8378  Recall=0.9097  F1=0.8723
  RAHA 标注行数: 20 (labeling_budget=20)
  RAHA 检测结果: 4053 个单元格
  Precision=0.8189  Recall=0.8652  F1=0.8414
  RAHA 标注行数: 20 (labeling_budget=20)
  RAHA 检测结果: 8571 个单元格
  Precision=0.9134  Recall=0.9730  F1=0.9423
  RAHA 标注行数: 20 (labeling_budget=20)
  RAHA 检测结果: 5924 个单元格
  Precision=0.9468  Recall=0.7207  F1=0.8184
  RAHA 标注行数: 20 (labeling_budget=20)
