[04:26:47] INFO:   Clean Base 自动选择 (5-fold CV, 样本保留率加权):
[04:26:47] INFO:     DeleteFix: 505 行, CV=0.0015, 权重=0.447, 加权=0.0007
[04:26:47] INFO:     VE-Fill:   2525 行, CV=0.0095, 权重=1.000, 加权=0.0095
[04:26:47] INFO:     → 选择 VE-Fill (2525 行)
[04:55:49] INFO: 模型已保存: /Users/qianzekai/PycharmProjects/TolerDM/results/demandclean/mercedes/v5_auto_dueling_single_tuned/model/v5_auto_dueling_single_agent.pt
Traceback (most recent call last):
  File "/Users/qianzekai/PycharmProjects/TolerDM/run_demandclean/run_demandclean_base.py", line 2037, in run_version
    plot_training_curves(history, dir_vis, version_name,
  File "/Users/qianzekai/PycharmProjects/TolerDM/run_demandclean/run_demandclean_base.py", line 795, in plot_training_curves
    plt.savefig(path, dpi=150)
  File "/Users/qianzekai/PycharmProjects/TolerDM/TolerRL/lib/python3.9/site-packages/matplotlib/pyplot.py", line 1228, in savefig
    res = fig.savefig(*args, **kwargs)  # type: ignore[func-returns-value]
  File "/Users/qianzekai/PycharmProjects/TolerDM/TolerRL/lib/python3.9/site-packages/matplotlib/figure.py", line 3395, in savefig
    self.canvas.print_figure(fname, **kwargs)
  File "/Users/qianzekai/PycharmProjects/TolerDM/TolerRL/lib/python3.9/site-packages/matplotlib/backend_bases.py", line 2204, in print_figure
    result = print_method(
  File "/Users/qianzekai/PycharmProjects/TolerDM/TolerRL/lib/python3.9/site-packages/matplotlib/backend_bases.py", line 2054, in <lambda>
    print_method = functools.wraps(meth)(lambda *args, **kwargs: meth(
  File "/Users/qianzekai/PycharmProjects/TolerDM/TolerRL/lib/python3.9/site-packages/matplotlib/backends/backend_agg.py", line 496, in print_png
    self._print_pil(filename_or_obj, "png", pil_kwargs, metadata)
  File "/Users/qianzekai/PycharmProjects/TolerDM/TolerRL/lib/python3.9/site-packages/matplotlib/backends/backend_agg.py", line 445, in _print_pil
    mpl.image.imsave(
  File "/Users/qianzekai/PycharmProjects/TolerDM/TolerRL/lib/python3.9/site-packages/matplotlib/image.py", line 1676, in imsave
    image.save(fname, **pil_kwargs)
  File "/Users/qianzekai/PycharmProjects/TolerDM/TolerRL/lib/python3.9/site-packages/PIL/Image.py", line 2591, in save
    fp = builtins.open(filename, "w+b")
FileNotFoundError: [Errno 2] No such file or directory: '/Users/qianzekai/PycharmProjects/TolerDM/results/demandclean/mercedes/v5_auto_dueling_single_tuned/visualization/v5_auto_dueling_single_training_curves.png'
