[DEBUG] _PROJECT_ROOT=/Users/qianzekai/PycharmProjects/TolerDM
[日志] 完整输出将保存到: /Users/qianzekai/PycharmProjects/TolerDM/logs/demandclean/mercedes_ep5_20260222_171945.log
======================================================================
DemandClean 统一运行脚本
======================================================================
数据集: ['mercedes']
启用版本: ['v3_oracle_plain_single']
训练轮数: 5
详细输出: False
======================================================================

######################################################################
# 数据集: mercedes
######################################################################
  数据集: mercedes
  脏数据: (4209, 376), 干净数据: (4209, 376)
  特征列: 376, 标签列: y
  FD规则: 0 条

======================================================================
版本: v3_oracle_plain_single
数据集: mercedes | 任务: regression | 模型: ridge
检测器: oracle | Agent: single_stage | 推理: single_phase
训练轮数: 5 | 输出目录: /Users/qianzekai/PycharmProjects/TolerDM/results/demandclean/mercedes/v3_oracle_plain_single
======================================================================

[Step 1] 创建 DemandClean 实例...

[Step 2] 训练 (5 episodes)...
[17:20:11] INFO: 模型已保存: /Users/qianzekai/PycharmProjects/TolerDM/results/demandclean/mercedes/v3_oracle_plain_single/model/v3_oracle_plain_single_agent.pt
  模型已保存: /Users/qianzekai/PycharmProjects/TolerDM/results/demandclean/mercedes/v3_oracle_plain_single/model/v3_oracle_plain_single_agent.pt
  训练历史已保存: /Users/qianzekai/PycharmProjects/TolerDM/results/demandclean/mercedes/v3_oracle_plain_single/report/v3_oracle_plain_single_history.json

[Step 3] 推理 (模式: single_phase)...
  真值使用: 0
  动作分布: {'no_action': 1516, 'repair_value': 0, 'delete': 3367, 'replace_nearby': 61901}
  清洗后数据已保存: /Users/qianzekai/PycharmProjects/TolerDM/results/demandclean/mercedes/v3_oracle_plain_single/data/v3_oracle_plain_single_cleaned.csv
  原始格式清洗数据已保存: /Users/qianzekai/PycharmProjects/TolerDM/results/demandclean/mercedes/v3_oracle_plain_single/data/v3_oracle_plain_single_cleaned_original.csv

[Step 4] 检测器准确率评估...

[Step 5] Baseline 评估与可视化...
  DeleteFix: 删除 3368 行, 保留 841 行

============================================================
Baseline 对比评估 - v3_oracle_plain_single
============================================================
  NoFix          : rf_mse=76.7706 | rf_r2=0.5068 | ridge_mse=105.0579 | ridge_r2=0.325
  DeleteAll      : rf_mse=61.6647 | rf_r2=0.5436 | ridge_mse=91.987 | ridge_r2=0.3192
  DeleteFix      : rf_mse=66.2168 | rf_r2=0.5873 | ridge_mse=202.1382 | ridge_r2=-0.2598
  ReplaceAll     : rf_mse=76.7706 | rf_r2=0.5068 | ridge_mse=105.0579 | ridge_r2=0.325
  DemandClean    : rf_mse=128.7356 | rf_r2=0.1224 | ridge_mse=318.2175 | ridge_r2=-1.1693
  FullFix        : rf_mse=81.419 | rf_r2=0.4769 | ridge_mse=69.4854 | ridge_r2=0.5536
  [可视化] Baseline 对比图已保存: /Users/qianzekai/PycharmProjects/TolerDM/results/demandclean/mercedes/v3_oracle_plain_single/visualization/v3_oracle_plain_single_baseline_comparison.png

[Step 6] 模型容忍度评估...
============================================================
模型容忍度计算 - v3_oracle_plain_single
任务类型: regression  |  模型列表: ['rf', 'ridge']
============================================================

--- 模型: RF ---
  P_clean  = 0.4769
  P_dirty  = 0.4965
  P_dc     = -0.2621
  先验容忍度 (P_dc / P_dirty)            = -0.5280
  后验容忍度 (P_dc-P_dirty)/(P_clean-P_dirty) = 38.8066

--- 模型: RIDGE ---
  P_clean  = 0.5535
  P_dirty  = 0.4867
  P_dc     = -0.5359
  先验容忍度 (P_dc / P_dirty)            = -1.1009
  后验容忍度 (P_dc-P_dirty)/(P_clean-P_dirty) = -15.3215
  容忍度柱状图已保存: /Users/qianzekai/PycharmProjects/TolerDM/results/demandclean/mercedes/v3_oracle_plain_single/visualization/v3_oracle_plain_single_tolerance_bar.png

[Step 7] Shapley 三维度分析...
[Shapley] 维度1: 动作重要性 (精确枚举 4!=24 排列) ...
[Shapley] 图表已保存: /Users/qianzekai/PycharmProjects/TolerDM/results/demandclean/mercedes/v3_oracle_plain_single/evaluation/shapley/shapley_action_importance.png
[Shapley] 维度2: 特征重要性 (蒙特卡洛 200 次, 376 个特征) ...
