[日志] 完整输出将保存到: /Users/qianzekai/PycharmProjects/TolerDM/logs/demandclean/mercedes_v5_ep300_20260411_235331.log
======================================================================
DemandClean 统一运行脚本
======================================================================
数据集: ['mercedes']
启用版本: ['v5_auto_dueling_single']
训练轮数: 300
详细输出: False
Oracle 模式: 启用 (三路划分 60/20/20, --no-oracle 关闭)
======================================================================

######################################################################
# 数据集: mercedes
######################################################################

  60/20/20 划分: train=2525, val=842, test=842
  60% 子集 CSV: /Users/qianzekai/PycharmProjects/TolerDM/results/demandclean/mercedes/dirty_train_60pct.csv
  数据集: mercedes
  脏数据: (2525, 376)
  特征列: 376, 标签列: y
  分类列: {'X5', 'X0', 'X1', 'X2', 'X3', 'X6', 'X4', 'X8'}
  LE fit: 仅 dirty (2525 行)
  SS fit: 仅 dirty (2525 行)
  FD规则: 0 条
  编码完成: X_dirty_train=(2525, 376), X_clean_train=(2525, 376), X_clean_val=(842, 376), X_clean_test=(842, 376)

======================================================================
版本: v5_auto_dueling_single
数据集: mercedes | 任务: regression | 模型: ridge
检测器: auto | Agent: dueling_two_stage | 推理: single_phase
训练轮数: 300 | 输出目录: /Users/qianzekai/PycharmProjects/TolerDM/results/demandclean/mercedes/v5_auto_dueling_single
======================================================================

[Step 1] 创建 DemandClean 实例...
  [计时] Step 1 (初始化): 0.00s

[Step 2] 训练 (300 episodes)...
  RAHA 检测结果: 4971 个单元格
  Precision=1.0000  Recall=0.9944  F1=0.9972
  RAHA 标注行数: 20 (labeling_budget=20)
  RAHA 检测结果: 10279 个单元格
  Precision=1.0000  Recall=1.0000  F1=1.0000
  RAHA 标注行数: 20 (labeling_budget=20)
  RAHA 检测结果: 10053 个单元格
  Precision=1.0000  Recall=0.9996  F1=0.9998
  RAHA 标注行数: 20 (labeling_budget=20)
  RAHA 检测结果: 10187 个单元格
  Precision=1.0000  Recall=1.0000  F1=1.0000
  RAHA 标注行数: 20 (labeling_budget=20)
  RAHA 检测结果: 9778 个单元格
  Precision=1.0000  Recall=0.9995  F1=0.9997
  RAHA 标注行数: 20 (labeling_budget=20)
  RAHA 检测结果: 9664 个单元格
  Precision=1.0000  Recall=0.9996  F1=0.9998
  RAHA 标注行数: 20 (labeling_budget=20)
  RAHA 检测结果: 10081 个单元格
  Precision=1.0000  Recall=1.0000  F1=1.0000
  RAHA 标注行数: 20 (labeling_budget=20)
  RAHA 检测结果: 10056 个单元格
  Precision=1.0000  Recall=1.0000  F1=1.0000
  RAHA 标注行数: 20 (labeling_budget=20)
  RAHA 检测结果: 10196 个单元格
  Precision=1.0000  Recall=0.9984  F1=0.9992
  RAHA 标注行数: 20 (labeling_budget=20)
  RAHA 检测结果: 10283 个单元格
  Precision=1.0000  Recall=0.9994  F1=0.9997
  RAHA 标注行数: 20 (labeling_budget=20)
  RAHA 检测结果: 9978 个单元格
  Precision=1.0000  Recall=1.0000  F1=1.0000
  RAHA 标注行数: 20 (labeling_budget=20)
  RAHA 检测结果: 9117 个单元格
  Precision=0.9999  Recall=0.9997  F1=0.9998
  RAHA 标注行数: 20 (labeling_budget=20)
  RAHA 检测结果: 10089 个单元格
  Precision=1.0000  Recall=1.0000  F1=1.0000
  RAHA 标注行数: 20 (labeling_budget=20)
  RAHA 检测结果: 9539 个单元格
  Precision=0.9998  Recall=1.0000  F1=0.9999
  RAHA 标注行数: 20 (labeling_budget=20)
  RAHA 检测结果: 8083 个单元格
  Precision=1.0000  Recall=0.9989  F1=0.9994
  RAHA 标注行数: 20 (labeling_budget=20)
  RAHA 检测结果: 10226 个单元格
  Precision=1.0000  Recall=0.9996  F1=0.9998
  RAHA 标注行数: 20 (labeling_budget=20)
  RAHA 检测结果: 9143 个单元格
  Precision=1.0000  Recall=0.9987  F1=0.9993
  RAHA 标注行数: 20 (labeling_budget=20)
  RAHA 检测结果: 10094 个单元格
  Precision=1.0000  Recall=0.9996  F1=0.9998
  RAHA 标注行数: 20 (labeling_budget=20)
  RAHA 检测结果: 8673 个单元格
  Precision=1.0000  Recall=1.0000  F1=1.0000
  RAHA 标注行数: 20 (labeling_budget=20)
  模型已保存: /Users/qianzekai/PycharmProjects/TolerDM/results/demandclean/mercedes/v5_auto_dueling_single/model/v5_auto_dueling_single_agent.pt
  训练历史已保存: /Users/qianzekai/PycharmProjects/TolerDM/results/demandclean/mercedes/v5_auto_dueling_single/report/v5_auto_dueling_single_history.json
  [计时] Step 2 (训练): 5627.81s

[Step 3] 推理 (模式: single_phase)...
  真值使用: 0
  动作分布: {'no_action': 122647, 'repair_value': 0, 'delete': 625, 'replace_nearby': 289}
  清洗后数据已保存: /Users/qianzekai/PycharmProjects/TolerDM/results/demandclean/mercedes/v5_auto_dueling_single/data/v5_auto_dueling_single_cleaned.csv
  原始格式清洗数据已保存: /Users/qianzekai/PycharmProjects/TolerDM/results/demandclean/mercedes/v5_auto_dueling_single/data/v5_auto_dueling_single_cleaned_original.csv
  编码版本已保存: /Users/qianzekai/PycharmProjects/TolerDM/results/demandclean/mercedes/v5_auto_dueling_single/data/v5_auto_dueling_single_cleaned_encoded.npz
  [计时] Step 3 (推理): 327.68s

[Step 4] 检测器准确率评估...
  [计时] Step 4 (检测器评估): 1.24s

[Step 5] Baseline 评估与可视化...
  ReplaceAll VE: ValueEstimator(CAT=8 cols)
  ReplaceAll VE 估值: 180585 个错误, 893.1s
  DeleteFix: 删除 2020 行, 保留 505 行
  统一测试集 (Oracle): 842 行

============================================================
Baseline 对比评估 - v5_auto_dueling_single
============================================================
  NoFix          : rf_mse=120.9717 | rf_r2=0.36 | ridge_mse=122.8688 | ridge_r2=0.3499 | 21.2s
  DeleteAll      : rf_mse=119.6302 | rf_r2=0.3671 | ridge_mse=126.9133 | ridge_r2=0.3285 | 11.2s
  DeleteFix      : rf_mse=118.7777 | rf_r2=0.3716 | ridge_mse=165.4545 | ridge_r2=0.1246 | 2.0s
  ReplaceAll     : rf_mse=117.5943 | rf_r2=0.3779 | ridge_mse=120.0461 | ridge_r2=0.3649 | 16.8s
  DemandClean    : rf_mse=114.9701 | rf_r2=0.3917 | ridge_mse=122.087 | ridge_r2=0.3541 | 11.1s
  FullFix        : rf_mse=114.6009 | rf_r2=0.3937 | ridge_mse=111.1131 | ridge_r2=0.4121 | 2.8s
  [可视化] Baseline 对比图已保存: /Users/qianzekai/PycharmProjects/TolerDM/results/demandclean/mercedes/v5_auto_dueling_single/visualization/v5_auto_dueling_single_baseline_comparison.png
  [计时] Step 5 (Baseline评估): 958.81s

[Step 6] 模型容忍度评估...
============================================================
模型容忍度计算 - v5_auto_dueling_single
任务类型: regression  |  模型列表: ['rf', 'ridge']
============================================================

--- 模型: RF ---
  P_clean  = 0.4462
  P_dirty  = 0.4250
  P_dc     = -0.2457
  先验容忍度 (P_dc / P_dirty)            = -0.5782
  后验容忍度 (P_dc-P_dirty)/(P_clean-P_dirty) = -31.5884

--- 模型: RIDGE ---
  P_clean  = 0.4397
  P_dirty  = 0.4395
  P_dc     = -0.1731
  先验容忍度 (P_dc / P_dirty)            = -0.3939
  后验容忍度 (P_dc-P_dirty)/(P_clean-P_dirty) = -2786.1995
  容忍度柱状图已保存: /Users/qianzekai/PycharmProjects/TolerDM/results/demandclean/mercedes/v5_auto_dueling_single/visualization/v5_auto_dueling_single_tolerance_bar.png
  [计时] Step 6 (容忍度评估): 27.12s

[Step 7] Shapley 三维度分析...
[Shapley] 错误数量采样: 180585 -> 49999 条（按类型分层）
[Shapley] 维度1: 动作重要性 (精确枚举 4!=24 排列) ...
[Shapley] 图表已保存: /Users/qianzekai/PycharmProjects/TolerDM/results/demandclean/mercedes/v5_auto_dueling_single/evaluation/shapley/shapley_action_importance.png
[Shapley] 维度2: 跳过特征 Shapley（计算量过大，仅保留维度1和维度3）
[Shapley] 维度3: 错误类型重要性 (精确枚举 2!=2 排列) ...
[Shapley] 图表已保存: /Users/qianzekai/PycharmProjects/TolerDM/results/demandclean/mercedes/v5_auto_dueling_single/evaluation/shapley/shapley_error_type_importance.png
  [计时] Step 7 (Shapley分析): 2436.30s

[Step 8] 训练曲线可视化...
  [可视化] 训练曲线已保存: /Users/qianzekai/PycharmProjects/TolerDM/results/demandclean/mercedes/v5_auto_dueling_single/visualization/v5_auto_dueling_single_training_curves.png
  [计时] Step 8 (训练曲线): 0.63s

[Step 9] Clean4MLBaseline 统一测评...
差异文件已保存到:
/Users/qianzekai/PycharmProjects/TolerDM/results/demandclean/mercedes/v5_auto_dueling_single/evaluation/v5_auto_dueling_single_clean_vs_dirty.csv
/Users/qianzekai/PycharmProjects/TolerDM/results/demandclean/mercedes/v5_auto_dueling_single/evaluation/v5_auto_dueling_single_dirty_vs_cleaned.csv
/Users/qianzekai/PycharmProjects/TolerDM/results/demandclean/mercedes/v5_auto_dueling_single/evaluation/v5_auto_dueling_single_clean_vs_cleaned.csv
修复错误数据文件已保存到: /Users/qianzekai/PycharmProjects/TolerDM/results/demandclean/mercedes/v5_auto_dueling_single/evaluation/v5_auto_dueling_single_repair_errors.csv
未修复但是应该修复数据文件已保存到: /Users/qianzekai/PycharmProjects/TolerDM/results/demandclean/mercedes/v5_auto_dueling_single/evaluation/v5_auto_dueling_single_unrepaired.csv
修复准确率: 0.23985167646684735, 修复召回率: 0.1801063814155781, F1值: 0.2057291993988202
========================================
EDR 结果已保存到: /Users/qianzekai/PycharmProjects/TolerDM/results/demandclean/mercedes/v5_auto_dueling_single/evaluation/v5_auto_dueling_single_edr_evaluation.txt
错误减少率 (EDR): -0.2890003967262736
========================================
混合距离结果已保存到: /Users/qianzekai/PycharmProjects/TolerDM/results/demandclean/mercedes/v5_auto_dueling_single/evaluation/v5_auto_dueling_single_hybrid_distance_evaluation.txt
混合距离 (Hybrid Distance): 0.47849798792075754
========================================
R-EDR 结果已保存到: /Users/qianzekai/PycharmProjects/TolerDM/results/demandclean/mercedes/v5_auto_dueling_single/evaluation/v5_auto_dueling_single_record_based_edr_evaluation.txt
基于条目的错误减少率 (R-EDR): 0.0
========================================
  [下游任务] 使用编码版本（跳过 CSV preprocess）
  Oracle 模式: train=1900, test=842
RF - MSE: 114.9701, R2: 0.3917
LR - MSE: 122.0531, R2: 0.3543
RIDGE - MSE: 122.0870, R2: 0.3541
LASSO - MSE: 161.4624, R2: 0.1458
KNN - MSE: 147.6086, R2: 0.2191
GB - MSE: 108.0207, R2: 0.4285
  [容忍度] 使用编码版本（跳过 CSV preprocess）
  Oracle 模式: train dirty=2525, cleaned=1900, clean=2525, test=842

容忍度计算结果:
  P_do_nothing (脏数据性能): 0.3600
  P_demand_clean (清洗后性能): 0.3917
  P_repair_all (完全修复性能): 0.3937
  先验容忍度 (Tolerance_prior): 1.0882
  后验容忍度 (Tolerance_post): 0.9421
  [Snoopy] 使用编码版本（跳过 CSV preprocess）
使用编码数据评估数据质量上界...
  统一测评完成，结果已保存到: /Users/qianzekai/PycharmProjects/TolerDM/results/demandclean/mercedes/v5_auto_dueling_single/v5_auto_dueling_single_evaluation_results.txt
  [计时] Step 9 (统一测评): 582.60s

[Step 10] 真值成本汇总...
  RAHA 检测成本: 380
  Agent 修复成本: 0
  总成本: 380 / 949400 cells = 0.0400%
  [计时] Step 10 (成本汇总): 0.00s

──────────────────────────────────────────────────
  步骤计时汇总
──────────────────────────────────────────────────
  Step 1 初始化         │     0.00s
  Step 2 训练          │  5627.81s
  Step 3 推理          │   327.68s
  Step 4 检测器评估       │     1.24s
  Step 5 Baseline评估  │   958.81s
  Step 6 容忍度评估       │    27.12s
  Step 7 Shapley分析   │  2436.30s
  Step 8 训练曲线        │     0.63s
  Step 9 统一测评        │   582.60s
  Step 10 成本汇总        │     0.00s
──────────────────────────────────────────────────
  总计(含可视化)       │  9962.20s
  可视化耗时           │  2437.04s
  净耗时(扣可视化)     │  7525.16s
──────────────────────────────────────────────────

  [输出] 报告已保存: /Users/qianzekai/PycharmProjects/TolerDM/results/demandclean/mercedes/v5_auto_dueling_single/report/v5_auto_dueling_single_report.json

  版本 v5_auto_dueling_single 完成! 耗时: 7525.16s
  输出目录: /Users/qianzekai/PycharmProjects/TolerDM/results/demandclean/mercedes/v5_auto_dueling_single

  只有 1 个版本完成，跳过跨版本对比

======================================================================
全部完成! 总耗时: 9963.42s
结果目录: /Users/qianzekai/PycharmProjects/TolerDM/results/demandclean
日志文件: /Users/qianzekai/PycharmProjects/TolerDM/logs/demandclean/mercedes_v5_ep300_20260411_235331.log
======================================================================
