[日志] 完整输出将保存到: /Users/qianzekai/PycharmProjects/TolerDM/logs/demandclean/mercedes_v5_ep300_20260416_060119.log
======================================================================
DemandClean 统一运行脚本
======================================================================
数据集: ['mercedes']
启用版本: ['v5_auto_dueling_single']
训练轮数: 300
详细输出: False
Oracle 模式: 启用 (三路划分 60/20/20, --no-oracle 关闭)
======================================================================

######################################################################
# 数据集: mercedes
######################################################################

  60/20/20 划分: train=2525, val=842, test=842
  60% 子集 CSV: /Users/qianzekai/PycharmProjects/TolerDM/results/demandclean/mercedes/dirty_train_60pct.csv
  数据集: mercedes
  脏数据: (2525, 376)
  特征列: 376, 标签列: y
  分类列: {'X1', 'X5', 'X0', 'X6', 'X2', 'X3', 'X8', 'X4'}
  LE fit: 仅 dirty (2525 行)
  SS fit: 仅 dirty (2525 行)
  FD规则: 0 条
  编码完成: X_dirty_train=(2525, 376), X_clean_train=(2525, 376), X_clean_val=(842, 376), X_clean_test=(842, 376)

======================================================================
版本: v5_auto_dueling_single
数据集: mercedes | 任务: regression | 模型: ridge
检测器: auto | Agent: dueling_two_stage | 推理: single_phase
训练轮数: 300 | 输出目录: /Users/qianzekai/PycharmProjects/TolerDM/results/demandclean/mercedes/v5_auto_dueling_single
======================================================================

[Step 1] 创建 DemandClean 实例...
  [计时] Step 1 (初始化): 0.00s

[Step 2] 训练 (300 episodes)...
  RAHA 检测结果: 4975 个单元格
  Precision=1.0000  Recall=0.9952  F1=0.9976
  RAHA 标注行数: 20 (labeling_budget=20)
  RAHA 检测结果: 10279 个单元格
  Precision=1.0000  Recall=1.0000  F1=1.0000
  RAHA 标注行数: 20 (labeling_budget=20)
  RAHA 检测结果: 10057 个单元格
  Precision=1.0000  Recall=1.0000  F1=1.0000
  RAHA 标注行数: 20 (labeling_budget=20)
  RAHA 检测结果: 10187 个单元格
  Precision=1.0000  Recall=1.0000  F1=1.0000
  RAHA 标注行数: 20 (labeling_budget=20)
  RAHA 检测结果: 9782 个单元格
  Precision=1.0000  Recall=0.9999  F1=0.9999
  RAHA 标注行数: 20 (labeling_budget=20)
  RAHA 检测结果: 9660 个单元格
  Precision=1.0000  Recall=0.9992  F1=0.9996
  RAHA 标注行数: 20 (labeling_budget=20)
  RAHA 检测结果: 10081 个单元格
  Precision=1.0000  Recall=1.0000  F1=1.0000
  RAHA 标注行数: 20 (labeling_budget=20)
  RAHA 检测结果: 10056 个单元格
  Precision=1.0000  Recall=1.0000  F1=1.0000
  RAHA 标注行数: 20 (labeling_budget=20)
  RAHA 检测结果: 10212 个单元格
  Precision=1.0000  Recall=1.0000  F1=1.0000
  RAHA 标注行数: 20 (labeling_budget=20)
  RAHA 检测结果: 10283 个单元格
  Precision=1.0000  Recall=0.9994  F1=0.9997
  RAHA 标注行数: 20 (labeling_budget=20)
  RAHA 检测结果: 9973 个单元格
  Precision=1.0000  Recall=0.9995  F1=0.9997
  RAHA 标注行数: 20 (labeling_budget=20)
  RAHA 检测结果: 9116 个单元格
  Precision=1.0000  Recall=0.9997  F1=0.9998
  RAHA 标注行数: 20 (labeling_budget=20)
  RAHA 检测结果: 10085 个单元格
  Precision=1.0000  Recall=0.9996  F1=0.9998
  RAHA 标注行数: 20 (labeling_budget=20)
  RAHA 检测结果: 9527 个单元格
  Precision=1.0000  Recall=0.9990  F1=0.9995
  RAHA 标注行数: 20 (labeling_budget=20)
  RAHA 检测结果: 8083 个单元格
  Precision=1.0000  Recall=0.9989  F1=0.9994
  RAHA 标注行数: 20 (labeling_budget=20)
  RAHA 检测结果: 10230 个单元格
  Precision=1.0000  Recall=1.0000  F1=1.0000
  RAHA 标注行数: 20 (labeling_budget=20)
  RAHA 检测结果: 9143 个单元格
  Precision=1.0000  Recall=0.9987  F1=0.9993
  RAHA 标注行数: 20 (labeling_budget=20)
  RAHA 检测结果: 10098 个单元格
  Precision=1.0000  Recall=1.0000  F1=1.0000
  RAHA 标注行数: 20 (labeling_budget=20)
  RAHA 检测结果: 8668 个单元格
  Precision=0.9999  Recall=0.9993  F1=0.9996
  RAHA 标注行数: 20 (labeling_budget=20)
  模型已保存: /Users/qianzekai/PycharmProjects/TolerDM/results/demandclean/mercedes/v5_auto_dueling_single/model/v5_auto_dueling_single_agent.pt
  训练历史已保存: /Users/qianzekai/PycharmProjects/TolerDM/results/demandclean/mercedes/v5_auto_dueling_single/report/v5_auto_dueling_single_history.json
  [计时] Step 2 (训练): 8025.77s

[Step 3] 推理 (模式: single_phase)...
  真值使用: 24851
  动作分布: {'no_action': 123298, 'repair_value': 24851, 'delete': 0, 'replace_nearby': 5638}
  清洗后数据已保存: /Users/qianzekai/PycharmProjects/TolerDM/results/demandclean/mercedes/v5_auto_dueling_single/data/v5_auto_dueling_single_cleaned.csv
  原始格式清洗数据已保存: /Users/qianzekai/PycharmProjects/TolerDM/results/demandclean/mercedes/v5_auto_dueling_single/data/v5_auto_dueling_single_cleaned_original.csv
  编码版本已保存: /Users/qianzekai/PycharmProjects/TolerDM/results/demandclean/mercedes/v5_auto_dueling_single/data/v5_auto_dueling_single_cleaned_encoded.npz
  [计时] Step 3 (推理): 497.01s

[Step 4] 检测器准确率评估...
  [计时] Step 4 (检测器评估): 1.30s

[Step 5] Baseline 评估与可视化...
  ReplaceAll VE: ValueEstimator(CAT=8 cols)
  ReplaceAll VE 估值: 180583 个错误, 962.0s
  DeleteFix: 删除 2020 行, 保留 505 行
  统一测试集 (Oracle): 842 行

============================================================
Baseline 对比评估 - v5_auto_dueling_single
============================================================
  NoFix          : rf_mse=120.9717 | rf_r2=0.36 | ridge_mse=122.8688 | ridge_r2=0.3499 | 21.4s
  DeleteAll      : rf_mse=119.6302 | rf_r2=0.3671 | ridge_mse=126.9133 | ridge_r2=0.3285 | 11.6s
  DeleteFix      : rf_mse=118.7777 | rf_r2=0.3716 | ridge_mse=165.4545 | ridge_r2=0.1246 | 1.9s
  ReplaceAll     : rf_mse=117.532 | rf_r2=0.3782 | ridge_mse=120.6112 | ridge_r2=0.3619 | 16.8s
  DemandClean    : rf_mse=108.0479 | rf_r2=0.4284 | ridge_mse=121.2223 | ridge_r2=0.3587 | 15.4s
  FullFix        : rf_mse=114.6009 | rf_r2=0.3937 | ridge_mse=111.1131 | ridge_r2=0.4121 | 2.9s
  [可视化] Baseline 对比图已保存: /Users/qianzekai/PycharmProjects/TolerDM/results/demandclean/mercedes/v5_auto_dueling_single/visualization/v5_auto_dueling_single_baseline_comparison.png
  [计时] Step 5 (Baseline评估): 1032.62s

[Step 6] 模型容忍度评估...
============================================================
模型容忍度计算 - v5_auto_dueling_single
任务类型: regression  |  模型列表: ['rf', 'ridge']
============================================================

--- 模型: RF ---
  P_clean  = 0.4462
  P_dirty  = 0.4250
  P_dc     = 0.4850
  先验容忍度 (P_dc / P_dirty)            = 1.1412
  后验容忍度 (P_dc-P_dirty)/(P_clean-P_dirty) = 2.8256

--- 模型: RIDGE ---
  P_clean  = 0.4397
  P_dirty  = 0.4395
  P_dc     = 0.4388
  先验容忍度 (P_dc / P_dirty)            = 0.9984
  后验容忍度 (P_dc-P_dirty)/(P_clean-P_dirty) = -3.2328
  容忍度柱状图已保存: /Users/qianzekai/PycharmProjects/TolerDM/results/demandclean/mercedes/v5_auto_dueling_single/visualization/v5_auto_dueling_single_tolerance_bar.png
  [计时] Step 6 (容忍度评估): 29.37s

[Step 7] Shapley 三维度分析...
[Shapley] 错误数量采样: 180583 -> 49999 条（按类型分层）
[Shapley] 维度1: 动作重要性 (精确枚举 4!=24 排列) ...
[Shapley] 图表已保存: /Users/qianzekai/PycharmProjects/TolerDM/results/demandclean/mercedes/v5_auto_dueling_single/evaluation/shapley/shapley_action_importance.png
[Shapley] 维度2: 跳过特征 Shapley（计算量过大，仅保留维度1和维度3）
[Shapley] 维度3: 错误类型重要性 (精确枚举 2!=2 排列) ...
[Shapley] 图表已保存: /Users/qianzekai/PycharmProjects/TolerDM/results/demandclean/mercedes/v5_auto_dueling_single/evaluation/shapley/shapley_error_type_importance.png
  [计时] Step 7 (Shapley分析): 3285.39s

[Step 8] 训练曲线可视化...
  [可视化] 训练曲线已保存: /Users/qianzekai/PycharmProjects/TolerDM/results/demandclean/mercedes/v5_auto_dueling_single/visualization/v5_auto_dueling_single_training_curves.png
  [计时] Step 8 (训练曲线): 1.10s

[Step 9] Clean4MLBaseline 统一测评...
差异文件已保存到:
/Users/qianzekai/PycharmProjects/TolerDM/results/demandclean/mercedes/v5_auto_dueling_single/evaluation/v5_auto_dueling_single_clean_vs_dirty.csv
/Users/qianzekai/PycharmProjects/TolerDM/results/demandclean/mercedes/v5_auto_dueling_single/evaluation/v5_auto_dueling_single_dirty_vs_cleaned.csv
/Users/qianzekai/PycharmProjects/TolerDM/results/demandclean/mercedes/v5_auto_dueling_single/evaluation/v5_auto_dueling_single_clean_vs_cleaned.csv
修复错误数据文件已保存到: /Users/qianzekai/PycharmProjects/TolerDM/results/demandclean/mercedes/v5_auto_dueling_single/evaluation/v5_auto_dueling_single_repair_errors.csv
未修复但是应该修复数据文件已保存到: /Users/qianzekai/PycharmProjects/TolerDM/results/demandclean/mercedes/v5_auto_dueling_single/evaluation/v5_auto_dueling_single_unrepaired.csv
修复准确率: 0.32300266652992154, 修复召回率: 0.2790477456224873, F1值: 0.29942066010059776
========================================
EDR 结果已保存到: /Users/qianzekai/PycharmProjects/TolerDM/results/demandclean/mercedes/v5_auto_dueling_single/evaluation/v5_auto_dueling_single_edr_evaluation.txt
错误减少率 (EDR): -0.1918574387258974
========================================
混合距离结果已保存到: /Users/qianzekai/PycharmProjects/TolerDM/results/demandclean/mercedes/v5_auto_dueling_single/evaluation/v5_auto_dueling_single_hybrid_distance_evaluation.txt
混合距离 (Hybrid Distance): 0.544788087530775
========================================
R-EDR 结果已保存到: /Users/qianzekai/PycharmProjects/TolerDM/results/demandclean/mercedes/v5_auto_dueling_single/evaluation/v5_auto_dueling_single_record_based_edr_evaluation.txt
基于条目的错误减少率 (R-EDR): 0.0
========================================
  [下游任务] 使用编码版本（跳过 CSV preprocess）
  Oracle 模式: train=2525, test=842
RF - MSE: 108.0479, R2: 0.4284
LR - MSE: 121.2388, R2: 0.3586
RIDGE - MSE: 121.2223, R2: 0.3587
LASSO - MSE: 134.3748, R2: 0.2891
KNN - MSE: 144.2140, R2: 0.2370
GB - MSE: 104.6681, R2: 0.4462
  [容忍度] 使用编码版本（跳过 CSV preprocess）
  Oracle 模式: train dirty=2525, cleaned=2525, clean=2525, test=842

容忍度计算结果:
  P_do_nothing (脏数据性能): 0.3600
  P_demand_clean (清洗后性能): 0.4284
  P_repair_all (完全修复性能): 0.3937
  先验容忍度 (Tolerance_prior): 1.1899
  后验容忍度 (Tolerance_post): 2.0286
  [Snoopy] 使用编码版本（跳过 CSV preprocess）
使用编码数据评估数据质量上界...
  统一测评完成，结果已保存到: /Users/qianzekai/PycharmProjects/TolerDM/results/demandclean/mercedes/v5_auto_dueling_single/v5_auto_dueling_single_evaluation_results.txt
  [计时] Step 9 (统一测评): 759.59s

[Step 10] 真值成本汇总...
  RAHA 检测成本: 380
  Agent 修复成本: 24851
  总成本: 25231 / 949400 cells = 2.6576%
  [计时] Step 10 (成本汇总): 0.00s

──────────────────────────────────────────────────
  步骤计时汇总
──────────────────────────────────────────────────
  Step 1 初始化         │     0.00s
  Step 2 训练          │  8025.77s
  Step 3 推理          │   497.01s
  Step 4 检测器评估       │     1.30s
  Step 5 Baseline评估  │  1032.62s
  Step 6 容忍度评估       │    29.37s
  Step 7 Shapley分析   │  3285.39s
  Step 8 训练曲线        │     1.10s
  Step 9 统一测评        │   759.59s
  Step 10 成本汇总        │     0.00s
──────────────────────────────────────────────────
  总计(含可视化)       │ 13632.15s
  可视化耗时           │  3286.68s
  净耗时(扣可视化)     │ 10345.47s
──────────────────────────────────────────────────

  [输出] 报告已保存: /Users/qianzekai/PycharmProjects/TolerDM/results/demandclean/mercedes/v5_auto_dueling_single/report/v5_auto_dueling_single_report.json

  版本 v5_auto_dueling_single 完成! 耗时: 10345.47s
  输出目录: /Users/qianzekai/PycharmProjects/TolerDM/results/demandclean/mercedes/v5_auto_dueling_single

  只有 1 个版本完成，跳过跨版本对比

======================================================================
全部完成! 总耗时: 13633.93s
结果目录: /Users/qianzekai/PycharmProjects/TolerDM/results/demandclean
日志文件: /Users/qianzekai/PycharmProjects/TolerDM/logs/demandclean/mercedes_v5_ep300_20260416_060119.log
======================================================================
