[日志] 完整输出将保存到: /Users/qianzekai/PycharmProjects/TolerDM/logs/demandclean/mercedes_v5_ep300_20260414_130524.log
======================================================================
DemandClean 统一运行脚本
======================================================================
数据集: ['mercedes']
启用版本: ['v5_auto_dueling_single']
训练轮数: 300
详细输出: False
Oracle 模式: 启用 (三路划分 60/20/20, --no-oracle 关闭)
======================================================================

######################################################################
# 数据集: mercedes
######################################################################

  60/20/20 划分: train=2525, val=842, test=842
  60% 子集 CSV: /Users/qianzekai/PycharmProjects/TolerDM/results/demandclean/mercedes/dirty_train_60pct.csv
  数据集: mercedes
  脏数据: (2525, 376)
  特征列: 376, 标签列: y
  分类列: {'X6', 'X1', 'X3', 'X0', 'X5', 'X2', 'X8', 'X4'}
  LE fit: 仅 dirty (2525 行)
  SS fit: 仅 dirty (2525 行)
  FD规则: 0 条
  编码完成: X_dirty_train=(2525, 376), X_clean_train=(2525, 376), X_clean_val=(842, 376), X_clean_test=(842, 376)

======================================================================
版本: v5_auto_dueling_single
数据集: mercedes | 任务: regression | 模型: ridge
检测器: auto | Agent: dueling_two_stage | 推理: single_phase
训练轮数: 300 | 输出目录: /Users/qianzekai/PycharmProjects/TolerDM/results/demandclean/mercedes/v5_auto_dueling_single
======================================================================

[Step 1] 创建 DemandClean 实例...
  [计时] Step 1 (初始化): 0.00s

[Step 2] 训练 (300 episodes)...
  RAHA 检测结果: 4972 个单元格
  Precision=1.0000  Recall=0.9946  F1=0.9973
  RAHA 标注行数: 20 (labeling_budget=20)
  RAHA 检测结果: 10280 个单元格
  Precision=0.9999  Recall=1.0000  F1=1.0000
  RAHA 标注行数: 20 (labeling_budget=20)
  RAHA 检测结果: 10050 个单元格
  Precision=1.0000  Recall=0.9993  F1=0.9997
  RAHA 标注行数: 20 (labeling_budget=20)
  RAHA 检测结果: 10184 个单元格
  Precision=0.9999  Recall=0.9996  F1=0.9998
  RAHA 标注行数: 20 (labeling_budget=20)
  RAHA 检测结果: 9778 个单元格
  Precision=0.9999  Recall=0.9994  F1=0.9996
  RAHA 标注行数: 20 (labeling_budget=20)
  RAHA 检测结果: 9664 个单元格
  Precision=1.0000  Recall=0.9996  F1=0.9998
  RAHA 标注行数: 20 (labeling_budget=20)
  RAHA 检测结果: 10078 个单元格
  Precision=1.0000  Recall=0.9997  F1=0.9999
  RAHA 标注行数: 20 (labeling_budget=20)
  RAHA 检测结果: 10056 个单元格
  Precision=1.0000  Recall=1.0000  F1=1.0000
  RAHA 标注行数: 20 (labeling_budget=20)
  RAHA 检测结果: 10204 个单元格
  Precision=1.0000  Recall=0.9992  F1=0.9996
  RAHA 标注行数: 20 (labeling_budget=20)
  RAHA 检测结果: 10286 个单元格
  Precision=1.0000  Recall=0.9997  F1=0.9999
  RAHA 标注行数: 20 (labeling_budget=20)
  RAHA 检测结果: 9978 个单元格
  Precision=1.0000  Recall=1.0000  F1=1.0000
  RAHA 标注行数: 20 (labeling_budget=20)
  RAHA 检测结果: 9116 个单元格
  Precision=1.0000  Recall=0.9997  F1=0.9998
  RAHA 标注行数: 20 (labeling_budget=20)
  RAHA 检测结果: 10086 个单元格
  Precision=0.9999  Recall=0.9996  F1=0.9998
  RAHA 标注行数: 20 (labeling_budget=20)
  RAHA 检测结果: 9528 个单元格
  Precision=0.9999  Recall=0.9990  F1=0.9994
  RAHA 标注行数: 20 (labeling_budget=20)
  RAHA 检测结果: 8083 个单元格
  Precision=1.0000  Recall=0.9989  F1=0.9994
  RAHA 标注行数: 20 (labeling_budget=20)
  RAHA 检测结果: 10219 个单元格
  Precision=1.0000  Recall=0.9989  F1=0.9995
  RAHA 标注行数: 20 (labeling_budget=20)
  RAHA 检测结果: 9144 个单元格
  Precision=1.0000  Recall=0.9988  F1=0.9994
  RAHA 标注行数: 20 (labeling_budget=20)
  RAHA 检测结果: 10094 个单元格
  Precision=1.0000  Recall=0.9996  F1=0.9998
  RAHA 标注行数: 20 (labeling_budget=20)
  RAHA 检测结果: 8673 个单元格
  Precision=1.0000  Recall=1.0000  F1=1.0000
  RAHA 标注行数: 20 (labeling_budget=20)
  模型已保存: /Users/qianzekai/PycharmProjects/TolerDM/results/demandclean/mercedes/v5_auto_dueling_single/model/v5_auto_dueling_single_agent.pt
  训练历史已保存: /Users/qianzekai/PycharmProjects/TolerDM/results/demandclean/mercedes/v5_auto_dueling_single/report/v5_auto_dueling_single_history.json
  [计时] Step 2 (训练): 5277.98s

[Step 3] 推理 (模式: single_phase)...
  真值使用: 17
  动作分布: {'no_action': 21378, 'repair_value': 17, 'delete': 2020, 'replace_nearby': 37571}
  清洗后数据已保存: /Users/qianzekai/PycharmProjects/TolerDM/results/demandclean/mercedes/v5_auto_dueling_single/data/v5_auto_dueling_single_cleaned.csv
  原始格式清洗数据已保存: /Users/qianzekai/PycharmProjects/TolerDM/results/demandclean/mercedes/v5_auto_dueling_single/data/v5_auto_dueling_single_cleaned_original.csv
  编码版本已保存: /Users/qianzekai/PycharmProjects/TolerDM/results/demandclean/mercedes/v5_auto_dueling_single/data/v5_auto_dueling_single_cleaned_encoded.npz
  [计时] Step 3 (推理): 466.43s

[Step 4] 检测器准确率评估...
  [计时] Step 4 (检测器评估): 1.21s

[Step 5] Baseline 评估与可视化...
  ReplaceAll VE: ValueEstimator(CAT=8 cols)
  ReplaceAll VE 估值: 180587 个错误, 904.2s
  DeleteFix: 删除 2020 行, 保留 505 行
  统一测试集 (Oracle): 842 行

============================================================
Baseline 对比评估 - v5_auto_dueling_single
============================================================
  NoFix          : rf_mse=120.9717 | rf_r2=0.36 | ridge_mse=122.8688 | ridge_r2=0.3499 | 21.3s
  DeleteAll      : rf_mse=119.6302 | rf_r2=0.3671 | ridge_mse=126.9133 | ridge_r2=0.3285 | 11.0s
  DeleteFix      : rf_mse=118.0976 | rf_r2=0.3752 | ridge_mse=165.5929 | ridge_r2=0.1239 | 1.9s
  ReplaceAll     : rf_mse=117.9314 | rf_r2=0.3761 | ridge_mse=121.3246 | ridge_r2=0.3581 | 16.9s
  DemandClean    : rf_mse=116.512 | rf_r2=0.3836 | ridge_mse=169.2571 | ridge_r2=0.1045 | 0.8s
  FullFix        : rf_mse=114.6009 | rf_r2=0.3937 | ridge_mse=111.1131 | ridge_r2=0.4121 | 2.8s
  [可视化] Baseline 对比图已保存: /Users/qianzekai/PycharmProjects/TolerDM/results/demandclean/mercedes/v5_auto_dueling_single/visualization/v5_auto_dueling_single_baseline_comparison.png
  [计时] Step 5 (Baseline评估): 959.72s

[Step 6] 模型容忍度评估...
============================================================
模型容忍度计算 - v5_auto_dueling_single
任务类型: regression  |  模型列表: ['rf', 'ridge']
============================================================

--- 模型: RF ---
  P_clean  = 0.4462
  P_dirty  = 0.4250
  P_dc     = -0.1290
  先验容忍度 (P_dc / P_dirty)            = -0.3036
  后验容忍度 (P_dc-P_dirty)/(P_clean-P_dirty) = -26.0916

--- 模型: RIDGE ---
  P_clean  = 0.4397
  P_dirty  = 0.4395
  P_dc     = -1.4729
  先验容忍度 (P_dc / P_dirty)            = -3.3515
  后验容忍度 (P_dc-P_dirty)/(P_clean-P_dirty) = -8698.1316
  容忍度柱状图已保存: /Users/qianzekai/PycharmProjects/TolerDM/results/demandclean/mercedes/v5_auto_dueling_single/visualization/v5_auto_dueling_single_tolerance_bar.png
  [计时] Step 6 (容忍度评估): 18.72s

[Step 7] Shapley 三维度分析...
[Shapley] 错误数量采样: 180587 -> 49999 条（按类型分层）
[Shapley] 维度1: 动作重要性 (精确枚举 4!=24 排列) ...
[Shapley] 图表已保存: /Users/qianzekai/PycharmProjects/TolerDM/results/demandclean/mercedes/v5_auto_dueling_single/evaluation/shapley/shapley_action_importance.png
[Shapley] 维度2: 跳过特征 Shapley（计算量过大，仅保留维度1和维度3）
[Shapley] 维度3: 错误类型重要性 (精确枚举 2!=2 排列) ...
[Shapley] 图表已保存: /Users/qianzekai/PycharmProjects/TolerDM/results/demandclean/mercedes/v5_auto_dueling_single/evaluation/shapley/shapley_error_type_importance.png
  [计时] Step 7 (Shapley分析): 3482.20s

[Step 8] 训练曲线可视化...
  [可视化] 训练曲线已保存: /Users/qianzekai/PycharmProjects/TolerDM/results/demandclean/mercedes/v5_auto_dueling_single/visualization/v5_auto_dueling_single_training_curves.png
  [计时] Step 8 (训练曲线): 1.04s

[Step 9] Clean4MLBaseline 统一测评...
差异文件已保存到:
/Users/qianzekai/PycharmProjects/TolerDM/results/demandclean/mercedes/v5_auto_dueling_single/evaluation/v5_auto_dueling_single_clean_vs_dirty.csv
/Users/qianzekai/PycharmProjects/TolerDM/results/demandclean/mercedes/v5_auto_dueling_single/evaluation/v5_auto_dueling_single_dirty_vs_cleaned.csv
/Users/qianzekai/PycharmProjects/TolerDM/results/demandclean/mercedes/v5_auto_dueling_single/evaluation/v5_auto_dueling_single_clean_vs_cleaned.csv
修复错误数据文件已保存到: /Users/qianzekai/PycharmProjects/TolerDM/results/demandclean/mercedes/v5_auto_dueling_single/evaluation/v5_auto_dueling_single_repair_errors.csv
未修复但是应该修复数据文件已保存到: /Users/qianzekai/PycharmProjects/TolerDM/results/demandclean/mercedes/v5_auto_dueling_single/evaluation/v5_auto_dueling_single_unrepaired.csv
修复准确率: 0.5503100581719047, 修复召回率: 0.7697720009667803, F1值: 0.6417983967988137
========================================
EDR 结果已保存到: /Users/qianzekai/PycharmProjects/TolerDM/results/demandclean/mercedes/v5_auto_dueling_single/evaluation/v5_auto_dueling_single_edr_evaluation.txt
错误减少率 (EDR): 0.3149555549587776
========================================
混合距离结果已保存到: /Users/qianzekai/PycharmProjects/TolerDM/results/demandclean/mercedes/v5_auto_dueling_single/evaluation/v5_auto_dueling_single_hybrid_distance_evaluation.txt
混合距离 (Hybrid Distance): 0.40715822850469713
========================================
R-EDR 结果已保存到: /Users/qianzekai/PycharmProjects/TolerDM/results/demandclean/mercedes/v5_auto_dueling_single/evaluation/v5_auto_dueling_single_record_based_edr_evaluation.txt
基于条目的错误减少率 (R-EDR): 0.0
========================================
  [下游任务] 使用编码版本（跳过 CSV preprocess）
  Oracle 模式: train=505, test=842
RF - MSE: 116.5120, R2: 0.3836
LR - MSE: 48160714487762865827015032832.0000, R2: -254800825673398662872432640.0000
RIDGE - MSE: 169.2571, R2: 0.1045
LASSO - MSE: 120.5562, R2: 0.3622
KNN - MSE: 145.0636, R2: 0.2325
GB - MSE: 108.9729, R2: 0.4235
  [容忍度] 使用编码版本（跳过 CSV preprocess）
  Oracle 模式: train dirty=2525, cleaned=505, clean=2525, test=842

容忍度计算结果:
  P_do_nothing (脏数据性能): 0.3600
  P_demand_clean (清洗后性能): 0.3836
  P_repair_all (完全修复性能): 0.3937
  先验容忍度 (Tolerance_prior): 1.0655
  后验容忍度 (Tolerance_post): 0.7000
  [Snoopy] 使用编码版本（跳过 CSV preprocess）
使用编码数据评估数据质量上界...
  统一测评完成，结果已保存到: /Users/qianzekai/PycharmProjects/TolerDM/results/demandclean/mercedes/v5_auto_dueling_single/v5_auto_dueling_single_evaluation_results.txt
  [计时] Step 9 (统一测评): 346.61s

[Step 10] 真值成本汇总...
  RAHA 检测成本: 380
  Agent 修复成本: 17
  总成本: 397 / 949400 cells = 0.0418%
  [计时] Step 10 (成本汇总): 0.00s

──────────────────────────────────────────────────
  步骤计时汇总
──────────────────────────────────────────────────
  Step 1 初始化         │     0.00s
  Step 2 训练          │  5277.98s
  Step 3 推理          │   466.43s
  Step 4 检测器评估       │     1.21s
  Step 5 Baseline评估  │   959.72s
  Step 6 容忍度评估       │    18.72s
  Step 7 Shapley分析   │  3482.20s
  Step 8 训练曲线        │     1.04s
  Step 9 统一测评        │   346.61s
  Step 10 成本汇总        │     0.00s
──────────────────────────────────────────────────
  总计(含可视化)       │ 10553.91s
  可视化耗时           │  3483.59s
  净耗时(扣可视化)     │  7070.32s
──────────────────────────────────────────────────

  [输出] 报告已保存: /Users/qianzekai/PycharmProjects/TolerDM/results/demandclean/mercedes/v5_auto_dueling_single/report/v5_auto_dueling_single_report.json

  版本 v5_auto_dueling_single 完成! 耗时: 7070.32s
  输出目录: /Users/qianzekai/PycharmProjects/TolerDM/results/demandclean/mercedes/v5_auto_dueling_single

  只有 1 个版本完成，跳过跨版本对比

======================================================================
全部完成! 总耗时: 10555.14s
结果目录: /Users/qianzekai/PycharmProjects/TolerDM/results/demandclean
日志文件: /Users/qianzekai/PycharmProjects/TolerDM/logs/demandclean/mercedes_v5_ep300_20260414_130524.log
======================================================================
