[日志] 完整输出将保存到: /Users/qianzekai/PycharmProjects/TolerDM/logs/demandclean/mercedes_v8_ep300_20260413_041540.log
======================================================================
DemandClean 统一运行脚本
======================================================================
数据集: ['mercedes']
启用版本: ['v8_auto_plain_two']
训练轮数: 300
详细输出: False
Oracle 模式: 启用 (三路划分 60/20/20, --no-oracle 关闭)
======================================================================

######################################################################
# 数据集: mercedes
######################################################################

  60/20/20 划分: train=2525, val=842, test=842
  60% 子集 CSV: /Users/qianzekai/PycharmProjects/TolerDM/results/demandclean/mercedes/dirty_train_60pct.csv
  数据集: mercedes
  脏数据: (2525, 376)
  特征列: 376, 标签列: y
  分类列: {'X0', 'X5', 'X8', 'X1', 'X6', 'X4', 'X3', 'X2'}
  LE fit: 仅 dirty (2525 行)
  SS fit: 仅 dirty (2525 行)
  FD规则: 0 条
  编码完成: X_dirty_train=(2525, 376), X_clean_train=(2525, 376), X_clean_val=(842, 376), X_clean_test=(842, 376)

======================================================================
版本: v8_auto_plain_two
数据集: mercedes | 任务: regression | 模型: ridge
检测器: auto | Agent: single_stage | 推理: two_phase
训练轮数: 300 | 输出目录: /Users/qianzekai/PycharmProjects/TolerDM/results/demandclean/mercedes/v8_auto_plain_two
======================================================================

[Step 1] 创建 DemandClean 实例...
  [计时] Step 1 (初始化): 0.00s

[Step 2] 训练 (300 episodes)...
