[日志] 完整输出将保存到: /Users/qianzekai/PycharmProjects/TolerDM/logs/demandclean/nasa_v8_ep300_20260413_043257.log
======================================================================
DemandClean 统一运行脚本
======================================================================
数据集: ['nasa']
启用版本: ['v8_auto_plain_two']
训练轮数: 300
详细输出: False
Oracle 模式: 启用 (三路划分 60/20/20, --no-oracle 关闭)
仅推理模式: 启用 (跳过训练，直接加载已有模型)
======================================================================

######################################################################
# 数据集: nasa
######################################################################

  60/20/20 划分: train=901, val=301, test=301
  60% 子集 CSV: /Users/qianzekai/PycharmProjects/TolerDM/results/demandclean/nasa/dirty_train_60pct.csv
  数据集: nasa
  脏数据: (901, 5)
  特征列: 5, 标签列: sound_pressure_level
  分类列: (无)
  LE fit: 仅 dirty (901 行)
  SS fit: 仅 dirty (901 行)
  FD规则: 0 条
  编码完成: X_dirty_train=(901, 5), X_clean_train=(901, 5), X_clean_val=(301, 5), X_clean_test=(301, 5)

======================================================================
版本: v8_auto_plain_two
数据集: nasa | 任务: regression | 模型: ridge
检测器: auto | Agent: single_stage | 推理: two_phase
训练轮数: 300 | 输出目录: /Users/qianzekai/PycharmProjects/TolerDM/results/demandclean/nasa/v8_auto_plain_two
======================================================================

[Step 1] 创建 DemandClean 实例...
  [计时] Step 1 (初始化): 0.00s
Agent 已加载: /Users/qianzekai/PycharmProjects/TolerDM/results/demandclean/nasa/v8_auto_plain_two/model/v8_auto_plain_two_agent.pt

[Step 2] 跳过训练 (inference_only)，已加载模型: /Users/qianzekai/PycharmProjects/TolerDM/results/demandclean/nasa/v8_auto_plain_two/model/v8_auto_plain_two_agent.pt

[Step 3] 推理 (模式: two_phase)...
  RAHA 检测结果: 348 个单元格
  Precision=1.0000  Recall=0.7582  F1=0.8625
  RAHA 标注行数: 20 (labeling_budget=20)
  修复计划: 需要 0 个真值
  真值使用: 0
  清洗后数据已保存: /Users/qianzekai/PycharmProjects/TolerDM/results/demandclean/nasa/v8_auto_plain_two/data/v8_auto_plain_two_cleaned.csv
  原始格式清洗数据已保存: /Users/qianzekai/PycharmProjects/TolerDM/results/demandclean/nasa/v8_auto_plain_two/data/v8_auto_plain_two_cleaned_original.csv
  编码版本已保存: /Users/qianzekai/PycharmProjects/TolerDM/results/demandclean/nasa/v8_auto_plain_two/data/v8_auto_plain_two_cleaned_encoded.npz
  [计时] Step 3 (推理): 22.19s

[Step 4] 检测器准确率评估...
  [计时] Step 4 (检测器评估): 0.01s

[Step 5] Baseline 评估与可视化...
  ReplaceAll VE: ValueEstimator(FD=3 rules (3 RHS cols), DOMAIN=2 cols)
  ReplaceAll VE 估值: 464 个错误, 2.2s
  DeleteFix: 删除 445 行, 保留 456 行
  统一测试集 (Oracle): 301 行

============================================================
Baseline 对比评估 - v8_auto_plain_two
============================================================
  NoFix          : rf_mse=17.8841 | rf_r2=0.6238 | ridge_mse=47.5844 | ridge_r2=-0.0011 | 0.1s
  DeleteAll      : rf_mse=17.9882 | rf_r2=0.6216 | ridge_mse=47.7018 | ridge_r2=-0.0035 | 0.1s
  DeleteFix      : rf_mse=21.6299 | rf_r2=0.545 | ridge_mse=47.4847 | ridge_r2=0.001 | 0.1s
  ReplaceAll     : rf_mse=20.3449 | rf_r2=0.572 | ridge_mse=47.3188 | ridge_r2=0.0045 | 0.1s
  DemandClean    : rf_mse=19.93 | rf_r2=0.5807 | ridge_mse=47.3795 | ridge_r2=0.0033 | 0.1s
  FullFix        : rf_mse=15.2092 | rf_r2=0.68 | ridge_mse=47.3639 | ridge_r2=0.0036 | 0.1s
  [可视化] Baseline 对比图已保存: /Users/qianzekai/PycharmProjects/TolerDM/results/demandclean/nasa/v8_auto_plain_two/visualization/v8_auto_plain_two_baseline_comparison.png
  [计时] Step 5 (Baseline评估): 3.29s

[Step 6] 模型容忍度评估...
============================================================
模型容忍度计算 - v8_auto_plain_two
任务类型: regression  |  模型列表: ['rf', 'ridge']
============================================================

--- 模型: RF ---
  P_clean  = 0.6792
  P_dirty  = 0.5719
  P_dc     = -0.4722
  先验容忍度 (P_dc / P_dirty)            = -0.8256
  后验容忍度 (P_dc-P_dirty)/(P_clean-P_dirty) = -9.7398

--- 模型: RIDGE ---
  P_clean  = 0.0023
  P_dirty  = -0.0012
  P_dc     = -0.0060
  先验容忍度 (P_dc / P_dirty)            = 4.8325
  后验容忍度 (P_dc-P_dirty)/(P_clean-P_dirty) = -1.3347
  容忍度柱状图已保存: /Users/qianzekai/PycharmProjects/TolerDM/results/demandclean/nasa/v8_auto_plain_two/visualization/v8_auto_plain_two_tolerance_bar.png
  [计时] Step 6 (容忍度评估): 0.99s

[Step 7] Shapley 三维度分析...
[Shapley] 维度1: 动作重要性 (精确枚举 4!=24 排列) ...
[Shapley] 图表已保存: /Users/qianzekai/PycharmProjects/TolerDM/results/demandclean/nasa/v8_auto_plain_two/evaluation/shapley/shapley_action_importance.png
[Shapley] 维度2: 跳过特征 Shapley（计算量过大，仅保留维度1和维度3）
[Shapley] 维度3: 错误类型重要性 (精确枚举 3!=6 排列) ...
[Shapley] 图表已保存: /Users/qianzekai/PycharmProjects/TolerDM/results/demandclean/nasa/v8_auto_plain_two/evaluation/shapley/shapley_error_type_importance.png
  [计时] Step 7 (Shapley分析): 16.66s

[Step 8] 训练曲线可视化...
  [错误] 训练曲线绘制失败: local variable 'history' referenced before assignment
  [计时] Step 8 (训练曲线): 0.00s

[Step 9] Clean4MLBaseline 统一测评...
差异文件已保存到:
/Users/qianzekai/PycharmProjects/TolerDM/results/demandclean/nasa/v8_auto_plain_two/evaluation/v8_auto_plain_two_clean_vs_dirty.csv
/Users/qianzekai/PycharmProjects/TolerDM/results/demandclean/nasa/v8_auto_plain_two/evaluation/v8_auto_plain_two_dirty_vs_cleaned.csv
/Users/qianzekai/PycharmProjects/TolerDM/results/demandclean/nasa/v8_auto_plain_two/evaluation/v8_auto_plain_two_clean_vs_cleaned.csv
修复错误数据文件已保存到: /Users/qianzekai/PycharmProjects/TolerDM/results/demandclean/nasa/v8_auto_plain_two/evaluation/v8_auto_plain_two_repair_errors.csv
未修复但是应该修复数据文件已保存到: /Users/qianzekai/PycharmProjects/TolerDM/results/demandclean/nasa/v8_auto_plain_two/evaluation/v8_auto_plain_two_unrepaired.csv
修复准确率: 0.0, 修复召回率: 0.0, F1值: 0.0
========================================
EDR 结果已保存到: /Users/qianzekai/PycharmProjects/TolerDM/results/demandclean/nasa/v8_auto_plain_two/evaluation/v8_auto_plain_two_edr_evaluation.txt
错误减少率 (EDR): -25.9
========================================
混合距离结果已保存到: /Users/qianzekai/PycharmProjects/TolerDM/results/demandclean/nasa/v8_auto_plain_two/evaluation/v8_auto_plain_two_hybrid_distance_evaluation.txt
混合距离 (Hybrid Distance): 0.2857982203375222
========================================
R-EDR 结果已保存到: /Users/qianzekai/PycharmProjects/TolerDM/results/demandclean/nasa/v8_auto_plain_two/evaluation/v8_auto_plain_two_record_based_edr_evaluation.txt
基于条目的错误减少率 (R-EDR): -7.316666666666666
========================================
  [下游任务] 使用编码版本（跳过 CSV preprocess）
  Oracle 模式: train=499, test=301
RF - MSE: 19.9300, R2: 0.5807
LR - MSE: 38.0578, R2: 0.1994
RIDGE - MSE: 47.3795, R2: 0.0033
LASSO - MSE: 47.5960, R2: -0.0013
KNN - MSE: 39.1546, R2: 0.1763
GB - MSE: 20.9107, R2: 0.5601
  [容忍度] 使用编码版本（跳过 CSV preprocess）
  Oracle 模式: train dirty=901, cleaned=499, clean=901, test=301

容忍度计算结果:
  P_do_nothing (脏数据性能): 0.6238
  P_demand_clean (清洗后性能): 0.5807
  P_repair_all (完全修复性能): 0.6800
  先验容忍度 (Tolerance_prior): 0.9310
  后验容忍度 (Tolerance_post): -0.7648
  [Snoopy] 使用编码版本（跳过 CSV preprocess）
使用编码数据评估数据质量上界...
  统一测评完成，结果已保存到: /Users/qianzekai/PycharmProjects/TolerDM/results/demandclean/nasa/v8_auto_plain_two/v8_auto_plain_two_evaluation_results.txt
  [计时] Step 9 (统一测评): 2.86s

[Step 10] 真值成本汇总...
  RAHA 检测成本: 20
  Agent 修复成本: 0
  总成本: 20 / 4505 cells = 0.4440%
  [计时] Step 10 (成本汇总): 0.00s

──────────────────────────────────────────────────
  步骤计时汇总
──────────────────────────────────────────────────
  Step 1 初始化         │     0.00s
  Step 2 训练          │     0.00s
  Step 3 推理          │    22.19s
  Step 4 检测器评估       │     0.01s
  Step 5 Baseline评估  │     3.29s
  Step 6 容忍度评估       │     0.99s
  Step 7 Shapley分析   │    16.66s
  Step 8 训练曲线        │     0.00s
  Step 9 统一测评        │     2.86s
  Step 10 成本汇总        │     0.00s
──────────────────────────────────────────────────
  总计(含可视化)       │    46.81s
  可视化耗时           │    16.89s
  净耗时(扣可视化)     │    29.91s
──────────────────────────────────────────────────

  [输出] 报告已保存: /Users/qianzekai/PycharmProjects/TolerDM/results/demandclean/nasa/v8_auto_plain_two/report/v8_auto_plain_two_report.json

  版本 v8_auto_plain_two 完成! 耗时: 29.91s
  输出目录: /Users/qianzekai/PycharmProjects/TolerDM/results/demandclean/nasa/v8_auto_plain_two

  只有 1 个版本完成，跳过跨版本对比

======================================================================
全部完成! 总耗时: 46.83s
结果目录: /Users/qianzekai/PycharmProjects/TolerDM/results/demandclean
日志文件: /Users/qianzekai/PycharmProjects/TolerDM/logs/demandclean/nasa_v8_ep300_20260413_043257.log
======================================================================
