[日志] 完整输出将保存到: /Users/qianzekai/PycharmProjects/TolerDM/logs/demandclean/nasa_v5_ep150_20260413_230330.log
======================================================================
DemandClean 统一运行脚本
======================================================================
数据集: ['nasa']
启用版本: ['v5_auto_dueling_single']
训练轮数: 150
详细输出: False
Oracle 模式: 启用 (三路划分 60/20/20, --no-oracle 关闭)
修复率控制: min=None, max=0.6
======================================================================

######################################################################
# 数据集: nasa
######################################################################

  60/20/20 划分: train=901, val=301, test=301
  60% 子集 CSV: /Users/qianzekai/PycharmProjects/TolerDM/results/demandclean/nasa/dirty_train_60pct.csv
  数据集: nasa
  脏数据: (901, 5)
  特征列: 5, 标签列: sound_pressure_level
  分类列: (无)
  LE fit: 仅 dirty (901 行)
  SS fit: 仅 dirty (901 行)
  FD规则: 0 条
  编码完成: X_dirty_train=(901, 5), X_clean_train=(901, 5), X_clean_val=(301, 5), X_clean_test=(301, 5)

======================================================================
版本: v5_auto_dueling_single
数据集: nasa | 任务: regression | 模型: ridge
检测器: auto | Agent: dueling_two_stage | 推理: single_phase
训练轮数: 150 | 输出目录: /Users/qianzekai/PycharmProjects/TolerDM/results/demandclean/nasa/v5_auto_dueling_single_t02
======================================================================

[Step 1] 创建 DemandClean 实例...
  [计时] Step 1 (初始化): 0.00s

[Step 2] 训练 (150 episodes)...
  RAHA 检测结果: 401 个单元格
  Precision=0.8404  Recall=0.7342  F1=0.7837
  RAHA 标注行数: 20 (labeling_budget=20)
  模型已保存: /Users/qianzekai/PycharmProjects/TolerDM/results/demandclean/nasa/v5_auto_dueling_single_t02/model/v5_auto_dueling_single_agent.pt
  训练历史已保存: /Users/qianzekai/PycharmProjects/TolerDM/results/demandclean/nasa/v5_auto_dueling_single_t02/report/v5_auto_dueling_single_history.json
  [计时] Step 2 (训练): 138.46s

[Step 3] 推理 (模式: single_phase)...
  真值使用: 152
  动作分布: {'no_action': 177, 'repair_value': 152, 'delete': 35, 'replace_nearby': 164}
  清洗后数据已保存: /Users/qianzekai/PycharmProjects/TolerDM/results/demandclean/nasa/v5_auto_dueling_single_t02/data/v5_auto_dueling_single_cleaned.csv
  原始格式清洗数据已保存: /Users/qianzekai/PycharmProjects/TolerDM/results/demandclean/nasa/v5_auto_dueling_single_t02/data/v5_auto_dueling_single_cleaned_original.csv
  编码版本已保存: /Users/qianzekai/PycharmProjects/TolerDM/results/demandclean/nasa/v5_auto_dueling_single_t02/data/v5_auto_dueling_single_cleaned_encoded.npz
  [计时] Step 3 (推理): 24.15s

[Step 4] 检测器准确率评估...
  [计时] Step 4 (检测器评估): 0.01s

[Step 5] Baseline 评估与可视化...
  ReplaceAll VE: ValueEstimator(FD=3 rules (3 RHS cols), DOMAIN=2 cols)
  ReplaceAll VE 估值: 546 个错误, 2.8s
  DeleteFix: 删除 494 行, 保留 407 行
  统一测试集 (Oracle): 301 行

============================================================
Baseline 对比评估 - v5_auto_dueling_single
============================================================
  NoFix          : rf_mse=17.8841 | rf_r2=0.6238 | ridge_mse=47.5844 | ridge_r2=-0.0011 | 0.2s
  DeleteAll      : rf_mse=17.9882 | rf_r2=0.6216 | ridge_mse=47.7018 | ridge_r2=-0.0035 | 0.1s
  DeleteFix      : rf_mse=23.3261 | rf_r2=0.5093 | ridge_mse=47.6272 | ridge_r2=-0.002 | 0.1s
  ReplaceAll     : rf_mse=22.4051 | rf_r2=0.5287 | ridge_mse=47.3261 | ridge_r2=0.0044 | 0.2s
  DemandClean    : rf_mse=17.9258 | rf_r2=0.6229 | ridge_mse=47.6504 | ridge_r2=-0.0024 | 0.1s
  FullFix        : rf_mse=15.2092 | rf_r2=0.68 | ridge_mse=47.3639 | ridge_r2=0.0036 | 0.1s
  [可视化] Baseline 对比图已保存: /Users/qianzekai/PycharmProjects/TolerDM/results/demandclean/nasa/v5_auto_dueling_single_t02/visualization/v5_auto_dueling_single_baseline_comparison.png
  [计时] Step 5 (Baseline评估): 3.97s

[Step 6] 模型容忍度评估...
============================================================
模型容忍度计算 - v5_auto_dueling_single
任务类型: regression  |  模型列表: ['rf', 'ridge']
============================================================

--- 模型: RF ---
  P_clean  = 0.6792
  P_dirty  = 0.5719
  P_dc     = -0.4756
  先验容忍度 (P_dc / P_dirty)            = -0.8316
  后验容忍度 (P_dc-P_dirty)/(P_clean-P_dirty) = -9.7718

--- 模型: RIDGE ---
  P_clean  = 0.0023
  P_dirty  = -0.0012
  P_dc     = -0.0010
  先验容忍度 (P_dc / P_dirty)            = 0.7776
  后验容忍度 (P_dc-P_dirty)/(P_clean-P_dirty) = 0.0774
  容忍度柱状图已保存: /Users/qianzekai/PycharmProjects/TolerDM/results/demandclean/nasa/v5_auto_dueling_single_t02/visualization/v5_auto_dueling_single_tolerance_bar.png
  [计时] Step 6 (容忍度评估): 0.93s

[Step 7] Shapley 三维度分析...
[Shapley] 维度1: 动作重要性 (精确枚举 4!=24 排列) ...
[Shapley] 图表已保存: /Users/qianzekai/PycharmProjects/TolerDM/results/demandclean/nasa/v5_auto_dueling_single_t02/evaluation/shapley/shapley_action_importance.png
[Shapley] 维度2: 跳过特征 Shapley（计算量过大，仅保留维度1和维度3）
[Shapley] 维度3: 错误类型重要性 (精确枚举 3!=6 排列) ...
[Shapley] 图表已保存: /Users/qianzekai/PycharmProjects/TolerDM/results/demandclean/nasa/v5_auto_dueling_single_t02/evaluation/shapley/shapley_error_type_importance.png
  [计时] Step 7 (Shapley分析): 457.02s

[Step 8] 训练曲线可视化...
  [可视化] 训练曲线已保存: /Users/qianzekai/PycharmProjects/TolerDM/results/demandclean/nasa/v5_auto_dueling_single_t02/visualization/v5_auto_dueling_single_training_curves.png
  [计时] Step 8 (训练曲线): 1.07s

[Step 9] Clean4MLBaseline 统一测评...
差异文件已保存到:
/Users/qianzekai/PycharmProjects/TolerDM/results/demandclean/nasa/v5_auto_dueling_single_t02/evaluation/v5_auto_dueling_single_clean_vs_dirty.csv
/Users/qianzekai/PycharmProjects/TolerDM/results/demandclean/nasa/v5_auto_dueling_single_t02/evaluation/v5_auto_dueling_single_dirty_vs_cleaned.csv
/Users/qianzekai/PycharmProjects/TolerDM/results/demandclean/nasa/v5_auto_dueling_single_t02/evaluation/v5_auto_dueling_single_clean_vs_cleaned.csv
修复错误数据文件已保存到: /Users/qianzekai/PycharmProjects/TolerDM/results/demandclean/nasa/v5_auto_dueling_single_t02/evaluation/v5_auto_dueling_single_repair_errors.csv
未修复但是应该修复数据文件已保存到: /Users/qianzekai/PycharmProjects/TolerDM/results/demandclean/nasa/v5_auto_dueling_single_t02/evaluation/v5_auto_dueling_single_unrepaired.csv
修复准确率: 0.01806182702327197, 修复召回率: 0.12009237875288684, F1值: 0.03140096616084595
========================================
EDR 结果已保存到: /Users/qianzekai/PycharmProjects/TolerDM/results/demandclean/nasa/v5_auto_dueling_single_t02/evaluation/v5_auto_dueling_single_edr_evaluation.txt
错误减少率 (EDR): -5.688221709006928
========================================
混合距离结果已保存到: /Users/qianzekai/PycharmProjects/TolerDM/results/demandclean/nasa/v5_auto_dueling_single_t02/evaluation/v5_auto_dueling_single_hybrid_distance_evaluation.txt
混合距离 (Hybrid Distance): 0.3236612586649385
========================================
R-EDR 结果已保存到: /Users/qianzekai/PycharmProjects/TolerDM/results/demandclean/nasa/v5_auto_dueling_single_t02/evaluation/v5_auto_dueling_single_record_based_edr_evaluation.txt
基于条目的错误减少率 (R-EDR): -1.0
========================================
  [下游任务] 使用编码版本（跳过 CSV preprocess）
  Oracle 模式: train=866, test=301
RF - MSE: 17.9258, R2: 0.6229
LR - MSE: 46.7802, R2: 0.0159
RIDGE - MSE: 47.6504, R2: -0.0024
LASSO - MSE: 47.6368, R2: -0.0022
KNN - MSE: 36.6879, R2: 0.2282
GB - MSE: 21.7491, R2: 0.5425
  [容忍度] 使用编码版本（跳过 CSV preprocess）
  Oracle 模式: train dirty=901, cleaned=866, clean=901, test=301

容忍度计算结果:
  P_do_nothing (脏数据性能): 0.6238
  P_demand_clean (清洗后性能): 0.6229
  P_repair_all (完全修复性能): 0.6800
  先验容忍度 (Tolerance_prior): 0.9986
  后验容忍度 (Tolerance_post): -0.0156
  [Snoopy] 使用编码版本（跳过 CSV preprocess）
使用编码数据评估数据质量上界...
  统一测评完成，结果已保存到: /Users/qianzekai/PycharmProjects/TolerDM/results/demandclean/nasa/v5_auto_dueling_single_t02/v5_auto_dueling_single_evaluation_results.txt
  [计时] Step 9 (统一测评): 4.06s

[Step 10] 真值成本汇总...
  RAHA 检测成本: 20
  Agent 修复成本: 152
  总成本: 172 / 4505 cells = 3.8180%
  [计时] Step 10 (成本汇总): 0.00s

──────────────────────────────────────────────────
  步骤计时汇总
──────────────────────────────────────────────────
  Step 1 初始化         │     0.00s
  Step 2 训练          │   138.46s
  Step 3 推理          │    24.15s
  Step 4 检测器评估       │     0.01s
  Step 5 Baseline评估  │     3.97s
  Step 6 容忍度评估       │     0.93s
  Step 7 Shapley分析   │   457.02s
  Step 8 训练曲线        │     1.07s
  Step 9 统一测评        │     4.06s
  Step 10 成本汇总        │     0.00s
──────────────────────────────────────────────────
  总计(含可视化)       │   629.68s
  可视化耗时           │   458.33s
  净耗时(扣可视化)     │   171.34s
──────────────────────────────────────────────────

  [输出] 报告已保存: /Users/qianzekai/PycharmProjects/TolerDM/results/demandclean/nasa/v5_auto_dueling_single_t02/report/v5_auto_dueling_single_report.json

  版本 v5_auto_dueling_single 完成! 耗时: 171.34s
  输出目录: /Users/qianzekai/PycharmProjects/TolerDM/results/demandclean/nasa/v5_auto_dueling_single_t02

  只有 1 个版本完成，跳过跨版本对比

======================================================================
全部完成! 总耗时: 629.71s
结果目录: /Users/qianzekai/PycharmProjects/TolerDM/results/demandclean
日志文件: /Users/qianzekai/PycharmProjects/TolerDM/logs/demandclean/nasa_v5_ep150_20260413_230330.log
======================================================================
