[日志] 完整输出将保存到: /Users/qianzekai/PycharmProjects/TolerDM/logs/demandclean/nasa_v5_ep300_20260413_041934.log
======================================================================
DemandClean 统一运行脚本
======================================================================
数据集: ['nasa']
启用版本: ['v5_auto_dueling_single']
训练轮数: 300
详细输出: False
Oracle 模式: 启用 (三路划分 60/20/20, --no-oracle 关闭)
======================================================================

######################################################################
# 数据集: nasa
######################################################################

  60/20/20 划分: train=901, val=301, test=301
  60% 子集 CSV: /Users/qianzekai/PycharmProjects/TolerDM/results/demandclean/nasa/dirty_train_60pct.csv
  数据集: nasa
  脏数据: (901, 5)
  特征列: 5, 标签列: sound_pressure_level
  分类列: (无)
  LE fit: 仅 dirty (901 行)
  SS fit: 仅 dirty (901 行)
  FD规则: 0 条
  编码完成: X_dirty_train=(901, 5), X_clean_train=(901, 5), X_clean_val=(301, 5), X_clean_test=(301, 5)

======================================================================
版本: v5_auto_dueling_single
数据集: nasa | 任务: regression | 模型: ridge
检测器: auto | Agent: dueling_two_stage | 推理: single_phase
训练轮数: 300 | 输出目录: /Users/qianzekai/PycharmProjects/TolerDM/results/demandclean/nasa/v5_auto_dueling_single
======================================================================

[Step 1] 创建 DemandClean 实例...
  [计时] Step 1 (初始化): 0.00s

[Step 2] 训练 (300 episodes)...
  RAHA 检测结果: 410 个单元格
  Precision=1.0000  Recall=0.8932  F1=0.9436
  RAHA 标注行数: 20 (labeling_budget=20)
