[日志] 完整输出将保存到: /Users/qianzekai/PycharmProjects/TolerDM/logs/demandclean/nasa_v5_ep300_20260413_045120.log
======================================================================
DemandClean 统一运行脚本
======================================================================
数据集: ['nasa']
启用版本: ['v5_auto_dueling_single']
训练轮数: 300
详细输出: False
Oracle 模式: 启用 (三路划分 60/20/20, --no-oracle 关闭)
======================================================================

######################################################################
# 数据集: nasa
######################################################################

  60/20/20 划分: train=901, val=301, test=301
  60% 子集 CSV: /Users/qianzekai/PycharmProjects/TolerDM/results/demandclean/nasa/dirty_train_60pct.csv
  数据集: nasa
  脏数据: (901, 5)
  特征列: 5, 标签列: sound_pressure_level
  分类列: (无)
  LE fit: 仅 dirty (901 行)
  SS fit: 仅 dirty (901 行)
  FD规则: 0 条
  编码完成: X_dirty_train=(901, 5), X_clean_train=(901, 5), X_clean_val=(301, 5), X_clean_test=(301, 5)

======================================================================
版本: v5_auto_dueling_single
数据集: nasa | 任务: regression | 模型: ridge
检测器: auto | Agent: dueling_two_stage | 推理: single_phase
训练轮数: 300 | 输出目录: /Users/qianzekai/PycharmProjects/TolerDM/results/demandclean/nasa/v5_auto_dueling_single
======================================================================

[Step 1] 创建 DemandClean 实例...
  [计时] Step 1 (初始化): 0.00s

[Step 2] 训练 (300 episodes)...
  RAHA 检测结果: 449 个单元格
  Precision=1.0000  Recall=0.9782  F1=0.9890
  RAHA 标注行数: 20 (labeling_budget=20)
  模型已保存: /Users/qianzekai/PycharmProjects/TolerDM/results/demandclean/nasa/v5_auto_dueling_single/model/v5_auto_dueling_single_agent.pt
  训练历史已保存: /Users/qianzekai/PycharmProjects/TolerDM/results/demandclean/nasa/v5_auto_dueling_single/report/v5_auto_dueling_single_history.json
  [计时] Step 2 (训练): 49.63s

[Step 3] 推理 (模式: single_phase)...
  真值使用: 4
  动作分布: {'no_action': 33, 'repair_value': 4, 'delete': 388, 'replace_nearby': 26}
  清洗后数据已保存: /Users/qianzekai/PycharmProjects/TolerDM/results/demandclean/nasa/v5_auto_dueling_single/data/v5_auto_dueling_single_cleaned.csv
  原始格式清洗数据已保存: /Users/qianzekai/PycharmProjects/TolerDM/results/demandclean/nasa/v5_auto_dueling_single/data/v5_auto_dueling_single_cleaned_original.csv
  编码版本已保存: /Users/qianzekai/PycharmProjects/TolerDM/results/demandclean/nasa/v5_auto_dueling_single/data/v5_auto_dueling_single_cleaned_encoded.npz
  [计时] Step 3 (推理): 0.26s

[Step 4] 检测器准确率评估...
  [计时] Step 4 (检测器评估): 0.01s

[Step 5] Baseline 评估与可视化...
  ReplaceAll VE: ValueEstimator(FD=3 rules (3 RHS cols), DOMAIN=2 cols)
  ReplaceAll VE 估值: 482 个错误, 1.5s
  DeleteFix: 删除 462 行, 保留 439 行
  统一测试集 (Oracle): 301 行

============================================================
Baseline 对比评估 - v5_auto_dueling_single
============================================================
  NoFix          : rf_mse=17.8841 | rf_r2=0.6238 | ridge_mse=47.5844 | ridge_r2=-0.0011 | 0.1s
  DeleteAll      : rf_mse=17.9882 | rf_r2=0.6216 | ridge_mse=47.7018 | ridge_r2=-0.0035 | 0.1s
  DeleteFix      : rf_mse=21.649 | rf_r2=0.5446 | ridge_mse=47.4124 | ridge_r2=0.0026 | 0.1s
  ReplaceAll     : rf_mse=20.133 | rf_r2=0.5765 | ridge_mse=47.3133 | ridge_r2=0.0046 | 0.1s
  DemandClean    : rf_mse=20.1287 | rf_r2=0.5765 | ridge_mse=47.3728 | ridge_r2=0.0034 | 0.1s
  FullFix        : rf_mse=15.2092 | rf_r2=0.68 | ridge_mse=47.3639 | ridge_r2=0.0036 | 0.1s
  [可视化] Baseline 对比图已保存: /Users/qianzekai/PycharmProjects/TolerDM/results/demandclean/nasa/v5_auto_dueling_single/visualization/v5_auto_dueling_single_baseline_comparison.png
  [计时] Step 5 (Baseline评估): 2.22s

[Step 6] 模型容忍度评估...
============================================================
模型容忍度计算 - v5_auto_dueling_single
任务类型: regression  |  模型列表: ['rf', 'ridge']
============================================================

--- 模型: RF ---
  P_clean  = 0.6792
  P_dirty  = 0.5719
  P_dc     = -0.2823
  先验容忍度 (P_dc / P_dirty)            = -0.4936
  后验容忍度 (P_dc-P_dirty)/(P_clean-P_dirty) = -7.9684

--- 模型: RIDGE ---
  P_clean  = 0.0023
  P_dirty  = -0.0012
  P_dc     = -0.0036
  先验容忍度 (P_dc / P_dirty)            = 2.8840
  后验容忍度 (P_dc-P_dirty)/(P_clean-P_dirty) = -0.6561
  容忍度柱状图已保存: /Users/qianzekai/PycharmProjects/TolerDM/results/demandclean/nasa/v5_auto_dueling_single/visualization/v5_auto_dueling_single_tolerance_bar.png
  [计时] Step 6 (容忍度评估): 0.40s

[Step 7] Shapley 三维度分析...
[Shapley] 维度1: 动作重要性 (精确枚举 4!=24 排列) ...
[Shapley] 图表已保存: /Users/qianzekai/PycharmProjects/TolerDM/results/demandclean/nasa/v5_auto_dueling_single/evaluation/shapley/shapley_action_importance.png
[Shapley] 维度2: 跳过特征 Shapley（计算量过大，仅保留维度1和维度3）
[Shapley] 维度3: 错误类型重要性 (精确枚举 3!=6 排列) ...
