[日志] 完整输出将保存到: /Users/qianzekai/PycharmProjects/TolerDM/logs/demandclean/nasa_v8_ep300_20260413_041601.log
======================================================================
DemandClean 统一运行脚本
======================================================================
数据集: ['nasa']
启用版本: ['v8_auto_plain_two']
训练轮数: 300
详细输出: False
Oracle 模式: 启用 (三路划分 60/20/20, --no-oracle 关闭)
仅推理模式: 启用 (跳过训练，直接加载已有模型)
======================================================================

######################################################################
# 数据集: nasa
######################################################################

  60/20/20 划分: train=901, val=301, test=301
  60% 子集 CSV: /Users/qianzekai/PycharmProjects/TolerDM/results/demandclean/nasa/dirty_train_60pct.csv
  数据集: nasa
  脏数据: (901, 5)
  特征列: 5, 标签列: sound_pressure_level
  分类列: (无)
  LE fit: 仅 dirty (901 行)
  SS fit: 仅 dirty (901 行)
  FD规则: 0 条
  编码完成: X_dirty_train=(901, 5), X_clean_train=(901, 5), X_clean_val=(301, 5), X_clean_test=(301, 5)

======================================================================
版本: v8_auto_plain_two
数据集: nasa | 任务: regression | 模型: ridge
检测器: auto | Agent: single_stage | 推理: two_phase
训练轮数: 300 | 输出目录: /Users/qianzekai/PycharmProjects/TolerDM/results/demandclean/nasa/v8_auto_plain_two
======================================================================

[Step 1] 创建 DemandClean 实例...
  [计时] Step 1 (初始化): 0.00s
Agent 已加载: /Users/qianzekai/PycharmProjects/TolerDM/results/demandclean/nasa/v8_auto_plain_two/model/v8_auto_plain_two_agent.pt

[Step 2] 跳过训练 (inference_only)，已加载模型: /Users/qianzekai/PycharmProjects/TolerDM/results/demandclean/nasa/v8_auto_plain_two/model/v8_auto_plain_two_agent.pt

[Step 3] 推理 (模式: two_phase)...
  RAHA 检测结果: 488 个单元格
  Precision=0.8975  Recall=0.9542  F1=0.9250
  RAHA 标注行数: 20 (labeling_budget=20)

[错误] 版本 v8_auto_plain_two 运行失败，已跳过:
  '>' not supported between instances of 'int' and 'NoneType'

  没有版本完成，跳过跨版本对比

======================================================================
全部完成! 总耗时: 22.08s
结果目录: /Users/qianzekai/PycharmProjects/TolerDM/results/demandclean
日志文件: /Users/qianzekai/PycharmProjects/TolerDM/logs/demandclean/nasa_v8_ep300_20260413_041601.log
======================================================================
