[00:30:50] INFO:   Clean Base 自动选择 (5-fold CV, 样本保留率加权):
[00:30:50] INFO:     DeleteFix: 439 行, CV=0.0381, 权重=0.698, 加权=0.0266
[00:30:50] INFO:     VE-Fill:   901 行, CV=0.0322, 权重=1.000, 加权=0.0322
[00:30:50] INFO:     → 选择 VE-Fill (901 行)
[00:33:17] INFO: 模型已保存: /Users/qianzekai/PycharmProjects/TolerDM/results/demandclean/nasa/v5_auto_dueling_single_t13_r0.3/model/v5_auto_dueling_single_agent.pt
cted_errors = self.detector.detect(
  File "/Users/qianzekai/PycharmProjects/TolerDM/demandclean/detectors/auto_detector.py", line 1611, in detect
    dirty_df = self._load_dirty_df()
  File "/Users/qianzekai/PycharmProjects/TolerDM/demandclean/detectors/auto_detector.py", line 1563, in _load_dirty_df
    self._dirty_df_cache = pd.read_csv(
  File "/Users/qianzekai/PycharmProjects/TolerDM/TolerRL/lib/python3.9/site-packages/pandas/io/parsers/readers.py", line 1026, in read_csv
    return _read(filepath_or_buffer, kwds)
  File "/Users/qianzekai/PycharmProjects/TolerDM/TolerRL/lib/python3.9/site-packages/pandas/io/parsers/readers.py", line 620, in _read
    parser = TextFileReader(filepath_or_buffer, **kwds)
  File "/Users/qianzekai/PycharmProjects/TolerDM/TolerRL/lib/python3.9/site-packages/pandas/io/parsers/readers.py", line 1620, in __init__
    self._engine = self._make_engine(f, self.engine)
  File "/Users/qianzekai/PycharmProjects/TolerDM/TolerRL/lib/python3.9/site-packages/pandas/io/parsers/readers.py", line 1898, in _make_engine
    return mapping[engine](f, **self.options)
  File "/Users/qianzekai/PycharmProjects/TolerDM/TolerRL/lib/python3.9/site-packages/pandas/io/parsers/c_parser_wrapper.py", line 93, in __init__
    self._reader = parsers.TextReader(src, **kwds)
  File "parsers.pyx", line 581, in pandas._libs.parsers.TextReader.__cinit__
pandas.errors.EmptyDataError: No columns to parse from file
