[日志] 完整输出将保存到: /Users/qianzekai/PycharmProjects/TolerDM/logs/demandclean/nasa_v5_ep150_20260413_232334.log
======================================================================
DemandClean 统一运行脚本
======================================================================
数据集: ['nasa']
启用版本: ['v5_auto_dueling_single']
训练轮数: 150
详细输出: False
Oracle 模式: 启用 (三路划分 60/20/20, --no-oracle 关闭)
修复率控制: min=None, max=0.8
======================================================================

######################################################################
# 数据集: nasa
######################################################################

  60/20/20 划分: train=901, val=301, test=301
  60% 子集 CSV: /Users/qianzekai/PycharmProjects/TolerDM/results/demandclean/nasa/dirty_train_60pct.csv
  数据集: nasa
  脏数据: (901, 5)
  特征列: 5, 标签列: sound_pressure_level
  分类列: (无)
  LE fit: 仅 dirty (901 行)
  SS fit: 仅 dirty (901 行)
  FD规则: 0 条
  编码完成: X_dirty_train=(901, 5), X_clean_train=(901, 5), X_clean_val=(301, 5), X_clean_test=(301, 5)

======================================================================
版本: v5_auto_dueling_single
数据集: nasa | 任务: regression | 模型: ridge
检测器: auto | Agent: dueling_two_stage | 推理: single_phase
训练轮数: 150 | 输出目录: /Users/qianzekai/PycharmProjects/TolerDM/results/demandclean/nasa/v5_auto_dueling_single_t04
======================================================================

[Step 1] 创建 DemandClean 实例...
  [计时] Step 1 (初始化): 0.00s

[Step 2] 训练 (150 episodes)...
  RAHA 检测结果: 439 个单元格
  Precision=1.0000  Recall=0.9564  F1=0.9777
  RAHA 标注行数: 20 (labeling_budget=20)
  模型已保存: /Users/qianzekai/PycharmProjects/TolerDM/results/demandclean/nasa/v5_auto_dueling_single_t04/model/v5_auto_dueling_single_agent.pt
  训练历史已保存: /Users/qianzekai/PycharmProjects/TolerDM/results/demandclean/nasa/v5_auto_dueling_single_t04/report/v5_auto_dueling_single_history.json
  [计时] Step 2 (训练): 53.44s

[Step 3] 推理 (模式: single_phase)...
  真值使用: 0
  动作分布: {'no_action': 163, 'repair_value': 0, 'delete': 112, 'replace_nearby': 193}
  清洗后数据已保存: /Users/qianzekai/PycharmProjects/TolerDM/results/demandclean/nasa/v5_auto_dueling_single_t04/data/v5_auto_dueling_single_cleaned.csv
  原始格式清洗数据已保存: /Users/qianzekai/PycharmProjects/TolerDM/results/demandclean/nasa/v5_auto_dueling_single_t04/data/v5_auto_dueling_single_cleaned_original.csv
  编码版本已保存: /Users/qianzekai/PycharmProjects/TolerDM/results/demandclean/nasa/v5_auto_dueling_single_t04/data/v5_auto_dueling_single_cleaned_encoded.npz
  [计时] Step 3 (推理): 1.57s

[Step 4] 检测器准确率评估...
  [计时] Step 4 (检测器评估): 0.01s

[Step 5] Baseline 评估与可视化...
  ReplaceAll VE: ValueEstimator(FD=3 rules (3 RHS cols), DOMAIN=2 cols)
  ReplaceAll VE 估值: 482 个错误, 2.6s
  DeleteFix: 删除 462 行, 保留 439 行
  统一测试集 (Oracle): 301 行

============================================================
Baseline 对比评估 - v5_auto_dueling_single
============================================================
  NoFix          : rf_mse=17.8841 | rf_r2=0.6238 | ridge_mse=47.5844 | ridge_r2=-0.0011 | 0.2s
  DeleteAll      : rf_mse=17.9882 | rf_r2=0.6216 | ridge_mse=47.7018 | ridge_r2=-0.0035 | 0.1s
  DeleteFix      : rf_mse=21.649 | rf_r2=0.5446 | ridge_mse=47.4124 | ridge_r2=0.0026 | 0.1s
  ReplaceAll     : rf_mse=20.09 | rf_r2=0.5774 | ridge_mse=47.3133 | ridge_r2=0.0046 | 0.2s
  DemandClean    : rf_mse=17.6186 | rf_r2=0.6293 | ridge_mse=47.6072 | ridge_r2=-0.0015 | 0.2s
  FullFix        : rf_mse=15.2092 | rf_r2=0.68 | ridge_mse=47.3639 | ridge_r2=0.0036 | 0.2s
  [可视化] Baseline 对比图已保存: /Users/qianzekai/PycharmProjects/TolerDM/results/demandclean/nasa/v5_auto_dueling_single_t04/visualization/v5_auto_dueling_single_baseline_comparison.png
  [计时] Step 5 (Baseline评估): 4.07s

[Step 6] 模型容忍度评估...
============================================================
模型容忍度计算 - v5_auto_dueling_single
任务类型: regression  |  模型列表: ['rf', 'ridge']
============================================================

--- 模型: RF ---
  P_clean  = 0.6792
  P_dirty  = 0.5719
  P_dc     = -0.3433
  先验容忍度 (P_dc / P_dirty)            = -0.6003
  后验容忍度 (P_dc-P_dirty)/(P_clean-P_dirty) = -8.5378

--- 模型: RIDGE ---
  P_clean  = 0.0023
  P_dirty  = -0.0012
  P_dc     = -0.0010
  先验容忍度 (P_dc / P_dirty)            = 0.7951
  后验容忍度 (P_dc-P_dirty)/(P_clean-P_dirty) = 0.0714
  容忍度柱状图已保存: /Users/qianzekai/PycharmProjects/TolerDM/results/demandclean/nasa/v5_auto_dueling_single_t04/visualization/v5_auto_dueling_single_tolerance_bar.png
  [计时] Step 6 (容忍度评估): 0.67s

[Step 7] Shapley 三维度分析...
[Shapley] 维度1: 动作重要性 (精确枚举 4!=24 排列) ...
[Shapley] 图表已保存: /Users/qianzekai/PycharmProjects/TolerDM/results/demandclean/nasa/v5_auto_dueling_single_t04/evaluation/shapley/shapley_action_importance.png
[Shapley] 维度2: 跳过特征 Shapley（计算量过大，仅保留维度1和维度3）
[Shapley] 维度3: 错误类型重要性 (精确枚举 3!=6 排列) ...
[Shapley] 图表已保存: /Users/qianzekai/PycharmProjects/TolerDM/results/demandclean/nasa/v5_auto_dueling_single_t04/evaluation/shapley/shapley_error_type_importance.png
  [计时] Step 7 (Shapley分析): 36.22s

[Step 8] 训练曲线可视化...
  [可视化] 训练曲线已保存: /Users/qianzekai/PycharmProjects/TolerDM/results/demandclean/nasa/v5_auto_dueling_single_t04/visualization/v5_auto_dueling_single_training_curves.png
  [计时] Step 8 (训练曲线): 1.19s

[Step 9] Clean4MLBaseline 统一测评...
差异文件已保存到:
/Users/qianzekai/PycharmProjects/TolerDM/results/demandclean/nasa/v5_auto_dueling_single_t04/evaluation/v5_auto_dueling_single_clean_vs_dirty.csv
/Users/qianzekai/PycharmProjects/TolerDM/results/demandclean/nasa/v5_auto_dueling_single_t04/evaluation/v5_auto_dueling_single_dirty_vs_cleaned.csv
/Users/qianzekai/PycharmProjects/TolerDM/results/demandclean/nasa/v5_auto_dueling_single_t04/evaluation/v5_auto_dueling_single_clean_vs_cleaned.csv
修复错误数据文件已保存到: /Users/qianzekai/PycharmProjects/TolerDM/results/demandclean/nasa/v5_auto_dueling_single_t04/evaluation/v5_auto_dueling_single_repair_errors.csv
未修复但是应该修复数据文件已保存到: /Users/qianzekai/PycharmProjects/TolerDM/results/demandclean/nasa/v5_auto_dueling_single_t04/evaluation/v5_auto_dueling_single_unrepaired.csv
修复准确率: 0.001970055161544523, 修复召回率: 0.01440922190201729, F1值: 0.0034662044849037236
========================================
EDR 结果已保存到: /Users/qianzekai/PycharmProjects/TolerDM/results/demandclean/nasa/v5_auto_dueling_single_t04/evaluation/v5_auto_dueling_single_edr_evaluation.txt
错误减少率 (EDR): -6.564841498559078
========================================
混合距离结果已保存到: /Users/qianzekai/PycharmProjects/TolerDM/results/demandclean/nasa/v5_auto_dueling_single_t04/evaluation/v5_auto_dueling_single_hybrid_distance_evaluation.txt
混合距离 (Hybrid Distance): 0.31562269183241254
========================================
R-EDR 结果已保存到: /Users/qianzekai/PycharmProjects/TolerDM/results/demandclean/nasa/v5_auto_dueling_single_t04/evaluation/v5_auto_dueling_single_record_based_edr_evaluation.txt
基于条目的错误减少率 (R-EDR): -1.2737752161383284
========================================
  [下游任务] 使用编码版本（跳过 CSV preprocess）
  Oracle 模式: train=789, test=301
RF - MSE: 17.6186, R2: 0.6293
LR - MSE: 47.6072, R2: -0.0015
RIDGE - MSE: 47.6072, R2: -0.0015
LASSO - MSE: 47.6031, R2: -0.0014
KNN - MSE: 39.8079, R2: 0.1625
GB - MSE: 22.1867, R2: 0.5332
  [容忍度] 使用编码版本（跳过 CSV preprocess）
  Oracle 模式: train dirty=901, cleaned=789, clean=901, test=301

容忍度计算结果:
  P_do_nothing (脏数据性能): 0.6238
  P_demand_clean (清洗后性能): 0.6293
  P_repair_all (完全修复性能): 0.6800
  先验容忍度 (Tolerance_prior): 1.0090
  后验容忍度 (Tolerance_post): 0.0993
  [Snoopy] 使用编码版本（跳过 CSV preprocess）
使用编码数据评估数据质量上界...
  统一测评完成，结果已保存到: /Users/qianzekai/PycharmProjects/TolerDM/results/demandclean/nasa/v5_auto_dueling_single_t04/v5_auto_dueling_single_evaluation_results.txt
  [计时] Step 9 (统一测评): 4.10s

[Step 10] 真值成本汇总...
  RAHA 检测成本: 20
  Agent 修复成本: 0
  总成本: 20 / 4505 cells = 0.4440%
  [计时] Step 10 (成本汇总): 0.00s

──────────────────────────────────────────────────
  步骤计时汇总
──────────────────────────────────────────────────
  Step 1 初始化         │     0.00s
  Step 2 训练          │    53.44s
  Step 3 推理          │     1.57s
  Step 4 检测器评估       │     0.01s
  Step 5 Baseline评估  │     4.07s
  Step 6 容忍度评估       │     0.67s
  Step 7 Shapley分析   │    36.22s
  Step 8 训练曲线        │     1.19s
  Step 9 统一测评        │     4.10s
  Step 10 成本汇总        │     0.00s
──────────────────────────────────────────────────
  总计(含可视化)       │   101.27s
  可视化耗时           │    37.79s
  净耗时(扣可视化)     │    63.49s
──────────────────────────────────────────────────

  [输出] 报告已保存: /Users/qianzekai/PycharmProjects/TolerDM/results/demandclean/nasa/v5_auto_dueling_single_t04/report/v5_auto_dueling_single_report.json

  版本 v5_auto_dueling_single 完成! 耗时: 63.49s
  输出目录: /Users/qianzekai/PycharmProjects/TolerDM/results/demandclean/nasa/v5_auto_dueling_single_t04

  只有 1 个版本完成，跳过跨版本对比

======================================================================
全部完成! 总耗时: 101.30s
结果目录: /Users/qianzekai/PycharmProjects/TolerDM/results/demandclean
日志文件: /Users/qianzekai/PycharmProjects/TolerDM/logs/demandclean/nasa_v5_ep150_20260413_232334.log
======================================================================
