[日志] 完整输出将保存到: /Users/qianzekai/PycharmProjects/TolerDM/logs/demandclean/smartfactory_v8_ep300_20260413_051922.log
======================================================================
DemandClean 统一运行脚本
======================================================================
数据集: ['smartfactory']
启用版本: ['v8_auto_plain_two']
训练轮数: 300
详细输出: False
Oracle 模式: 启用 (三路划分 60/20/20, --no-oracle 关闭)
仅推理模式: 启用 (跳过训练，直接加载已有模型)
======================================================================

######################################################################
# 数据集: smartfactory
######################################################################

  60/20/20 划分: train=14187, val=4729, test=4729
  60% 子集 CSV: /Users/qianzekai/PycharmProjects/TolerDM/results/demandclean/smartfactory/dirty_train_60pct.csv
  数据集: smartfactory
  脏数据: (14187, 18)
  特征列: 18, 标签列: labels
  分类列: (无)
  LE fit: 仅 dirty (14187 行)
  SS fit: 仅 dirty (14187 行)
  FD规则: 0 条
  编码完成: X_dirty_train=(14187, 18), X_clean_train=(14187, 18), X_clean_val=(4729, 18), X_clean_test=(4729, 18)

======================================================================
版本: v8_auto_plain_two
数据集: smartfactory | 任务: classification | 模型: random_forest
检测器: auto | Agent: single_stage | 推理: two_phase
训练轮数: 300 | 输出目录: /Users/qianzekai/PycharmProjects/TolerDM/results/demandclean/smartfactory/v8_auto_plain_two
======================================================================

[Step 1] 创建 DemandClean 实例...
  [计时] Step 1 (初始化): 0.00s
Agent 已加载: /Users/qianzekai/PycharmProjects/TolerDM/results/demandclean/smartfactory/v8_auto_plain_two/model/v8_auto_plain_two_agent.pt

[Step 2] 跳过训练 (inference_only)，已加载模型: /Users/qianzekai/PycharmProjects/TolerDM/results/demandclean/smartfactory/v8_auto_plain_two/model/v8_auto_plain_two_agent.pt

[Step 3] 推理 (模式: two_phase)...
  RAHA 检测结果: 737 个单元格
  Precision=0.9973  Recall=0.2396  F1=0.3863
  RAHA 标注行数: 20 (labeling_budget=20)
  RAHA 检测结果: 474 个单元格
  Precision=1.0000  Recall=0.3774  F1=0.5480
  RAHA 标注行数: 20 (labeling_budget=20)
  修复计划: 需要 0 个真值
  真值使用: 0
  清洗后数据已保存: /Users/qianzekai/PycharmProjects/TolerDM/results/demandclean/smartfactory/v8_auto_plain_two/data/v8_auto_plain_two_cleaned.csv
  原始格式清洗数据已保存: /Users/qianzekai/PycharmProjects/TolerDM/results/demandclean/smartfactory/v8_auto_plain_two/data/v8_auto_plain_two_cleaned_original.csv
  编码版本已保存: /Users/qianzekai/PycharmProjects/TolerDM/results/demandclean/smartfactory/v8_auto_plain_two/data/v8_auto_plain_two_cleaned_encoded.npz
  [计时] Step 3 (推理): 795.33s

[Step 4] 检测器准确率评估...
  [计时] Step 4 (检测器评估): 0.29s

[Step 5] Baseline 评估与可视化...
  ReplaceAll VE: ValueEstimator(DOMAIN=18 cols)
  ReplaceAll VE 估值: 4326 个错误, 11.1s
  DeleteFix: 删除 4326 行, 保留 9861 行
  统一测试集 (Oracle): 4729 行

============================================================
Baseline 对比评估 - v8_auto_plain_two
============================================================
  NoFix          : rf_accuracy=0.9617 | rf_f1=0.9612 | lr_accuracy=0.7596 | lr_f1=0.6577 | 1.6s
  DeleteAll      : rf_accuracy=0.9433 | rf_f1=0.9421 | lr_accuracy=0.7613 | lr_f1=0.6631 | 1.2s
  DeleteFix      : rf_accuracy=0.9397 | rf_f1=0.9383 | lr_accuracy=0.7606 | lr_f1=0.662 | 1.2s
  ReplaceAll     : rf_accuracy=0.966 | rf_f1=0.9656 | lr_accuracy=0.7619 | lr_f1=0.6649 | 1.6s
  DemandClean    : rf_accuracy=0.9651 | rf_f1=0.9648 | lr_accuracy=0.7623 | lr_f1=0.6659 | 1.7s
  FullFix        : rf_accuracy=0.9664 | rf_f1=0.9661 | lr_accuracy=0.7627 | lr_f1=0.6669 | 1.6s
  [可视化] Baseline 对比图已保存: /Users/qianzekai/PycharmProjects/TolerDM/results/demandclean/smartfactory/v8_auto_plain_two/visualization/v8_auto_plain_two_baseline_comparison.png
  [计时] Step 5 (Baseline评估): 21.11s

[Step 6] 模型容忍度评估...
============================================================
模型容忍度计算 - v8_auto_plain_two
任务类型: classification  |  模型列表: ['rf', 'lr']
============================================================

--- 模型: RF ---
  P_clean  = 0.9588
  P_dirty  = 0.9545
  P_dc     = 0.9605
  先验容忍度 (P_dc / P_dirty)            = 1.0063
  后验容忍度 (P_dc-P_dirty)/(P_clean-P_dirty) = 1.4167

--- 模型: LR ---
  P_clean  = 0.7632
  P_dirty  = 0.7600
  P_dc     = 0.7629
  先验容忍度 (P_dc / P_dirty)            = 1.0037
  后验容忍度 (P_dc-P_dirty)/(P_clean-P_dirty) = 0.8889
  容忍度柱状图已保存: /Users/qianzekai/PycharmProjects/TolerDM/results/demandclean/smartfactory/v8_auto_plain_two/visualization/v8_auto_plain_two_tolerance_bar.png
  [计时] Step 6 (容忍度评估): 4.18s

[Step 7] Shapley 三维度分析...
[Shapley] 维度1: 动作重要性 (精确枚举 4!=24 排列) ...
[Shapley] 图表已保存: /Users/qianzekai/PycharmProjects/TolerDM/results/demandclean/smartfactory/v8_auto_plain_two/evaluation/shapley/shapley_action_importance.png
[Shapley] 维度2: 跳过特征 Shapley（计算量过大，仅保留维度1和维度3）
[Shapley] 维度3: 错误类型重要性 (精确枚举 2!=2 排列) ...
[Shapley] 图表已保存: /Users/qianzekai/PycharmProjects/TolerDM/results/demandclean/smartfactory/v8_auto_plain_two/evaluation/shapley/shapley_error_type_importance.png
  [计时] Step 7 (Shapley分析): 1345.93s

[Step 8] 训练曲线可视化...
  [可视化] 训练曲线已保存: /Users/qianzekai/PycharmProjects/TolerDM/results/demandclean/smartfactory/v8_auto_plain_two/visualization/v8_auto_plain_two_training_curves.png
  [计时] Step 8 (训练曲线): 0.47s

[Step 9] Clean4MLBaseline 统一测评...
差异文件已保存到:
/Users/qianzekai/PycharmProjects/TolerDM/results/demandclean/smartfactory/v8_auto_plain_two/evaluation/v8_auto_plain_two_clean_vs_dirty.csv
/Users/qianzekai/PycharmProjects/TolerDM/results/demandclean/smartfactory/v8_auto_plain_two/evaluation/v8_auto_plain_two_dirty_vs_cleaned.csv
/Users/qianzekai/PycharmProjects/TolerDM/results/demandclean/smartfactory/v8_auto_plain_two/evaluation/v8_auto_plain_two_clean_vs_cleaned.csv
修复错误数据文件已保存到: /Users/qianzekai/PycharmProjects/TolerDM/results/demandclean/smartfactory/v8_auto_plain_two/evaluation/v8_auto_plain_two_repair_errors.csv
未修复但是应该修复数据文件已保存到: /Users/qianzekai/PycharmProjects/TolerDM/results/demandclean/smartfactory/v8_auto_plain_two/evaluation/v8_auto_plain_two_unrepaired.csv
修复准确率: 0.04432523997741389, 修复召回率: 0.21785383903792785, F1值: 0.07366280885523174
========================================
EDR 结果已保存到: /Users/qianzekai/PycharmProjects/TolerDM/results/demandclean/smartfactory/v8_auto_plain_two/evaluation/v8_auto_plain_two_edr_evaluation.txt
错误减少率 (EDR): -3.6970397779833486
========================================
混合距离结果已保存到: /Users/qianzekai/PycharmProjects/TolerDM/results/demandclean/smartfactory/v8_auto_plain_two/evaluation/v8_auto_plain_two_hybrid_distance_evaluation.txt
混合距离 (Hybrid Distance): 0.16569495535825723
========================================
R-EDR 结果已保存到: /Users/qianzekai/PycharmProjects/TolerDM/results/demandclean/smartfactory/v8_auto_plain_two/evaluation/v8_auto_plain_two_record_based_edr_evaluation.txt
基于条目的错误减少率 (R-EDR): -1.6635060129509713
========================================
  [下游任务] 使用编码版本（跳过 CSV preprocess）
  Oracle 模式: train=14187, test=4729
RF - Accuracy: 0.9651, F1: 0.9648, Precision: 0.9649, Recall: 0.9651
LR - Accuracy: 0.7623, F1: 0.6659, Precision: 0.7742, Recall: 0.7623
SVM - Accuracy: 0.7659, F1: 0.6722, Precision: 0.8150, Recall: 0.7659
KNN - Accuracy: 0.8150, F1: 0.8087, Precision: 0.8059, Recall: 0.8150
DT - Accuracy: 0.9558, F1: 0.9560, Precision: 0.9562, Recall: 0.9558
GB - Accuracy: 0.8014, F1: 0.7524, Precision: 0.8127, Recall: 0.8014
  [容忍度] 使用编码版本（跳过 CSV preprocess）
  Oracle 模式: train dirty=14187, cleaned=14187, clean=14187, test=4729

容忍度计算结果:
  P_do_nothing (脏数据性能): 0.9617
  P_demand_clean (清洗后性能): 0.9651
  P_repair_all (完全修复性能): 0.9664
  先验容忍度 (Tolerance_prior): 1.0035
  后验容忍度 (Tolerance_post): 0.7273
  [Snoopy] 使用编码版本（跳过 CSV preprocess）
使用编码数据评估数据质量上界...
  统一测评完成，结果已保存到: /Users/qianzekai/PycharmProjects/TolerDM/results/demandclean/smartfactory/v8_auto_plain_two/v8_auto_plain_two_evaluation_results.txt
  [计时] Step 9 (统一测评): 66.24s

[Step 10] 真值成本汇总...
  RAHA 检测成本: 40
  Agent 修复成本: 0
  总成本: 40 / 255366 cells = 0.0157%
  [计时] Step 10 (成本汇总): 0.00s

──────────────────────────────────────────────────
  步骤计时汇总
──────────────────────────────────────────────────
  Step 1 初始化         │     0.00s
  Step 2 训练          │     0.00s
  Step 3 推理          │   795.33s
  Step 4 检测器评估       │     0.29s
  Step 5 Baseline评估  │    21.11s
  Step 6 容忍度评估       │     4.18s
  Step 7 Shapley分析   │  1345.93s
  Step 8 训练曲线        │     0.47s
  Step 9 统一测评        │    66.24s
  Step 10 成本汇总        │     0.00s
──────────────────────────────────────────────────
  总计(含可视化)       │  2234.01s
  可视化耗时           │  1346.50s
  净耗时(扣可视化)     │   887.51s
──────────────────────────────────────────────────

  [输出] 报告已保存: /Users/qianzekai/PycharmProjects/TolerDM/results/demandclean/smartfactory/v8_auto_plain_two/report/v8_auto_plain_two_report.json

  版本 v8_auto_plain_two 完成! 耗时: 887.51s
  输出目录: /Users/qianzekai/PycharmProjects/TolerDM/results/demandclean/smartfactory/v8_auto_plain_two

  只有 1 个版本完成，跳过跨版本对比

======================================================================
全部完成! 总耗时: 2234.21s
结果目录: /Users/qianzekai/PycharmProjects/TolerDM/results/demandclean
日志文件: /Users/qianzekai/PycharmProjects/TolerDM/logs/demandclean/smartfactory_v8_ep300_20260413_051922.log
======================================================================
