[日志] 完整输出将保存到: /Users/qianzekai/PycharmProjects/TolerDM/logs/demandclean/smartfactory_v8_ep300_20260413_041628.log
======================================================================
DemandClean 统一运行脚本
======================================================================
数据集: ['smartfactory']
启用版本: ['v8_auto_plain_two']
训练轮数: 300
详细输出: False
Oracle 模式: 启用 (三路划分 60/20/20, --no-oracle 关闭)
仅推理模式: 启用 (跳过训练，直接加载已有模型)
======================================================================

######################################################################
# 数据集: smartfactory
######################################################################

  60/20/20 划分: train=14187, val=4729, test=4729
  60% 子集 CSV: /Users/qianzekai/PycharmProjects/TolerDM/results/demandclean/smartfactory/dirty_train_60pct.csv
  数据集: smartfactory
  脏数据: (14187, 18)
  特征列: 18, 标签列: labels
  分类列: (无)
  LE fit: 仅 dirty (14187 行)
  SS fit: 仅 dirty (14187 行)
  FD规则: 0 条
  编码完成: X_dirty_train=(14187, 18), X_clean_train=(14187, 18), X_clean_val=(4729, 18), X_clean_test=(4729, 18)

======================================================================
版本: v8_auto_plain_two
数据集: smartfactory | 任务: classification | 模型: random_forest
检测器: auto | Agent: single_stage | 推理: two_phase
训练轮数: 300 | 输出目录: /Users/qianzekai/PycharmProjects/TolerDM/results/demandclean/smartfactory/v8_auto_plain_two
======================================================================

[Step 1] 创建 DemandClean 实例...
  [计时] Step 1 (初始化): 0.00s
Agent 已加载: /Users/qianzekai/PycharmProjects/TolerDM/results/demandclean/smartfactory/v8_auto_plain_two/model/v8_auto_plain_two_agent.pt

[Step 2] 跳过训练 (inference_only)，已加载模型: /Users/qianzekai/PycharmProjects/TolerDM/results/demandclean/smartfactory/v8_auto_plain_two/model/v8_auto_plain_two_agent.pt

[Step 3] 推理 (模式: two_phase)...
  RAHA 检测结果: 2740 个单元格
  Precision=0.4438  Recall=0.3963  F1=0.4187
  RAHA 标注行数: 20 (labeling_budget=20)
