[日志] 完整输出将保存到: /Users/qianzekai/PycharmProjects/TolerDM/logs/demandclean/smartfactory_v5_ep300_20260409_233739.log
======================================================================
DemandClean 统一运行脚本
======================================================================
数据集: ['smartfactory']
启用版本: ['v5_auto_dueling_single']
训练轮数: 300
详细输出: False
Oracle 模式: 启用 (三路划分 60/20/20, --no-oracle 关闭)
======================================================================

######################################################################
# 数据集: smartfactory
######################################################################

  60/20/20 划分: train=14187, val=4729, test=4729
  60% 子集 CSV: /Users/qianzekai/PycharmProjects/TolerDM/results/demandclean/smartfactory/dirty_train_60pct.csv
  数据集: smartfactory
  脏数据: (14187, 18)
  特征列: 18, 标签列: labels
  分类列: (无)
  LE fit: 仅 dirty (14187 行)
  SS fit: 仅 dirty (14187 行)
  FD规则: 0 条
  编码完成: X_dirty_train=(14187, 18), X_clean_train=(14187, 18), X_clean_val=(4729, 18), X_clean_test=(4729, 18)

======================================================================
版本: v5_auto_dueling_single
数据集: smartfactory | 任务: classification | 模型: random_forest
检测器: auto | Agent: dueling_two_stage | 推理: single_phase
训练轮数: 300 | 输出目录: /Users/qianzekai/PycharmProjects/TolerDM/results/demandclean/smartfactory/v5_auto_dueling_single
======================================================================

[Step 1] 创建 DemandClean 实例...
  [计时] Step 1 (初始化): 0.00s

[Step 2] 训练 (300 episodes)...
  RAHA 检测结果: 1363 个单元格
  Precision=0.9083  Recall=0.4035  F1=0.5588
  RAHA 标注行数: 20 (labeling_budget=20)
  RAHA 检测结果: 523 个单元格
  Precision=0.8815  Recall=0.3670  F1=0.5183
  RAHA 标注行数: 20 (labeling_budget=20)
