[日志] 完整输出将保存到: /Users/qianzekai/PycharmProjects/TolerDM/logs/demandclean/smartfactory_v5_ep300_20260410_021205.log
======================================================================
DemandClean 统一运行脚本
======================================================================
数据集: ['smartfactory']
启用版本: ['v5_auto_dueling_single']
训练轮数: 300
详细输出: False
Oracle 模式: 启用 (三路划分 60/20/20, --no-oracle 关闭)
======================================================================

######################################################################
# 数据集: smartfactory
######################################################################

  60/20/20 划分: train=14187, val=4729, test=4729
  60% 子集 CSV: /Users/qianzekai/PycharmProjects/TolerDM/results/demandclean/smartfactory/dirty_train_60pct.csv
  数据集: smartfactory
  脏数据: (14187, 18)
  特征列: 18, 标签列: labels
  分类列: (无)
  LE fit: 仅 dirty (14187 行)
  SS fit: 仅 dirty (14187 行)
  FD规则: 0 条
  编码完成: X_dirty_train=(14187, 18), X_clean_train=(14187, 18), X_clean_val=(4729, 18), X_clean_test=(4729, 18)

======================================================================
版本: v5_auto_dueling_single
数据集: smartfactory | 任务: classification | 模型: random_forest
检测器: auto | Agent: dueling_two_stage | 推理: single_phase
训练轮数: 300 | 输出目录: /Users/qianzekai/PycharmProjects/TolerDM/results/demandclean/smartfactory/v5_auto_dueling_single
======================================================================

[Step 1] 创建 DemandClean 实例...
  [计时] Step 1 (初始化): 0.00s

[Step 2] 训练 (300 episodes)...
  RAHA 检测结果: 1036 个单元格
  Precision=1.0000  Recall=0.3377  F1=0.5049
  RAHA 标注行数: 20 (labeling_budget=20)
  RAHA 检测结果: 710 个单元格
  Precision=0.6254  Recall=0.3535  F1=0.4517
  RAHA 标注行数: 20 (labeling_budget=20)
  模型已保存: /Users/qianzekai/PycharmProjects/TolerDM/results/demandclean/smartfactory/v5_auto_dueling_single/model/v5_auto_dueling_single_agent.pt
  训练历史已保存: /Users/qianzekai/PycharmProjects/TolerDM/results/demandclean/smartfactory/v5_auto_dueling_single/report/v5_auto_dueling_single_history.json
  [计时] Step 2 (训练): 2339.94s

[Step 3] 推理 (模式: single_phase)...
  真值使用: 49
  动作分布: {'no_action': 9, 'repair_value': 49, 'delete': 4386, 'replace_nearby': 51}
  清洗后数据已保存: /Users/qianzekai/PycharmProjects/TolerDM/results/demandclean/smartfactory/v5_auto_dueling_single/data/v5_auto_dueling_single_cleaned.csv
  原始格式清洗数据已保存: /Users/qianzekai/PycharmProjects/TolerDM/results/demandclean/smartfactory/v5_auto_dueling_single/data/v5_auto_dueling_single_cleaned_original.csv
  编码版本已保存: /Users/qianzekai/PycharmProjects/TolerDM/results/demandclean/smartfactory/v5_auto_dueling_single/data/v5_auto_dueling_single_cleaned_encoded.npz
  [计时] Step 3 (推理): 81.07s

[Step 4] 检测器准确率评估...
  [计时] Step 4 (检测器评估): 0.32s

[Step 5] Baseline 评估与可视化...
  ReplaceAll VE: ValueEstimator(DOMAIN=18 cols)
  ReplaceAll VE 估值: 4590 个错误, 12.2s
  DeleteFix: 删除 4508 行, 保留 9679 行
  统一测试集 (Oracle): 4729 行

============================================================
Baseline 对比评估 - v5_auto_dueling_single
============================================================
  NoFix          : rf_accuracy=0.9617 | rf_f1=0.9612 | lr_accuracy=0.7596 | lr_f1=0.6577 | 1.7s
  DeleteAll      : rf_accuracy=0.9433 | rf_f1=0.9421 | lr_accuracy=0.7613 | lr_f1=0.6631 | 1.3s
  DeleteFix      : rf_accuracy=0.9323 | rf_f1=0.9306 | lr_accuracy=0.7608 | lr_f1=0.6633 | 1.4s
  ReplaceAll     : rf_accuracy=0.9672 | rf_f1=0.967 | lr_accuracy=0.7623 | lr_f1=0.6659 | 1.9s
  DemandClean    : rf_accuracy=0.9435 | rf_f1=0.9426 | lr_accuracy=0.7615 | lr_f1=0.6647 | 1.4s
  FullFix        : rf_accuracy=0.9664 | rf_f1=0.9661 | lr_accuracy=0.7627 | lr_f1=0.6669 | 1.9s
  [可视化] Baseline 对比图已保存: /Users/qianzekai/PycharmProjects/TolerDM/results/demandclean/smartfactory/v5_auto_dueling_single/visualization/v5_auto_dueling_single_baseline_comparison.png
  [计时] Step 5 (Baseline评估): 23.11s

[Step 6] 模型容忍度评估...
============================================================
模型容忍度计算 - v5_auto_dueling_single
任务类型: classification  |  模型列表: ['rf', 'lr']
============================================================

--- 模型: RF ---
  P_clean  = 0.9588
  P_dirty  = 0.9545
  P_dc     = 0.6769
  先验容忍度 (P_dc / P_dirty)            = 0.7091
  后验容忍度 (P_dc-P_dirty)/(P_clean-P_dirty) = -65.6667

--- 模型: LR ---
  P_clean  = 0.7632
  P_dirty  = 0.7600
  P_dc     = 0.7597
  先验容忍度 (P_dc / P_dirty)            = 0.9995
  后验容忍度 (P_dc-P_dirty)/(P_clean-P_dirty) = -0.1111
  容忍度柱状图已保存: /Users/qianzekai/PycharmProjects/TolerDM/results/demandclean/smartfactory/v5_auto_dueling_single/visualization/v5_auto_dueling_single_tolerance_bar.png
  [计时] Step 6 (容忍度评估): 4.35s

[Step 7] Shapley 三维度分析...
[Shapley] 维度1: 动作重要性 (精确枚举 4!=24 排列) ...
[Shapley] 图表已保存: /Users/qianzekai/PycharmProjects/TolerDM/results/demandclean/smartfactory/v5_auto_dueling_single/evaluation/shapley/shapley_action_importance.png
[Shapley] 维度2: 跳过特征 Shapley（计算量过大，仅保留维度1和维度3）
[Shapley] 维度3: 错误类型重要性 (精确枚举 2!=2 排列) ...
[Shapley] 图表已保存: /Users/qianzekai/PycharmProjects/TolerDM/results/demandclean/smartfactory/v5_auto_dueling_single/evaluation/shapley/shapley_error_type_importance.png
  [计时] Step 7 (Shapley分析): 1268.48s

[Step 8] 训练曲线可视化...
  [可视化] 训练曲线已保存: /Users/qianzekai/PycharmProjects/TolerDM/results/demandclean/smartfactory/v5_auto_dueling_single/visualization/v5_auto_dueling_single_training_curves.png
  [计时] Step 8 (训练曲线): 0.59s

[Step 9] Clean4MLBaseline 统一测评...
差异文件已保存到:
/Users/qianzekai/PycharmProjects/TolerDM/results/demandclean/smartfactory/v5_auto_dueling_single/evaluation/v5_auto_dueling_single_clean_vs_dirty.csv
/Users/qianzekai/PycharmProjects/TolerDM/results/demandclean/smartfactory/v5_auto_dueling_single/evaluation/v5_auto_dueling_single_dirty_vs_cleaned.csv
/Users/qianzekai/PycharmProjects/TolerDM/results/demandclean/smartfactory/v5_auto_dueling_single/evaluation/v5_auto_dueling_single_clean_vs_cleaned.csv
修复错误数据文件已保存到: /Users/qianzekai/PycharmProjects/TolerDM/results/demandclean/smartfactory/v5_auto_dueling_single/evaluation/v5_auto_dueling_single_repair_errors.csv
未修复但是应该修复数据文件已保存到: /Users/qianzekai/PycharmProjects/TolerDM/results/demandclean/smartfactory/v5_auto_dueling_single/evaluation/v5_auto_dueling_single_unrepaired.csv
修复准确率: 0.0054819937589609515, 修复召回率: 0.5909090909090909, F1值: 0.010863207151182604
========================================
EDR 结果已保存到: /Users/qianzekai/PycharmProjects/TolerDM/results/demandclean/smartfactory/v5_auto_dueling_single/evaluation/v5_auto_dueling_single_edr_evaluation.txt
错误减少率 (EDR): -106.2
========================================
混合距离结果已保存到: /Users/qianzekai/PycharmProjects/TolerDM/results/demandclean/smartfactory/v5_auto_dueling_single/evaluation/v5_auto_dueling_single_hybrid_distance_evaluation.txt
混合距离 (Hybrid Distance): 0.04808440943903198
========================================
R-EDR 结果已保存到: /Users/qianzekai/PycharmProjects/TolerDM/results/demandclean/smartfactory/v5_auto_dueling_single/evaluation/v5_auto_dueling_single_record_based_edr_evaluation.txt
基于条目的错误减少率 (R-EDR): -66.10909090909091
========================================
  [下游任务] 使用编码版本（跳过 CSV preprocess）
  Oracle 模式: train=9801, test=4729
RF - Accuracy: 0.9435, F1: 0.9426, Precision: 0.9429, Recall: 0.9435
LR - Accuracy: 0.7615, F1: 0.6647, Precision: 0.7588, Recall: 0.7615
SVM - Accuracy: 0.7649, F1: 0.6698, Precision: 0.8135, Recall: 0.7649
KNN - Accuracy: 0.7978, F1: 0.7893, Precision: 0.7857, Recall: 0.7978
DT - Accuracy: 0.9169, F1: 0.9177, Precision: 0.9189, Recall: 0.9169
GB - Accuracy: 0.7938, F1: 0.7386, Precision: 0.8041, Recall: 0.7938
  [容忍度] 使用编码版本（跳过 CSV preprocess）
  Oracle 模式: train dirty=14187, cleaned=9801, clean=14187, test=4729

容忍度计算结果:
  P_do_nothing (脏数据性能): 0.9617
  P_demand_clean (清洗后性能): 0.9435
  P_repair_all (完全修复性能): 0.9664
  先验容忍度 (Tolerance_prior): 0.9811
  后验容忍度 (Tolerance_post): -3.9091
  [Snoopy] 使用编码版本（跳过 CSV preprocess）
使用编码数据评估数据质量上界...
  统一测评完成，结果已保存到: /Users/qianzekai/PycharmProjects/TolerDM/results/demandclean/smartfactory/v5_auto_dueling_single/v5_auto_dueling_single_evaluation_results.txt
  [计时] Step 9 (统一测评): 58.05s

[Step 10] 真值成本汇总...
  RAHA 检测成本: 40
  Agent 修复成本: 49
  总成本: 89 / 255366 cells = 0.0349%
  [计时] Step 10 (成本汇总): 0.00s

──────────────────────────────────────────────────
  步骤计时汇总
──────────────────────────────────────────────────
  Step 1 初始化         │     0.00s
  Step 2 训练          │  2339.94s
  Step 3 推理          │    81.07s
  Step 4 检测器评估       │     0.32s
  Step 5 Baseline评估  │    23.11s
  Step 6 容忍度评估       │     4.35s
  Step 7 Shapley分析   │  1268.48s
  Step 8 训练曲线        │     0.59s
  Step 9 统一测评        │    58.05s
  Step 10 成本汇总        │     0.00s
──────────────────────────────────────────────────
  总计(含可视化)       │  3775.90s
  可视化耗时           │  1269.19s
  净耗时(扣可视化)     │  2506.72s
──────────────────────────────────────────────────

  [输出] 报告已保存: /Users/qianzekai/PycharmProjects/TolerDM/results/demandclean/smartfactory/v5_auto_dueling_single/report/v5_auto_dueling_single_report.json

  版本 v5_auto_dueling_single 完成! 耗时: 2506.72s
  输出目录: /Users/qianzekai/PycharmProjects/TolerDM/results/demandclean/smartfactory/v5_auto_dueling_single

  只有 1 个版本完成，跳过跨版本对比

======================================================================
全部完成! 总耗时: 3776.12s
结果目录: /Users/qianzekai/PycharmProjects/TolerDM/results/demandclean
日志文件: /Users/qianzekai/PycharmProjects/TolerDM/logs/demandclean/smartfactory_v5_ep300_20260410_021205.log
======================================================================
