[日志] 完整输出将保存到: /Users/qianzekai/PycharmProjects/TolerDM/logs/demandclean/soilmoisture_v5_ep300_20260413_184918.log
======================================================================
DemandClean 统一运行脚本
======================================================================
数据集: ['soilmoisture']
启用版本: ['v5_auto_dueling_single']
训练轮数: 300
详细输出: False
Oracle 模式: 启用 (三路划分 60/20/20, --no-oracle 关闭)
======================================================================

######################################################################
# 数据集: soilmoisture
######################################################################

  60/20/20 划分: train=407, val=136, test=136
  60% 子集 CSV: /Users/qianzekai/PycharmProjects/TolerDM/results/demandclean/soilmoisture/dirty_train_60pct.csv
  数据集: soilmoisture
  脏数据: (407, 127)
  特征列: 127, 标签列: soil_moisture
  分类列: (无)
  LE fit: 仅 dirty (407 行)
  SS fit: 仅 dirty (407 行)
  FD规则: 0 条
  编码完成: X_dirty_train=(407, 127), X_clean_train=(407, 127), X_clean_val=(136, 127), X_clean_test=(136, 127)

======================================================================
版本: v5_auto_dueling_single
数据集: soilmoisture | 任务: regression | 模型: ridge
检测器: auto | Agent: dueling_two_stage | 推理: single_phase
训练轮数: 300 | 输出目录: /Users/qianzekai/PycharmProjects/TolerDM/results/demandclean/soilmoisture/v5_auto_dueling_single
======================================================================

[Step 1] 创建 DemandClean 实例...
  [计时] Step 1 (初始化): 0.00s

[Step 2] 训练 (300 episodes)...
  RAHA 检测结果: 2092 个单元格
  Precision=0.4135  Recall=0.3658  F1=0.3882
  RAHA 标注行数: 20 (labeling_budget=20)
  RAHA 检测结果: 2115 个单元格
  Precision=0.3872  Recall=0.3241  F1=0.3529
  RAHA 标注行数: 20 (labeling_budget=20)
  RAHA 检测结果: 2345 个单元格
  Precision=0.3808  Recall=0.3623  F1=0.3713
  RAHA 标注行数: 20 (labeling_budget=20)
  RAHA 检测结果: 2086 个单元格
  Precision=0.3710  Recall=0.3108  F1=0.3383
  RAHA 标注行数: 20 (labeling_budget=20)
  RAHA 检测结果: 1960 个单元格
  Precision=0.3923  Recall=0.3157  F1=0.3499
  RAHA 标注行数: 20 (labeling_budget=20)
  RAHA 检测结果: 1675 个单元格
  Precision=0.3988  Recall=0.2741  F1=0.3249
  RAHA 标注行数: 20 (labeling_budget=20)
  RAHA 检测结果: 805 个单元格
  Precision=0.3689  Recall=0.2982  F1=0.3298
  RAHA 标注行数: 20 (labeling_budget=20)
  模型已保存: /Users/qianzekai/PycharmProjects/TolerDM/results/demandclean/soilmoisture/v5_auto_dueling_single/model/v5_auto_dueling_single_agent.pt
  训练历史已保存: /Users/qianzekai/PycharmProjects/TolerDM/results/demandclean/soilmoisture/v5_auto_dueling_single/report/v5_auto_dueling_single_history.json
  [计时] Step 2 (训练): 648.76s

[Step 3] 推理 (模式: single_phase)...
  真值使用: 294
  动作分布: {'no_action': 1851, 'repair_value': 294, 'delete': 174, 'replace_nearby': 10360}
  清洗后数据已保存: /Users/qianzekai/PycharmProjects/TolerDM/results/demandclean/soilmoisture/v5_auto_dueling_single/data/v5_auto_dueling_single_cleaned.csv
  原始格式清洗数据已保存: /Users/qianzekai/PycharmProjects/TolerDM/results/demandclean/soilmoisture/v5_auto_dueling_single/data/v5_auto_dueling_single_cleaned_original.csv
  编码版本已保存: /Users/qianzekai/PycharmProjects/TolerDM/results/demandclean/soilmoisture/v5_auto_dueling_single/data/v5_auto_dueling_single_cleaned_encoded.npz
  [计时] Step 3 (推理): 41.55s

[Step 4] 检测器准确率评估...
  [计时] Step 4 (检测器评估): 0.17s

[Step 5] Baseline 评估与可视化...
  ReplaceAll VE: ValueEstimator(DC=248 rules (125 target cols), DOMAIN=126 cols)
  ReplaceAll VE 估值: 22519 个错误, 0.5s
  DeleteFix: 删除 326 行, 保留 81 行
  统一测试集 (Oracle): 136 行

============================================================
Baseline 对比评估 - v5_auto_dueling_single
============================================================
  NoFix          : rf_mse=1.6662 | rf_r2=0.8879 | ridge_mse=5.9249 | ridge_r2=0.6012 | 1.3s
  DeleteAll      : rf_mse=2.0461 | rf_r2=0.8623 | ridge_mse=5.6991 | ridge_r2=0.6164 | 1.1s
  DeleteFix      : rf_mse=5.3536 | rf_r2=0.6397 | ridge_mse=9.3377 | ridge_r2=0.3715 | 0.4s
  ReplaceAll     : rf_mse=1.2354 | rf_r2=0.9168 | ridge_mse=4.3165 | ridge_r2=0.7095 | 1.4s
  DemandClean    : rf_mse=1.3211 | rf_r2=0.9111 | ridge_mse=4.0458 | ridge_r2=0.7277 | 0.8s
  FullFix        : rf_mse=0.7594 | rf_r2=0.9489 | ridge_mse=1.8365 | ridge_r2=0.8764 | 1.4s
  [可视化] Baseline 对比图已保存: /Users/qianzekai/PycharmProjects/TolerDM/results/demandclean/soilmoisture/v5_auto_dueling_single/visualization/v5_auto_dueling_single_baseline_comparison.png
  [计时] Step 5 (Baseline评估): 7.14s

[Step 6] 模型容忍度评估...
============================================================
模型容忍度计算 - v5_auto_dueling_single
任务类型: regression  |  模型列表: ['rf', 'ridge']
============================================================

--- 模型: RF ---
  P_clean  = 0.9618
  P_dirty  = 0.8942
  P_dc     = -0.1035
  先验容忍度 (P_dc / P_dirty)            = -0.1158
  后验容忍度 (P_dc-P_dirty)/(P_clean-P_dirty) = -14.7689

--- 模型: RIDGE ---
  P_clean  = 0.8225
  P_dirty  = 0.6104
  P_dc     = -0.1529
  先验容忍度 (P_dc / P_dirty)            = -0.2505
  后验容忍度 (P_dc-P_dirty)/(P_clean-P_dirty) = -3.5989
  容忍度柱状图已保存: /Users/qianzekai/PycharmProjects/TolerDM/results/demandclean/soilmoisture/v5_auto_dueling_single/visualization/v5_auto_dueling_single_tolerance_bar.png
  [计时] Step 6 (容忍度评估): 2.97s

[Step 7] Shapley 三维度分析...
[Shapley] 维度1: 动作重要性 (精确枚举 4!=24 排列) ...
[Shapley] 图表已保存: /Users/qianzekai/PycharmProjects/TolerDM/results/demandclean/soilmoisture/v5_auto_dueling_single/evaluation/shapley/shapley_action_importance.png
[Shapley] 维度2: 跳过特征 Shapley（计算量过大，仅保留维度1和维度3）
[Shapley] 维度3: 错误类型重要性 (精确枚举 3!=6 排列) ...
[Shapley] 图表已保存: /Users/qianzekai/PycharmProjects/TolerDM/results/demandclean/soilmoisture/v5_auto_dueling_single/evaluation/shapley/shapley_error_type_importance.png
  [计时] Step 7 (Shapley分析): 1048.07s

[Step 8] 训练曲线可视化...
  [可视化] 训练曲线已保存: /Users/qianzekai/PycharmProjects/TolerDM/results/demandclean/soilmoisture/v5_auto_dueling_single/visualization/v5_auto_dueling_single_training_curves.png
  [计时] Step 8 (训练曲线): 1.07s

[Step 9] Clean4MLBaseline 统一测评...
差异文件已保存到:
/Users/qianzekai/PycharmProjects/TolerDM/results/demandclean/soilmoisture/v5_auto_dueling_single/evaluation/v5_auto_dueling_single_clean_vs_dirty.csv
/Users/qianzekai/PycharmProjects/TolerDM/results/demandclean/soilmoisture/v5_auto_dueling_single/evaluation/v5_auto_dueling_single_dirty_vs_cleaned.csv
/Users/qianzekai/PycharmProjects/TolerDM/results/demandclean/soilmoisture/v5_auto_dueling_single/evaluation/v5_auto_dueling_single_clean_vs_cleaned.csv
修复错误数据文件已保存到: /Users/qianzekai/PycharmProjects/TolerDM/results/demandclean/soilmoisture/v5_auto_dueling_single/evaluation/v5_auto_dueling_single_repair_errors.csv
未修复但是应该修复数据文件已保存到: /Users/qianzekai/PycharmProjects/TolerDM/results/demandclean/soilmoisture/v5_auto_dueling_single/evaluation/v5_auto_dueling_single_unrepaired.csv
修复准确率: 0.4824580759046778, 修复召回率: 0.48594288254250473, F1值: 0.4841942091068406
========================================
EDR 结果已保存到: /Users/qianzekai/PycharmProjects/TolerDM/results/demandclean/soilmoisture/v5_auto_dueling_single/evaluation/v5_auto_dueling_single_edr_evaluation.txt
错误减少率 (EDR): 0.28925436159573287
========================================
混合距离结果已保存到: /Users/qianzekai/PycharmProjects/TolerDM/results/demandclean/soilmoisture/v5_auto_dueling_single/evaluation/v5_auto_dueling_single_hybrid_distance_evaluation.txt
混合距离 (Hybrid Distance): 0.1698321564896638
========================================
R-EDR 结果已保存到: /Users/qianzekai/PycharmProjects/TolerDM/results/demandclean/soilmoisture/v5_auto_dueling_single/evaluation/v5_auto_dueling_single_record_based_edr_evaluation.txt
基于条目的错误减少率 (R-EDR): 0.004291845493562232
========================================
  [下游任务] 使用编码版本（跳过 CSV preprocess）
  Oracle 模式: train=233, test=136
RF - MSE: 1.3211, R2: 0.9111
LR - MSE: 4.6316, R2: 0.6883
RIDGE - MSE: 4.0458, R2: 0.7277
LASSO - MSE: 13.6458, R2: 0.0816
KNN - MSE: 3.0200, R2: 0.7967
GB - MSE: 1.1847, R2: 0.9203
  [容忍度] 使用编码版本（跳过 CSV preprocess）
  Oracle 模式: train dirty=407, cleaned=233, clean=407, test=136

容忍度计算结果:
  P_do_nothing (脏数据性能): 0.8879
  P_demand_clean (清洗后性能): 0.9111
  P_repair_all (完全修复性能): 0.9489
  先验容忍度 (Tolerance_prior): 1.0262
  后验容忍度 (Tolerance_post): 0.3806
  [Snoopy] 使用编码版本（跳过 CSV preprocess）
使用编码数据评估数据质量上界...
  统一测评完成，结果已保存到: /Users/qianzekai/PycharmProjects/TolerDM/results/demandclean/soilmoisture/v5_auto_dueling_single/v5_auto_dueling_single_evaluation_results.txt
  [计时] Step 9 (统一测评): 31.03s

[Step 10] 真值成本汇总...
  RAHA 检测成本: 140
  Agent 修复成本: 294
  总成本: 434 / 51689 cells = 0.8396%
  [计时] Step 10 (成本汇总): 0.00s

──────────────────────────────────────────────────
  步骤计时汇总
──────────────────────────────────────────────────
  Step 1 初始化         │     0.00s
  Step 2 训练          │   648.76s
  Step 3 推理          │    41.55s
  Step 4 检测器评估       │     0.17s
  Step 5 Baseline评估  │     7.14s
  Step 6 容忍度评估       │     2.97s
  Step 7 Shapley分析   │  1048.07s
  Step 8 训练曲线        │     1.07s
  Step 9 统一测评        │    31.03s
  Step 10 成本汇总        │     0.00s
──────────────────────────────────────────────────
  总计(含可视化)       │  1780.77s
  可视化耗时           │  1049.34s
  净耗时(扣可视化)     │   731.44s
──────────────────────────────────────────────────

  [输出] 报告已保存: /Users/qianzekai/PycharmProjects/TolerDM/results/demandclean/soilmoisture/v5_auto_dueling_single/report/v5_auto_dueling_single_report.json

  版本 v5_auto_dueling_single 完成! 耗时: 731.44s
  输出目录: /Users/qianzekai/PycharmProjects/TolerDM/results/demandclean/soilmoisture/v5_auto_dueling_single

  只有 1 个版本完成，跳过跨版本对比

======================================================================
全部完成! 总耗时: 1780.94s
结果目录: /Users/qianzekai/PycharmProjects/TolerDM/results/demandclean
日志文件: /Users/qianzekai/PycharmProjects/TolerDM/logs/demandclean/soilmoisture_v5_ep300_20260413_184918.log
======================================================================
