[日志] 完整输出将保存到: /Users/qianzekai/PycharmProjects/TolerDM/logs/demandclean/soilmoisture_v7_ep300_20260409_071957.log
======================================================================
DemandClean 统一运行脚本
======================================================================
数据集: ['soilmoisture']
启用版本: ['v7_auto_plain_single']
训练轮数: 300
详细输出: False
Oracle 模式: 启用 (三路划分 60/20/20, --no-oracle 关闭)
======================================================================

######################################################################
# 数据集: soilmoisture
######################################################################

  60/20/20 划分: train=407, val=136, test=136
  60% 子集 CSV: /Users/qianzekai/PycharmProjects/TolerDM/results/demandclean/soilmoisture/dirty_train_60pct.csv
  数据集: soilmoisture
  脏数据: (407, 127)
  特征列: 127, 标签列: soil_moisture
  分类列: (无)
  LE fit: 仅 dirty (407 行)
  SS fit: 仅 dirty (407 行)
  FD规则: 0 条
  编码完成: X_dirty_train=(407, 127), X_clean_train=(407, 127), X_clean_val=(136, 127), X_clean_test=(136, 127)

======================================================================
版本: v7_auto_plain_single
数据集: soilmoisture | 任务: regression | 模型: ridge
检测器: auto | Agent: single_stage | 推理: single_phase
训练轮数: 300 | 输出目录: /Users/qianzekai/PycharmProjects/TolerDM/results/demandclean/soilmoisture/v7_auto_plain_single
======================================================================

[Step 1] 创建 DemandClean 实例...
  [计时] Step 1 (初始化): 0.00s

[Step 2] 训练 (300 episodes)...
  RAHA 检测结果: 1867 个单元格
  Precision=0.4360  Recall=0.3442  F1=0.3847
  RAHA 标注行数: 20 (labeling_budget=20)
  RAHA 检测结果: 2202 个单元格
  Precision=0.3806  Recall=0.3316  F1=0.3544
  RAHA 标注行数: 20 (labeling_budget=20)
  RAHA 检测结果: 1907 个单元格
  Precision=0.3996  Recall=0.3091  F1=0.3486
  RAHA 标注行数: 20 (labeling_budget=20)
  RAHA 检测结果: 2548 个单元格
  Precision=0.3646  Recall=0.3731  F1=0.3688
  RAHA 标注行数: 20 (labeling_budget=20)
  RAHA 检测结果: 1742 个单元格
  Precision=0.4041  Recall=0.2890  F1=0.3370
  RAHA 标注行数: 20 (labeling_budget=20)
  RAHA 检测结果: 1623 个单元格
  Precision=0.4060  Recall=0.2704  F1=0.3246
  RAHA 标注行数: 20 (labeling_budget=20)
  RAHA 检测结果: 511 个单元格
  Precision=0.3973  Recall=0.2038  F1=0.2694
  RAHA 标注行数: 20 (labeling_budget=20)
  模型已保存: /Users/qianzekai/PycharmProjects/TolerDM/results/demandclean/soilmoisture/v7_auto_plain_single/model/v7_auto_plain_single_agent.pt
  训练历史已保存: /Users/qianzekai/PycharmProjects/TolerDM/results/demandclean/soilmoisture/v7_auto_plain_single/report/v7_auto_plain_single_history.json
  [计时] Step 2 (训练): 7085.74s

[Step 3] 推理 (模式: single_phase)...
  真值使用: 0
  动作分布: {'no_action': 0, 'repair_value': 0, 'delete': 186, 'replace_nearby': 5053}
  清洗后数据已保存: /Users/qianzekai/PycharmProjects/TolerDM/results/demandclean/soilmoisture/v7_auto_plain_single/data/v7_auto_plain_single_cleaned.csv
  原始格式清洗数据已保存: /Users/qianzekai/PycharmProjects/TolerDM/results/demandclean/soilmoisture/v7_auto_plain_single/data/v7_auto_plain_single_cleaned_original.csv
  编码版本已保存: /Users/qianzekai/PycharmProjects/TolerDM/results/demandclean/soilmoisture/v7_auto_plain_single/data/v7_auto_plain_single_cleaned_encoded.npz
  [计时] Step 3 (推理): 180.14s

[Step 4] 检测器准确率评估...
  [计时] Step 4 (检测器评估): 0.25s

[Step 5] Baseline 评估与可视化...
  ReplaceAll VE: ValueEstimator(DC=248 rules (125 target cols), DOMAIN=126 cols)
  ReplaceAll VE 估值: 21977 个错误, 0.9s
  DeleteFix: 删除 326 行, 保留 81 行
  统一测试集 (Oracle): 136 行

============================================================
Baseline 对比评估 - v7_auto_plain_single
============================================================
  NoFix          : rf_mse=1.6662 | rf_r2=0.8879 | ridge_mse=5.9249 | ridge_r2=0.6012 | 3.4s
  DeleteAll      : rf_mse=2.0461 | rf_r2=0.8623 | ridge_mse=5.6991 | ridge_r2=0.6164 | 3.3s
  DeleteFix      : rf_mse=3.8371 | rf_r2=0.7417 | ridge_mse=8.5806 | ridge_r2=0.4225 | 2.2s
  ReplaceAll     : rf_mse=1.2318 | rf_r2=0.9171 | ridge_mse=4.9603 | ridge_r2=0.6661 | 4.4s
  DemandClean    : rf_mse=1.1976 | rf_r2=0.9194 | ridge_mse=2.5698 | ridge_r2=0.827 | 1.8s
  FullFix        : rf_mse=0.7594 | rf_r2=0.9489 | ridge_mse=1.8365 | ridge_r2=0.8764 | 3.5s
  [可视化] Baseline 对比图已保存: /Users/qianzekai/PycharmProjects/TolerDM/results/demandclean/soilmoisture/v7_auto_plain_single/visualization/v7_auto_plain_single_baseline_comparison.png
  [计时] Step 5 (Baseline评估): 20.45s

[Step 6] 模型容忍度评估...
============================================================
模型容忍度计算 - v7_auto_plain_single
任务类型: regression  |  模型列表: ['rf', 'ridge']
============================================================

--- 模型: RF ---
  P_clean  = 0.9618
  P_dirty  = 0.8942
  P_dc     = -0.3545
  先验容忍度 (P_dc / P_dirty)            = -0.3965
  后验容忍度 (P_dc-P_dirty)/(P_clean-P_dirty) = -18.4846

--- 模型: RIDGE ---
  P_clean  = 0.8225
  P_dirty  = 0.6104
  P_dc     = -0.2841
  先验容忍度 (P_dc / P_dirty)            = -0.4654
  后验容忍度 (P_dc-P_dirty)/(P_clean-P_dirty) = -4.2174
  容忍度柱状图已保存: /Users/qianzekai/PycharmProjects/TolerDM/results/demandclean/soilmoisture/v7_auto_plain_single/visualization/v7_auto_plain_single_tolerance_bar.png
  [计时] Step 6 (容忍度评估): 9.09s

[Step 7] Shapley 三维度分析...
[Shapley] 维度1: 动作重要性 (精确枚举 4!=24 排列) ...
[Shapley] 图表已保存: /Users/qianzekai/PycharmProjects/TolerDM/results/demandclean/soilmoisture/v7_auto_plain_single/evaluation/shapley/shapley_action_importance.png
[Shapley] 维度2: 跳过特征 Shapley（计算量过大，仅保留维度1和维度3）
[Shapley] 维度3: 错误类型重要性 (精确枚举 3!=6 排列) ...
[Shapley] 图表已保存: /Users/qianzekai/PycharmProjects/TolerDM/results/demandclean/soilmoisture/v7_auto_plain_single/evaluation/shapley/shapley_error_type_importance.png
  [计时] Step 7 (Shapley分析): 1936.23s

[Step 8] 训练曲线可视化...
  [可视化] 训练曲线已保存: /Users/qianzekai/PycharmProjects/TolerDM/results/demandclean/soilmoisture/v7_auto_plain_single/visualization/v7_auto_plain_single_training_curves.png
  [计时] Step 8 (训练曲线): 1.04s

[Step 9] Clean4MLBaseline 统一测评...
差异文件已保存到:
/Users/qianzekai/PycharmProjects/TolerDM/results/demandclean/soilmoisture/v7_auto_plain_single/evaluation/v7_auto_plain_single_clean_vs_dirty.csv
/Users/qianzekai/PycharmProjects/TolerDM/results/demandclean/soilmoisture/v7_auto_plain_single/evaluation/v7_auto_plain_single_dirty_vs_cleaned.csv
/Users/qianzekai/PycharmProjects/TolerDM/results/demandclean/soilmoisture/v7_auto_plain_single/evaluation/v7_auto_plain_single_clean_vs_cleaned.csv
修复错误数据文件已保存到: /Users/qianzekai/PycharmProjects/TolerDM/results/demandclean/soilmoisture/v7_auto_plain_single/evaluation/v7_auto_plain_single_repair_errors.csv
未修复但是应该修复数据文件已保存到: /Users/qianzekai/PycharmProjects/TolerDM/results/demandclean/soilmoisture/v7_auto_plain_single/evaluation/v7_auto_plain_single_unrepaired.csv
修复准确率: 0.4733991717107359, 修复召回率: 0.5201866977829638, F1值: 0.4956913325792319
========================================
EDR 结果已保存到: /Users/qianzekai/PycharmProjects/TolerDM/results/demandclean/soilmoisture/v7_auto_plain_single/evaluation/v7_auto_plain_single_edr_evaluation.txt
错误减少率 (EDR): 0.27969661610268376
========================================
混合距离结果已保存到: /Users/qianzekai/PycharmProjects/TolerDM/results/demandclean/soilmoisture/v7_auto_plain_single/evaluation/v7_auto_plain_single_hybrid_distance_evaluation.txt
混合距离 (Hybrid Distance): 0.17169913798550143
========================================
R-EDR 结果已保存到: /Users/qianzekai/PycharmProjects/TolerDM/results/demandclean/soilmoisture/v7_auto_plain_single/evaluation/v7_auto_plain_single_record_based_edr_evaluation.txt
基于条目的错误减少率 (R-EDR): 0.004524886877828055
========================================
  [下游任务] 使用编码版本（跳过 CSV preprocess）
  Oracle 模式: train=221, test=136
RF - MSE: 1.1976, R2: 0.9194
LR - MSE: 2.4816, R2: 0.8330
RIDGE - MSE: 2.5698, R2: 0.8270
LASSO - MSE: 8.5954, R2: 0.4215
KNN - MSE: 2.3920, R2: 0.8390
GB - MSE: 1.3332, R2: 0.9103
  [容忍度] 使用编码版本（跳过 CSV preprocess）
  Oracle 模式: train dirty=407, cleaned=221, clean=407, test=136

容忍度计算结果:
  P_do_nothing (脏数据性能): 0.8879
  P_demand_clean (清洗后性能): 0.9194
  P_repair_all (完全修复性能): 0.9489
  先验容忍度 (Tolerance_prior): 1.0355
  后验容忍度 (Tolerance_post): 0.5168
  [Snoopy] 使用编码版本（跳过 CSV preprocess）
使用编码数据评估数据质量上界...
  统一测评完成，结果已保存到: /Users/qianzekai/PycharmProjects/TolerDM/results/demandclean/soilmoisture/v7_auto_plain_single/v7_auto_plain_single_evaluation_results.txt
  [计时] Step 9 (统一测评): 32.67s

[Step 10] 真值成本汇总...
  RAHA 检测成本: 140
  Agent 修复成本: 0
  总成本: 140 / 51689 cells = 0.2709%
  [计时] Step 10 (成本汇总): 0.00s

──────────────────────────────────────────────────
  步骤计时汇总
──────────────────────────────────────────────────
  Step 1 初始化         │     0.00s
  Step 2 训练          │  7085.74s
  Step 3 推理          │   180.14s
  Step 4 检测器评估       │     0.25s
  Step 5 Baseline评估  │    20.45s
  Step 6 容忍度评估       │     9.09s
  Step 7 Shapley分析   │  1936.23s
  Step 8 训练曲线        │     1.04s
  Step 9 统一测评        │    32.67s
  Step 10 成本汇总        │     0.00s
──────────────────────────────────────────────────
  总计(含可视化)       │  9265.62s
  可视化耗时           │  1937.97s
  净耗时(扣可视化)     │  7327.65s
──────────────────────────────────────────────────

  [输出] 报告已保存: /Users/qianzekai/PycharmProjects/TolerDM/results/demandclean/soilmoisture/v7_auto_plain_single/report/v7_auto_plain_single_report.json

  版本 v7_auto_plain_single 完成! 耗时: 7327.65s
  输出目录: /Users/qianzekai/PycharmProjects/TolerDM/results/demandclean/soilmoisture/v7_auto_plain_single

  只有 1 个版本完成，跳过跨版本对比

======================================================================
全部完成! 总耗时: 9265.85s
结果目录: /Users/qianzekai/PycharmProjects/TolerDM/results/demandclean
日志文件: /Users/qianzekai/PycharmProjects/TolerDM/logs/demandclean/soilmoisture_v7_ep300_20260409_071957.log
======================================================================
