[日志] 完整输出将保存到: /Users/qianzekai/PycharmProjects/TolerDM/logs/demandclean/soilmoisture_v8_ep300_20260413_055639.log
======================================================================
DemandClean 统一运行脚本
======================================================================
数据集: ['soilmoisture']
启用版本: ['v8_auto_plain_two']
训练轮数: 300
详细输出: False
Oracle 模式: 启用 (三路划分 60/20/20, --no-oracle 关闭)
仅推理模式: 启用 (跳过训练，直接加载已有模型)
======================================================================

######################################################################
# 数据集: soilmoisture
######################################################################

  60/20/20 划分: train=407, val=136, test=136
  60% 子集 CSV: /Users/qianzekai/PycharmProjects/TolerDM/results/demandclean/soilmoisture/dirty_train_60pct.csv
  数据集: soilmoisture
  脏数据: (407, 127)
  特征列: 127, 标签列: soil_moisture
  分类列: (无)
  LE fit: 仅 dirty (407 行)
  SS fit: 仅 dirty (407 行)
  FD规则: 0 条
  编码完成: X_dirty_train=(407, 127), X_clean_train=(407, 127), X_clean_val=(136, 127), X_clean_test=(136, 127)

======================================================================
版本: v8_auto_plain_two
数据集: soilmoisture | 任务: regression | 模型: ridge
检测器: auto | Agent: single_stage | 推理: two_phase
训练轮数: 300 | 输出目录: /Users/qianzekai/PycharmProjects/TolerDM/results/demandclean/soilmoisture/v8_auto_plain_two
======================================================================

[Step 1] 创建 DemandClean 实例...
  [计时] Step 1 (初始化): 0.00s
Agent 已加载: /Users/qianzekai/PycharmProjects/TolerDM/results/demandclean/soilmoisture/v8_auto_plain_two/model/v8_auto_plain_two_agent.pt

[Step 2] 跳过训练 (inference_only)，已加载模型: /Users/qianzekai/PycharmProjects/TolerDM/results/demandclean/soilmoisture/v8_auto_plain_two/model/v8_auto_plain_two_agent.pt

[Step 3] 推理 (模式: two_phase)...
  RAHA 检测结果: 2222 个单元格
  Precision=0.4059  Recall=0.3814  F1=0.3933
  RAHA 标注行数: 20 (labeling_budget=20)
  RAHA 检测结果: 1988 个单元格
  Precision=0.3873  Recall=0.3047  F1=0.3411
  RAHA 标注行数: 20 (labeling_budget=20)
  RAHA 检测结果: 2005 个单元格
  Precision=0.4020  Recall=0.3270  F1=0.3606
  RAHA 标注行数: 20 (labeling_budget=20)
  RAHA 检测结果: 1689 个单元格
  Precision=0.4133  Recall=0.2803  F1=0.3341
  RAHA 标注行数: 20 (labeling_budget=20)
  RAHA 检测结果: 2426 个单元格
  Precision=0.3372  Recall=0.3358  F1=0.3365
  RAHA 标注行数: 20 (labeling_budget=20)
  RAHA 检测结果: 1844 个单元格
  Precision=0.3688  Recall=0.2790  F1=0.3177
  RAHA 标注行数: 20 (labeling_budget=20)
  RAHA 检测结果: 934 个单元格
  Precision=0.3704  Recall=0.3474  F1=0.3585
  RAHA 标注行数: 20 (labeling_budget=20)
  修复计划: 需要 0 个真值
  真值使用: 0
  清洗后数据已保存: /Users/qianzekai/PycharmProjects/TolerDM/results/demandclean/soilmoisture/v8_auto_plain_two/data/v8_auto_plain_two_cleaned.csv
  原始格式清洗数据已保存: /Users/qianzekai/PycharmProjects/TolerDM/results/demandclean/soilmoisture/v8_auto_plain_two/data/v8_auto_plain_two_cleaned_original.csv
  编码版本已保存: /Users/qianzekai/PycharmProjects/TolerDM/results/demandclean/soilmoisture/v8_auto_plain_two/data/v8_auto_plain_two_cleaned_encoded.npz
  [计时] Step 3 (推理): 165.27s

[Step 4] 检测器准确率评估...
  [计时] Step 4 (检测器评估): 0.13s

[Step 5] Baseline 评估与可视化...
  ReplaceAll VE: ValueEstimator(DC=248 rules (125 target cols), DOMAIN=126 cols)
  ReplaceAll VE 估值: 13155 个错误, 0.2s
  DeleteFix: 删除 326 行, 保留 81 行
  统一测试集 (Oracle): 136 行

============================================================
Baseline 对比评估 - v8_auto_plain_two
============================================================
  NoFix          : rf_mse=1.6662 | rf_r2=0.8879 | ridge_mse=5.9249 | ridge_r2=0.6012 | 1.1s
  DeleteAll      : rf_mse=2.0461 | rf_r2=0.8623 | ridge_mse=5.6991 | ridge_r2=0.6164 | 0.8s
  DeleteFix      : rf_mse=4.6305 | rf_r2=0.6883 | ridge_mse=6.9623 | ridge_r2=0.5314 | 0.2s
  ReplaceAll     : rf_mse=1.5748 | rf_r2=0.894 | ridge_mse=4.887 | ridge_r2=0.6711 | 1.2s
  DemandClean    : rf_mse=1.6083 | rf_r2=0.8917 | ridge_mse=5.9146 | ridge_r2=0.6019 | 1.1s
  FullFix        : rf_mse=0.7594 | rf_r2=0.9489 | ridge_mse=1.8365 | ridge_r2=0.8764 | 1.0s
  [可视化] Baseline 对比图已保存: /Users/qianzekai/PycharmProjects/TolerDM/results/demandclean/soilmoisture/v8_auto_plain_two/visualization/v8_auto_plain_two_baseline_comparison.png
  [计时] Step 5 (Baseline评估): 5.80s

[Step 6] 模型容忍度评估...
============================================================
模型容忍度计算 - v8_auto_plain_two
任务类型: regression  |  模型列表: ['rf', 'ridge']
============================================================

--- 模型: RF ---
  P_clean  = 0.9618
  P_dirty  = 0.8942
  P_dc     = 0.8883
  先验容忍度 (P_dc / P_dirty)            = 0.9934
  后验容忍度 (P_dc-P_dirty)/(P_clean-P_dirty) = -0.0876

--- 模型: RIDGE ---
  P_clean  = 0.8225
  P_dirty  = 0.6104
  P_dc     = 0.6119
  先验容忍度 (P_dc / P_dirty)            = 1.0023
  后验容忍度 (P_dc-P_dirty)/(P_clean-P_dirty) = 0.0068
  容忍度柱状图已保存: /Users/qianzekai/PycharmProjects/TolerDM/results/demandclean/soilmoisture/v8_auto_plain_two/visualization/v8_auto_plain_two_tolerance_bar.png
  [计时] Step 6 (容忍度评估): 2.50s

[Step 7] Shapley 三维度分析...
[Shapley] 维度1: 动作重要性 (精确枚举 4!=24 排列) ...
[Shapley] 图表已保存: /Users/qianzekai/PycharmProjects/TolerDM/results/demandclean/soilmoisture/v8_auto_plain_two/evaluation/shapley/shapley_action_importance.png
[Shapley] 维度2: 跳过特征 Shapley（计算量过大，仅保留维度1和维度3）
[Shapley] 维度3: 错误类型重要性 (精确枚举 2!=2 排列) ...
[Shapley] 图表已保存: /Users/qianzekai/PycharmProjects/TolerDM/results/demandclean/soilmoisture/v8_auto_plain_two/evaluation/shapley/shapley_error_type_importance.png
  [计时] Step 7 (Shapley分析): 331.96s

[Step 8] 训练曲线可视化...
  [可视化] 训练曲线已保存: /Users/qianzekai/PycharmProjects/TolerDM/results/demandclean/soilmoisture/v8_auto_plain_two/visualization/v8_auto_plain_two_training_curves.png
  [计时] Step 8 (训练曲线): 0.78s

[Step 9] Clean4MLBaseline 统一测评...
差异文件已保存到:
/Users/qianzekai/PycharmProjects/TolerDM/results/demandclean/soilmoisture/v8_auto_plain_two/evaluation/v8_auto_plain_two_clean_vs_dirty.csv
/Users/qianzekai/PycharmProjects/TolerDM/results/demandclean/soilmoisture/v8_auto_plain_two/evaluation/v8_auto_plain_two_dirty_vs_cleaned.csv
/Users/qianzekai/PycharmProjects/TolerDM/results/demandclean/soilmoisture/v8_auto_plain_two/evaluation/v8_auto_plain_two_clean_vs_cleaned.csv
修复错误数据文件已保存到: /Users/qianzekai/PycharmProjects/TolerDM/results/demandclean/soilmoisture/v8_auto_plain_two/evaluation/v8_auto_plain_two_repair_errors.csv
未修复但是应该修复数据文件已保存到: /Users/qianzekai/PycharmProjects/TolerDM/results/demandclean/soilmoisture/v8_auto_plain_two/evaluation/v8_auto_plain_two_unrepaired.csv
修复准确率: 0.0, 修复召回率: 0.0, F1值: 0.0
========================================
EDR 结果已保存到: /Users/qianzekai/PycharmProjects/TolerDM/results/demandclean/soilmoisture/v8_auto_plain_two/evaluation/v8_auto_plain_two_edr_evaluation.txt
错误减少率 (EDR): -0.0016543649783659965
========================================
混合距离结果已保存到: /Users/qianzekai/PycharmProjects/TolerDM/results/demandclean/soilmoisture/v8_auto_plain_two/evaluation/v8_auto_plain_two_hybrid_distance_evaluation.txt
混合距离 (Hybrid Distance): 0.3787513022164406
========================================
R-EDR 结果已保存到: /Users/qianzekai/PycharmProjects/TolerDM/results/demandclean/soilmoisture/v8_auto_plain_two/evaluation/v8_auto_plain_two_record_based_edr_evaluation.txt
基于条目的错误减少率 (R-EDR): 0.0
========================================
  [下游任务] 使用编码版本（跳过 CSV preprocess）
  Oracle 模式: train=407, test=136
RF - MSE: 1.6083, R2: 0.8917
LR - MSE: 5.9074, R2: 0.6024
RIDGE - MSE: 5.9146, R2: 0.6019
LASSO - MSE: 11.4669, R2: 0.2282
KNN - MSE: 6.1446, R2: 0.5864
GB - MSE: 2.1112, R2: 0.8579
  [容忍度] 使用编码版本（跳过 CSV preprocess）
  Oracle 模式: train dirty=407, cleaned=407, clean=407, test=136

容忍度计算结果:
  P_do_nothing (脏数据性能): 0.8879
  P_demand_clean (清洗后性能): 0.8917
  P_repair_all (完全修复性能): 0.9489
  先验容忍度 (Tolerance_prior): 1.0044
  后验容忍度 (Tolerance_post): 0.0638
  [Snoopy] 使用编码版本（跳过 CSV preprocess）
使用编码数据评估数据质量上界...
  统一测评完成，结果已保存到: /Users/qianzekai/PycharmProjects/TolerDM/results/demandclean/soilmoisture/v8_auto_plain_two/v8_auto_plain_two_evaluation_results.txt
  [计时] Step 9 (统一测评): 30.74s

[Step 10] 真值成本汇总...
  RAHA 检测成本: 140
  Agent 修复成本: 0
  总成本: 140 / 51689 cells = 0.2709%
  [计时] Step 10 (成本汇总): 0.00s

──────────────────────────────────────────────────
  步骤计时汇总
──────────────────────────────────────────────────
  Step 1 初始化         │     0.00s
  Step 2 训练          │     0.00s
  Step 3 推理          │   165.27s
  Step 4 检测器评估       │     0.13s
  Step 5 Baseline评估  │     5.80s
  Step 6 容忍度评估       │     2.50s
  Step 7 Shapley分析   │   331.96s
  Step 8 训练曲线        │     0.78s
  Step 9 统一测评        │    30.74s
  Step 10 成本汇总        │     0.00s
──────────────────────────────────────────────────
  总计(含可视化)       │   537.78s
  可视化耗时           │   332.89s
  净耗时(扣可视化)     │   204.89s
──────────────────────────────────────────────────

  [输出] 报告已保存: /Users/qianzekai/PycharmProjects/TolerDM/results/demandclean/soilmoisture/v8_auto_plain_two/report/v8_auto_plain_two_report.json

  版本 v8_auto_plain_two 完成! 耗时: 204.89s
  输出目录: /Users/qianzekai/PycharmProjects/TolerDM/results/demandclean/soilmoisture/v8_auto_plain_two

  只有 1 个版本完成，跳过跨版本对比

======================================================================
全部完成! 总耗时: 537.89s
结果目录: /Users/qianzekai/PycharmProjects/TolerDM/results/demandclean
日志文件: /Users/qianzekai/PycharmProjects/TolerDM/logs/demandclean/soilmoisture_v8_ep300_20260413_055639.log
======================================================================
