[日志] 完整输出将保存到: /Users/qianzekai/PycharmProjects/TolerDM/logs/demandclean/soilmoisture_ep5_20260222_182712.log
======================================================================
DemandClean 统一运行脚本
======================================================================
数据集: ['soilmoisture']
启用版本: ['v3_oracle_plain_single']
训练轮数: 5
详细输出: False
======================================================================

######################################################################
# 数据集: soilmoisture
######################################################################
  数据集: soilmoisture
  脏数据: (679, 127), 干净数据: (679, 127)
  特征列: 127, 标签列: soil_moisture
  FD规则: 0 条

======================================================================
版本: v3_oracle_plain_single
数据集: soilmoisture | 任务: regression | 模型: ridge
检测器: oracle | Agent: single_stage | 推理: single_phase
训练轮数: 5 | 输出目录: /Users/qianzekai/PycharmProjects/TolerDM/results/demandclean/soilmoisture/v3_oracle_plain_single
======================================================================

[Step 1] 创建 DemandClean 实例...

[Step 2] 训练 (5 episodes)...
  模型已保存: /Users/qianzekai/PycharmProjects/TolerDM/results/demandclean/soilmoisture/v3_oracle_plain_single/model/v3_oracle_plain_single_agent.pt
  训练历史已保存: /Users/qianzekai/PycharmProjects/TolerDM/results/demandclean/soilmoisture/v3_oracle_plain_single/report/v3_oracle_plain_single_history.json

[Step 3] 推理 (模式: single_phase)...
  真值使用: 0
  动作分布: {'no_action': 5056, 'repair_value': 0, 'delete': 543, 'replace_nearby': 0}
  清洗后数据已保存: /Users/qianzekai/PycharmProjects/TolerDM/results/demandclean/soilmoisture/v3_oracle_plain_single/data/v3_oracle_plain_single_cleaned.csv
  原始格式清洗数据已保存: /Users/qianzekai/PycharmProjects/TolerDM/results/demandclean/soilmoisture/v3_oracle_plain_single/data/v3_oracle_plain_single_cleaned_original.csv

[Step 4] 检测器准确率评估...

[Step 5] Baseline 评估与可视化...
  DeleteFix: 删除 544 行, 保留 135 行

============================================================
Baseline 对比评估 - v3_oracle_plain_single
============================================================
  NoFix          : rf_mse=2.7104 | rf_r2=0.8108 | ridge_mse=8.4941 | ridge_r2=0.4069
  DeleteAll      : rf_mse=3.2182 | rf_r2=0.7352 | ridge_mse=8.306 | ridge_r2=0.3166
  DeleteFix      : rf_mse=1.6922 | rf_r2=0.8713 | ridge_mse=13.7424 | ridge_r2=-0.0451
  ReplaceAll     : rf_mse=2.7104 | rf_r2=0.8108 | ridge_mse=8.4941 | ridge_r2=0.4069
  DemandClean    : rf_mse=3.001 | rf_r2=0.7821 | ridge_mse=8.5473 | ridge_r2=0.3794
  FullFix        : rf_mse=0.8911 | rf_r2=0.9378 | ridge_mse=1.5644 | ridge_r2=0.8908
  [可视化] Baseline 对比图已保存: /Users/qianzekai/PycharmProjects/TolerDM/results/demandclean/soilmoisture/v3_oracle_plain_single/visualization/v3_oracle_plain_single_baseline_comparison.png

[Step 6] 模型容忍度评估...
============================================================
模型容忍度计算 - v3_oracle_plain_single
任务类型: regression  |  模型列表: ['rf', 'ridge']
============================================================

--- 模型: RF ---
  P_clean  = 0.9378
  P_dirty  = 0.8955
  P_dc     = 0.0472
  先验容忍度 (P_dc / P_dirty)            = 0.0527
  后验容忍度 (P_dc-P_dirty)/(P_clean-P_dirty) = -20.0384

--- 模型: RIDGE ---
  P_clean  = 0.8908
  P_dirty  = 0.5526
  P_dc     = 0.1763
  先验容忍度 (P_dc / P_dirty)            = 0.3191
  后验容忍度 (P_dc-P_dirty)/(P_clean-P_dirty) = -1.1126
  容忍度柱状图已保存: /Users/qianzekai/PycharmProjects/TolerDM/results/demandclean/soilmoisture/v3_oracle_plain_single/visualization/v3_oracle_plain_single_tolerance_bar.png

[Step 7] Shapley 三维度分析...
[Shapley] 维度1: 动作重要性 (精确枚举 4!=24 排列) ...
[Shapley] 图表已保存: /Users/qianzekai/PycharmProjects/TolerDM/results/demandclean/soilmoisture/v3_oracle_plain_single/evaluation/shapley/shapley_action_importance.png
[Shapley] 维度2: 特征重要性 (蒙特卡洛 200 次, 127 个特征) ...
