[18:21:21] INFO: 模型已保存: /Users/qianzekai/PycharmProjects/TolerDM/results/demandclean/soilmoisture/v3_oracle_plain_single/model/v3_oracle_plain_single_agent.pt
Traceback (most recent call last):
  File "/Users/qianzekai/PycharmProjects/TolerDM/run_demandclean/run_demandclean_base.py", line 1423, in run_version
    shapley_results = run_full_shapley_analysis(
  File "/Users/qianzekai/PycharmProjects/TolerDM/demandclean/tools/shapley_analysis.py", line 762, in run_full_shapley_analysis
    action_analyzer.plot(
  File "/Users/qianzekai/PycharmProjects/TolerDM/demandclean/tools/shapley_analysis.py", line 435, in plot
    fig.savefig(save_path, dpi=150, bbox_inches='tight')
  File "/Users/qianzekai/PycharmProjects/TolerDM/TolerRL/lib/python3.9/site-packages/matplotlib/figure.py", line 3395, in savefig
    self.canvas.print_figure(fname, **kwargs)
  File "/Users/qianzekai/PycharmProjects/TolerDM/TolerRL/lib/python3.9/site-packages/matplotlib/backend_bases.py", line 2204, in print_figure
    result = print_method(
  File "/Users/qianzekai/PycharmProjects/TolerDM/TolerRL/lib/python3.9/site-packages/matplotlib/backend_bases.py", line 2054, in <lambda>
    print_method = functools.wraps(meth)(lambda *args, **kwargs: meth(
  File "/Users/qianzekai/PycharmProjects/TolerDM/TolerRL/lib/python3.9/site-packages/matplotlib/backends/backend_agg.py", line 496, in print_png
    self._print_pil(filename_or_obj, "png", pil_kwargs, metadata)
  File "/Users/qianzekai/PycharmProjects/TolerDM/TolerRL/lib/python3.9/site-packages/matplotlib/backends/backend_agg.py", line 444, in _print_pil
    FigureCanvasAgg.draw(self)
  File "/Users/qianzekai/PycharmProjects/TolerDM/TolerRL/lib/python3.9/site-packages/matplotlib/backends/backend_agg.py", line 382, in draw
    self.renderer = self.get_renderer()
  File "/Users/qianzekai/PycharmProjects/TolerDM/TolerRL/lib/python3.9/site-packages/matplotlib/backends/backend_agg.py", line 397, in get_renderer
    self.renderer = RendererAgg(w, h, self.figure.dpi)
  File "/Users/qianzekai/PycharmProjects/TolerDM/TolerRL/lib/python3.9/site-packages/matplotlib/backends/backend_agg.py", line 70, in __init__
    self._renderer = _RendererAgg(int(width), int(height), dpi)
ValueError: Image size of 1035x-1528794299 pixels is too large. It must be less than 2^16 in each direction.
[1;34m[18:24:39][0m[1;33m WARNING Snoopy may use all CPU cores! Set env. variable 'SNOOPY_LIMIT_CPU' to 'y' to limit CPU usage. [0m[1;34m(__init__ -> _init_tf_pytorch on MainThread)[0m
[1;34m[18:24:39][0m[2;37m DEBUG   TensorFlow sees: 1 Physical GPUs, 1 Logical GPUs [0m[1;34m(__init__ -> _init_tf_pytorch on MainThread)[0m
