[日志] 完整输出将保存到: /Users/qianzekai/PycharmProjects/TolerDM/logs/demandclean/soilmoisture_v8_ep300_20260409_095611.log
======================================================================
DemandClean 统一运行脚本
======================================================================
数据集: ['soilmoisture']
启用版本: ['v8_auto_plain_two']
训练轮数: 300
详细输出: False
Oracle 模式: 启用 (三路划分 60/20/20, --no-oracle 关闭)
======================================================================

######################################################################
# 数据集: soilmoisture
######################################################################

  60/20/20 划分: train=407, val=136, test=136
  60% 子集 CSV: /Users/qianzekai/PycharmProjects/TolerDM/results/demandclean/soilmoisture/dirty_train_60pct.csv
  数据集: soilmoisture
  脏数据: (407, 127)
  特征列: 127, 标签列: soil_moisture
  分类列: (无)
  LE fit: 仅 dirty (407 行)
  SS fit: 仅 dirty (407 行)
  FD规则: 0 条
  编码完成: X_dirty_train=(407, 127), X_clean_train=(407, 127), X_clean_val=(136, 127), X_clean_test=(136, 127)

======================================================================
版本: v8_auto_plain_two
数据集: soilmoisture | 任务: regression | 模型: ridge
检测器: auto | Agent: single_stage | 推理: two_phase
训练轮数: 300 | 输出目录: /Users/qianzekai/PycharmProjects/TolerDM/results/demandclean/soilmoisture/v8_auto_plain_two
======================================================================

[Step 1] 创建 DemandClean 实例...
  [计时] Step 1 (初始化): 0.00s

[Step 2] 训练 (300 episodes)...
  RAHA 检测结果: 1991 个单元格
  Precision=0.4108  Recall=0.3459  F1=0.3756
  RAHA 标注行数: 20 (labeling_budget=20)
  RAHA 检测结果: 1939 个单元格
  Precision=0.3579  Recall=0.2746  F1=0.3108
  RAHA 标注行数: 20 (labeling_budget=20)
  RAHA 检测结果: 1870 个单元格
  Precision=0.3749  Recall=0.2844  F1=0.3234
  RAHA 标注行数: 20 (labeling_budget=20)
  RAHA 检测结果: 1866 个单元格
  Precision=0.3998  Recall=0.2996  F1=0.3425
  RAHA 标注行数: 20 (labeling_budget=20)
  RAHA 检测结果: 1673 个单元格
  Precision=0.4214  Recall=0.2894  F1=0.3431
  RAHA 标注行数: 20 (labeling_budget=20)
  RAHA 检测结果: 1624 个单元格
  Precision=0.3855  Recall=0.2569  F1=0.3083
  RAHA 标注行数: 20 (labeling_budget=20)
  RAHA 检测结果: 834 个单元格
  Precision=0.3897  Recall=0.3263  F1=0.3552
  RAHA 标注行数: 20 (labeling_budget=20)
  模型已保存: /Users/qianzekai/PycharmProjects/TolerDM/results/demandclean/soilmoisture/v8_auto_plain_two/model/v8_auto_plain_two_agent.pt
  训练历史已保存: /Users/qianzekai/PycharmProjects/TolerDM/results/demandclean/soilmoisture/v8_auto_plain_two/report/v8_auto_plain_two_history.json
  [计时] Step 2 (训练): 442.19s

[Step 3] 推理 (模式: two_phase)...

[错误] 版本 v8_auto_plain_two 运行失败，已跳过:
  '<' not supported between instances of 'int' and 'NoneType'

  没有版本完成，跳过跨版本对比

======================================================================
全部完成! 总耗时: 442.42s
结果目录: /Users/qianzekai/PycharmProjects/TolerDM/results/demandclean
日志文件: /Users/qianzekai/PycharmProjects/TolerDM/logs/demandclean/soilmoisture_v8_ep300_20260409_095611.log
======================================================================
