[日志] 完整输出将保存到: /Users/qianzekai/PycharmProjects/TolerDM/logs/demandclean/soilmoisture_v5_ep300_20260409_024131.log
======================================================================
DemandClean 统一运行脚本
======================================================================
数据集: ['soilmoisture']
启用版本: ['v5_auto_dueling_single']
训练轮数: 300
详细输出: False
Oracle 模式: 启用 (三路划分 60/20/20, --no-oracle 关闭)
======================================================================

######################################################################
# 数据集: soilmoisture
######################################################################

  60/20/20 划分: train=407, val=136, test=136
  60% 子集 CSV: /Users/qianzekai/PycharmProjects/TolerDM/results/demandclean/soilmoisture/dirty_train_60pct.csv
  数据集: soilmoisture
  脏数据: (407, 127)
  特征列: 127, 标签列: soil_moisture
  分类列: (无)
  LE fit: 仅 dirty (407 行)
  SS fit: 仅 dirty (407 行)
  FD规则: 0 条
  编码完成: X_dirty_train=(407, 127), X_clean_train=(407, 127), X_clean_val=(136, 127), X_clean_test=(136, 127)

======================================================================
版本: v5_auto_dueling_single
数据集: soilmoisture | 任务: regression | 模型: ridge
检测器: auto | Agent: dueling_two_stage | 推理: single_phase
训练轮数: 300 | 输出目录: /Users/qianzekai/PycharmProjects/TolerDM/results/demandclean/soilmoisture/v5_auto_dueling_single
======================================================================

[Step 1] 创建 DemandClean 实例...
  [计时] Step 1 (初始化): 0.00s

[Step 2] 训练 (300 episodes)...
  RAHA 检测结果: 1966 个单元格
  Precision=0.4069  Recall=0.3383  F1=0.3694
  RAHA 标注行数: 20 (labeling_budget=20)
  RAHA 检测结果: 2266 个单元格
  Precision=0.3658  Recall=0.3281  F1=0.3459
  RAHA 标注行数: 20 (labeling_budget=20)
  RAHA 检测结果: 1477 个单元格
  Precision=0.3954  Recall=0.2369  F1=0.2963
  RAHA 标注行数: 20 (labeling_budget=20)
  RAHA 检测结果: 1718 个单元格
  Precision=0.3935  Recall=0.2715  F1=0.3213
  RAHA 标注行数: 20 (labeling_budget=20)
  RAHA 检测结果: 2072 个单元格
  Precision=0.3716  Recall=0.3161  F1=0.3416
  RAHA 标注行数: 20 (labeling_budget=20)
  RAHA 检测结果: 1846 个单元格
  Precision=0.3857  Recall=0.2922  F1=0.3325
  RAHA 标注行数: 20 (labeling_budget=20)
  RAHA 检测结果: 610 个单元格
  Precision=0.3852  Recall=0.2359  F1=0.2927
  RAHA 标注行数: 20 (labeling_budget=20)
  模型已保存: /Users/qianzekai/PycharmProjects/TolerDM/results/demandclean/soilmoisture/v5_auto_dueling_single/model/v5_auto_dueling_single_agent.pt
  训练历史已保存: /Users/qianzekai/PycharmProjects/TolerDM/results/demandclean/soilmoisture/v5_auto_dueling_single/report/v5_auto_dueling_single_history.json
  [计时] Step 2 (训练): 1982.00s

[Step 3] 推理 (模式: single_phase)...
  真值使用: 281
  动作分布: {'no_action': 13, 'repair_value': 281, 'delete': 279, 'replace_nearby': 4345}
  清洗后数据已保存: /Users/qianzekai/PycharmProjects/TolerDM/results/demandclean/soilmoisture/v5_auto_dueling_single/data/v5_auto_dueling_single_cleaned.csv
  原始格式清洗数据已保存: /Users/qianzekai/PycharmProjects/TolerDM/results/demandclean/soilmoisture/v5_auto_dueling_single/data/v5_auto_dueling_single_cleaned_original.csv
  编码版本已保存: /Users/qianzekai/PycharmProjects/TolerDM/results/demandclean/soilmoisture/v5_auto_dueling_single/data/v5_auto_dueling_single_cleaned_encoded.npz
  [计时] Step 3 (推理): 127.13s

[Step 4] 检测器准确率评估...
  [计时] Step 4 (检测器评估): 0.22s

[Step 5] Baseline 评估与可视化...
  ReplaceAll VE: ValueEstimator(DC=248 rules (125 target cols), DOMAIN=126 cols)
  ReplaceAll VE 估值: 21742 个错误, 0.8s
  DeleteFix: 删除 326 行, 保留 81 行
  统一测试集 (Oracle): 136 行

============================================================
Baseline 对比评估 - v5_auto_dueling_single
============================================================
  NoFix          : rf_mse=1.6662 | rf_r2=0.8879 | ridge_mse=5.9249 | ridge_r2=0.6012 | 2.6s
  DeleteAll      : rf_mse=2.0461 | rf_r2=0.8623 | ridge_mse=5.6991 | ridge_r2=0.6164 | 2.3s
  DeleteFix      : rf_mse=4.0809 | rf_r2=0.7253 | ridge_mse=7.6632 | ridge_r2=0.4842 | 1.1s
  ReplaceAll     : rf_mse=1.2581 | rf_r2=0.9153 | ridge_mse=3.857 | ridge_r2=0.7404 | 3.0s
  DemandClean    : rf_mse=1.3424 | rf_r2=0.9097 | ridge_mse=3.2668 | ridge_r2=0.7801 | 1.0s
  FullFix        : rf_mse=0.7594 | rf_r2=0.9489 | ridge_mse=1.8365 | ridge_r2=0.8764 | 2.8s
  [可视化] Baseline 对比图已保存: /Users/qianzekai/PycharmProjects/TolerDM/results/demandclean/soilmoisture/v5_auto_dueling_single/visualization/v5_auto_dueling_single_baseline_comparison.png
  [计时] Step 5 (Baseline评估): 14.60s

[Step 6] 模型容忍度评估...
============================================================
模型容忍度计算 - v5_auto_dueling_single
任务类型: regression  |  模型列表: ['rf', 'ridge']
============================================================

--- 模型: RF ---
  P_clean  = 0.9618
  P_dirty  = 0.8942
  P_dc     = -0.1602
  先验容忍度 (P_dc / P_dirty)            = -0.1792
  后验容忍度 (P_dc-P_dirty)/(P_clean-P_dirty) = -15.6083

--- 模型: RIDGE ---
  P_clean  = 0.8225
  P_dirty  = 0.6104
  P_dc     = -0.0190
  先验容忍度 (P_dc / P_dirty)            = -0.0311
  后验容忍度 (P_dc-P_dirty)/(P_clean-P_dirty) = -2.9675
  容忍度柱状图已保存: /Users/qianzekai/PycharmProjects/TolerDM/results/demandclean/soilmoisture/v5_auto_dueling_single/visualization/v5_auto_dueling_single_tolerance_bar.png
  [计时] Step 6 (容忍度评估): 6.42s

[Step 7] Shapley 三维度分析...
[Shapley] 维度1: 动作重要性 (精确枚举 4!=24 排列) ...
[Shapley] 图表已保存: /Users/qianzekai/PycharmProjects/TolerDM/results/demandclean/soilmoisture/v5_auto_dueling_single/evaluation/shapley/shapley_action_importance.png
[Shapley] 维度2: 跳过特征 Shapley（计算量过大，仅保留维度1和维度3）
[Shapley] 维度3: 错误类型重要性 (精确枚举 3!=6 排列) ...
[Shapley] 图表已保存: /Users/qianzekai/PycharmProjects/TolerDM/results/demandclean/soilmoisture/v5_auto_dueling_single/evaluation/shapley/shapley_error_type_importance.png
  [计时] Step 7 (Shapley分析): 3999.26s

[Step 8] 训练曲线可视化...
  [可视化] 训练曲线已保存: /Users/qianzekai/PycharmProjects/TolerDM/results/demandclean/soilmoisture/v5_auto_dueling_single/visualization/v5_auto_dueling_single_training_curves.png
  [计时] Step 8 (训练曲线): 2.07s

[Step 9] Clean4MLBaseline 统一测评...
差异文件已保存到:
/Users/qianzekai/PycharmProjects/TolerDM/results/demandclean/soilmoisture/v5_auto_dueling_single/evaluation/v5_auto_dueling_single_clean_vs_dirty.csv
/Users/qianzekai/PycharmProjects/TolerDM/results/demandclean/soilmoisture/v5_auto_dueling_single/evaluation/v5_auto_dueling_single_dirty_vs_cleaned.csv
/Users/qianzekai/PycharmProjects/TolerDM/results/demandclean/soilmoisture/v5_auto_dueling_single/evaluation/v5_auto_dueling_single_clean_vs_cleaned.csv
修复错误数据文件已保存到: /Users/qianzekai/PycharmProjects/TolerDM/results/demandclean/soilmoisture/v5_auto_dueling_single/evaluation/v5_auto_dueling_single_repair_errors.csv
未修复但是应该修复数据文件已保存到: /Users/qianzekai/PycharmProjects/TolerDM/results/demandclean/soilmoisture/v5_auto_dueling_single/evaluation/v5_auto_dueling_single_unrepaired.csv
修复准确率: 0.8905971479500892, 修复召回率: 0.809437019036047, F1值: 0.8480797792838717
========================================
EDR 结果已保存到: /Users/qianzekai/PycharmProjects/TolerDM/results/demandclean/soilmoisture/v5_auto_dueling_single/evaluation/v5_auto_dueling_single_edr_evaluation.txt
错误减少率 (EDR): 0.7628594572701498
========================================
混合距离结果已保存到: /Users/qianzekai/PycharmProjects/TolerDM/results/demandclean/soilmoisture/v5_auto_dueling_single/evaluation/v5_auto_dueling_single_hybrid_distance_evaluation.txt
混合距离 (Hybrid Distance): 0.06546147056821323
========================================
R-EDR 结果已保存到: /Users/qianzekai/PycharmProjects/TolerDM/results/demandclean/soilmoisture/v5_auto_dueling_single/evaluation/v5_auto_dueling_single_record_based_edr_evaluation.txt
基于条目的错误减少率 (R-EDR): 0.015625
========================================
  [下游任务] 使用编码版本（跳过 CSV preprocess）
  Oracle 模式: train=128, test=136
RF - MSE: 1.3424, R2: 0.9097
LR - MSE: 491.1342, R2: -32.0561
RIDGE - MSE: 3.2668, R2: 0.7801
LASSO - MSE: 9.2487, R2: 0.3775
KNN - MSE: 2.2739, R2: 0.8470
GB - MSE: 1.1628, R2: 0.9217
  [容忍度] 使用编码版本（跳过 CSV preprocess）
  Oracle 模式: train dirty=407, cleaned=128, clean=407, test=136

容忍度计算结果:
  P_do_nothing (脏数据性能): 0.8879
  P_demand_clean (清洗后性能): 0.9097
  P_repair_all (完全修复性能): 0.9489
  先验容忍度 (Tolerance_prior): 1.0245
  后验容忍度 (Tolerance_post): 0.3571
  [Snoopy] 使用编码版本（跳过 CSV preprocess）
使用编码数据评估数据质量上界...
  统一测评完成，结果已保存到: /Users/qianzekai/PycharmProjects/TolerDM/results/demandclean/soilmoisture/v5_auto_dueling_single/v5_auto_dueling_single_evaluation_results.txt
  [计时] Step 9 (统一测评): 49.21s

[Step 10] 真值成本汇总...
  RAHA 检测成本: 140
  Agent 修复成本: 281
  总成本: 421 / 51689 cells = 0.8145%
  [计时] Step 10 (成本汇总): 0.00s

──────────────────────────────────────────────────
  步骤计时汇总
──────────────────────────────────────────────────
  Step 1 初始化         │     0.00s
  Step 2 训练          │  1982.00s
  Step 3 推理          │   127.13s
  Step 4 检测器评估       │     0.22s
  Step 5 Baseline评估  │    14.60s
  Step 6 容忍度评估       │     6.42s
  Step 7 Shapley分析   │  3999.26s
  Step 8 训练曲线        │     2.07s
  Step 9 统一测评        │    49.21s
  Step 10 成本汇总        │     0.00s
──────────────────────────────────────────────────
  总计(含可视化)       │  6180.90s
  可视化耗时           │  4001.86s
  净耗时(扣可视化)     │  2179.04s
──────────────────────────────────────────────────

  [输出] 报告已保存: /Users/qianzekai/PycharmProjects/TolerDM/results/demandclean/soilmoisture/v5_auto_dueling_single/report/v5_auto_dueling_single_report.json

  版本 v5_auto_dueling_single 完成! 耗时: 2179.04s
  输出目录: /Users/qianzekai/PycharmProjects/TolerDM/results/demandclean/soilmoisture/v5_auto_dueling_single

  只有 1 个版本完成，跳过跨版本对比

======================================================================
全部完成! 总耗时: 6181.07s
结果目录: /Users/qianzekai/PycharmProjects/TolerDM/results/demandclean
日志文件: /Users/qianzekai/PycharmProjects/TolerDM/logs/demandclean/soilmoisture_v5_ep300_20260409_024131.log
======================================================================
