Preprocessing missing values...

============================================================
Running CtxPipe with dirty file: Data/adult/dirty_index.csv
Task name: adult_ctxpipe_vzekai
Model tag: ctx_50000
============================================================

2026-01-31 21:04:56.140 | DEBUG    | config:makedirs:108 - making dir: /home/qianzekai/Clean4MLBaseline/logs/ctxpipe-3linear
2026-01-31 21:04:56.140 | DEBUG    | config:makedirs:108 - making dir: /home/qianzekai/Clean4MLBaseline/exp/ctxpipe-3linear
2026-01-31 21:04:56.140 | DEBUG    | config:makedirs:108 - making dir: /home/qianzekai/Clean4MLBaseline/Methods/ctxpipe/models/ctxpipe-3linear
2026-01-31 21:04:56.387 | WARNING  | ctxpipe.info:_check_and_create_empty_files:54 - creating empty info file at /home/qianzekai/Clean4MLBaseline/results/ctxpipe/adult_ctxpipe_vzekai/aipipe/datasetinfo.json
2026-01-31 21:04:56.387 | WARNING  | ctxpipe.info:_check_and_create_empty_files:54 - creating empty info file at /home/qianzekai/Clean4MLBaseline/results/ctxpipe/adult_ctxpipe_vzekai/aipipe/classification_task_dic.json
2026-01-31 21:04:56.387 | WARNING  | ctxpipe.info:_check_and_create_empty_files:61 - creating empty info file at /home/qianzekai/Clean4MLBaseline/results/ctxpipe/adult_ctxpipe_vzekai/aipipe/test_index.json
2026-01-31 21:04:57.312 | DEBUG    | ctxpipe.env.enviroment:step:107 - adding step blank...
[CtxPipe Adapter] Using device: CPU (CUDA not available)
没有指定错误比例，仅进行原数据集的空值替换，不添加错误
已将注入错误的文件保存到: Data/adult/clean_index.csv
没有指定错误比例，仅进行原数据集的空值替换，不添加错误
已将注入错误的文件保存到: Data/adult/dirty_index.csv
[CtxPipe Adapter] Detected index column. Removing for processing.
[CtxPipe Adapter] Using label column: 13 (native_country)
[CtxPipe Adapter] Converted 'empty' strings to actual empty values for NaN detection.
[CtxPipe Adapter] Generating pipeline with model tag: ctx_50000
[0;33;40mstart run AIPipe:[0m
taskid: 0, predictor: <LogisticRegression>, metric: <ctxpipe.env.metric.AccuracyMetric object at 0x78708906b040>, default: False
DQN Forward
data torch.Size([1, 3300]) tensor([[ 1.0000,  0.5520, 16.0000,  ...,  0.0000,  0.0000,  0.0000]])
C MTML: torch.Size([1, 6]) tensor([[4.5603, 4.9588, 4.6368, 4.6948]], grad_fn=<SliceBackward0>)
C +BAS: torch.Size([1, 6]) tensor([[4.9822, 5.5845, 4.6453, 5.2532]], grad_fn=<SliceBackward0>)
C GATE: torch.Size([1, 6]) tensor([[0.9932, 0.9963, 0.9905, 0.9948]], grad_fn=<SliceBackward0>)
----------------------------------------
Before gate: tensor([ 0.7141, -0.0186,  0.6049, -0.1570,  0.6424,  0.8159],
       grad_fn=<SelectBackward0>)
Context: tensor([ 0.9768, -0.4663,  0.9781, -0.9842,  0.9822,  0.9261],
       grad_fn=<SelectBackward0>)
Gate: tensor([0.9932, 0.9963, 0.9905, 0.9948, 0.9931, 0.9964],
       grad_fn=<SelectBackward0>)
Context after gate: tensor([ 0.9769, -0.4608,  0.9783, -0.9739,  0.9823,  0.9263],
       grad_fn=<SelectBackward0>)
With context: tensor([0.6976, 0.0086, 0.5918, 0.1529, 0.6311, 0.7558],
       grad_fn=<SelectBackward0>)
executing function _do_add_step
2026-01-31 21:04:57.817 | DEBUG    | ctxpipe.env.enviroment:step:107 - adding step blank...
executing function _do_add_step
2026-01-31 21:04:58.632 | DEBUG    | ctxpipe.env.enviroment:step:107 - adding step LabelEncoder...
RnnDQN Forward
C MTML: torch.Size([1, 3]) tensor([[6.0593, 6.6811, 6.2621]], grad_fn=<SliceBackward0>)
C +BAS: torch.Size([1, 3]) tensor([[6.9903, 7.7328, 7.4859]], grad_fn=<SliceBackward0>)
C GATE: torch.Size([1, 3]) tensor([[0.9991, 0.9996, 0.9994]], grad_fn=<SliceBackward0>)
----------------------------------------
Before gate: tensor([ 0.8019,  0.8441, -0.2664], grad_fn=<SelectBackward0>)
Context: tensor([ 0.9899,  0.9419, -0.9990], grad_fn=<SelectBackward0>)
Gate: tensor([0.9991, 0.9996, 0.9994], grad_fn=<SelectBackward0>)
Context after gate: tensor([ 0.9899,  0.9420, -0.9979], grad_fn=<SelectBackward0>)
With context: tensor([0.7938, 0.7951, 0.2659], grad_fn=<SelectBackward0>)
executing function _do_add_step
2026-01-31 21:04:59.530 | DEBUG    | ctxpipe.env.enviroment:step:107 - adding step blank...
RnnDQN Forward
C MTML: torch.Size([1, 2]) tensor([[5.5081, 5.0492]], grad_fn=<SliceBackward0>)
C +BAS: torch.Size([1, 2]) tensor([[7.4173, 6.8940]], grad_fn=<SliceBackward0>)
C GATE: torch.Size([1, 2]) tensor([[0.9994, 0.9990]], grad_fn=<SliceBackward0>)
----------------------------------------
Before gate: tensor([0.8026, 0.8358], grad_fn=<SelectBackward0>)
Context: tensor([0.9598, 0.9519], grad_fn=<SelectBackward0>)
Gate: tensor([0.9994, 0.9990], grad_fn=<SelectBackward0>)
Context after gate: tensor([0.9599, 0.9519], grad_fn=<SelectBackward0>)
With context: tensor([0.7703, 0.7956], grad_fn=<SelectBackward0>)
executing function _do_add_step
2026-01-31 21:05:00.356 | DEBUG    | ctxpipe.env.enviroment:step:107 - adding step MaxAbsScaler...
RnnDQN Forward
C MTML: torch.Size([1, 9]) tensor([[8.6739, 8.7610, 8.2177, 7.9467]], grad_fn=<SliceBackward0>)
C +BAS: torch.Size([1, 9]) tensor([[9.1401, 9.0543, 8.7143, 8.1968]], grad_fn=<SliceBackward0>)
C GATE: torch.Size([1, 9]) tensor([[0.9999, 0.9999, 0.9998, 0.9997]], grad_fn=<SliceBackward0>)
----------------------------------------
Before gate: tensor([ 0.7816,  0.8569,  0.7707,  0.8027, -0.2206,  0.8479,  0.7536,  0.7672,
        -0.3273], grad_fn=<SelectBackward0>)
Context: tensor([ 0.9755,  0.9310,  0.9477,  0.9830, -0.9871,  0.9249,  0.9854,  0.9858,
        -0.9834], grad_fn=<SelectBackward0>)
Gate: tensor([0.9999, 0.9999, 0.9998, 0.9997, 0.9997, 0.9999, 0.9998, 0.9999, 0.9999],
       grad_fn=<SelectBackward0>)
Context after gate: tensor([ 0.9755,  0.9310,  0.9477,  0.9830, -0.9865,  0.9249,  0.9855,  0.9858,
        -0.9832], grad_fn=<SelectBackward0>)
With context: tensor([0.7624, 0.7978, 0.7304, 0.7891, 0.2176, 0.7842, 0.7427, 0.7564, 0.3218],
       grad_fn=<SelectBackward0>)
executing function _do_add_step
2026-01-31 21:05:01.243 | DEBUG    | ctxpipe.env.enviroment:step:107 - adding step PCA_AUTO...
RnnDQN Forward
C MTML: torch.Size([1, 8]) tensor([[5.3009, 5.0739, 5.2853, 4.8283]], grad_fn=<SliceBackward0>)
C +BAS: torch.Size([1, 8]) tensor([[5.6668, 5.6862, 5.6460, 5.2018]], grad_fn=<SliceBackward0>)
C GATE: torch.Size([1, 8]) tensor([[0.9966, 0.9966, 0.9965, 0.9945]], grad_fn=<SliceBackward0>)
----------------------------------------
Before gate: tensor([ 0.7803,  0.8233,  0.8609, -0.2967,  0.6535,  0.6289,  0.8366, -0.2443],
       grad_fn=<SelectBackward0>)
Context: tensor([ 0.9356,  0.8890,  0.8802, -0.9780,  0.9784,  0.9884,  0.8207, -0.9891],
       grad_fn=<SelectBackward0>)
Gate: tensor([0.9966, 0.9966, 0.9965, 0.9945, 0.9957, 0.9967, 0.9967, 0.9962],
       grad_fn=<SelectBackward0>)
Context after gate: tensor([ 0.9359,  0.8894,  0.8806, -0.9672,  0.9785,  0.9884,  0.8213, -0.9815],
       grad_fn=<SelectBackward0>)
With context: tensor([0.7303, 0.7322, 0.7582, 0.2870, 0.6394, 0.6216, 0.6872, 0.2397],
       grad_fn=<SelectBackward0>)
executing function _do_add_step
2026-01-31 21:05:02.035 | INFO     | ctxpipe.env.pipeline:evaluate:290 - evaluating [<blank>, <blank>, <LabelEncoder>, <blank>, <MaxAbsScaler>, <PCA_AUTO>] using predictor LogisticRegression...

CtxPipe output saved to: results/ctxpipe/adult_ctxpipe_vzekai/adult_ctxpipe_vzekai_cleaned.csv
Pipeline info saved to: results/ctxpipe/adult_ctxpipe_vzekai/adult_ctxpipe_vzekai_pipeline_info.txt

============================================================
CtxPipe Results:
============================================================
AI Sequence: ['blank', 'blank', 'LabelEncoder', 'blank', 'MaxAbsScaler', 'PCA_AUTO']
ML Score: 0.9150
Execution Time: 9.35 seconds
============================================================

============================================================
Traditional Data Cleaning Evaluation
Note: CtxPipe is designed for ML data preparation,
      traditional cleaning metrics may not be applicable.
============================================================

Traditional Evaluation Results:
Accuracy: 0.0
Recall: 0.0
F1 Score: 0.0
EDR: 0.0
Hybrid Distance: 0.0028402711481079965
R-EDR: 0.0
Time: 9.35s
Speed: 0.0207 seconds/100num

============================================================
调用统一测评模块 getScoreML
============================================================
[1;34m[21:07:32][0m[1;33m WARNING Snoopy may use all CPU cores! Set env. variable 'SNOOPY_LIMIT_CPU' to 'y' to limit CPU usage. [0m[1;34m(__init__ -> _init_tf_pytorch on MainThread)[0m

getScoreML统一测评完成

============================================================
CtxPipe finished successfully!
Results saved to: results/ctxpipe/adult_ctxpipe_vzekai
============================================================

taskid: 0, predictor: <RandomForestClassifier>, metric: <ctxpipe.env.metric.AccuracyMetric object at 0x78708906b040>, default: False
DQN Forward
data torch.Size([1, 3300]) tensor([[ 1.0000,  0.5520, 16.0000,  ...,  0.0000,  0.0000,  0.0000]])
C MTML: torch.Size([1, 6]) tensor([[4.5079, 4.9024, 4.5849, 4.6443]], grad_fn=<SliceBackward0>)
C +BAS: torch.Size([1, 6]) tensor([[4.9297, 5.5281, 4.5935, 5.2028]], grad_fn=<SliceBackward0>)
C GATE: torch.Size([1, 6]) tensor([[0.9928, 0.9960, 0.9900, 0.9945]], grad_fn=<SliceBackward0>)
----------------------------------------
Before gate: tensor([ 0.7048, -0.0226,  0.5951, -0.1505,  0.6338,  0.8079],
       grad_fn=<SelectBackward0>)
Context: tensor([ 0.9759, -0.5211,  0.9769, -0.9864,  0.9805,  0.9526],
       grad_fn=<SelectBackward0>)
Gate: tensor([0.9928, 0.9960, 0.9900, 0.9945, 0.9927, 0.9962],
       grad_fn=<SelectBackward0>)
Context after gate: tensor([ 0.9761, -0.5151,  0.9771, -0.9755,  0.9806,  0.9528],
       grad_fn=<SelectBackward0>)
With context: tensor([0.6879, 0.0116, 0.5815, 0.1468, 0.6215, 0.7698],
       grad_fn=<SelectBackward0>)
[0;32;40msucceed[0m


dataset: adult_ctxpipe_vzekai
accuracy of AIPipe: 0.9149806522940851
[CtxPipe Adapter] Applying generated pipeline to data...
[CtxPipe Adapter] Data shape: (45222, 14), Num cols: 7, Cat cols: 7
[CtxPipe Adapter] Num columns: ['age', 'fnlwgt', 'educational_num', 'capital_gain', 'capital_loss', 'hours_per_week', 'income']
[CtxPipe Adapter] AI Sequence: ['blank', 'blank', 'LabelEncoder', 'blank', 'MaxAbsScaler', 'PCA_AUTO']
[CtxPipe Adapter] Skipped LabelEncoder (not imputation, would change data values)
[CtxPipe Adapter] Skipped MaxAbsScaler (not imputation, would change data values)
[CtxPipe Adapter] Skipped PCA_AUTO (not imputation, would change data values)
[CtxPipe Adapter] Pipeline applied successfully.
没有指定错误比例，仅进行原数据集的空值替换，不添加错误
已将注入错误的文件保存到: results/ctxpipe/adult_ctxpipe_vzekai/adult_ctxpipe_vzekai_cleaned.csv
修复准确率: 0.0, 修复召回率: 0.0, F1值: 0.0
========================================
错误减少率 (EDR): 0.0
========================================
混合距离 (Hybrid Distance): 0.0028402711481079965
========================================
基于条目的错误减少率 (R-EDR): 0.0
========================================
numeric: Index(['age', 'fnlwgt', 'educational_num', 'capital_gain', 'capital_loss',
       'hours_per_week', 'income'],
      dtype='object')
categorical: Index(['workclass', 'education', 'marital_status', 'occupation',
       'relationship', 'race', 'gender', 'native_country'],
      dtype='object')
列级平均RMSE (数值列, 归一化): 0.064171
  age: 0.000000
  fnlwgt: 0.000000
  educational_num: 0.000000
  capital_gain: 0.000000
  capital_loss: 0.000000
  hours_per_week: 0.000000
  income: 0.449194
列级平均F1 (类别列, weighted): 1.000000
  workclass: 1.000000
  education: 1.000000
  marital_status: 1.000000
  occupation: 1.000000
  relationship: 1.000000
  race: 1.000000
  gender: 1.000000
  native_country: 1.000000
========================================
调试文件已保存到: results/ctxpipe/adult_ctxpipe_vzekai/debug
修复准确率: 0.0, 修复召回率: 0.0, F1值: 0.0
========================================
错误减少率 (EDR): 0.0
========================================
混合距离 (Hybrid Distance): 0.0028402711481079965
========================================
基于条目的错误减少率 (R-EDR): 0.0
========================================
numeric: Index(['age', 'fnlwgt', 'educational_num', 'capital_gain', 'capital_loss',
       'hours_per_week', 'income'],
      dtype='object')
categorical: Index(['workclass', 'education', 'marital_status', 'occupation',
       'relationship', 'race', 'gender', 'native_country'],
      dtype='object')
列级平均RMSE (数值列, 归一化): 0.064171
  age: 0.000000
  fnlwgt: 0.000000
  educational_num: 0.000000
  capital_gain: 0.000000
  capital_loss: 0.000000
  hours_per_week: 0.000000
  income: 0.449194
列级平均F1 (类别列, weighted): 1.000000
  workclass: 1.000000
  education: 1.000000
  marital_status: 1.000000
  occupation: 1.000000
  relationship: 1.000000
  race: 1.000000
  gender: 1.000000
  native_country: 1.000000
========================================
RF - Accuracy: 0.8551, F1: 0.8510, Precision: 0.8497, Recall: 0.8551
LR - Accuracy: 0.8211, F1: 0.8057, Precision: 0.8094, Recall: 0.8211
SVM - Accuracy: 0.8502, F1: 0.8417, Precision: 0.8433, Recall: 0.8502
KNN - Accuracy: 0.8279, F1: 0.8241, Precision: 0.8220, Recall: 0.8279
DT - Accuracy: 0.8060, F1: 0.8068, Precision: 0.8077, Recall: 0.8060
GB - Accuracy: 0.8671, F1: 0.8603, Precision: 0.8623, Recall: 0.8671

容忍度计算结果:
  P_do_nothing (脏数据性能): 0.8543
  P_demand_clean (清洗后性能): 0.8543
  P_repair_all (完全修复性能): 0.8543
  先验容忍度 (Tolerance_prior): 1.0000
  后验容忍度 (Tolerance_post): 0.0000
Snoopy模块可用，正在评估数据质量上界...
数据集较大 (45222 行)，对Snoopy评估进行采样到 10000 行
