Preprocessing missing values...

============================================================
Running CtxPipe with dirty file: Data/beers/dirty_index.csv
Task name: beers_ctxpipe
Model tag: ctx_50000
============================================================

2026-01-29 19:12:57.723 | DEBUG    | config:makedirs:108 - making dir: /home/qianzekai/Clean4MLBaseline/logs/ctxpipe-3linear
2026-01-29 19:12:57.723 | DEBUG    | config:makedirs:108 - making dir: /home/qianzekai/Clean4MLBaseline/exp/ctxpipe-3linear
2026-01-29 19:12:57.723 | DEBUG    | config:makedirs:108 - making dir: /home/qianzekai/Clean4MLBaseline/Methods/ctxpipe/models/ctxpipe-3linear

CtxPipe output saved to: results/ctxpipe/beers_ctxpipe/beers_ctxpipe_cleaned.csv
Pipeline info saved to: results/ctxpipe/beers_ctxpipe/beers_ctxpipe_pipeline_info.txt

============================================================
CtxPipe Results:
============================================================
AI Sequence: ['ImputerNum', 'ImputerCat']
ML Score: N/A
Execution Time: 0.01 seconds
============================================================

============================================================
Traditional Data Cleaning Evaluation
Note: CtxPipe is designed for ML data preparation,
      traditional cleaning metrics may not be applicable.
============================================================

Traditional Evaluation Results:
Accuracy: 0.014166666666666666
Recall: 0.005062537224538415
F1 Score: 0.007459411984024924
EDR: -0.31447290053603333
Hybrid Distance: 0.07832626409269439
R-EDR: 0.0
Time: 0.01s
Speed: 0.0006 seconds/100num

============================================================
调用统一测评模块 getScoreML
============================================================
[1;34m[19:13:05][0m[1;33m WARNING Snoopy may use all CPU cores! Set env. variable 'SNOOPY_LIMIT_CPU' to 'y' to limit CPU usage. [0m[1;34m(__init__ -> _init_tf_pytorch on MainThread)[0m

getScoreML统一测评完成

============================================================
CtxPipe finished successfully!
Results saved to: results/ctxpipe/beers_ctxpipe
============================================================

[CtxPipe Adapter] Using device: CPU (CUDA not available)
没有指定错误比例，仅进行原数据集的空值替换，不添加错误
已将注入错误的文件保存到: Data/beers/clean_index.csv
没有指定错误比例，仅进行原数据集的空值替换，不添加错误
已将注入错误的文件保存到: Data/beers/dirty_index.csv
[CtxPipe Adapter] Detected index column. Removing for processing.
[CtxPipe Adapter] Using label column: 3 (ounces)
[CtxPipe Adapter] Schema-preserving mode: simple imputation only.
没有指定错误比例，仅进行原数据集的空值替换，不添加错误
已将注入错误的文件保存到: results/ctxpipe/beers_ctxpipe/beers_ctxpipe_cleaned.csv
修复准确率: 0.014166666666666666, 修复召回率: 0.005062537224538415, F1值: 0.007459411984024924
========================================
错误减少率 (EDR): -0.31447290053603333
========================================
混合距离 (Hybrid Distance): 0.07832626409269439
========================================
基于条目的错误减少率 (R-EDR): 0.0
========================================
numeric: Index(['id'], dtype='object')
categorical: Index(['beer_name', 'style', 'ounces', 'abv', 'ibu', 'brewery_id',
       'brewery_name', 'city', 'state'],
      dtype='object')
列级平均RMSE (数值列, 归一化): 0.000000
  id: 0.000000
列级平均F1 (类别列, weighted): 0.808824
  beer_name: 1.000000
  style: 0.996684
  ounces: 0.000000
  abv: 0.802535
  ibu: 0.554155
  brewery_id: 0.999585
  brewery_name: 1.000000
  city: 0.970079
  state: 0.956380
========================================
调试文件已保存到: results/ctxpipe/beers_ctxpipe/debug
修复准确率: 0.014166666666666666, 修复召回率: 0.005062537224538415, F1值: 0.007459411984024924
========================================
错误减少率 (EDR): -0.31447290053603333
========================================
混合距离 (Hybrid Distance): 0.07832626409269439
========================================
基于条目的错误减少率 (R-EDR): 0.0
========================================
numeric: Index(['id'], dtype='object')
categorical: Index(['beer_name', 'style', 'ounces', 'abv', 'ibu', 'brewery_id',
       'brewery_name', 'city', 'state'],
      dtype='object')
列级平均RMSE (数值列, 归一化): 0.000000
  id: 0.000000
列级平均F1 (类别列, weighted): 0.808824
  beer_name: 1.000000
  style: 0.996684
  ounces: 0.000000
  abv: 0.802535
  ibu: 0.554155
  brewery_id: 0.999585
  brewery_name: 1.000000
  city: 0.970079
  state: 0.956380
========================================
RF - Accuracy: 0.3714, F1: 0.3300, Precision: 0.3449, Recall: 0.3714
LR - Accuracy: 0.2510, F1: 0.1600, Precision: 0.1233, Recall: 0.2510

容忍度计算结果:
  P_do_nothing (脏数据性能): 0.3797
  P_demand_clean (清洗后性能): 0.2054
  P_repair_all (完全修复性能): 0.3859
  先验容忍度 (Tolerance_prior): 0.5410
  后验容忍度 (Tolerance_post): -28.0000
Snoopy模块可用，正在评估数据质量上界...
