Preprocessing missing values...

============================================================
Running CtxPipe with dirty file: Data/beers/dirty_index.csv
Task name: beers_ctxpipe_vzekai
Model tag: ctx_50000
============================================================

2026-01-31 21:11:33.431 | DEBUG    | config:makedirs:108 - making dir: /home/qianzekai/Clean4MLBaseline/logs/ctxpipe-3linear
2026-01-31 21:11:33.431 | DEBUG    | config:makedirs:108 - making dir: /home/qianzekai/Clean4MLBaseline/exp/ctxpipe-3linear
2026-01-31 21:11:33.431 | DEBUG    | config:makedirs:108 - making dir: /home/qianzekai/Clean4MLBaseline/Methods/ctxpipe/models/ctxpipe-3linear
2026-01-31 21:11:33.447 | WARNING  | ctxpipe.info:_check_and_create_empty_files:54 - creating empty info file at /home/qianzekai/Clean4MLBaseline/results/ctxpipe/beers_ctxpipe_vzekai/aipipe/datasetinfo.json
2026-01-31 21:11:33.448 | WARNING  | ctxpipe.info:_check_and_create_empty_files:54 - creating empty info file at /home/qianzekai/Clean4MLBaseline/results/ctxpipe/beers_ctxpipe_vzekai/aipipe/classification_task_dic.json
2026-01-31 21:11:33.448 | WARNING  | ctxpipe.info:_check_and_create_empty_files:61 - creating empty info file at /home/qianzekai/Clean4MLBaseline/results/ctxpipe/beers_ctxpipe_vzekai/aipipe/test_index.json
2026-01-31 21:11:34.330 | DEBUG    | ctxpipe.env.enviroment:step:107 - adding step ImputerNumMode...
[CtxPipe Adapter] Using device: CPU (CUDA not available)
没有指定错误比例，仅进行原数据集的空值替换，不添加错误
已将注入错误的文件保存到: Data/beers/clean_index.csv
没有指定错误比例，仅进行原数据集的空值替换，不添加错误
已将注入错误的文件保存到: Data/beers/dirty_index.csv
[CtxPipe Adapter] Detected index column. Removing for processing.
[CtxPipe Adapter] Using label column: 3 (ounces)
[CtxPipe Adapter] Converted 'empty' strings to actual empty values for NaN detection.
[CtxPipe Adapter] Generating pipeline with model tag: ctx_50000
[0;33;40mstart run AIPipe:[0m
taskid: 0, predictor: <LogisticRegression>, metric: <ctxpipe.env.metric.AccuracyMetric object at 0x7541e9c6a040>, default: False
DQN Forward
data torch.Size([1, 3300]) tensor([[ 1.0000,  0.9414, 11.0000,  ...,  0.0000,  0.0000,  0.0000]])
C MTML: torch.Size([1, 6]) tensor([[3.3971, 3.6612, 3.4218, 3.3978]], grad_fn=<SliceBackward0>)
C +BAS: torch.Size([1, 6]) tensor([[3.8190, 4.2870, 3.4303, 3.9562]], grad_fn=<SliceBackward0>)
C GATE: torch.Size([1, 6]) tensor([[0.9785, 0.9864, 0.9686, 0.9812]], grad_fn=<SliceBackward0>)
----------------------------------------
Before gate: tensor([ 0.7514, -0.0317,  0.6219, -0.2919,  0.6910,  0.8841],
       grad_fn=<SelectBackward0>)
Context: tensor([ 0.9514,  0.0963,  0.9473, -0.9655,  0.9606,  0.9068],
       grad_fn=<SelectBackward0>)
Gate: tensor([0.9785, 0.9864, 0.9686, 0.9812, 0.9757, 0.9857],
       grad_fn=<SelectBackward0>)
Context after gate: tensor([ 0.9524,  0.1086,  0.9489, -0.9286,  0.9616,  0.9081],
       grad_fn=<SelectBackward0>)
With context: tensor([ 0.7156, -0.0034,  0.5901,  0.2711,  0.6644,  0.8029],
       grad_fn=<SelectBackward0>)
RnnDQN Forward
C MTML: torch.Size([1, 3]) tensor([[4.1065, 4.2785, 4.8972]], grad_fn=<SliceBackward0>)
C +BAS: torch.Size([1, 3]) tensor([[4.4894, 4.9718, 5.7790]], grad_fn=<SliceBackward0>)
C GATE: torch.Size([1, 3]) tensor([[0.9889, 0.9931, 0.9969]], grad_fn=<SliceBackward0>)
----------------------------------------
Before gate: tensor([0.7104, 0.7168, 0.7244], grad_fn=<SelectBackward0>)
Context: tensor([0.9543, 0.9463, 0.9495], grad_fn=<SelectBackward0>)
Gate: tensor([0.9889, 0.9931, 0.9969], grad_fn=<SelectBackward0>)
Context after gate: tensor([0.9548, 0.9466, 0.9496], grad_fn=<SelectBackward0>)
With context: tensor([0.6783, 0.6786, 0.6879], grad_fn=<SelectBackward0>)
executing function _do_add_step
2026-01-31 21:11:34.634 | DEBUG    | ctxpipe.env.enviroment:step:107 - adding step ImputerCatMode...
executing function _do_add_step
2026-01-31 21:11:35.232 | DEBUG    | ctxpipe.env.enviroment:step:107 - adding step LabelEncoder...
RnnDQN Forward
C MTML: torch.Size([1, 3]) tensor([[3.8637, 4.1671, 3.9222]], grad_fn=<SliceBackward0>)
C +BAS: torch.Size([1, 3]) tensor([[4.7948, 5.2188, 5.1460]], grad_fn=<SliceBackward0>)
C GATE: torch.Size([1, 3]) tensor([[0.9918, 0.9946, 0.9942]], grad_fn=<SliceBackward0>)
----------------------------------------
Before gate: tensor([ 0.5470,  0.7008, -0.2039], grad_fn=<SelectBackward0>)
Context: tensor([ 0.9734,  0.9438, -0.9928], grad_fn=<SelectBackward0>)
Gate: tensor([0.9918, 0.9946, 0.9942], grad_fn=<SelectBackward0>)
Context after gate: tensor([ 0.9736,  0.9441, -0.9813], grad_fn=<SelectBackward0>)
With context: tensor([0.5326, 0.6616, 0.2001], grad_fn=<SelectBackward0>)
executing function _do_add_step
2026-01-31 21:11:35.915 | DEBUG    | ctxpipe.env.enviroment:step:107 - adding step blank...
RnnDQN Forward
C MTML: torch.Size([1, 2]) tensor([[4.4000, 4.1600]], grad_fn=<SliceBackward0>)
C +BAS: torch.Size([1, 2]) tensor([[6.3092, 6.0049]], grad_fn=<SliceBackward0>)
C GATE: torch.Size([1, 2]) tensor([[0.9982, 0.9975]], grad_fn=<SliceBackward0>)
----------------------------------------
Before gate: tensor([0.6776, 0.7368], grad_fn=<SelectBackward0>)
Context: tensor([0.9567, 0.9493], grad_fn=<SelectBackward0>)
Gate: tensor([0.9982, 0.9975], grad_fn=<SelectBackward0>)
Context after gate: tensor([0.9568, 0.9495], grad_fn=<SelectBackward0>)
With context: tensor([0.6483, 0.6995], grad_fn=<SelectBackward0>)
executing function _do_add_step
2026-01-31 21:11:36.578 | DEBUG    | ctxpipe.env.enviroment:step:107 - adding step PowerTransformer...
RnnDQN Forward
C MTML: torch.Size([1, 9]) tensor([[6.1752, 6.4029, 5.9198, 5.7178]], grad_fn=<SliceBackward0>)
C +BAS: torch.Size([1, 9]) tensor([[6.6414, 6.6962, 6.4164, 5.9679]], grad_fn=<SliceBackward0>)
C GATE: torch.Size([1, 9]) tensor([[0.9987, 0.9988, 0.9984, 0.9974]], grad_fn=<SliceBackward0>)
----------------------------------------
Before gate: tensor([ 0.6649,  0.7319,  0.6627,  0.6703, -0.2245,  0.7311,  0.6532,  0.6323,
        -0.2228], grad_fn=<SelectBackward0>)
Context: tensor([ 0.9743,  0.9218,  0.9286,  0.9824, -0.9852,  0.9475,  0.9843,  0.9839,
        -0.9807], grad_fn=<SelectBackward0>)
Gate: tensor([0.9987, 0.9988, 0.9984, 0.9974, 0.9975, 0.9985, 0.9983, 0.9992, 0.9989],
       grad_fn=<SelectBackward0>)
Context after gate: tensor([ 0.9743,  0.9219,  0.9288,  0.9824, -0.9802,  0.9476,  0.9843,  0.9839,
        -0.9785], grad_fn=<SelectBackward0>)
With context: tensor([0.6478, 0.6747, 0.6155, 0.6585, 0.2200, 0.6927, 0.6429, 0.6221, 0.2180],
       grad_fn=<SelectBackward0>)
executing function _do_add_step
2026-01-31 21:11:37.307 | DEBUG    | ctxpipe.env.enviroment:step:107 - adding step RandomTreesEmbedding...
RnnDQN Forward
C MTML: torch.Size([1, 8]) tensor([[4.6861, 5.0045, 4.8886, 4.5835]], grad_fn=<SliceBackward0>)
C +BAS: torch.Size([1, 8]) tensor([[5.0520, 5.6168, 5.2493, 4.9571]], grad_fn=<SliceBackward0>)
C GATE: torch.Size([1, 8]) tensor([[0.9936, 0.9964, 0.9948, 0.9930]], grad_fn=<SliceBackward0>)
----------------------------------------
Before gate: tensor([ 0.6479,  0.7169,  0.7594, -0.2663,  0.5140,  0.5166,  0.7567, -0.1166],
       grad_fn=<SelectBackward0>)
Context: tensor([ 0.9138,  0.9083,  0.8652, -0.9759,  0.9711,  0.9897,  0.9468, -0.9895],
       grad_fn=<SelectBackward0>)
Gate: tensor([0.9936, 0.9964, 0.9948, 0.9930, 0.9950, 0.9972, 0.9942, 0.9951],
       grad_fn=<SelectBackward0>)
Context after gate: tensor([ 0.9143,  0.9086,  0.8659, -0.9621,  0.9713,  0.9898,  0.9471, -0.9798],
       grad_fn=<SelectBackward0>)
With context: tensor([0.5924, 0.6514, 0.6576, 0.2562, 0.4993, 0.5113, 0.7167, 0.1143],
       grad_fn=<SelectBackward0>)
executing function _do_add_step
2026-01-31 21:11:38.264 | INFO     | ctxpipe.env.pipeline:evaluate:290 - evaluating [<ImputerNumMode>, <ImputerCatMode>, <LabelEncoder>, <blank>, <PowerTransformer>, <RandomTreesEmbedding>] using predictor LogisticRegression...
2026-01-31 21:11:39.544 | ERROR    | ctxpipe.env.pipeline:evaluate:320 - evaluating [<ImputerNumMode>, <ImputerCatMode>, <LabelEncoder>, <blank>, <PowerTransformer>, <RandomTreesEmbedding>] using predictor LogisticRegression failed with error cannot unpack non-iterable FunctionTimedOut object

CtxPipe output saved to: results/ctxpipe/beers_ctxpipe_vzekai/beers_ctxpipe_vzekai_cleaned.csv
Pipeline info saved to: results/ctxpipe/beers_ctxpipe_vzekai/beers_ctxpipe_vzekai_pipeline_info.txt

============================================================
CtxPipe Results:
============================================================
AI Sequence: ['ImputerNumMode', 'ImputerCatMode', 'LabelEncoder', 'blank', 'PowerTransformer', 'RandomTreesEmbedding']
ML Score: -1.0000
Execution Time: 6.54 seconds
============================================================

============================================================
Traditional Data Cleaning Evaluation
Note: CtxPipe is designed for ML data preparation,
      traditional cleaning metrics may not be applicable.
============================================================

Traditional Evaluation Results:
Accuracy: 0.014178482068390326
Recall: 0.005062537224538415
F1 Score: 0.007461048896926526
EDR: -0.3141751042287076
Hybrid Distance: 0.07832626409269439
R-EDR: 0.0
Time: 6.54s
Speed: 0.2714 seconds/100num

============================================================
调用统一测评模块 getScoreML
============================================================
[1;34m[21:12:34][0m[1;33m WARNING Snoopy may use all CPU cores! Set env. variable 'SNOOPY_LIMIT_CPU' to 'y' to limit CPU usage. [0m[1;34m(__init__ -> _init_tf_pytorch on MainThread)[0m

getScoreML统一测评完成

============================================================
CtxPipe finished successfully!
Results saved to: results/ctxpipe/beers_ctxpipe_vzekai
============================================================

taskid: 0, predictor: <RandomForestClassifier>, metric: <ctxpipe.env.metric.AccuracyMetric object at 0x7541e9c6a040>, default: False
DQN Forward
data torch.Size([1, 3300]) tensor([[ 1.0000,  0.9414, 11.0000,  ...,  0.0000,  0.0000,  0.0000]])
C MTML: torch.Size([1, 6]) tensor([[3.3456, 3.6088, 3.3733, 3.3499]], grad_fn=<SliceBackward0>)
C +BAS: torch.Size([1, 6]) tensor([[3.7675, 4.2346, 3.3819, 3.9084]], grad_fn=<SliceBackward0>)
C GATE: torch.Size([1, 6]) tensor([[0.9774, 0.9857, 0.9671, 0.9803]], grad_fn=<SliceBackward0>)
----------------------------------------
Before gate: tensor([ 0.7446, -0.0330,  0.6143, -0.2868,  0.6833,  0.8794],
       grad_fn=<SelectBackward0>)
Context: tensor([ 0.9566,  0.1733,  0.9497, -0.9651,  0.9586,  0.9105],
       grad_fn=<SelectBackward0>)
Gate: tensor([0.9774, 0.9857, 0.9671, 0.9803, 0.9745, 0.9849],
       grad_fn=<SelectBackward0>)
Context after gate: tensor([ 0.9576,  0.1851,  0.9513, -0.9264,  0.9596,  0.9119],
       grad_fn=<SelectBackward0>)
With context: tensor([ 0.7130, -0.0061,  0.5844,  0.2657,  0.6558,  0.8019],
       grad_fn=<SelectBackward0>)
[0;32;40msucceed[0m


dataset: beers_ctxpipe_vzekai
accuracy of AIPipe: -1
[CtxPipe Adapter] Applying generated pipeline to data...
[CtxPipe Adapter] Data shape: (2410, 9), Num cols: 2, Cat cols: 7
[CtxPipe Adapter] Num columns: ['id', 'ibu']
[CtxPipe Adapter] AI Sequence: ['ImputerNumMode', 'ImputerCatMode', 'LabelEncoder', 'blank', 'PowerTransformer', 'RandomTreesEmbedding']
[CtxPipe Adapter] Applied ImputerNum (median)
[CtxPipe Adapter] Applied ImputerCat (most_frequent)
[CtxPipe Adapter] Skipped LabelEncoder (not imputation, would change data values)
[CtxPipe Adapter] Skipped PowerTransformer (not imputation, would change data values)
[CtxPipe Adapter] Skipped RandomTreesEmbedding (not imputation, would change data values)
[CtxPipe Adapter] Pipeline applied successfully.
没有指定错误比例，仅进行原数据集的空值替换，不添加错误
已将注入错误的文件保存到: results/ctxpipe/beers_ctxpipe_vzekai/beers_ctxpipe_vzekai_cleaned.csv
修复准确率: 0.014178482068390326, 修复召回率: 0.005062537224538415, F1值: 0.007461048896926526
========================================
错误减少率 (EDR): -0.3141751042287076
========================================
混合距离 (Hybrid Distance): 0.07832626409269439
========================================
基于条目的错误减少率 (R-EDR): 0.0
========================================
numeric: Index(['id'], dtype='object')
categorical: Index(['beer_name', 'style', 'ounces', 'abv', 'ibu', 'brewery_id',
       'brewery_name', 'city', 'state'],
      dtype='object')
列级平均RMSE (数值列, 归一化): 0.000000
  id: 0.000000
列级平均F1 (类别列, weighted): 0.809649
  beer_name: 1.000000
  style: 0.996684
  ounces: 0.000415
  abv: 0.802535
  ibu: 0.561164
  brewery_id: 0.999585
  brewery_name: 1.000000
  city: 0.970079
  state: 0.956380
========================================
调试文件已保存到: results/ctxpipe/beers_ctxpipe_vzekai/debug
修复准确率: 0.014178482068390326, 修复召回率: 0.005062537224538415, F1值: 0.007461048896926526
========================================
错误减少率 (EDR): -0.3141751042287076
========================================
混合距离 (Hybrid Distance): 0.07832626409269439
========================================
基于条目的错误减少率 (R-EDR): 0.0
========================================
numeric: Index(['id'], dtype='object')
categorical: Index(['beer_name', 'style', 'ounces', 'abv', 'ibu', 'brewery_id',
       'brewery_name', 'city', 'state'],
      dtype='object')
列级平均RMSE (数值列, 归一化): 0.000000
  id: 0.000000
列级平均F1 (类别列, weighted): 0.809649
  beer_name: 1.000000
  style: 0.996684
  ounces: 0.000415
  abv: 0.802535
  ibu: 0.561164
  brewery_id: 0.999585
  brewery_name: 1.000000
  city: 0.970079
  state: 0.956380
========================================
RF - Accuracy: 0.3610, F1: 0.3175, Precision: 0.3260, Recall: 0.3610
LR - Accuracy: 0.2614, F1: 0.1675, Precision: 0.1269, Recall: 0.2614
SVM - Accuracy: 0.2759, F1: 0.1871, Precision: 0.1657, Recall: 0.2759
KNN - Accuracy: 0.2282, F1: 0.1966, Precision: 0.1931, Recall: 0.2282
DT - Accuracy: 0.2718, F1: 0.2741, Precision: 0.2882, Recall: 0.2718
GB - Accuracy: 0.3174, F1: 0.2911, Precision: 0.2906, Recall: 0.3174

容忍度计算结果:
  P_do_nothing (脏数据性能): 0.3797
  P_demand_clean (清洗后性能): 0.2116
  P_repair_all (完全修复性能): 0.3859
  先验容忍度 (Tolerance_prior): 0.5574
  后验容忍度 (Tolerance_post): -27.0000
Snoopy模块可用，正在评估数据质量上界...
