Preprocessing missing values...

============================================================
Running CtxPipe with dirty file: Data/har/dirty_index.csv
Task name: har_ctxpipe_vzekai
Model tag: ctx_50000
============================================================

2026-01-31 21:17:33.294 | DEBUG    | config:makedirs:108 - making dir: /home/qianzekai/Clean4MLBaseline/logs/ctxpipe-3linear
2026-01-31 21:17:33.294 | DEBUG    | config:makedirs:108 - making dir: /home/qianzekai/Clean4MLBaseline/exp/ctxpipe-3linear
2026-01-31 21:17:33.294 | DEBUG    | config:makedirs:108 - making dir: /home/qianzekai/Clean4MLBaseline/Methods/ctxpipe/models/ctxpipe-3linear
2026-01-31 21:17:33.463 | WARNING  | ctxpipe.info:_check_and_create_empty_files:54 - creating empty info file at /home/qianzekai/Clean4MLBaseline/results/ctxpipe/har_ctxpipe_vzekai/aipipe/datasetinfo.json
2026-01-31 21:17:33.464 | WARNING  | ctxpipe.info:_check_and_create_empty_files:54 - creating empty info file at /home/qianzekai/Clean4MLBaseline/results/ctxpipe/har_ctxpipe_vzekai/aipipe/classification_task_dic.json
2026-01-31 21:17:33.464 | WARNING  | ctxpipe.info:_check_and_create_empty_files:61 - creating empty info file at /home/qianzekai/Clean4MLBaseline/results/ctxpipe/har_ctxpipe_vzekai/aipipe/test_index.json
2026-01-31 21:17:34.404 | DEBUG    | ctxpipe.env.enviroment:step:107 - adding step ImputerNumMode...
[CtxPipe Adapter] Using device: CPU (CUDA not available)
没有指定错误比例，仅进行原数据集的空值替换，不添加错误
已将注入错误的文件保存到: Data/har/clean_index.csv
没有指定错误比例，仅进行原数据集的空值替换，不添加错误
已将注入错误的文件保存到: Data/har/dirty_index.csv
[CtxPipe Adapter] Detected index column. Removing for processing.
[CtxPipe Adapter] Using label column: 2 (z)
[CtxPipe Adapter] Converted 'empty' strings to actual empty values for NaN detection.
[CtxPipe Adapter] Generating pipeline with model tag: ctx_50000
[0;33;40mstart run AIPipe:[0m
taskid: 0, predictor: <LogisticRegression>, metric: <ctxpipe.env.metric.AccuracyMetric object at 0x7ab65779e040>, default: False
DQN Forward
data torch.Size([1, 3300]) tensor([[ 2.0000,  0.8545, 16.0000,  ...,  0.0000,  0.0000,  0.0000]])
C MTML: torch.Size([1, 6]) tensor([[1.7404, 1.8472, 1.7589, 1.7045]], grad_fn=<SliceBackward0>)
C +BAS: torch.Size([1, 6]) tensor([[2.1622, 2.4730, 1.7674, 2.2629]], grad_fn=<SliceBackward0>)
C GATE: torch.Size([1, 6]) tensor([[0.8968, 0.9222, 0.8541, 0.9058]], grad_fn=<SliceBackward0>)
----------------------------------------
Before gate: tensor([ 0.5172, -0.0466,  0.3872, -0.1658,  0.4610,  0.7070],
       grad_fn=<SelectBackward0>)
Context: tensor([ 0.8756,  0.2949,  0.8336, -0.8903,  0.8655,  0.8766],
       grad_fn=<SelectBackward0>)
Gate: tensor([0.8968, 0.9222, 0.8541, 0.9058, 0.8865, 0.9218],
       grad_fn=<SelectBackward0>)
Context after gate: tensor([ 0.8884,  0.3498,  0.8578, -0.7122,  0.8808,  0.8863],
       grad_fn=<SelectBackward0>)
With context: tensor([ 0.4595, -0.0163,  0.3322,  0.1181,  0.4060,  0.6266],
       grad_fn=<SelectBackward0>)
RnnDQN Forward
C MTML: torch.Size([1, 3]) tensor([[2.9136, 3.1036, 3.5148]], grad_fn=<SliceBackward0>)
C +BAS: torch.Size([1, 3]) tensor([[3.2965, 3.7969, 4.3966]], grad_fn=<SliceBackward0>)
C GATE: torch.Size([1, 3]) tensor([[0.9643, 0.9781, 0.9878]], grad_fn=<SliceBackward0>)
----------------------------------------
Before gate: tensor([0.5309, 0.5796, 0.5805], grad_fn=<SelectBackward0>)
Context: tensor([0.9104, 0.9126, 0.9408], grad_fn=<SelectBackward0>)
Gate: tensor([0.9643, 0.9781, 0.9878], grad_fn=<SelectBackward0>)
Context after gate: tensor([0.9136, 0.9145, 0.9415], grad_fn=<SelectBackward0>)
With context: tensor([0.4851, 0.5301, 0.5466], grad_fn=<SelectBackward0>)
executing function _do_add_step
2026-01-31 21:17:34.800 | DEBUG    | ctxpipe.env.enviroment:step:107 - adding step ImputerCatMode...
executing function _do_add_step
2026-01-31 21:17:35.457 | DEBUG    | ctxpipe.env.enviroment:step:107 - adding step LabelEncoder...
RnnDQN Forward
C MTML: torch.Size([1, 3]) tensor([[2.7426, 3.0254, 2.7398]], grad_fn=<SliceBackward0>)
C +BAS: torch.Size([1, 3]) tensor([[3.6737, 4.0771, 3.9637]], grad_fn=<SliceBackward0>)
C GATE: torch.Size([1, 3]) tensor([[0.9752, 0.9833, 0.9814]], grad_fn=<SliceBackward0>)
----------------------------------------
Before gate: tensor([ 0.3988,  0.6044, -0.1884], grad_fn=<SelectBackward0>)
Context: tensor([ 0.9524,  0.8930, -0.9799], grad_fn=<SelectBackward0>)
Gate: tensor([0.9752, 0.9833, 0.9814], grad_fn=<SelectBackward0>)
Context after gate: tensor([ 0.9536,  0.8947, -0.9430], grad_fn=<SelectBackward0>)
With context: tensor([0.3803, 0.5407, 0.1776], grad_fn=<SelectBackward0>)
executing function _do_add_step
2026-01-31 21:17:36.187 | DEBUG    | ctxpipe.env.enviroment:step:107 - adding step VarianceThreshold...
RnnDQN Forward
C MTML: torch.Size([1, 2]) tensor([[1.8223, 1.6833]], grad_fn=<SliceBackward0>)
C +BAS: torch.Size([1, 2]) tensor([[3.7316, 3.5282]], grad_fn=<SliceBackward0>)
C GATE: torch.Size([1, 2]) tensor([[0.9766, 0.9715]], grad_fn=<SliceBackward0>)
----------------------------------------
Before gate: tensor([0.4731, 0.4396], grad_fn=<SelectBackward0>)
Context: tensor([0.9282, 0.9198], grad_fn=<SelectBackward0>)
Gate: tensor([0.9766, 0.9715], grad_fn=<SelectBackward0>)
Context after gate: tensor([0.9299, 0.9221], grad_fn=<SelectBackward0>)
With context: tensor([0.4399, 0.4054], grad_fn=<SelectBackward0>)
executing function _do_add_step
2026-01-31 21:17:36.903 | DEBUG    | ctxpipe.env.enviroment:step:107 - adding step PowerTransformer...
RnnDQN Forward
C MTML: torch.Size([1, 9]) tensor([[2.1417, 2.2535, 2.0123, 1.9728]], grad_fn=<SliceBackward0>)
C +BAS: torch.Size([1, 9]) tensor([[2.6078, 2.5468, 2.5089, 2.2229]], grad_fn=<SliceBackward0>)
C GATE: torch.Size([1, 9]) tensor([[0.9314, 0.9274, 0.9248, 0.9023]], grad_fn=<SliceBackward0>)
----------------------------------------
Before gate: tensor([ 0.3287,  0.1716,  0.2011,  0.2227, -0.2174,  0.4552,  0.3093,  0.2616,
        -0.0169], grad_fn=<SelectBackward0>)
Context: tensor([ 0.8967,  0.8359,  0.8353,  0.8825, -0.8943,  0.8373,  0.8963,  0.9172,
        -0.9068], grad_fn=<SelectBackward0>)
Gate: tensor([0.9314, 0.9274, 0.9248, 0.9023, 0.9150, 0.9085, 0.9184, 0.9399, 0.9325],
       grad_fn=<SelectBackward0>)
Context after gate: tensor([ 0.9038,  0.8478,  0.8477,  0.8940, -0.7333,  0.8522,  0.9048,  0.9221,
        -0.7782], grad_fn=<SelectBackward0>)
With context: tensor([0.2971, 0.1455, 0.1705, 0.1991, 0.1594, 0.3879, 0.2798, 0.2412, 0.0131],
       grad_fn=<SelectBackward0>)
executing function _do_add_step
2026-01-31 21:17:37.716 | DEBUG    | ctxpipe.env.enviroment:step:107 - adding step RandomTreesEmbedding...
RnnDQN Forward
C MTML: torch.Size([1, 8]) tensor([[2.8456, 2.9339, 3.0497, 2.7993]], grad_fn=<SliceBackward0>)
C +BAS: torch.Size([1, 8]) tensor([[3.2115, 3.5461, 3.4104, 3.1729]], grad_fn=<SliceBackward0>)
C GATE: torch.Size([1, 8]) tensor([[0.9613, 0.9720, 0.9680, 0.9598]], grad_fn=<SliceBackward0>)
----------------------------------------
Before gate: tensor([ 0.5292,  0.5124,  0.5323, -0.1661,  0.3077,  0.3236,  0.6201, -0.1329],
       grad_fn=<SelectBackward0>)
Context: tensor([ 0.8666,  0.8787,  0.8209, -0.9412,  0.9381,  0.9658,  0.9070, -0.9574],
       grad_fn=<SelectBackward0>)
Gate: tensor([0.9613, 0.9720, 0.9680, 0.9598, 0.9649, 0.9743, 0.9595, 0.9641],
       grad_fn=<SelectBackward0>)
Context after gate: tensor([ 0.8717,  0.8821,  0.8266, -0.8631,  0.9403,  0.9667,  0.9108, -0.8872],
       grad_fn=<SelectBackward0>)
With context: tensor([0.4613, 0.4520, 0.4400, 0.1433, 0.2893, 0.3128, 0.5648, 0.1179],
       grad_fn=<SelectBackward0>)
executing function _do_add_step
2026-01-31 21:17:46.667 | INFO     | ctxpipe.env.pipeline:evaluate:290 - evaluating [<ImputerNumMode>, <ImputerCatMode>, <LabelEncoder>, <VarianceThreshold>, <PowerTransformer>, <RandomTreesEmbedding>] using predictor LogisticRegression...
executing function _do_evaluate
2026-01-31 21:17:47.044 | ERROR    | ctxpipe.env.pipeline:evaluate:320 - evaluating [<ImputerNumMode>, <ImputerCatMode>, <LabelEncoder>, <VarianceThreshold>, <PowerTransformer>, <RandomTreesEmbedding>] using predictor LogisticRegression failed with error cannot unpack non-iterable FunctionTimedOut object

CtxPipe output saved to: results/ctxpipe/har_ctxpipe_vzekai/har_ctxpipe_vzekai_cleaned.csv
Pipeline info saved to: results/ctxpipe/har_ctxpipe_vzekai/har_ctxpipe_vzekai_pipeline_info.txt

============================================================
CtxPipe Results:
============================================================
AI Sequence: ['ImputerNumMode', 'ImputerCatMode', 'LabelEncoder', 'VarianceThreshold', 'PowerTransformer', 'RandomTreesEmbedding']
ML Score: -1.0000
Execution Time: 14.35 seconds
============================================================

============================================================
Traditional Data Cleaning Evaluation
Note: CtxPipe is designed for ML data preparation,
      traditional cleaning metrics may not be applicable.
============================================================

Traditional Evaluation Results:
Accuracy: 0.17134629229661627
Recall: 0.030417667808394253
F1 Score: 0.051663880843562715
EDR: 0.01341955932723276
Hybrid Distance: 0.27281663641801646
R-EDR: 0.01118651420780267
Time: 14.35s
Speed: 0.0205 seconds/100num

============================================================
调用统一测评模块 getScoreML
============================================================
[1;34m[21:20:13][0m[1;33m WARNING Snoopy may use all CPU cores! Set env. variable 'SNOOPY_LIMIT_CPU' to 'y' to limit CPU usage. [0m[1;34m(__init__ -> _init_tf_pytorch on MainThread)[0m

getScoreML统一测评完成

============================================================
CtxPipe finished successfully!
Results saved to: results/ctxpipe/har_ctxpipe_vzekai
============================================================

taskid: 0, predictor: <RandomForestClassifier>, metric: <ctxpipe.env.metric.AccuracyMetric object at 0x7ab65779e040>, default: False
DQN Forward
data torch.Size([1, 3300]) tensor([[ 2.0000,  0.8545, 16.0000,  ...,  0.0000,  0.0000,  0.0000]])
C MTML: torch.Size([1, 6]) tensor([[1.6879, 1.7912, 1.7069, 1.6538]], grad_fn=<SliceBackward0>)
C +BAS: torch.Size([1, 6]) tensor([[2.1098, 2.4169, 1.7154, 2.2122]], grad_fn=<SliceBackward0>)
C GATE: torch.Size([1, 6]) tensor([[0.8919, 0.9181, 0.8475, 0.9013]], grad_fn=<SliceBackward0>)
----------------------------------------
Before gate: tensor([ 0.5066, -0.0476,  0.3771, -0.1612,  0.4493,  0.6972],
       grad_fn=<SelectBackward0>)
Context: tensor([ 0.8709,  0.2514,  0.8274, -0.8850,  0.8594,  0.8782],
       grad_fn=<SelectBackward0>)
Gate: tensor([0.8919, 0.9181, 0.8475, 0.9013, 0.8815, 0.9177],
       grad_fn=<SelectBackward0>)
Context after gate: tensor([ 0.8849,  0.3127,  0.8537, -0.6990,  0.8761,  0.8882],
       grad_fn=<SelectBackward0>)
With context: tensor([ 0.4482, -0.0149,  0.3219,  0.1127,  0.3937,  0.6193],
       grad_fn=<SelectBackward0>)
[0;32;40msucceed[0m


dataset: har_ctxpipe_vzekai
accuracy of AIPipe: -1
[CtxPipe Adapter] Applying generated pipeline to data...
[CtxPipe Adapter] Data shape: (70000, 3), Num cols: 2, Cat cols: 1
[CtxPipe Adapter] Num columns: ['x', 'y']
[CtxPipe Adapter] AI Sequence: ['ImputerNumMode', 'ImputerCatMode', 'LabelEncoder', 'VarianceThreshold', 'PowerTransformer', 'RandomTreesEmbedding']
[CtxPipe Adapter] Applied ImputerNum (median)
[CtxPipe Adapter] Applied ImputerCat (most_frequent)
[CtxPipe Adapter] Skipped LabelEncoder (not imputation, would change data values)
[CtxPipe Adapter] Skipped VarianceThreshold (not imputation, would change data values)
[CtxPipe Adapter] Skipped PowerTransformer (not imputation, would change data values)
[CtxPipe Adapter] Skipped RandomTreesEmbedding (not imputation, would change data values)
[CtxPipe Adapter] Pipeline applied successfully.
没有指定错误比例，仅进行原数据集的空值替换，不添加错误
已将注入错误的文件保存到: results/ctxpipe/har_ctxpipe_vzekai/har_ctxpipe_vzekai_cleaned.csv
修复准确率: 0.17134629229661627, 修复召回率: 0.030417667808394253, F1值: 0.051663880843562715
========================================
错误减少率 (EDR): 0.01341955932723276
========================================
混合距离 (Hybrid Distance): 0.27281663641801646
========================================
基于条目的错误减少率 (R-EDR): 0.01118651420780267
========================================
numeric: Index(['x', 'y', 'z'], dtype='object')
categorical: Index(['gt'], dtype='object')
列级平均RMSE (数值列, 归一化): 1.741664
  x: 1.550815
  y: 1.550926
  z: 2.123251
列级平均F1 (类别列, weighted): 0.972977
  gt: 0.972977
========================================
调试文件已保存到: results/ctxpipe/har_ctxpipe_vzekai/debug
修复准确率: 0.17134629229661627, 修复召回率: 0.030417667808394253, F1值: 0.051663880843562715
========================================
错误减少率 (EDR): 0.01341955932723276
========================================
混合距离 (Hybrid Distance): 0.27281663641801646
========================================
基于条目的错误减少率 (R-EDR): 0.01118651420780267
========================================
numeric: Index(['x', 'y', 'z'], dtype='object')
categorical: Index(['gt'], dtype='object')
列级平均RMSE (数值列, 归一化): 1.741664
  x: 1.550815
  y: 1.550926
  z: 2.123251
列级平均F1 (类别列, weighted): 0.972977
  gt: 0.972977
========================================
数据集较大 (70000 行)，对聚类评估进行采样到 10000 行
KMEANS - Silhouette: 0.6071, ARI: 0.6797 (采样)
AGGLOMERATIVE - Silhouette: 0.5897, ARI: 0.5823 (采样)

容忍度计算结果:
  P_do_nothing (脏数据性能): -0.1375
  P_demand_clean (清洗后性能): -0.0644
  P_repair_all (完全修复性能): -0.0203
  先验容忍度 (Tolerance_prior): 0.4681
  后验容忍度 (Tolerance_post): 0.6241
Snoopy模块可用，正在评估数据质量上界...
数据集较大 (70000 行)，对Snoopy评估进行采样到 10000 行
