Preprocessing missing values...
/home/qianzekai/Clean4MLBaseline/MethodsRunScript/run_ctxpipe/../../tools/insert_null.py:21: DtypeWarning: Columns (9,10,11,13,14,15,16,17,18,19,20,21,22,23,24,25,27,28,29,30,32,33,34,35,36,37,39,40,42,43,44,45,46,47,48,49,51,53,54,55,56,57,58,59,60,61,62,63,64,65,66,67,68,69,70,71,72,73,75,76,77,79,80,81,82,83,84,85,86,87,88,89,90,91,92,93,94,95,96,97,98,99,100,101,102,103,105,106,107,108,109,110,111,112,113,114,115,117,118,119,120,121,122,123,124,125,126,128,129,130,131,132,133,134,135,136,137,140,141,142,143,144,145,146,147,148,150,151,152,153,154,155,156,157,158,159,160,161,163,164,165,166,167,168,169,170,171,172,173,175,176,177,178,179,180,181,182,183,184,185,186,187,188,189,191,192,193,194,195,196,197,198,199,200,201,202,203,204,205,207,208,209,210,211,212,213,214,215,216,217,218,219,220,221,222,223,224,225,226,227,228,229,230,231,232,233,235,236,237,239,240,241,242,243,244,245,246,247,248,249,251,252,253,254,255,256,257,258,260,261,262,263,264,266,267,268,269,270,271,272,273,274,275,276,277,278,279,280,281,282,283,284,285,287,288,289,290,291,292,293,294,295,296,297,298,300,301,302,303,304,305,306,307,308,309,310,311,312,313,314,315,316,317,318,319,320,321,322,323,324,325,326,327,329,330,331,332,333,334,335,337,338,339,340,341,342,344,345,346,347,348,349,350,351,352,353,354,355,356,357,358,359,360,361,362,364,365,366,369,370,371,372,373,375,376) have mixed types. Specify dtype option on import or set low_memory=False.
  df = pd.read_csv(csv_file)

============================================================
Running CtxPipe with dirty file: Data/mercedes/dirty_index.csv
Task name: mercedes_ctxpipe_vzekai
Model tag: ctx_50000
============================================================

2026-01-31 21:21:58.540 | DEBUG    | config:makedirs:108 - making dir: /home/qianzekai/Clean4MLBaseline/logs/ctxpipe-3linear
2026-01-31 21:21:58.540 | DEBUG    | config:makedirs:108 - making dir: /home/qianzekai/Clean4MLBaseline/exp/ctxpipe-3linear
2026-01-31 21:21:58.540 | DEBUG    | config:makedirs:108 - making dir: /home/qianzekai/Clean4MLBaseline/Methods/ctxpipe/models/ctxpipe-3linear
2026-01-31 21:21:59.336 | WARNING  | ctxpipe.info:_check_and_create_empty_files:54 - creating empty info file at /home/qianzekai/Clean4MLBaseline/results/ctxpipe/mercedes_ctxpipe_vzekai/aipipe/datasetinfo.json
2026-01-31 21:21:59.336 | WARNING  | ctxpipe.info:_check_and_create_empty_files:54 - creating empty info file at /home/qianzekai/Clean4MLBaseline/results/ctxpipe/mercedes_ctxpipe_vzekai/aipipe/classification_task_dic.json
2026-01-31 21:21:59.337 | WARNING  | ctxpipe.info:_check_and_create_empty_files:61 - creating empty info file at /home/qianzekai/Clean4MLBaseline/results/ctxpipe/mercedes_ctxpipe_vzekai/aipipe/test_index.json
2026-01-31 21:22:01.549 | DEBUG    | ctxpipe.env.enviroment:step:107 - adding step ImputerNumMode...
[CtxPipe Adapter] Using device: CPU (CUDA not available)
没有指定错误比例，仅进行原数据集的空值替换，不添加错误
已将注入错误的文件保存到: Data/mercedes/clean_index.csv
没有指定错误比例，仅进行原数据集的空值替换，不添加错误
已将注入错误的文件保存到: Data/mercedes/dirty_index.csv
[CtxPipe Adapter] Detected index column. Removing for processing.
[CtxPipe Adapter] Using label column: 0 (X0)
[CtxPipe Adapter] Converted 'empty' strings to actual empty values for NaN detection.
[CtxPipe Adapter] Generating pipeline with model tag: ctx_50000
[0;33;40mstart run AIPipe:[0m
taskid: 0, predictor: <LogisticRegression>, metric: <ctxpipe.env.metric.AccuracyMetric object at 0x76c042b5e040>, default: False
DQN Forward
data torch.Size([1, 3300]) tensor([[ 4.0000,  0.8220, 12.0000,  ...,  2.0000,  0.5685,  6.0000]])
C MTML: torch.Size([1, 6]) tensor([[4.7076, 4.8318, 4.6432, 4.3995]], grad_fn=<SliceBackward0>)
C +BAS: torch.Size([1, 6]) tensor([[5.1295, 5.4575, 4.6517, 4.9579]], grad_fn=<SliceBackward0>)
C GATE: torch.Size([1, 6]) tensor([[0.9941, 0.9958, 0.9905, 0.9930]], grad_fn=<SliceBackward0>)
----------------------------------------
Before gate: tensor([ 0.9424,  0.1030,  0.9068, -0.5409,  0.9090,  0.9786],
       grad_fn=<SelectBackward0>)
Context: tensor([ 0.9673,  0.0086,  0.9728, -0.9835,  0.9805,  0.9322],
       grad_fn=<SelectBackward0>)
Gate: tensor([0.9941, 0.9958, 0.9905, 0.9930, 0.9933, 0.9970],
       grad_fn=<SelectBackward0>)
Context after gate: tensor([ 0.9675,  0.0128,  0.9730, -0.9697,  0.9806,  0.9324],
       grad_fn=<SelectBackward0>)
With context: tensor([0.9118, 0.0013, 0.8823, 0.5245, 0.8914, 0.9125],
       grad_fn=<SelectBackward0>)
RnnDQN Forward
C MTML: torch.Size([1, 3]) tensor([[2.7552, 2.7346, 3.1559]], grad_fn=<SliceBackward0>)
C +BAS: torch.Size([1, 3]) tensor([[3.1381, 3.4280, 4.0377]], grad_fn=<SliceBackward0>)
C GATE: torch.Size([1, 3]) tensor([[0.9584, 0.9686, 0.9827]], grad_fn=<SliceBackward0>)
----------------------------------------
Before gate: tensor([0.7654, 0.7515, 0.7554], grad_fn=<SelectBackward0>)
Context: tensor([0.9151, 0.9271, 0.9364], grad_fn=<SelectBackward0>)
Gate: tensor([0.9584, 0.9686, 0.9827], grad_fn=<SelectBackward0>)
Context after gate: tensor([0.9187, 0.9294, 0.9375], grad_fn=<SelectBackward0>)
With context: tensor([0.7032, 0.6984, 0.7082], grad_fn=<SelectBackward0>)
executing function _do_add_step
2026-01-31 21:22:02.838 | DEBUG    | ctxpipe.env.enviroment:step:107 - adding step ImputerCatMode...
executing function _do_add_step
2026-01-31 21:22:04.489 | DEBUG    | ctxpipe.env.enviroment:step:107 - adding step LabelEncoder...
RnnDQN Forward
C MTML: torch.Size([1, 3]) tensor([[1.3587, 1.8578, 1.3874]], grad_fn=<SliceBackward0>)
C +BAS: torch.Size([1, 3]) tensor([[2.2897, 2.9095, 2.6113]], grad_fn=<SliceBackward0>)
C GATE: torch.Size([1, 3]) tensor([[0.9080, 0.9483, 0.9316]], grad_fn=<SliceBackward0>)
----------------------------------------
Before gate: tensor([ 0.6718,  0.7808, -0.0703], grad_fn=<SelectBackward0>)
Context: tensor([ 0.8942,  0.9007, -0.9308], grad_fn=<SelectBackward0>)
Gate: tensor([0.9080, 0.9483, 0.9316], grad_fn=<SelectBackward0>)
Context after gate: tensor([ 0.9039,  0.9058, -0.7987], grad_fn=<SelectBackward0>)
With context: tensor([0.6072, 0.7072, 0.0562], grad_fn=<SelectBackward0>)
executing function _do_add_step
2026-01-31 21:22:06.139 | DEBUG    | ctxpipe.env.enviroment:step:107 - adding step blank...
RnnDQN Forward
C MTML: torch.Size([1, 2]) tensor([[-7.2930, -8.0280]], grad_fn=<SliceBackward0>)
C +BAS: torch.Size([1, 2]) tensor([[-5.3837, -6.1831]], grad_fn=<SliceBackward0>)
C GATE: torch.Size([1, 2]) tensor([[0.0046, 0.0021]], grad_fn=<SliceBackward0>)
----------------------------------------
Before gate: tensor([0.6932, 0.7176], grad_fn=<SelectBackward0>)
Context: tensor([0.0043, 0.0020], grad_fn=<SelectBackward0>)
Gate: tensor([0.0046, 0.0021], grad_fn=<SelectBackward0>)
Context after gate: tensor([0.9955, 0.9979], grad_fn=<SelectBackward0>)
With context: tensor([0.6900, 0.7161], grad_fn=<SelectBackward0>)
executing function _do_add_step
2026-01-31 21:22:07.852 | DEBUG    | ctxpipe.env.enviroment:step:107 - adding step PowerTransformer...
RnnDQN Forward
C MTML: torch.Size([1, 9]) tensor([[8.2473, 7.6261, 7.3744, 7.6125]], grad_fn=<SliceBackward0>)
C +BAS: torch.Size([1, 9]) tensor([[8.7135, 7.9194, 7.8710, 7.8627]], grad_fn=<SliceBackward0>)
C GATE: torch.Size([1, 9]) tensor([[0.9998, 0.9996, 0.9996, 0.9996]], grad_fn=<SliceBackward0>)
----------------------------------------
Before gate: tensor([ 0.6558,  0.5212,  0.4747,  0.6151, -0.1758,  0.7510,  0.6309,  0.6486,
        -0.3303], grad_fn=<SelectBackward0>)
Context: tensor([ 0.9760,  0.9317,  0.9311,  0.9784, -0.9843,  0.9429,  0.9826,  0.9850,
        -0.9803], grad_fn=<SelectBackward0>)
Gate: tensor([0.9998, 0.9996, 0.9996, 0.9996, 0.9995, 0.9998, 0.9998, 0.9999, 0.9996],
       grad_fn=<SelectBackward0>)
Context after gate: tensor([ 0.9760,  0.9317,  0.9311,  0.9784, -0.9834,  0.9429,  0.9826,  0.9850,
        -0.9795], grad_fn=<SelectBackward0>)
With context: tensor([0.6400, 0.4856, 0.4420, 0.6018, 0.1729, 0.7081, 0.6199, 0.6389, 0.3236],
       grad_fn=<SelectBackward0>)
executing function _do_add_step
2026-01-31 21:22:11.071 | DEBUG    | ctxpipe.env.enviroment:step:107 - adding step RandomTreesEmbedding...
RnnDQN Forward
C MTML: torch.Size([1, 8]) tensor([[4.1858, 3.4315, 4.2973, 3.6287]], grad_fn=<SliceBackward0>)
C +BAS: torch.Size([1, 8]) tensor([[4.5517, 4.0438, 4.6580, 4.0023]], grad_fn=<SliceBackward0>)
C GATE: torch.Size([1, 8]) tensor([[0.9896, 0.9828, 0.9906, 0.9821]], grad_fn=<SliceBackward0>)
----------------------------------------
Before gate: tensor([ 0.6391,  0.6874,  0.8033, -0.2515,  0.4259,  0.5099,  0.8429, -0.1742],
       grad_fn=<SelectBackward0>)
Context: tensor([ 0.9139,  0.8864,  0.8497, -0.9677,  0.9643,  0.9752,  0.8989, -0.9789],
       grad_fn=<SelectBackward0>)
Gate: tensor([0.9896, 0.9828, 0.9906, 0.9821, 0.9883, 0.9843, 0.9830, 0.9866],
       grad_fn=<SelectBackward0>)
Context after gate: tensor([ 0.9148,  0.8883,  0.8512, -0.9323,  0.9647,  0.9755,  0.9006, -0.9523],
       grad_fn=<SelectBackward0>)
With context: tensor([0.5847, 0.6106, 0.6837, 0.2345, 0.4108, 0.4975, 0.7591, 0.1659],
       grad_fn=<SelectBackward0>)
executing function _do_add_step
2026-01-31 21:22:12.442 | INFO     | ctxpipe.env.pipeline:evaluate:290 - evaluating [<ImputerNumMode>, <ImputerCatMode>, <LabelEncoder>, <blank>, <PowerTransformer>, <RandomTreesEmbedding>] using predictor LogisticRegression...
2026-01-31 21:22:12.638 | ERROR    | ctxpipe.env.pipeline:evaluate:320 - evaluating [<ImputerNumMode>, <ImputerCatMode>, <LabelEncoder>, <blank>, <PowerTransformer>, <RandomTreesEmbedding>] using predictor LogisticRegression failed with error cannot unpack non-iterable FunctionTimedOut object

CtxPipe output saved to: results/ctxpipe/mercedes_ctxpipe_vzekai/mercedes_ctxpipe_vzekai_cleaned.csv
Pipeline info saved to: results/ctxpipe/mercedes_ctxpipe_vzekai/mercedes_ctxpipe_vzekai_pipeline_info.txt

============================================================
CtxPipe Results:
============================================================
AI Sequence: ['ImputerNumMode', 'ImputerCatMode', 'LabelEncoder', 'blank', 'PowerTransformer', 'RandomTreesEmbedding']
ML Score: -1.0000
Execution Time: 16.16 seconds
============================================================

============================================================
Traditional Data Cleaning Evaluation
Note: CtxPipe is designed for ML data preparation,
      traditional cleaning metrics may not be applicable.
============================================================
taskid: 0, predictor: <RandomForestClassifier>, metric: <ctxpipe.env.metric.AccuracyMetric object at 0x76c042b5e040>, default: False
DQN Forward
data torch.Size([1, 3300]) tensor([[ 4.0000,  0.8220, 12.0000,  ...,  2.0000,  0.5685,  6.0000]])
C MTML: torch.Size([1, 6]) tensor([[4.6554, 4.7770, 4.5923, 4.3496]], grad_fn=<SliceBackward0>)
C +BAS: torch.Size([1, 6]) tensor([[5.0773, 5.4028, 4.6008, 4.9081]], grad_fn=<SliceBackward0>)
C GATE: torch.Size([1, 6]) tensor([[0.9938, 0.9955, 0.9901, 0.9927]], grad_fn=<SliceBackward0>)
----------------------------------------
Before gate: tensor([ 0.9410,  0.1018,  0.9049, -0.5388,  0.9073,  0.9779],
       grad_fn=<SelectBackward0>)
Context: tensor([ 0.9670,  0.0086,  0.9723, -0.9832,  0.9801,  0.9321],
       grad_fn=<SelectBackward0>)
Gate: tensor([0.9938, 0.9955, 0.9901, 0.9927, 0.9930, 0.9968],
       grad_fn=<SelectBackward0>)
Context after gate: tensor([ 0.9672,  0.0130,  0.9726, -0.9686,  0.9803,  0.9323],
       grad_fn=<SelectBackward0>)
With context: tensor([0.9101, 0.0013, 0.8801, 0.5219, 0.8894, 0.9117],
       grad_fn=<SelectBackward0>)
[0;32;40msucceed[0m


dataset: mercedes_ctxpipe_vzekai
accuracy of AIPipe: -1
[CtxPipe Adapter] Applying generated pipeline to data...
[CtxPipe Adapter] Data shape: (4209, 376), Num cols: 369, Cat cols: 7
[CtxPipe Adapter] Num columns: ['X10', 'X11', 'X12', 'X13', 'X14', 'X15', 'X16', 'X17', 'X18', 'X19', 'X20', 'X21', 'X22', 'X23', 'X24', 'X26', 'X27', 'X28', 'X29', 'X30', 'X31', 'X32', 'X33', 'X34', 'X35', 'X36', 'X37', 'X38', 'X39', 'X40', 'X41', 'X42', 'X43', 'X44', 'X45', 'X46', 'X47', 'X48', 'X49', 'X50', 'X51', 'X52', 'X53', 'X54', 'X55', 'X56', 'X57', 'X58', 'X59', 'X60', 'X61', 'X62', 'X63', 'X64', 'X65', 'X66', 'X67', 'X68', 'X69', 'X70', 'X71', 'X73', 'X74', 'X75', 'X76', 'X77', 'X78', 'X79', 'X80', 'X81', 'X82', 'X83', 'X84', 'X85', 'X86', 'X87', 'X88', 'X89', 'X90', 'X91', 'X92', 'X93', 'X94', 'X95', 'X96', 'X97', 'X98', 'X99', 'X100', 'X101', 'X102', 'X103', 'X104', 'X105', 'X106', 'X107', 'X108', 'X109', 'X110', 'X111', 'X112', 'X113', 'X114', 'X115', 'X116', 'X117', 'X118', 'X119', 'X120', 'X122', 'X123', 'X124', 'X125', 'X126', 'X127', 'X128', 'X129', 'X130', 'X131', 'X132', 'X133', 'X134', 'X135', 'X136', 'X137', 'X138', 'X139', 'X140', 'X141', 'X142', 'X143', 'X144', 'X145', 'X146', 'X147', 'X148', 'X150', 'X151', 'X152', 'X153', 'X154', 'X155', 'X156', 'X157', 'X158', 'X159', 'X160', 'X161', 'X162', 'X163', 'X164', 'X165', 'X166', 'X167', 'X168', 'X169', 'X170', 'X171', 'X172', 'X173', 'X174', 'X175', 'X176', 'X177', 'X178', 'X179', 'X180', 'X181', 'X182', 'X183', 'X184', 'X185', 'X186', 'X187', 'X189', 'X190', 'X191', 'X192', 'X194', 'X195', 'X196', 'X197', 'X198', 'X199', 'X200', 'X201', 'X202', 'X203', 'X204', 'X205', 'X206', 'X207', 'X208', 'X209', 'X210', 'X211', 'X212', 'X213', 'X214', 'X215', 'X216', 'X217', 'X218', 'X219', 'X220', 'X221', 'X222', 'X223', 'X224', 'X225', 'X226', 'X227', 'X228', 'X229', 'X230', 'X231', 'X232', 'X233', 'X234', 'X235', 'X236', 'X237', 'X238', 'X239', 'X240', 'X241', 'X242', 'X243', 'X244', 'X245', 'X246', 'X247', 'X248', 'X249', 'X250', 'X251', 'X252', 'X253', 'X254', 'X255', 'X256', 'X257', 'X258', 'X259', 'X260', 'X261', 'X262', 'X263', 'X264', 'X265', 'X266', 'X267', 'X268', 'X269', 'X270', 'X271', 'X272', 'X273', 'X274', 'X275', 'X276', 'X277', 'X278', 'X279', 'X280', 'X281', 'X282', 'X283', 'X284', 'X285', 'X286', 'X287', 'X288', 'X289', 'X290', 'X291', 'X292', 'X293', 'X294', 'X295', 'X296', 'X297', 'X298', 'X299', 'X300', 'X301', 'X302', 'X304', 'X305', 'X306', 'X307', 'X308', 'X309', 'X310', 'X311', 'X312', 'X313', 'X314', 'X315', 'X316', 'X317', 'X318', 'X319', 'X320', 'X321', 'X322', 'X323', 'X324', 'X325', 'X326', 'X327', 'X328', 'X329', 'X330', 'X331', 'X332', 'X333', 'X334', 'X335', 'X336', 'X337', 'X338', 'X339', 'X340', 'X341', 'X342', 'X343', 'X344', 'X345', 'X346', 'X347', 'X348', 'X349', 'X350', 'X351', 'X352', 'X353', 'X354', 'X355', 'X356', 'X357', 'X358', 'X359', 'X360', 'X361', 'X362', 'X363', 'X364', 'X365', 'X366', 'X367', 'X368', 'X369', 'X370', 'X371', 'X372', 'X373', 'X374', 'X375', 'X376', 'X377', 'X378', 'X379', 'X380', 'X382', 'X383', 'X384', 'X385', 'y']
[CtxPipe Adapter] AI Sequence: ['ImputerNumMode', 'ImputerCatMode', 'LabelEncoder', 'blank', 'PowerTransformer', 'RandomTreesEmbedding']
[CtxPipe Adapter] Applied ImputerNum (median)
[CtxPipe Adapter] Applied ImputerCat (most_frequent)
[CtxPipe Adapter] Skipped LabelEncoder (not imputation, would change data values)
[CtxPipe Adapter] Skipped PowerTransformer (not imputation, would change data values)
[CtxPipe Adapter] Skipped RandomTreesEmbedding (not imputation, would change data values)
[CtxPipe Adapter] Pipeline applied successfully.
没有指定错误比例，仅进行原数据集的空值替换，不添加错误
已将注入错误的文件保存到: results/ctxpipe/mercedes_ctxpipe_vzekai/mercedes_ctxpipe_vzekai_cleaned.csv
修复准确率: 0.902744630071599, 修复召回率: 0.005024458118999625, F1值: 0.009993295970207216
========================================
错误减少率 (EDR): 0.005024458118999625
========================================
混合距离 (Hybrid Distance): 0.4700207015725791
========================================
基于条目的错误减少率 (R-EDR): 0.0
========================================
numeric: Index(['X10', 'X11', 'X12', 'X13', 'X14', 'X15', 'X16', 'X17', 'X18', 'X19',
       ...
       'X376', 'X377', 'X378', 'X379', 'X380', 'X382', 'X383', 'X384', 'X385',
       'y'],
      dtype='object', length=369)
categorical: Index(['X0', 'X1', 'X2', 'X3', 'X4', 'X5', 'X6', 'X8'], dtype='object')
列级平均RMSE (数值列, 归一化): 1.724759
  X10: 1.826341
  X11: 0.000000
  X12: 1.809436
  X13: 1.814682
  X14: 1.783430
  X15: 1.787550
  X16: 1.664332
  X17: 1.864117
  X18: 1.721177
  X19: 1.763747
  X20: 1.694368
  X21: 1.847112
  X22: 1.911248
  X23: 1.744048
  X24: 1.889363
  X26: 1.790279
  X27: 1.781752
  X28: 1.772429
  X29: 1.731592
  X30: 1.774767
  X31: 1.790590
  X32: 1.869317
  X33: 1.816714
  X34: 1.807524
  X35: 1.836667
  X36: 1.797107
  X37: 1.813176
  X38: 1.845846
  X39: 1.836808
  X40: 1.817522
  X41: 1.780578
  X42: 1.807380
  X43: 1.712577
  X44: 1.698139
  X45: 1.723929
  X46: 1.792892
  X47: 1.800559
  X48: 1.746613
  X49: 1.785951
  X50: 1.762936
  X51: 1.868731
  X52: 1.841306
  X53: 1.723854
  X54: 1.749498
  X55: 1.773973
  X56: 1.795639
  X57: 1.818774
  X58: 1.803400
  X59: 1.757533
  X60: 1.698914
  X61: 1.735996
  X62: 1.814072
  X63: 1.744234
  X64: 1.848378
  X65: 1.766275
  X66: 1.804823
  X67: 1.830775
  X68: 1.815676
  X69: 1.791915
  X70: 1.760858
  X71: 1.803588
  X73: 1.798587
  X74: 1.724129
  X75: 1.753206
  X76: 1.941261
  X77: 1.793580
  X78: 1.847735
  X79: 1.731721
  X80: 1.800404
  X81: 1.787502
  X82: 1.735511
  X83: 1.762019
  X84: 1.789050
  X85: 1.846382
  X86: 1.805518
  X87: 1.850562
  X88: 1.835200
  X89: 1.735467
  X90: 1.777148
  X91: 1.779178
  X92: 1.787165
  X93: 0.000000
  X94: 1.797461
  X95: 1.774412
  X96: 1.837773
  X97: 1.777325
  X98: 1.746080
  X99: 1.709787
  X100: 1.833428
  X101: 1.740021
  X102: 1.735213
  X103: 1.754491
  X104: 1.748695
  X105: 1.767817
  X106: 1.870048
  X107: 0.000000
  X108: 1.804136
  X109: 1.792425
  X110: 1.735466
  X111: 1.864338
  X112: 1.844619
  X113: 1.930623
  X114: 1.725632
  X115: 1.814527
  X116: 1.801779
  X117: 1.717014
  X118: 1.758598
  X119: 1.759833
  X120: 1.833005
  X122: 1.753150
  X123: 1.829286
  X124: 1.832703
  X125: 1.839697
  X126: 1.746504
  X127: 1.793166
  X128: 1.792197
  X129: 1.751938
  X130: 1.900093
  X131: 1.845911
  X132: 1.880462
  X133: 1.766068
  X134: 1.673716
  X135: 1.867009
  X136: 1.729337
  X137: 1.740715
  X138: 1.735645
  X139: 1.820093
  X140: 1.700395
  X141: 1.848818
  X142: 1.796476
  X143: 1.835699
  X144: 1.751378
  X145: 1.757489
  X146: 1.754424
  X147: 1.799901
  X148: 1.758528
  X150: 1.787353
  X151: 1.806551
  X152: 1.692979
  X153: 1.835184
  X154: 1.749969
  X155: 1.739547
  X156: 1.891212
  X157: 1.662607
  X158: 1.778881
  X159: 1.856547
  X160: 1.848080
  X161: 1.801758
  X162: 1.712949
  X163: 1.770932
  X164: 1.776790

Traditional Evaluation Results:
Accuracy: 0.902744630071599
Recall: 0.005024458118999625
F1 Score: 0.009993295970207216
EDR: 0.005024458118999625
Hybrid Distance: 0.4700207015725791
R-EDR: 0.0
Time: 16.16s
Speed: 0.3839 seconds/100num

============================================================
调用统一测评模块 getScoreML
============================================================
  X165: 1.775626
  X166: 1.802817
  X167: 1.745564
  X168: 1.726149
  X169: 1.777672
  X170: 1.784126
  X171: 1.811108
  X172: 1.797415
  X173: 1.823475
  X174: 1.755763
  X175: 1.912317
  X176: 1.789083
  X177: 1.880305
  X178: 1.807909
  X179: 1.720730
  X180: 1.748375
  X181: 1.809614
  X182: 1.833676
  X183: 1.807541
  X184: 1.809527
  X185: 1.891342
  X186: 1.794443
  X187: 1.817887
  X189: 1.832743
  X190: 1.779522
  X191: 1.766920
  X192: 1.817934
  X194: 1.870134
  X195: 1.809849
  X196: 1.819831
  X197: 1.823581
  X198: 1.828200
  X199: 1.768392
  X200: 1.809130
  X201: 1.797312
  X202: 1.833918
  X203: 1.840469
  X204: 1.762775
  X205: 1.767310
  X206: 1.863749
  X207: 1.755242
  X208: 1.814272
  X209: 1.755907
  X210: 1.781874
  X211: 1.713912
  X212: 1.713759
  X213: 1.776953
  X214: 1.727572
  X215: 1.840221
  X216: 1.766904
  X217: 1.856014
  X218: 1.785465
  X219: 1.688382
  X220: 1.768045
  X221: 1.835679
  X222: 1.828506
  X223: 1.780934
  X224: 1.710664
  X225: 1.804029
  X226: 1.798493
  X227: 1.719544
  X228: 1.695300
  X229: 1.705574
  X230: 1.819818
  X231: 1.701182
  X232: 1.787588
  X233: 0.000000
  X234: 1.784166
  X235: 0.000000
  X236: 1.719804
  X237: 1.729271
  X238: 1.788677
  X239: 1.823737
  X240: 1.672865
  X241: 1.819065
  X242: 1.863838
  X243: 1.841836
  X244: 1.826374
  X245: 1.844377
  X246: 1.846690
  X247: 1.781125
  X248: 1.822182
  X249: 1.840112
  X250: 1.752260
  X251: 1.750571
  X252: 1.721077
  X253: 1.618366
  X254: 1.764627
  X255: 1.775267
  X256: 1.827148
  X257: 1.810420
  X258: 1.830382
  X259: 1.790581
  X260: 1.869017
  X261: 1.853052
  X262: 1.763459
  X263: 1.830840
  X264: 1.679105
  X265: 1.783257
  X266: 1.815894
  X267: 1.756066
  X268: 0.000000
  X269: 1.769309
  X270: 1.799690
  X271: 1.791896
  X272: 1.867634
  X273: 1.803890
  X274: 1.787691
  X275: 1.805689
  X276: 1.699771
  X277: 1.822851
  X278: 1.787892
  X279: 1.789037
  X280: 1.835753
  X281: 1.722037
  X282: 1.748376
  X283: 1.755810
  X284: 1.768749
  X285: 1.806665
  X286: 1.730109
  X287: 1.737355
  X288: 1.756737
  X289: 0.000000
  X290: 0.000000
  X291: 1.870339
  X292: 1.785585
  X293: 0.000000
  X294: 1.794801
  X295: 1.834029
  X296: 1.753336
  X297: 0.000000
  X298: 1.750072
  X299: 1.804662
  X300: 1.751034
  X301: 1.842430
  X302: 1.758976
  X304: 1.895127
  X305: 1.901941
  X306: 1.754184
  X307: 1.839046
  X308: 1.755033
  X309: 1.810461
  X310: 1.829028
  X311: 1.879248
  X312: 1.764412
  X313: 1.680801
  X314: 1.661515
  X315: 1.788152
  X316: 1.736923
  X317: 1.726284
  X318: 1.889874
  X319: 1.835850
  X320: 1.798839
  X321: 1.756688
  X322: 1.801755
  X323: 1.777898
  X324: 1.753660
  X325: 1.763714
  X326: 1.784164
  X327: 1.811772
  X328: 1.826704
  X329: 1.748546
  X330: 0.000000
  X331: 1.742554
  X332: 1.711004
  X333: 1.810468
  X334: 1.732757
  X335: 1.805878
  X336: 1.831139
  X337: 1.812385
  X338: 1.730751
  X339: 1.811792
  X340: 1.806114
  X341: 1.757163
  X342: 1.798750
  X343: 1.736910
  X344: 1.814788
  X345: 1.839567
  X346: 1.820652
  X347: 0.000000
  X348: 1.794166
  X349: 1.718191
  X350: 1.739444
  X351: 1.719202
  X352: 1.730923
  X353: 1.845583
  X354: 1.786881
  X355: 1.771916
  X356: 1.717662
  X357: 1.800048
  X358: 1.774963
  X359: 1.796247
  X360: 1.801063
  X361: 1.815287
  X362: 1.705920
  X363: 1.756385
  X364: 1.793307
  X365: 1.816869
  X366: 1.723002
  X367: 1.784435
  X368: 1.771690
  X369: 1.799809
  X370: 1.841785
  X371: 1.814717
  X372: 1.752780
  X373: 1.806170
  X374: 1.834981
  X375: 1.723951
  X376: 1.888606
  X377: 1.744855
  X378: 1.819952
  X379: 1.769791
  X380: 1.825417
  X382: 1.751809
  X383: 1.762120
  X384: 1.773770
  X385: 1.823523
  y: 0.000000
列级平均F1 (类别列, weighted): 0.999272
  X0: 0.999641
  X1: 0.998336
  X2: 0.999285
  X3: 0.999525
  X4: 1.000000
  X5: 0.999052
  X6: 0.999287
  X8: 0.999051
========================================
调试文件已保存到: results/ctxpipe/mercedes_ctxpipe_vzekai/debug
修复准确率: 0.902744630071599, 修复召回率: 0.005024458118999625, F1值: 0.009993295970207216
========================================
错误减少率 (EDR): 0.005024458118999625
========================================
混合距离 (Hybrid Distance): 0.4700207015725791
========================================
基于条目的错误减少率 (R-EDR): 0.0
========================================
numeric: Index(['X10', 'X11', 'X12', 'X13', 'X14', 'X15', 'X16', 'X17', 'X18', 'X19',
       ...
       'X376', 'X377', 'X378', 'X379', 'X380', 'X382', 'X383', 'X384', 'X385',
       'y'],
      dtype='object', length=369)
categorical: Index(['X0', 'X1', 'X2', 'X3', 'X4', 'X5', 'X6', 'X8'], dtype='object')
列级平均RMSE (数值列, 归一化): 1.724759
  X10: 1.826341
  X11: 0.000000
  X12: 1.809436
  X13: 1.814682
  X14: 1.783430
  X15: 1.787550
  X16: 1.664332
  X17: 1.864117
  X18: 1.721177
  X19: 1.763747
  X20: 1.694368
  X21: 1.847112
  X22: 1.911248
  X23: 1.744048
  X24: 1.889363
  X26: 1.790279
  X27: 1.781752
  X28: 1.772429
  X29: 1.731592
  X30: 1.774767
  X31: 1.790590
  X32: 1.869317
  X33: 1.816714
  X34: 1.807524
  X35: 1.836667
  X36: 1.797107
  X37: 1.813176
  X38: 1.845846
  X39: 1.836808
  X40: 1.817522
  X41: 1.780578
  X42: 1.807380
  X43: 1.712577
  X44: 1.698139
  X45: 1.723929
  X46: 1.792892
  X47: 1.800559
  X48: 1.746613
  X49: 1.785951
  X50: 1.762936
  X51: 1.868731
  X52: 1.841306
  X53: 1.723854
  X54: 1.749498
  X55: 1.773973
  X56: 1.795639
  X57: 1.818774
  X58: 1.803400
  X59: 1.757533
  X60: 1.698914
  X61: 1.735996
  X62: 1.814072
  X63: 1.744234
  X64: 1.848378
  X65: 1.766275
  X66: 1.804823
  X67: 1.830775
  X68: 1.815676
  X69: 1.791915
  X70: 1.760858
  X71: 1.803588
  X73: 1.798587
  X74: 1.724129
  X75: 1.753206
  X76: 1.941261
  X77: 1.793580
  X78: 1.847735
  X79: 1.731721
  X80: 1.800404
  X81: 1.787502
  X82: 1.735511
  X83: 1.762019
  X84: 1.789050
  X85: 1.846382
  X86: 1.805518
  X87: 1.850562
  X88: 1.835200
  X89: 1.735467
  X90: 1.777148
  X91: 1.779178
  X92: 1.787165
  X93: 0.000000
  X94: 1.797461
  X95: 1.774412
  X96: 1.837773
  X97: 1.777325
  X98: 1.746080
  X99: 1.709787
  X100: 1.833428
  X101: 1.740021
  X102: 1.735213
  X103: 1.754491
  X104: 1.748695
  X105: 1.767817
  X106: 1.870048
  X107: 0.000000
  X108: 1.804136
  X109: 1.792425
  X110: 1.735466
  X111: 1.864338
  X112: 1.844619
  X113: 1.930623
  X114: 1.725632
  X115: 1.814527
  X116: 1.801779
  X117: 1.717014
  X118: 1.758598
  X119: 1.759833
  X120: 1.833005
  X122: 1.753150
  X123: 1.829286
  X124: 1.832703
  X125: 1.839697
  X126: 1.746504
  X127: 1.793166
  X128: 1.792197
  X129: 1.751938
  X130: 1.900093
  X131: 1.845911
  X132: 1.880462
  X133: 1.766068
  X134: 1.673716
  X135: 1.867009
  X136: 1.729337
  X137: 1.740715
  X138: 1.735645
  X139: 1.820093
  X140: 1.700395
  X141: 1.848818
  X142: 1.796476
  X143: 1.835699
  X144: 1.751378
  X145: 1.757489
  X146: 1.754424
  X147: 1.799901
  X148: 1.758528
  X150: 1.787353
  X151: 1.806551
  X152: 1.692979
  X153: 1.835184
  X154: 1.749969
  X155: 1.739547
  X156: 1.891212
  X157: 1.662607
  X158: 1.778881
  X159: 1.856547
  X160: 1.848080
  X161: 1.801758
  X162: 1.712949
  X163: 1.770932
  X164: 1.776790
  X165: 1.775626
  X166: 1.802817
  X167: 1.745564
  X168: 1.726149
  X169: 1.777672
  X170: 1.784126
  X171: 1.811108
  X172: 1.797415
  X173: 1.823475
  X174: 1.755763
  X175: 1.912317
  X176: 1.789083
  X177: 1.880305
  X178: 1.807909
  X179: 1.720730
  X180: 1.748375
  X181: 1.809614
  X182: 1.833676
  X183: 1.807541
  X184: 1.809527
  X185: 1.891342
  X186: 1.794443
  X187: 1.817887
  X189: 1.832743
  X190: 1.779522
  X191: 1.766920
  X192: 1.817934
  X194: 1.870134
  X195: 1.809849
  X196: 1.819831
  X197: 1.823581
  X198: 1.828200
  X199: 1.768392
  X200: 1.809130
  X201: 1.797312
  X202: 1.833918
  X203: 1.840469
  X204: 1.762775
  X205: 1.767310
  X206: 1.863749
  X207: 1.755242
  X208: 1.814272
  X209: 1.755907
  X210: 1.781874
  X211: 1.713912
  X212: 1.713759
  X213: 1.776953
  X214: 1.727572
  X215: 1.840221
  X216: 1.766904
  X217: 1.856014
  X218: 1.785465
  X219: 1.688382
  X220: 1.768045
  X221: 1.835679
  X222: 1.828506
[1;34m[21:28:28][0m[1;33m WARNING Snoopy may use all CPU cores! Set env. variable 'SNOOPY_LIMIT_CPU' to 'y' to limit CPU usage. [0m[1;34m(__init__ -> _init_tf_pytorch on MainThread)[0m
MethodsRunScript/run_ctxpipe/run.sh：行 99: 2282459 已杀死               python MethodsRunScript/run_ctxpipe/run_ctxpipe_base.py --dirty_path Data/mercedes/dirty_index.csv --clean_path Data/mercedes/clean_index.csv --task_name mercedes_ctxpipe_vzekai --output_path results/ctxpipe/ --index_attribute index --label_index 1 --label_column y --task_type regression --models rf lr ridge lasso knn gb --model_tag ctx_50000 --mse_attributes y
