Preprocessing missing values...

============================================================
Running CtxPipe with dirty file: Data/nasa/dirty_index.csv
Task name: nasa_ctxpipe_vzekai
Model tag: ctx_50000
============================================================

2026-01-31 23:43:27.333 | DEBUG    | config:makedirs:108 - making dir: /home/qianzekai/Clean4MLBaseline/logs/ctxpipe-3linear
2026-01-31 23:43:27.333 | DEBUG    | config:makedirs:108 - making dir: /home/qianzekai/Clean4MLBaseline/exp/ctxpipe-3linear
2026-01-31 23:43:27.334 | DEBUG    | config:makedirs:108 - making dir: /home/qianzekai/Clean4MLBaseline/Methods/ctxpipe/models/ctxpipe-3linear
2026-01-31 23:43:27.351 | WARNING  | ctxpipe.info:_check_and_create_empty_files:54 - creating empty info file at /home/qianzekai/Clean4MLBaseline/results/ctxpipe/nasa_ctxpipe_vzekai/aipipe/datasetinfo.json
2026-01-31 23:43:27.352 | WARNING  | ctxpipe.info:_check_and_create_empty_files:54 - creating empty info file at /home/qianzekai/Clean4MLBaseline/results/ctxpipe/nasa_ctxpipe_vzekai/aipipe/classification_task_dic.json
2026-01-31 23:43:27.352 | WARNING  | ctxpipe.info:_check_and_create_empty_files:61 - creating empty info file at /home/qianzekai/Clean4MLBaseline/results/ctxpipe/nasa_ctxpipe_vzekai/aipipe/test_index.json
2026-01-31 23:43:27.958 | DEBUG    | ctxpipe.env.enviroment:step:107 - adding step blank...
[CtxPipe Adapter] Using device: CPU (CUDA not available)
没有指定错误比例，仅进行原数据集的空值替换，不添加错误
已将注入错误的文件保存到: Data/nasa/clean_index.csv
没有指定错误比例，仅进行原数据集的空值替换，不添加错误
已将注入错误的文件保存到: Data/nasa/dirty_index.csv
[CtxPipe Adapter] Detected index column. Removing for processing.
[CtxPipe Adapter] Using label column: 4 (thickness)
[CtxPipe Adapter] Converted 'empty' strings to actual empty values for NaN detection.
[CtxPipe Adapter] Generating pipeline with model tag: ctx_50000
[0;33;40mstart run AIPipe:[0m
taskid: 0, predictor: <LogisticRegression>, metric: <ctxpipe.env.metric.AccuracyMetric object at 0x7faedcf9a040>, default: False
DQN Forward
data torch.Size([1, 3300]) tensor([[ 4.0000,  0.5869, 11.0000,  ...,  0.0000,  0.0000,  0.0000]])
C MTML: torch.Size([1, 6]) tensor([[1.7733, 1.9370, 1.8303, 1.7881]], grad_fn=<SliceBackward0>)
C +BAS: torch.Size([1, 6]) tensor([[2.1952, 2.5627, 1.8388, 2.3466]], grad_fn=<SliceBackward0>)
C GATE: torch.Size([1, 6]) tensor([[0.8998, 0.9284, 0.8628, 0.9127]], grad_fn=<SliceBackward0>)
----------------------------------------
Before gate: tensor([ 0.4915, -0.0651,  0.3847, -0.1513,  0.4299,  0.6653],
       grad_fn=<SelectBackward0>)
Context: tensor([ 0.8833,  0.2165,  0.8499, -0.9014,  0.8796,  0.8989],
       grad_fn=<SelectBackward0>)
Gate: tensor([0.8998, 0.9284, 0.8628, 0.9127, 0.8925, 0.9265],
       grad_fn=<SelectBackward0>)
Context after gate: tensor([ 0.8950,  0.2726,  0.8705, -0.7353,  0.8926,  0.9063],
       grad_fn=<SelectBackward0>)
With context: tensor([ 0.4399, -0.0178,  0.3349,  0.1112,  0.3837,  0.6029],
       grad_fn=<SelectBackward0>)
executing function _do_add_step
2026-01-31 23:43:28.304 | DEBUG    | ctxpipe.env.enviroment:step:107 - adding step ImputerCatMode...
executing function _do_add_step
2026-01-31 23:43:28.960 | DEBUG    | ctxpipe.env.enviroment:step:107 - adding step LabelEncoder...
RnnDQN Forward
C MTML: torch.Size([1, 3]) tensor([[3.7154, 3.9889, 3.6754]], grad_fn=<SliceBackward0>)
C +BAS: torch.Size([1, 3]) tensor([[4.6464, 5.0406, 4.8993]], grad_fn=<SliceBackward0>)
C GATE: torch.Size([1, 3]) tensor([[0.9905, 0.9936, 0.9926]], grad_fn=<SliceBackward0>)
----------------------------------------
Before gate: tensor([ 0.5105,  0.7109, -0.1993], grad_fn=<SelectBackward0>)
Context: tensor([ 0.9747,  0.9153, -0.9918], grad_fn=<SelectBackward0>)
Gate: tensor([0.9905, 0.9936, 0.9926], grad_fn=<SelectBackward0>)
Context after gate: tensor([ 0.9749,  0.9158, -0.9771], grad_fn=<SelectBackward0>)
With context: tensor([0.4977, 0.6510, 0.1947], grad_fn=<SelectBackward0>)
executing function _do_add_step
2026-01-31 23:43:29.475 | DEBUG    | ctxpipe.env.enviroment:step:107 - adding step blank...
RnnDQN Forward
C MTML: torch.Size([1, 2]) tensor([[4.2498, 4.0531]], grad_fn=<SliceBackward0>)
C +BAS: torch.Size([1, 2]) tensor([[6.1590, 5.8979]], grad_fn=<SliceBackward0>)
C GATE: torch.Size([1, 2]) tensor([[0.9979, 0.9973]], grad_fn=<SliceBackward0>)
----------------------------------------
Before gate: tensor([0.7036, 0.7309], grad_fn=<SelectBackward0>)
Context: tensor([0.9516, 0.9522], grad_fn=<SelectBackward0>)
Gate: tensor([0.9979, 0.9973], grad_fn=<SelectBackward0>)
Context after gate: tensor([0.9517, 0.9523], grad_fn=<SelectBackward0>)
With context: tensor([0.6696, 0.6961], grad_fn=<SelectBackward0>)
executing function _do_add_step
2026-01-31 23:43:30.146 | DEBUG    | ctxpipe.env.enviroment:step:107 - adding step PowerTransformer...
RnnDQN Forward
C MTML: torch.Size([1, 9]) tensor([[5.2419, 5.4159, 5.0978, 4.8951]], grad_fn=<SliceBackward0>)
C +BAS: torch.Size([1, 9]) tensor([[5.7080, 5.7092, 5.5944, 5.1452]], grad_fn=<SliceBackward0>)
C GATE: torch.Size([1, 9]) tensor([[0.9967, 0.9967, 0.9963, 0.9942]], grad_fn=<SliceBackward0>)
----------------------------------------
Before gate: tensor([ 0.6277,  0.6783,  0.5729,  0.6259, -0.2426,  0.7524,  0.5950,  0.6090,
        -0.1670], grad_fn=<SelectBackward0>)
Context: tensor([ 0.9620,  0.9258,  0.9317,  0.9811, -0.9773,  0.9278,  0.9741,  0.9814,
        -0.9774], grad_fn=<SelectBackward0>)
Gate: tensor([0.9967, 0.9967, 0.9963, 0.9942, 0.9946, 0.9962, 0.9959, 0.9981, 0.9972],
       grad_fn=<SelectBackward0>)
Context after gate: tensor([ 0.9621,  0.9260,  0.9319,  0.9812, -0.9667,  0.9280,  0.9742,  0.9815,
        -0.9719], grad_fn=<SelectBackward0>)
With context: tensor([0.6039, 0.6281, 0.5339, 0.6141, 0.2345, 0.6983, 0.5797, 0.5977, 0.1623],
       grad_fn=<SelectBackward0>)
executing function _do_add_step
2026-01-31 23:43:30.938 | DEBUG    | ctxpipe.env.enviroment:step:107 - adding step RandomTreesEmbedding...
RnnDQN Forward
C MTML: torch.Size([1, 8]) tensor([[5.3674, 5.3199, 5.5237, 5.2003]], grad_fn=<SliceBackward0>)
C +BAS: torch.Size([1, 8]) tensor([[5.7333, 5.9321, 5.8844, 5.5739]], grad_fn=<SliceBackward0>)
C GATE: torch.Size([1, 8]) tensor([[0.9968, 0.9974, 0.9972, 0.9962]], grad_fn=<SliceBackward0>)
----------------------------------------
Before gate: tensor([ 0.7801,  0.7957,  0.8304, -0.2114,  0.6245,  0.6089,  0.8465, -0.2496],
       grad_fn=<SelectBackward0>)
Context: tensor([ 0.8947,  0.9027,  0.7852, -0.9816,  0.9714,  0.9887,  0.9126, -0.9900],
       grad_fn=<SelectBackward0>)
Gate: tensor([0.9968, 0.9974, 0.9972, 0.9962, 0.9966, 0.9980, 0.9968, 0.9968],
       grad_fn=<SelectBackward0>)
Context after gate: tensor([ 0.8951,  0.9029,  0.7858, -0.9741,  0.9715,  0.9887,  0.9129, -0.9835],
       grad_fn=<SelectBackward0>)
With context: tensor([0.6983, 0.7184, 0.6525, 0.2059, 0.6067, 0.6021, 0.7728, 0.2455],
       grad_fn=<SelectBackward0>)
executing function _do_add_step
2026-01-31 23:43:31.912 | INFO     | ctxpipe.env.pipeline:evaluate:290 - evaluating [<blank>, <ImputerCatMode>, <LabelEncoder>, <blank>, <PowerTransformer>, <RandomTreesEmbedding>] using predictor LogisticRegression...

CtxPipe output saved to: results/ctxpipe/nasa_ctxpipe_vzekai/nasa_ctxpipe_vzekai_cleaned.csv
Pipeline info saved to: results/ctxpipe/nasa_ctxpipe_vzekai/nasa_ctxpipe_vzekai_pipeline_info.txt

============================================================
CtxPipe Results:
============================================================
AI Sequence: ['blank', 'ImputerCatMode', 'LabelEncoder', 'blank', 'PowerTransformer', 'RandomTreesEmbedding']
ML Score: 0.0133
Execution Time: 8.67 seconds
============================================================

============================================================
Traditional Data Cleaning Evaluation
Note: CtxPipe is designed for ML data preparation,
      traditional cleaning metrics may not be applicable.
============================================================

Traditional Evaluation Results:
Accuracy: 0.2
Recall: 0.008207934336525308
F1 Score: 0.015768725353793075
EDR: 0.008207934336525308
Hybrid Distance: 0.2834428016113296
R-EDR: 0.008207934336525308
Time: 8.67s
Speed: 0.5766 seconds/100num

============================================================
调用统一测评模块 getScoreML
============================================================
[1;34m[23:43:40][0m[1;33m WARNING Snoopy may use all CPU cores! Set env. variable 'SNOOPY_LIMIT_CPU' to 'y' to limit CPU usage. [0m[1;34m(__init__ -> _init_tf_pytorch on MainThread)[0m

getScoreML统一测评完成

============================================================
CtxPipe finished successfully!
Results saved to: results/ctxpipe/nasa_ctxpipe_vzekai
============================================================

taskid: 0, predictor: <RandomForestClassifier>, metric: <ctxpipe.env.metric.AccuracyMetric object at 0x7faedcf9a040>, default: False
DQN Forward
data torch.Size([1, 3300]) tensor([[ 4.0000,  0.5869, 11.0000,  ...,  0.0000,  0.0000,  0.0000]])
C MTML: torch.Size([1, 6]) tensor([[1.7214, 1.8836, 1.7805, 1.7392]], grad_fn=<SliceBackward0>)
C +BAS: torch.Size([1, 6]) tensor([[2.1432, 2.5094, 1.7891, 2.2976]], grad_fn=<SliceBackward0>)
C GATE: torch.Size([1, 6]) tensor([[0.8950, 0.9248, 0.8568, 0.9087]], grad_fn=<SliceBackward0>)
----------------------------------------
Before gate: tensor([ 0.4797, -0.0666,  0.3734, -0.1478,  0.4172,  0.6537],
       grad_fn=<SelectBackward0>)
Context: tensor([ 0.8775,  0.2616,  0.8428, -0.8971,  0.8747,  0.8906],
       grad_fn=<SelectBackward0>)
Gate: tensor([0.8950, 0.9248, 0.8568, 0.9087, 0.8879, 0.9226],
       grad_fn=<SelectBackward0>)
Context after gate: tensor([ 0.8903,  0.3171,  0.8653, -0.7239,  0.8887,  0.8991],
       grad_fn=<SelectBackward0>)
With context: tensor([ 0.4271, -0.0211,  0.3231,  0.1070,  0.3708,  0.5877],
       grad_fn=<SelectBackward0>)
[0;32;40msucceed[0m


dataset: nasa_ctxpipe_vzekai
accuracy of AIPipe: 0.013289036544850499
[CtxPipe Adapter] Applying generated pipeline to data...
[CtxPipe Adapter] Data shape: (1503, 5), Num cols: 1, Cat cols: 4
[CtxPipe Adapter] Num columns: ['sound_pressure_level']
[CtxPipe Adapter] AI Sequence: ['blank', 'ImputerCatMode', 'LabelEncoder', 'blank', 'PowerTransformer', 'RandomTreesEmbedding']
[CtxPipe Adapter] Applied ImputerCat (most_frequent)
[CtxPipe Adapter] Skipped LabelEncoder (not imputation, would change data values)
[CtxPipe Adapter] Skipped PowerTransformer (not imputation, would change data values)
[CtxPipe Adapter] Skipped RandomTreesEmbedding (not imputation, would change data values)
[CtxPipe Adapter] Pipeline applied successfully.
没有指定错误比例，仅进行原数据集的空值替换，不添加错误
已将注入错误的文件保存到: results/ctxpipe/nasa_ctxpipe_vzekai/nasa_ctxpipe_vzekai_cleaned.csv
修复准确率: 0.2, 修复召回率: 0.008207934336525308, F1值: 0.015768725353793075
========================================
错误减少率 (EDR): 0.008207934336525308
========================================
混合距离 (Hybrid Distance): 0.2834428016113296
========================================
基于条目的错误减少率 (R-EDR): 0.008207934336525308
========================================
numeric: Index(['frequency', 'angle', 'chord_length', 'velocity', 'thickness',
       'sound_pressure_level'],
      dtype='object')
categorical: (none)
列级平均RMSE (数值列, 归一化): 103303686535.009689
  frequency: 12791.453439
  angle: 514.759162
  chord_length: 15262836.742180
  velocity: 2012.756015
  thickness: 619806841054.347290
  sound_pressure_level: 0.000000
列级平均F1: N/A (无类别列)
========================================
调试文件已保存到: results/ctxpipe/nasa_ctxpipe_vzekai/debug
修复准确率: 0.2, 修复召回率: 0.008207934336525308, F1值: 0.015768725353793075
========================================
错误减少率 (EDR): 0.008207934336525308
========================================
混合距离 (Hybrid Distance): 0.2834428016113296
========================================
基于条目的错误减少率 (R-EDR): 0.008207934336525308
========================================
numeric: Index(['frequency', 'angle', 'chord_length', 'velocity', 'thickness',
       'sound_pressure_level'],
      dtype='object')
categorical: (none)
列级平均RMSE (数值列, 归一化): 103303686535.009689
  frequency: 12791.453439
  angle: 514.759162
  chord_length: 15262836.742180
  velocity: 2012.756015
  thickness: 619806841054.347290
  sound_pressure_level: 0.000000
列级平均F1: N/A (无类别列)
========================================
RF - MSE: 29.7711, R2: 0.4057, MAE: 4.0503, RMSE: 5.4563
LR - MSE: 46.1968, R2: 0.0779, MAE: 5.5577, RMSE: 6.7968
RIDGE - MSE: 46.1983, R2: 0.0779, MAE: 5.5578, RMSE: 6.7969
LASSO - MSE: 49.2217, R2: 0.0175, MAE: 5.7417, RMSE: 7.0158
KNN - MSE: 47.3396, R2: 0.0551, MAE: 5.5924, RMSE: 6.8804
GB - MSE: 29.3973, R2: 0.4132, MAE: 4.2769, RMSE: 5.4219

容忍度计算结果:
  P_do_nothing (脏数据性能): -64.5243
  P_demand_clean (清洗后性能): -65.8021
  P_repair_all (完全修复性能): -3.3429
  先验容忍度 (Tolerance_prior): 1.0198
  后验容忍度 (Tolerance_post): -0.0209
Snoopy模块可用，正在评估数据质量上界...
