Preprocessing missing values...

============================================================
Running CtxPipe with dirty file: Data/smartfactory/dirty_index.csv
Task name: smartfactory_ctxpipe_vzekai
Model tag: ctx_50000
============================================================

2026-01-31 23:43:50.961 | DEBUG    | config:makedirs:108 - making dir: /home/qianzekai/Clean4MLBaseline/logs/ctxpipe-3linear
2026-01-31 23:43:50.961 | DEBUG    | config:makedirs:108 - making dir: /home/qianzekai/Clean4MLBaseline/exp/ctxpipe-3linear
2026-01-31 23:43:50.961 | DEBUG    | config:makedirs:108 - making dir: /home/qianzekai/Clean4MLBaseline/Methods/ctxpipe/models/ctxpipe-3linear
2026-01-31 23:43:51.138 | WARNING  | ctxpipe.info:_check_and_create_empty_files:54 - creating empty info file at /home/qianzekai/Clean4MLBaseline/results/ctxpipe/smartfactory_ctxpipe_vzekai/aipipe/datasetinfo.json
2026-01-31 23:43:51.138 | WARNING  | ctxpipe.info:_check_and_create_empty_files:54 - creating empty info file at /home/qianzekai/Clean4MLBaseline/results/ctxpipe/smartfactory_ctxpipe_vzekai/aipipe/classification_task_dic.json
2026-01-31 23:43:51.138 | WARNING  | ctxpipe.info:_check_and_create_empty_files:61 - creating empty info file at /home/qianzekai/Clean4MLBaseline/results/ctxpipe/smartfactory_ctxpipe_vzekai/aipipe/test_index.json
2026-01-31 23:43:52.285 | DEBUG    | ctxpipe.env.enviroment:step:107 - adding step ImputerMedian...
[CtxPipe Adapter] Using device: CPU (CUDA not available)
没有指定错误比例，仅进行原数据集的空值替换，不添加错误
已将注入错误的文件保存到: Data/smartfactory/clean_index.csv
没有指定错误比例，仅进行原数据集的空值替换，不添加错误
已将注入错误的文件保存到: Data/smartfactory/dirty_index.csv
[CtxPipe Adapter] Detected index column. Removing for processing.
[CtxPipe Adapter] Using label column: 17 (o_w_hl_voltage)
[CtxPipe Adapter] Converted 'empty' strings to actual empty values for NaN detection.
[CtxPipe Adapter] Generating pipeline with model tag: ctx_50000
[0;33;40mstart run AIPipe:[0m
taskid: 0, predictor: <LogisticRegression>, metric: <ctxpipe.env.metric.AccuracyMetric object at 0x71174009e040>, default: False
DQN Forward
data torch.Size([1, 3300]) tensor([[ 2.0000,  0.5773, 15.0000,  ...,  0.0000,  0.0000,  0.0000]])
C MTML: torch.Size([1, 6]) tensor([[6.3956, 6.9074, 6.4735, 6.5559]], grad_fn=<SliceBackward0>)
C +BAS: torch.Size([1, 6]) tensor([[6.8175, 7.5331, 6.4820, 7.1144]], grad_fn=<SliceBackward0>)
C GATE: torch.Size([1, 6]) tensor([[0.9989, 0.9995, 0.9985, 0.9992]], grad_fn=<SliceBackward0>)
----------------------------------------
Before gate: tensor([ 0.8478,  0.1324,  0.7235, -0.2348,  0.6911,  0.9245],
       grad_fn=<SelectBackward0>)
Context: tensor([ 0.9767,  0.2322,  0.9827, -0.9883,  0.9870,  0.9090],
       grad_fn=<SelectBackward0>)
Gate: tensor([0.9989, 0.9995, 0.9985, 0.9992, 0.9989, 0.9995],
       grad_fn=<SelectBackward0>)
Context after gate: tensor([ 0.9767,  0.2326,  0.9827, -0.9867,  0.9870,  0.9090],
       grad_fn=<SelectBackward0>)
With context: tensor([0.8280, 0.0308, 0.7110, 0.2316, 0.6822, 0.8403],
       grad_fn=<SelectBackward0>)
RnnDQN Forward
C MTML: torch.Size([1, 3]) tensor([[6.3543, 6.6907, 7.4633]], grad_fn=<SliceBackward0>)
C +BAS: torch.Size([1, 3]) tensor([[6.7371, 7.3840, 8.3451]], grad_fn=<SliceBackward0>)
C GATE: torch.Size([1, 3]) tensor([[0.9988, 0.9994, 0.9998]], grad_fn=<SliceBackward0>)
----------------------------------------
Before gate: tensor([0.8992, 0.9049, 0.8809], grad_fn=<SelectBackward0>)
Context: tensor([0.9583, 0.9619, 0.9651], grad_fn=<SelectBackward0>)
Gate: tensor([0.9988, 0.9994, 0.9998], grad_fn=<SelectBackward0>)
Context after gate: tensor([0.9583, 0.9619, 0.9651], grad_fn=<SelectBackward0>)
With context: tensor([0.8617, 0.8704, 0.8501], grad_fn=<SelectBackward0>)
executing function _do_add_step
2026-01-31 23:43:52.882 | DEBUG    | ctxpipe.env.enviroment:step:107 - adding step blank...
executing function _do_add_step
2026-01-31 23:43:53.282 | DEBUG    | ctxpipe.env.enviroment:step:107 - adding step blank...
executing function _do_add_step
2026-01-31 23:43:54.078 | DEBUG    | ctxpipe.env.enviroment:step:107 - adding step blank...
RnnDQN Forward
C MTML: torch.Size([1, 2]) tensor([[5.8407, 5.5318]], grad_fn=<SliceBackward0>)
C +BAS: torch.Size([1, 2]) tensor([[7.7499, 7.3767]], grad_fn=<SliceBackward0>)
C GATE: torch.Size([1, 2]) tensor([[0.9996, 0.9994]], grad_fn=<SliceBackward0>)
----------------------------------------
Before gate: tensor([0.7724, 0.8346], grad_fn=<SelectBackward0>)
Context: tensor([0.9564, 0.9318], grad_fn=<SelectBackward0>)
Gate: tensor([0.9996, 0.9994], grad_fn=<SelectBackward0>)
Context after gate: tensor([0.9565, 0.9319], grad_fn=<SelectBackward0>)
With context: tensor([0.7388, 0.7777], grad_fn=<SelectBackward0>)
executing function _do_add_step
2026-01-31 23:43:54.960 | DEBUG    | ctxpipe.env.enviroment:step:107 - adding step MaxAbsScaler...
RnnDQN Forward
C MTML: torch.Size([1, 9]) tensor([[9.0954, 9.2575, 8.6543, 8.7085]], grad_fn=<SliceBackward0>)
C +BAS: torch.Size([1, 9]) tensor([[9.5616, 9.5507, 9.1509, 8.9586]], grad_fn=<SliceBackward0>)
C GATE: torch.Size([1, 9]) tensor([[0.9999, 0.9999, 0.9999, 0.9999]], grad_fn=<SliceBackward0>)
----------------------------------------
Before gate: tensor([ 0.7279,  0.8378,  0.7813,  0.7410, -0.1950,  0.7672,  0.7181,  0.7021,
        -0.2511], grad_fn=<SelectBackward0>)
Context: tensor([ 0.9678,  0.9153,  0.9182,  0.9825, -0.9846,  0.9293,  0.9820,  0.9843,
        -0.9787], grad_fn=<SelectBackward0>)
Gate: tensor([0.9999, 0.9999, 0.9999, 0.9999, 0.9998, 0.9999, 0.9999, 1.0000, 0.9999],
       grad_fn=<SelectBackward0>)
Context after gate: tensor([ 0.9678,  0.9153,  0.9182,  0.9825, -0.9843,  0.9293,  0.9820,  0.9843,
        -0.9786], grad_fn=<SelectBackward0>)
With context: tensor([0.7045, 0.7669, 0.7174, 0.7280, 0.1919, 0.7130, 0.7051, 0.6911, 0.2457],
       grad_fn=<SelectBackward0>)
executing function _do_add_step
2026-01-31 23:43:55.868 | DEBUG    | ctxpipe.env.enviroment:step:107 - adding step RandomTreesEmbedding...
RnnDQN Forward
C MTML: torch.Size([1, 8]) tensor([[5.1763, 4.9571, 5.2349, 4.7356]], grad_fn=<SliceBackward0>)
C +BAS: torch.Size([1, 8]) tensor([[5.5422, 5.5694, 5.5956, 5.1091]], grad_fn=<SliceBackward0>)
C GATE: torch.Size([1, 8]) tensor([[0.9961, 0.9962, 0.9963, 0.9940]], grad_fn=<SliceBackward0>)
----------------------------------------
Before gate: tensor([ 0.7073,  0.7744,  0.8114, -0.2533,  0.5749,  0.5809,  0.7824, -0.2219],
       grad_fn=<SelectBackward0>)
Context: tensor([ 0.9080,  0.8949,  0.8618, -0.9766,  0.9739,  0.9885,  0.9258, -0.9900],
       grad_fn=<SelectBackward0>)
Gate: tensor([0.9961, 0.9962, 0.9963, 0.9940, 0.9956, 0.9961, 0.9962, 0.9954],
       grad_fn=<SelectBackward0>)
Context after gate: tensor([ 0.9084,  0.8953,  0.8623, -0.9647,  0.9740,  0.9885,  0.9261, -0.9807],
       grad_fn=<SelectBackward0>)
With context: tensor([0.6424, 0.6933, 0.6996, 0.2444, 0.5600, 0.5743, 0.7246, 0.2176],
       grad_fn=<SelectBackward0>)
executing function _do_add_step
2026-01-31 23:43:59.505 | INFO     | ctxpipe.env.pipeline:evaluate:290 - evaluating [<ImputerMedian>, <blank>, <blank>, <blank>, <MaxAbsScaler>, <RandomTreesEmbedding>] using predictor LogisticRegression...
2026-01-31 23:43:59.773 | ERROR    | ctxpipe.env.pipeline:evaluate:320 - evaluating [<ImputerMedian>, <blank>, <blank>, <blank>, <MaxAbsScaler>, <RandomTreesEmbedding>] using predictor LogisticRegression failed with error cannot unpack non-iterable FunctionTimedOut object

CtxPipe output saved to: results/ctxpipe/smartfactory_ctxpipe_vzekai/smartfactory_ctxpipe_vzekai_cleaned.csv
Pipeline info saved to: results/ctxpipe/smartfactory_ctxpipe_vzekai/smartfactory_ctxpipe_vzekai_pipeline_info.txt

============================================================
CtxPipe Results:
============================================================
AI Sequence: ['ImputerMedian', 'blank', 'blank', 'blank', 'MaxAbsScaler', 'RandomTreesEmbedding']
ML Score: -1.0000
Execution Time: 9.53 seconds
============================================================

============================================================
Traditional Data Cleaning Evaluation
Note: CtxPipe is designed for ML data preparation,
      traditional cleaning metrics may not be applicable.
============================================================

Traditional Evaluation Results:
Accuracy: 0.0
Recall: 0.0
F1 Score: 0.0
EDR: 0.0
Hybrid Distance: 0.0
R-EDR: 0.0
Time: 9.53s
Speed: 0.0403 seconds/100num

============================================================
调用统一测评模块 getScoreML
============================================================
[1;34m[23:45:17][0m[1;33m WARNING Snoopy may use all CPU cores! Set env. variable 'SNOOPY_LIMIT_CPU' to 'y' to limit CPU usage. [0m[1;34m(__init__ -> _init_tf_pytorch on MainThread)[0m

getScoreML统一测评完成

============================================================
CtxPipe finished successfully!
Results saved to: results/ctxpipe/smartfactory_ctxpipe_vzekai
============================================================

taskid: 0, predictor: <RandomForestClassifier>, metric: <ctxpipe.env.metric.AccuracyMetric object at 0x71174009e040>, default: False
DQN Forward
data torch.Size([1, 3300]) tensor([[ 2.0000,  0.5773, 15.0000,  ...,  0.0000,  0.0000,  0.0000]])
C MTML: torch.Size([1, 6]) tensor([[6.3435, 6.8529, 6.4229, 6.5064]], grad_fn=<SliceBackward0>)
C +BAS: torch.Size([1, 6]) tensor([[6.7654, 7.4786, 6.4315, 7.0648]], grad_fn=<SliceBackward0>)
C GATE: torch.Size([1, 6]) tensor([[0.9988, 0.9994, 0.9984, 0.9991]], grad_fn=<SliceBackward0>)
----------------------------------------
Before gate: tensor([ 0.8428,  0.1306,  0.7167, -0.2293,  0.6820,  0.9209],
       grad_fn=<SelectBackward0>)
Context: tensor([ 0.9780,  0.2404,  0.9825, -0.9881,  0.9864,  0.9136],
       grad_fn=<SelectBackward0>)
Gate: tensor([0.9988, 0.9994, 0.9984, 0.9991, 0.9988, 0.9995],
       grad_fn=<SelectBackward0>)
Context after gate: tensor([ 0.9780,  0.2409,  0.9825, -0.9864,  0.9864,  0.9137],
       grad_fn=<SelectBackward0>)
With context: tensor([0.8243, 0.0315, 0.7042, 0.2262, 0.6727, 0.8414],
       grad_fn=<SelectBackward0>)
[0;32;40msucceed[0m


dataset: smartfactory_ctxpipe_vzekai
accuracy of AIPipe: -1
[CtxPipe Adapter] Applying generated pipeline to data...
[CtxPipe Adapter] Data shape: (23645, 18), Num cols: 18, Cat cols: 0
[CtxPipe Adapter] Num columns: ['i_w_blo_weg', 'o_w_blo_power', 'o_w_blo_voltage', 'i_w_bhl_weg', 'o_w_bhl_power', 'o_w_bhl_voltage', 'i_w_bhr_weg', 'o_w_bhr_power', 'o_w_bhr_voltage', 'i_w_bru_weg', 'o_w_bru_power', 'o_w_bru_voltage', 'i_w_hr_weg', 'o_w_hr_power', 'o_w_hr_voltage', 'i_w_hl_weg', 'o_w_hl_power', 'labels']
[CtxPipe Adapter] AI Sequence: ['ImputerMedian', 'blank', 'blank', 'blank', 'MaxAbsScaler', 'RandomTreesEmbedding']
[CtxPipe Adapter] Skipped ImputerMedian (not imputation, would change data values)
[CtxPipe Adapter] Skipped MaxAbsScaler (not imputation, would change data values)
[CtxPipe Adapter] Skipped RandomTreesEmbedding (not imputation, would change data values)
[CtxPipe Adapter] Pipeline applied successfully.
没有指定错误比例，仅进行原数据集的空值替换，不添加错误
已将注入错误的文件保存到: results/ctxpipe/smartfactory_ctxpipe_vzekai/smartfactory_ctxpipe_vzekai_cleaned.csv
修复准确率: 0.0, 修复召回率: 0.0, F1值: 0.0
========================================
错误减少率 (EDR): 0.0
========================================
混合距离 (Hybrid Distance): 0.0
========================================
基于条目的错误减少率 (R-EDR): 0.0
========================================
numeric: Index(['i_w_blo_weg', 'o_w_blo_power', 'o_w_blo_voltage', 'i_w_bhl_weg',
       'o_w_bhl_power', 'o_w_bhl_voltage', 'i_w_bhr_weg', 'o_w_bhr_power',
       'o_w_bhr_voltage', 'i_w_bru_weg', 'o_w_bru_power', 'o_w_bru_voltage',
       'i_w_hr_weg', 'o_w_hr_power', 'o_w_hr_voltage', 'i_w_hl_weg',
       'o_w_hl_power', 'o_w_hl_voltage', 'labels'],
      dtype='object')
categorical: (none)
列级平均RMSE (数值列, 归一化): 0.159036
  i_w_blo_weg: 0.127008
  o_w_blo_power: 0.152189
  o_w_blo_voltage: 0.139639
  i_w_bhl_weg: 0.135468
  o_w_bhl_power: 0.163951
  o_w_bhl_voltage: 0.173670
  i_w_bhr_weg: 0.130873
  o_w_bhr_power: 0.154830
  o_w_bhr_voltage: 0.151716
  i_w_bru_weg: 0.231784
  o_w_bru_power: 0.144908
  o_w_bru_voltage: 0.172110
  i_w_hr_weg: 0.186249
  o_w_hr_power: 0.241550
  o_w_hr_voltage: 0.129751
  i_w_hl_weg: 0.186109
  o_w_hl_power: 0.254851
  o_w_hl_voltage: 0.145030
  labels: 0.000000
列级平均F1: N/A (无类别列)
========================================
调试文件已保存到: results/ctxpipe/smartfactory_ctxpipe_vzekai/debug
修复准确率: 0.0, 修复召回率: 0.0, F1值: 0.0
========================================
错误减少率 (EDR): 0.0
========================================
混合距离 (Hybrid Distance): 0.0
========================================
基于条目的错误减少率 (R-EDR): 0.0
========================================
numeric: Index(['i_w_blo_weg', 'o_w_blo_power', 'o_w_blo_voltage', 'i_w_bhl_weg',
       'o_w_bhl_power', 'o_w_bhl_voltage', 'i_w_bhr_weg', 'o_w_bhr_power',
       'o_w_bhr_voltage', 'i_w_bru_weg', 'o_w_bru_power', 'o_w_bru_voltage',
       'i_w_hr_weg', 'o_w_hr_power', 'o_w_hr_voltage', 'i_w_hl_weg',
       'o_w_hl_power', 'o_w_hl_voltage', 'labels'],
      dtype='object')
categorical: (none)
列级平均RMSE (数值列, 归一化): 0.159036
  i_w_blo_weg: 0.127008
  o_w_blo_power: 0.152189
  o_w_blo_voltage: 0.139639
  i_w_bhl_weg: 0.135468
  o_w_bhl_power: 0.163951
  o_w_bhl_voltage: 0.173670
  i_w_bhr_weg: 0.130873
  o_w_bhr_power: 0.154830
  o_w_bhr_voltage: 0.151716
  i_w_bru_weg: 0.231784
  o_w_bru_power: 0.144908
  o_w_bru_voltage: 0.172110
  i_w_hr_weg: 0.186249
  o_w_hr_power: 0.241550
  o_w_hr_voltage: 0.129751
  i_w_hl_weg: 0.186109
  o_w_hl_power: 0.254851
  o_w_hl_voltage: 0.145030
  labels: 0.000000
列级平均F1: N/A (无类别列)
========================================
RF - Accuracy: 0.9689, F1: 0.9686, Precision: 0.9687, Recall: 0.9689
LR - Accuracy: 0.7744, F1: 0.6813, Precision: 0.7751, Recall: 0.7744
SVM - Accuracy: 0.7839, F1: 0.7060, Precision: 0.7914, Recall: 0.7839
KNN - Accuracy: 0.7997, F1: 0.7915, Precision: 0.7873, Recall: 0.7997
DT - Accuracy: 0.9355, F1: 0.9357, Precision: 0.9360, Recall: 0.9355
GB - Accuracy: 0.8116, F1: 0.7645, Precision: 0.8190, Recall: 0.8116

容忍度计算结果:
  P_do_nothing (脏数据性能): 0.7484
  P_demand_clean (清洗后性能): 0.7484
  P_repair_all (完全修复性能): 0.9816
  先验容忍度 (Tolerance_prior): 1.0000
  后验容忍度 (Tolerance_post): 0.0000
Snoopy模块可用，正在评估数据质量上界...
数据集较大 (23645 行)，对Snoopy评估进行采样到 10000 行
