Preprocessing missing values...

============================================================
Running CtxPipe with dirty file: Data/soilmoisture/dirty_index.csv
Task name: soilmoisture_ctxpipe_vzekai
Model tag: ctx_50000
============================================================

2026-01-31 23:47:47.018 | DEBUG    | config:makedirs:108 - making dir: /home/qianzekai/Clean4MLBaseline/logs/ctxpipe-3linear
2026-01-31 23:47:47.018 | DEBUG    | config:makedirs:108 - making dir: /home/qianzekai/Clean4MLBaseline/exp/ctxpipe-3linear
2026-01-31 23:47:47.018 | DEBUG    | config:makedirs:108 - making dir: /home/qianzekai/Clean4MLBaseline/Methods/ctxpipe/models/ctxpipe-3linear
2026-01-31 23:47:47.094 | WARNING  | ctxpipe.info:_check_and_create_empty_files:54 - creating empty info file at /home/qianzekai/Clean4MLBaseline/results/ctxpipe/soilmoisture_ctxpipe_vzekai/aipipe/datasetinfo.json
2026-01-31 23:47:47.095 | WARNING  | ctxpipe.info:_check_and_create_empty_files:54 - creating empty info file at /home/qianzekai/Clean4MLBaseline/results/ctxpipe/soilmoisture_ctxpipe_vzekai/aipipe/classification_task_dic.json
2026-01-31 23:47:47.095 | WARNING  | ctxpipe.info:_check_and_create_empty_files:61 - creating empty info file at /home/qianzekai/Clean4MLBaseline/results/ctxpipe/soilmoisture_ctxpipe_vzekai/aipipe/test_index.json
2026-01-31 23:47:48.991 | DEBUG    | ctxpipe.env.enviroment:step:107 - adding step ImputerMean...
[CtxPipe Adapter] Using device: CPU (CUDA not available)
没有指定错误比例，仅进行原数据集的空值替换，不添加错误
已将注入错误的文件保存到: Data/soilmoisture/clean_index.csv
没有指定错误比例，仅进行原数据集的空值替换，不添加错误
已将注入错误的文件保存到: Data/soilmoisture/dirty_index.csv
[CtxPipe Adapter] Detected index column. Removing for processing.
[CtxPipe Adapter] Using label column: 1 (soil_temperature)
[CtxPipe Adapter] Converted 'empty' strings to actual empty values for NaN detection.
[CtxPipe Adapter] Generating pipeline with model tag: ctx_50000
[0;33;40mstart run AIPipe:[0m
taskid: 0, predictor: <LogisticRegression>, metric: <ctxpipe.env.metric.AccuracyMetric object at 0x758df2ede040>, default: False
DQN Forward
data torch.Size([1, 3300]) tensor([[ 2.0000,  0.5303, 10.0000,  ..., -2.0000,  0.9545,  2.0000]])
C MTML: torch.Size([1, 6]) tensor([[6.7182, 7.2115, 6.6835, 6.5603]], grad_fn=<SliceBackward0>)
C +BAS: torch.Size([1, 6]) tensor([[7.1401, 7.8372, 6.6920, 7.1188]], grad_fn=<SliceBackward0>)
C GATE: torch.Size([1, 6]) tensor([[0.9992, 0.9996, 0.9988, 0.9992]], grad_fn=<SliceBackward0>)
----------------------------------------
Before gate: tensor([ 0.9802,  0.1199,  0.9499, -0.6175,  0.9590,  0.9952],
       grad_fn=<SelectBackward0>)
Context: tensor([ 0.9731,  0.4098,  0.9761, -0.9902,  0.9899,  0.7522],
       grad_fn=<SelectBackward0>)
Gate: tensor([0.9992, 0.9996, 0.9988, 0.9992, 0.9993, 0.9997],
       grad_fn=<SelectBackward0>)
Context after gate: tensor([ 0.9731,  0.4100,  0.9761, -0.9886,  0.9899,  0.7522],
       grad_fn=<SelectBackward0>)
With context: tensor([0.9539, 0.0491, 0.9272, 0.6104, 0.9493, 0.7486],
       grad_fn=<SelectBackward0>)
RnnDQN Forward
C MTML: torch.Size([1, 3]) tensor([[4.1718, 4.1908, 4.9223]], grad_fn=<SliceBackward0>)
C +BAS: torch.Size([1, 3]) tensor([[4.5547, 4.8841, 5.8041]], grad_fn=<SliceBackward0>)
C GATE: torch.Size([1, 3]) tensor([[0.9896, 0.9925, 0.9970]], grad_fn=<SliceBackward0>)
----------------------------------------
Before gate: tensor([0.8500, 0.8362, 0.8278], grad_fn=<SelectBackward0>)
Context: tensor([0.9464, 0.9553, 0.9537], grad_fn=<SelectBackward0>)
Gate: tensor([0.9896, 0.9925, 0.9970], grad_fn=<SelectBackward0>)
Context after gate: tensor([0.9469, 0.9557, 0.9538], grad_fn=<SelectBackward0>)
With context: tensor([0.8049, 0.7991, 0.7896], grad_fn=<SelectBackward0>)
executing function _do_add_step
2026-01-31 23:47:49.908 | DEBUG    | ctxpipe.env.enviroment:step:107 - adding step blank...
executing function _do_add_step
2026-01-31 23:47:50.761 | DEBUG    | ctxpipe.env.enviroment:step:107 - adding step blank...
executing function _do_add_step
2026-01-31 23:47:52.136 | DEBUG    | ctxpipe.env.enviroment:step:107 - adding step PowerTransformer...
RnnDQN Forward
C MTML: torch.Size([1, 9]) tensor([[7.5043, 7.0909, 6.6415, 6.6226]], grad_fn=<SliceBackward0>)
C +BAS: torch.Size([1, 9]) tensor([[7.9705, 7.3841, 7.1381, 6.8727]], grad_fn=<SliceBackward0>)
C GATE: torch.Size([1, 9]) tensor([[0.9997, 0.9994, 0.9992, 0.9990]], grad_fn=<SliceBackward0>)
----------------------------------------
Before gate: tensor([ 0.7155,  0.6582,  0.5342,  0.7579, -0.3311,  0.8920,  0.6800,  0.7526,
        -0.4587], grad_fn=<SelectBackward0>)
Context: tensor([ 0.9728,  0.9221,  0.9291,  0.9779, -0.9833,  0.9367,  0.9816,  0.9840,
        -0.9811], grad_fn=<SelectBackward0>)
Gate: tensor([0.9997, 0.9994, 0.9992, 0.9990, 0.9991, 0.9996, 0.9996, 0.9998, 0.9994],
       grad_fn=<SelectBackward0>)
Context after gate: tensor([ 0.9728,  0.9221,  0.9291,  0.9779, -0.9816,  0.9367,  0.9817,  0.9840,
        -0.9800], grad_fn=<SelectBackward0>)
With context: tensor([0.6961, 0.6070, 0.4963, 0.7412, 0.3250, 0.8355, 0.6675, 0.7406, 0.4495],
       grad_fn=<SelectBackward0>)
executing function _do_add_step
2026-01-31 23:47:54.086 | DEBUG    | ctxpipe.env.enviroment:step:107 - adding step RandomTreesEmbedding...
RnnDQN Forward
C MTML: torch.Size([1, 8]) tensor([[5.2540, 4.2963, 5.2022, 4.2417]], grad_fn=<SliceBackward0>)
C +BAS: torch.Size([1, 8]) tensor([[5.6199, 4.9086, 5.5629, 4.6153]], grad_fn=<SliceBackward0>)
C GATE: torch.Size([1, 8]) tensor([[0.9964, 0.9927, 0.9962, 0.9902]], grad_fn=<SliceBackward0>)
----------------------------------------
Before gate: tensor([ 0.7070,  0.7399,  0.8577, -0.3014,  0.5015,  0.5960,  0.8641, -0.1341],
       grad_fn=<SelectBackward0>)
Context: tensor([ 0.9148,  0.8922,  0.8374, -0.9734,  0.9696,  0.9841,  0.8997, -0.9859],
       grad_fn=<SelectBackward0>)
Gate: tensor([0.9964, 0.9927, 0.9962, 0.9902, 0.9934, 0.9944, 0.9940, 0.9940],
       grad_fn=<SelectBackward0>)
Context after gate: tensor([ 0.9151,  0.8930,  0.8380, -0.9541,  0.9698,  0.9841,  0.9003, -0.9741],
       grad_fn=<SelectBackward0>)
With context: tensor([0.6470, 0.6607, 0.7188, 0.2876, 0.4864, 0.5865, 0.7779, 0.1306],
       grad_fn=<SelectBackward0>)
executing function _do_add_step
2026-01-31 23:47:56.914 | DEBUG    | ctxpipe.env.enviroment:step:107 - adding step VarianceThreshold...
RnnDQN Forward
C MTML: torch.Size([1, 2]) tensor([[-7.5492, -8.4425]], grad_fn=<SliceBackward0>)
C +BAS: torch.Size([1, 2]) tensor([[-5.6399, -6.5977]], grad_fn=<SliceBackward0>)
C GATE: torch.Size([1, 2]) tensor([[0.0035, 0.0014]], grad_fn=<SliceBackward0>)
----------------------------------------
Before gate: tensor([0.7735, 0.6987], grad_fn=<SelectBackward0>)
Context: tensor([0.0034, 0.0013], grad_fn=<SelectBackward0>)
Gate: tensor([0.0035, 0.0014], grad_fn=<SelectBackward0>)
Context after gate: tensor([0.9965, 0.9986], grad_fn=<SelectBackward0>)
With context: tensor([0.7708, 0.6977], grad_fn=<SelectBackward0>)
executing function _do_add_step
2026-01-31 23:47:57.789 | INFO     | ctxpipe.env.pipeline:evaluate:290 - evaluating [<ImputerMean>, <blank>, <blank>, <PowerTransformer>, <RandomTreesEmbedding>, <VarianceThreshold>] using predictor LogisticRegression...
2026-01-31 23:47:58.001 | ERROR    | ctxpipe.env.pipeline:evaluate:320 - evaluating [<ImputerMean>, <blank>, <blank>, <PowerTransformer>, <RandomTreesEmbedding>, <VarianceThreshold>] using predictor LogisticRegression failed with error cannot unpack non-iterable FunctionTimedOut object

CtxPipe output saved to: results/ctxpipe/soilmoisture_ctxpipe_vzekai/soilmoisture_ctxpipe_vzekai_cleaned.csv
Pipeline info saved to: results/ctxpipe/soilmoisture_ctxpipe_vzekai/soilmoisture_ctxpipe_vzekai_pipeline_info.txt

============================================================
CtxPipe Results:
============================================================
AI Sequence: ['ImputerMean', 'blank', 'blank', 'PowerTransformer', 'RandomTreesEmbedding', 'VarianceThreshold']
ML Score: -1.0000
Execution Time: 11.89 seconds
============================================================

============================================================
Traditional Data Cleaning Evaluation
Note: CtxPipe is designed for ML data preparation,
      traditional cleaning metrics may not be applicable.
============================================================

Traditional Evaluation Results:
Accuracy: 0.0
Recall: 0.0
F1 Score: 0.0
EDR: 0.0
Hybrid Distance: 0.6507164053981326
R-EDR: 0.0
Time: 11.89s
Speed: 1.7507 seconds/100num

============================================================
调用统一测评模块 getScoreML
============================================================
taskid: 0, predictor: <RandomForestClassifier>, metric: <ctxpipe.env.metric.AccuracyMetric object at 0x758df2ede040>, default: False
DQN Forward
data torch.Size([1, 3300]) tensor([[ 2.0000,  0.5303, 10.0000,  ..., -2.0000,  0.9545,  2.0000]])
C MTML: torch.Size([1, 6]) tensor([[6.6664, 7.1582, 6.6344, 6.5120]], grad_fn=<SliceBackward0>)
C +BAS: torch.Size([1, 6]) tensor([[7.0883, 7.7839, 6.6429, 7.0704]], grad_fn=<SliceBackward0>)
C GATE: torch.Size([1, 6]) tensor([[0.9992, 0.9996, 0.9987, 0.9992]], grad_fn=<SliceBackward0>)
----------------------------------------
Before gate: tensor([ 0.9796,  0.1193,  0.9488, -0.6147,  0.9580,  0.9950],
       grad_fn=<SelectBackward0>)
Context: tensor([ 0.9725,  0.4619,  0.9753, -0.9897,  0.9889,  0.7692],
       grad_fn=<SelectBackward0>)
Gate: tensor([0.9992, 0.9996, 0.9987, 0.9992, 0.9993, 0.9997],
       grad_fn=<SelectBackward0>)
Context after gate: tensor([ 0.9725,  0.4621,  0.9753, -0.9881,  0.9889,  0.7692],
       grad_fn=<SelectBackward0>)
With context: tensor([0.9527, 0.0552, 0.9253, 0.6074, 0.9473, 0.7654],
       grad_fn=<SelectBackward0>)
[0;32;40msucceed[0m


dataset: soilmoisture_ctxpipe_vzekai
accuracy of AIPipe: -1
[CtxPipe Adapter] Applying generated pipeline to data...
[CtxPipe Adapter] Data shape: (679, 127), Num cols: 127, Cat cols: 0
[CtxPipe Adapter] Num columns: ['datetime', '454', '458', '462', '466', '470', '474', '478', '482', '486', '490', '494', '498', '502', '506', '510', '514', '518', '522', '526', '530', '534', '538', '542', '546', '550', '554', '558', '562', '566', '570', '574', '578', '582', '586', '590', '594', '598', '602', '606', '610', '614', '618', '622', '626', '630', '634', '638', '642', '646', '650', '654', '658', '662', '666', '670', '674', '678', '682', '686', '690', '694', '698', '702', '706', '710', '714', '718', '722', '726', '730', '734', '738', '742', '746', '750', '754', '758', '762', '766', '770', '774', '778', '782', '786', '790', '794', '798', '802', '806', '810', '814', '818', '822', '826', '830', '834', '838', '842', '846', '850', '854', '858', '862', '866', '870', '874', '878', '882', '886', '890', '894', '898', '902', '906', '910', '914', '918', '922', '926', '930', '934', '938', '942', '946', '950', 'soil_moisture']
[CtxPipe Adapter] AI Sequence: ['ImputerMean', 'blank', 'blank', 'PowerTransformer', 'RandomTreesEmbedding', 'VarianceThreshold']
[CtxPipe Adapter] Skipped ImputerMean (not imputation, would change data values)
[CtxPipe Adapter] Skipped PowerTransformer (not imputation, would change data values)
[CtxPipe Adapter] Skipped RandomTreesEmbedding (not imputation, would change data values)
[CtxPipe Adapter] Skipped VarianceThreshold (not imputation, would change data values)
[CtxPipe Adapter] Pipeline applied successfully.
没有指定错误比例，仅进行原数据集的空值替换，不添加错误
已将注入错误的文件保存到: results/ctxpipe/soilmoisture_ctxpipe_vzekai/soilmoisture_ctxpipe_vzekai_cleaned.csv
修复准确率: 0.0, 修复召回率: 0.0, F1值: 0.0
========================================
错误减少率 (EDR): 0.0
========================================
混合距离 (Hybrid Distance): 0.6507164053981326
========================================
基于条目的错误减少率 (R-EDR): 0.0
========================================
numeric: Index(['datetime', 'soil_temperature', '454', '458', '462', '466', '470',
       '474', '478', '482',
       ...
       '918', '922', '926', '930', '934', '938', '942', '946', '950',
       'soil_moisture'],
      dtype='object', length=128)
categorical: (none)
列级平均RMSE (数值列, 归一化): 4.578899
  datetime: 311.430437
  soil_temperature: 2.242505
  454: 2.393852
  458: 2.186353
  462: 2.137844
  466: 2.530025
  470: 2.269383
  474: 2.248456
  478: 2.099924
  482: 2.105687
  486: 2.355347
  490: 2.224192
  494: 2.019910
  498: 2.119167
  502: 2.204516
  506: 2.359721
  510: 2.247141
  514: 2.183693
  518: 2.372831
  522: 2.390441
  526: 2.010066
  530: 1.979445
  534: 2.070589
  538: 2.242576
  542: 2.070171
  546: 2.246240
  550: 2.116058
  554: 2.342615
  558: 2.220952
  562: 2.239427
  566: 2.193497
  570: 2.230773
  574: 2.116274
  578: 1.978680
  582: 2.059760
  586: 2.136275
  590: 2.313622
  594: 2.164925
  598: 2.122880
  602: 2.404049
  606: 2.332976
  610: 2.235445
  614: 2.207865
  618: 2.213021
  622: 2.226407
  626: 2.361848
  630: 2.183991
  634: 2.076927
  638: 1.978158
  642: 2.366119
  646: 2.221360
  650: 2.194142
  654: 2.150456
  658: 2.337562
  662: 2.031934
  666: 2.223297
  670: 2.255528
  674: 1.852020
  678: 1.971906
  682: 1.936224
  686: 2.285690
  690: 2.206235
  694: 2.363635
  698: 2.201578
  702: 2.214251
  706: 2.212666
  710: 2.135337
  714: 2.024973
  718: 2.067324
  722: 2.159293
  726: 2.161008
  730: 2.226870
  734: 2.240759
  738: 2.339868
  742: 2.382670
  746: 1.956797
  750: 1.976396
  754: 2.104229
  758: 2.200618
  762: 2.163922
  766: 2.351168
  770: 2.141631
  774: 2.097950
  778: 2.019083
  782: 2.276540
  786: 2.079727
  790: 2.180176
  794: 2.368967
  798: 2.269737
  802: 2.064196
  806: 2.081483
  810: 2.142450
  814: 2.163328
  818: 2.328359
  822: 2.129253
  826: 2.174067
  830: 1.937129
  834: 2.186168
  838: 2.278224
  842: 2.146551
  846: 2.248917
  850: 2.157512
  854: 2.255372
  858: 2.136886
  862: 2.249485
  866: 2.236651
  870: 2.086701
  874: 2.345684
  878: 2.112459
  882: 2.311855
  886: 2.133786
  890: 2.335990
  894: 2.150543
  898: 2.184277
  902: 1.924444
  906: 2.132098
  910: 2.180362
  914: 2.027222
  918: 2.197173
  922: 1.925631
  926: 2.214766
  930: 1.935050
  934: 2.095229
  938: 2.303686
  942: 2.123708
  946: 2.221732
  950: 2.094027
  soil_moisture: 0.000000
列级平均F1: N/A (无类别列)
========================================
调试文件已保存到: results/ctxpipe/soilmoisture_ctxpipe_vzekai/debug
修复准确率: 0.0, 修复召回率: 0.0, F1值: 0.0
========================================
错误减少率 (EDR): 0.0
========================================
混合距离 (Hybrid Distance): 0.6507164053981326
========================================
基于条目的错误减少率 (R-EDR): 0.0
========================================
numeric: Index(['datetime', 'soil_temperature', '454', '458', '462', '466', '470',
       '474', '478', '482',
       ...
       '918', '922', '926', '930', '934', '938', '942', '946', '950',
       'soil_moisture'],
      dtype='object', length=128)
categorical: (none)
列级平均RMSE (数值列, 归一化): 4.578899
  datetime: 311.430437
  soil_temperature: 2.242505
  454: 2.393852
  458: 2.186353
  462: 2.137844
  466: 2.530025
  470: 2.269383
  474: 2.248456
  478: 2.099924
  482: 2.105687
  486: 2.355347
  490: 2.224192
  494: 2.019910
  498: 2.119167
  502: 2.204516
  506: 2.359721
  510: 2.247141
  514: 2.183693
  518: 2.372831
  522: 2.390441
  526: 2.010066
  530: 1.979445
  534: 2.070589
  538: 2.242576
  542: 2.070171
  546: 2.246240
  550: 2.116058
  554: 2.342615
  558: 2.220952
  562: 2.239427
  566: 2.193497
  570: 2.230773
  574: 2.116274
  578: 1.978680
  582: 2.059760
  586: 2.136275
  590: 2.313622
  594: 2.164925
  598: 2.122880
  602: 2.404049
  606: 2.332976
  610: 2.235445
  614: 2.207865
  618: 2.213021
  622: 2.226407
  626: 2.361848
  630: 2.183991
  634: 2.076927
  638: 1.978158
  642: 2.366119
  646: 2.221360
  650: 2.194142
  654: 2.150456
  658: 2.337562
  662: 2.031934
  666: 2.223297
  670: 2.255528
  674: 1.852020
  678: 1.971906
  682: 1.936224
  686: 2.285690
  690: 2.206235
  694: 2.363635
  698: 2.201578
  702: 2.214251
  706: 2.212666
  710: 2.135337
  714: 2.024973
  718: 2.067324
  722: 2.159293
  726: 2.161008
  730: 2.226870
  734: 2.240759
  738: 2.339868
  742: 2.382670
  746: 1.956797
  750: 1.976396
  754: 2.104229
  758: 2.200618
  762: 2.163922
  766: 2.351168
  770: 2.141631
  774: 2.097950
  778: 2.019083
  782: 2.276540
  786: 2.079727
  790: 2.180176
  794: 2.368967
  798: 2.269737
  802: 2.064196
  806: 2.081483
  810: 2.142450
  814: 2.163328
  818: 2.328359
  822: 2.129253
  826: 2.174067
  830: 1.937129
  834: 2.186168
  838: 2.278224
  842: 2.146551
  846: 2.248917
  850: 2.157512
[1;34m[23:48:29][0m[1;33m WARNING Snoopy may use all CPU cores! Set env. variable 'SNOOPY_LIMIT_CPU' to 'y' to limit CPU usage. [0m[1;34m(__init__ -> _init_tf_pytorch on MainThread)[0m

getScoreML统一测评完成

============================================================
CtxPipe finished successfully!
Results saved to: results/ctxpipe/soilmoisture_ctxpipe_vzekai
============================================================

  854: 2.255372
  858: 2.136886
  862: 2.249485
  866: 2.236651
  870: 2.086701
  874: 2.345684
  878: 2.112459
  882: 2.311855
  886: 2.133786
  890: 2.335990
  894: 2.150543
  898: 2.184277
  902: 1.924444
  906: 2.132098
  910: 2.180362
  914: 2.027222
  918: 2.197173
  922: 1.925631
  926: 2.214766
  930: 1.935050
  934: 2.095229
  938: 2.303686
  942: 2.123708
  946: 2.221732
  950: 2.094027
  soil_moisture: 0.000000
列级平均F1: N/A (无类别列)
========================================
RF - MSE: 2.7177, R2: 0.8102, MAE: 1.1589, RMSE: 1.6486
LR - MSE: 8.1254, R2: 0.4327, MAE: 2.0855, RMSE: 2.8505
RIDGE - MSE: 8.1144, R2: 0.4335, MAE: 2.0840, RMSE: 2.8486
LASSO - MSE: 9.8365, R2: 0.3132, MAE: 2.4684, RMSE: 3.1363
KNN - MSE: 5.3018, R2: 0.6298, MAE: 1.5779, RMSE: 2.3026
GB - MSE: 3.4277, R2: 0.7607, MAE: 1.3086, RMSE: 1.8514

容忍度计算结果:
  P_do_nothing (脏数据性能): -4.8276
  P_demand_clean (清洗后性能): -4.8276
  P_repair_all (完全修复性能): -0.8688
  先验容忍度 (Tolerance_prior): 1.0000
  后验容忍度 (Tolerance_post): 0.0000
Snoopy模块可用，正在评估数据质量上界...
