1,2026-01-29 19:57:58,"[""numerical"", ""numerical"", ""numerical"", ""numerical"", ""numerical"", ""numerical"", ""numerical"", ""numerical"", ""numerical"", ""numerical""]"
3,2026-01-29 19:57:58,"[699, 10]"
2,2026-01-29 19:57:58,"[""[<activedetect.error_detectors.QuantitativeErrorModule.QuantitativeErrorModule object at 0x7b3d18e92990>]"", [{""thresh"": 10}]]"
0,2026-01-29 19:57:58,"{""cell"": [36, 1], ""error_types"": [""A numerical value was found with a value of greater than > 10 stds from the mean""], ""cell_value"": """", ""record_value"": """"}"
0,2026-01-29 19:57:58,"{""cell"": [55, 1], ""error_types"": [""A numerical value was found with a value of greater than > 10 stds from the mean""], ""cell_value"": """", ""record_value"": """"}"
0,2026-01-29 19:57:58,"{""cell"": [59, 1], ""error_types"": [""A numerical value was found with a value of greater than > 10 stds from the mean""], ""cell_value"": """", ""record_value"": """"}"
0,2026-01-29 19:57:58,"{""cell"": [68, 1], ""error_types"": [""A numerical value was found with a value of greater than > 10 stds from the mean""], ""cell_value"": """", ""record_value"": """"}"
0,2026-01-29 19:57:58,"{""cell"": [169, 1], ""error_types"": [""A numerical value was found with a value of greater than > 10 stds from the mean""], ""cell_value"": """", ""record_value"": """"}"
0,2026-01-29 19:57:58,"{""cell"": [220, 1], ""error_types"": [""A numerical value was found with a value of greater than > 10 stds from the mean""], ""cell_value"": """", ""record_value"": """"}"
0,2026-01-29 19:57:58,"{""cell"": [225, 1], ""error_types"": [""A numerical value was found with a value of greater than > 10 stds from the mean""], ""cell_value"": """", ""record_value"": """"}"
0,2026-01-29 19:57:58,"{""cell"": [293, 1], ""error_types"": [""A numerical value was found with a value of greater than > 10 stds from the mean""], ""cell_value"": """", ""record_value"": """"}"
0,2026-01-29 19:57:58,"{""cell"": [312, 1], ""error_types"": [""A numerical value was found with a value of greater than > 10 stds from the mean""], ""cell_value"": """", ""record_value"": """"}"
0,2026-01-29 19:57:58,"{""cell"": [345, 1], ""error_types"": [""A numerical value was found with a value of greater than > 10 stds from the mean""], ""cell_value"": """", ""record_value"": """"}"
0,2026-01-29 19:57:58,"{""cell"": [351, 1], ""error_types"": [""A numerical value was found with a value of greater than > 10 stds from the mean""], ""cell_value"": """", ""record_value"": """"}"
0,2026-01-29 19:57:58,"{""cell"": [419, 1], ""error_types"": [""A numerical value was found with a value of greater than > 10 stds from the mean""], ""cell_value"": """", ""record_value"": """"}"
0,2026-01-29 19:57:58,"{""cell"": [442, 1], ""error_types"": [""A numerical value was found with a value of greater than > 10 stds from the mean""], ""cell_value"": """", ""record_value"": """"}"
0,2026-01-29 19:57:58,"{""cell"": [444, 1], ""error_types"": [""A numerical value was found with a value of greater than > 10 stds from the mean""], ""cell_value"": """", ""record_value"": """"}"
0,2026-01-29 19:57:58,"{""cell"": [474, 1], ""error_types"": [""A numerical value was found with a value of greater than > 10 stds from the mean""], ""cell_value"": """", ""record_value"": """"}"
0,2026-01-29 19:57:58,"{""cell"": [498, 1], ""error_types"": [""A numerical value was found with a value of greater than > 10 stds from the mean""], ""cell_value"": """", ""record_value"": """"}"
0,2026-01-29 19:57:58,"{""cell"": [511, 1], ""error_types"": [""A numerical value was found with a value of greater than > 10 stds from the mean""], ""cell_value"": """", ""record_value"": """"}"
0,2026-01-29 19:57:58,"{""cell"": [513, 1], ""error_types"": [""A numerical value was found with a value of greater than > 10 stds from the mean""], ""cell_value"": """", ""record_value"": """"}"
0,2026-01-29 19:57:58,"{""cell"": [621, 1], ""error_types"": [""A numerical value was found with a value of greater than > 10 stds from the mean""], ""cell_value"": """", ""record_value"": """"}"
0,2026-01-29 19:57:58,"{""cell"": [622, 1], ""error_types"": [""A numerical value was found with a value of greater than > 10 stds from the mean""], ""cell_value"": """", ""record_value"": """"}"
0,2026-01-29 19:57:58,"{""cell"": [646, 1], ""error_types"": [""A numerical value was found with a value of greater than > 10 stds from the mean""], ""cell_value"": """", ""record_value"": """"}"
0,2026-01-29 19:57:58,"{""cell"": [660, 1], ""error_types"": [""A numerical value was found with a value of greater than > 10 stds from the mean""], ""cell_value"": """", ""record_value"": """"}"
0,2026-01-29 19:57:58,"{""cell"": [671, 1], ""error_types"": [""A numerical value was found with a value of greater than > 10 stds from the mean""], ""cell_value"": """", ""record_value"": """"}"
0,2026-01-29 19:57:58,"{""cell"": [679, 1], ""error_types"": [""A numerical value was found with a value of greater than > 10 stds from the mean""], ""cell_value"": """", ""record_value"": """"}"
0,2026-01-29 19:57:58,"{""cell"": [690, 1], ""error_types"": [""A numerical value was found with a value of greater than > 10 stds from the mean""], ""cell_value"": """", ""record_value"": """"}"
0,2026-01-29 19:57:58,"{""cell"": [695, 1], ""error_types"": [""A numerical value was found with a value of greater than > 10 stds from the mean""], ""cell_value"": """", ""record_value"": """"}"
0,2026-01-29 19:57:58,"{""cell"": [13, 2], ""error_types"": [""A numerical value was found with a value of greater than > 10 stds from the mean""], ""cell_value"": """", ""record_value"": """"}"
0,2026-01-29 19:57:58,"{""cell"": [32, 2], ""error_types"": [""A numerical value was found with a value of greater than > 10 stds from the mean""], ""cell_value"": """", ""record_value"": """"}"
0,2026-01-29 19:57:58,"{""cell"": [40, 2], ""error_types"": [""A numerical value was found with a value of greater than > 10 stds from the mean""], ""cell_value"": """", ""record_value"": """"}"
0,2026-01-29 19:57:58,"{""cell"": [43, 2], ""error_types"": [""A numerical value was found with a value of greater than > 10 stds from the mean""], ""cell_value"": """", ""record_value"": """"}"
0,2026-01-29 19:57:58,"{""cell"": [50, 2], ""error_types"": [""A numerical value was found with a value of greater than > 10 stds from the mean""], ""cell_value"": """", ""record_value"": """"}"
0,2026-01-29 19:57:58,"{""cell"": [124, 2], ""error_types"": [""A numerical value was found with a value of greater than > 10 stds from the mean""], ""cell_value"": """", ""record_value"": """"}"
0,2026-01-29 19:57:58,"{""cell"": [139, 2], ""error_types"": [""A numerical value was found with a value of greater than > 10 stds from the mean""], ""cell_value"": """", ""record_value"": """"}"
0,2026-01-29 19:57:58,"{""cell"": [143, 2], ""error_types"": [""A numerical value was found with a value of greater than > 10 stds from the mean""], ""cell_value"": """", ""record_value"": """"}"
0,2026-01-29 19:57:58,"{""cell"": [149, 2], ""error_types"": [""A numerical value was found with a value of greater than > 10 stds from the mean""], ""cell_value"": """", ""record_value"": """"}"
0,2026-01-29 19:57:58,"{""cell"": [199, 2], ""error_types"": [""A numerical value was found with a value of greater than > 10 stds from the mean""], ""cell_value"": """", ""record_value"": """"}"
0,2026-01-29 19:57:58,"{""cell"": [262, 2], ""error_types"": [""A numerical value was found with a value of greater than > 10 stds from the mean""], ""cell_value"": """", ""record_value"": """"}"
0,2026-01-29 19:57:58,"{""cell"": [264, 2], ""error_types"": [""A numerical value was found with a value of greater than > 10 stds from the mean""], ""cell_value"": """", ""record_value"": """"}"
0,2026-01-29 19:57:58,"{""cell"": [337, 2], ""error_types"": [""A numerical value was found with a value of greater than > 10 stds from the mean""], ""cell_value"": """", ""record_value"": """"}"
0,2026-01-29 19:57:58,"{""cell"": [343, 2], ""error_types"": [""A numerical value was found with a value of greater than > 10 stds from the mean""], ""cell_value"": """", ""record_value"": """"}"
0,2026-01-29 19:57:58,"{""cell"": [360, 2], ""error_types"": [""A numerical value was found with a value of greater than > 10 stds from the mean""], ""cell_value"": """", ""record_value"": """"}"
0,2026-01-29 19:57:58,"{""cell"": [371, 2], ""error_types"": [""A numerical value was found with a value of greater than > 10 stds from the mean""], ""cell_value"": """", ""record_value"": """"}"
0,2026-01-29 19:57:58,"{""cell"": [420, 2], ""error_types"": [""A numerical value was found with a value of greater than > 10 stds from the mean""], ""cell_value"": """", ""record_value"": """"}"
0,2026-01-29 19:57:58,"{""cell"": [430, 2], ""error_types"": [""A numerical value was found with a value of greater than > 10 stds from the mean""], ""cell_value"": """", ""record_value"": """"}"
0,2026-01-29 19:57:58,"{""cell"": [479, 2], ""error_types"": [""A numerical value was found with a value of greater than > 10 stds from the mean""], ""cell_value"": """", ""record_value"": """"}"
0,2026-01-29 19:57:58,"{""cell"": [512, 2], ""error_types"": [""A numerical value was found with a value of greater than > 10 stds from the mean""], ""cell_value"": """", ""record_value"": """"}"
0,2026-01-29 19:57:58,"{""cell"": [565, 2], ""error_types"": [""A numerical value was found with a value of greater than > 10 stds from the mean""], ""cell_value"": """", ""record_value"": """"}"
0,2026-01-29 19:57:58,"{""cell"": [586, 2], ""error_types"": [""A numerical value was found with a value of greater than > 10 stds from the mean""], ""cell_value"": """", ""record_value"": """"}"
0,2026-01-29 19:57:58,"{""cell"": [629, 2], ""error_types"": [""A numerical value was found with a value of greater than > 10 stds from the mean""], ""cell_value"": """", ""record_value"": """"}"
0,2026-01-29 19:57:58,"{""cell"": [648, 2], ""error_types"": [""A numerical value was found with a value of greater than > 10 stds from the mean""], ""cell_value"": """", ""record_value"": """"}"
0,2026-01-29 19:57:58,"{""cell"": [684, 2], ""error_types"": [""A numerical value was found with a value of greater than > 10 stds from the mean""], ""cell_value"": """", ""record_value"": """"}"
0,2026-01-29 19:57:58,"{""cell"": [15, 3], ""error_types"": [""A numerical value was found with a value of greater than > 10 stds from the mean""], ""cell_value"": """", ""record_value"": """"}"
0,2026-01-29 19:57:58,"{""cell"": [38, 3], ""error_types"": [""A numerical value was found with a value of greater than > 10 stds from the mean""], ""cell_value"": """", ""record_value"": """"}"
0,2026-01-29 19:57:58,"{""cell"": [44, 3], ""error_types"": [""A numerical value was found with a value of greater than > 10 stds from the mean""], ""cell_value"": """", ""record_value"": """"}"
0,2026-01-29 19:57:58,"{""cell"": [49, 3], ""error_types"": [""A numerical value was found with a value of greater than > 10 stds from the mean""], ""cell_value"": """", ""record_value"": """"}"
0,2026-01-29 19:57:58,"{""cell"": [76, 3], ""error_types"": [""A numerical value was found with a value of greater than > 10 stds from the mean""], ""cell_value"": """", ""record_value"": """"}"
0,2026-01-29 19:57:58,"{""cell"": [96, 3], ""error_types"": [""A numerical value was found with a value of greater than > 10 stds from the mean""], ""cell_value"": """", ""record_value"": """"}"
0,2026-01-29 19:57:58,"{""cell"": [109, 3], ""error_types"": [""A numerical value was found with a value of greater than > 10 stds from the mean""], ""cell_value"": """", ""record_value"": """"}"
0,2026-01-29 19:57:58,"{""cell"": [136, 3], ""error_types"": [""A numerical value was found with a value of greater than > 10 stds from the mean""], ""cell_value"": """", ""record_value"": """"}"
0,2026-01-29 19:57:58,"{""cell"": [152, 3], ""error_types"": [""A numerical value was found with a value of greater than > 10 stds from the mean""], ""cell_value"": """", ""record_value"": """"}"
0,2026-01-29 19:57:58,"{""cell"": [154, 3], ""error_types"": [""A numerical value was found with a value of greater than > 10 stds from the mean""], ""cell_value"": """", ""record_value"": """"}"
0,2026-01-29 19:57:58,"{""cell"": [251, 3], ""error_types"": [""A numerical value was found with a value of greater than > 10 stds from the mean""], ""cell_value"": """", ""record_value"": """"}"
0,2026-01-29 19:57:58,"{""cell"": [375, 3], ""error_types"": [""A numerical value was found with a value of greater than > 10 stds from the mean""], ""cell_value"": """", ""record_value"": """"}"
0,2026-01-29 19:57:58,"{""cell"": [381, 3], ""error_types"": [""A numerical value was found with a value of greater than > 10 stds from the mean""], ""cell_value"": """", ""record_value"": """"}"
0,2026-01-29 19:57:58,"{""cell"": [418, 3], ""error_types"": [""A numerical value was found with a value of greater than > 10 stds from the mean""], ""cell_value"": """", ""record_value"": """"}"
0,2026-01-29 19:57:58,"{""cell"": [479, 3], ""error_types"": [""A numerical value was found with a value of greater than > 10 stds from the mean""], ""cell_value"": """", ""record_value"": """"}"
0,2026-01-29 19:57:58,"{""cell"": [523, 3], ""error_types"": [""A numerical value was found with a value of greater than > 10 stds from the mean""], ""cell_value"": """", ""record_value"": """"}"
0,2026-01-29 19:57:58,"{""cell"": [562, 3], ""error_types"": [""A numerical value was found with a value of greater than > 10 stds from the mean""], ""cell_value"": """", ""record_value"": """"}"
0,2026-01-29 19:57:58,"{""cell"": [569, 3], ""error_types"": [""A numerical value was found with a value of greater than > 10 stds from the mean""], ""cell_value"": """", ""record_value"": """"}"
0,2026-01-29 19:57:58,"{""cell"": [570, 3], ""error_types"": [""A numerical value was found with a value of greater than > 10 stds from the mean""], ""cell_value"": """", ""record_value"": """"}"
0,2026-01-29 19:57:58,"{""cell"": [596, 3], ""error_types"": [""A numerical value was found with a value of greater than > 10 stds from the mean""], ""cell_value"": """", ""record_value"": """"}"
0,2026-01-29 19:57:58,"{""cell"": [616, 3], ""error_types"": [""A numerical value was found with a value of greater than > 10 stds from the mean""], ""cell_value"": """", ""record_value"": """"}"
0,2026-01-29 19:57:58,"{""cell"": [619, 3], ""error_types"": [""A numerical value was found with a value of greater than > 10 stds from the mean""], ""cell_value"": """", ""record_value"": """"}"
0,2026-01-29 19:57:58,"{""cell"": [628, 3], ""error_types"": [""A numerical value was found with a value of greater than > 10 stds from the mean""], ""cell_value"": """", ""record_value"": """"}"
0,2026-01-29 19:57:58,"{""cell"": [644, 3], ""error_types"": [""A numerical value was found with a value of greater than > 10 stds from the mean""], ""cell_value"": """", ""record_value"": """"}"
0,2026-01-29 19:57:58,"{""cell"": [647, 3], ""error_types"": [""A numerical value was found with a value of greater than > 10 stds from the mean""], ""cell_value"": """", ""record_value"": """"}"
0,2026-01-29 19:57:58,"{""cell"": [654, 3], ""error_types"": [""A numerical value was found with a value of greater than > 10 stds from the mean""], ""cell_value"": """", ""record_value"": """"}"
0,2026-01-29 19:57:58,"{""cell"": [26, 4], ""error_types"": [""A numerical value was found with a value of greater than > 10 stds from the mean""], ""cell_value"": """", ""record_value"": """"}"
0,2026-01-29 19:57:58,"{""cell"": [57, 4], ""error_types"": [""A numerical value was found with a value of greater than > 10 stds from the mean""], ""cell_value"": """", ""record_value"": """"}"
0,2026-01-29 19:57:58,"{""cell"": [73, 4], ""error_types"": [""A numerical value was found with a value of greater than > 10 stds from the mean""], ""cell_value"": """", ""record_value"": """"}"
0,2026-01-29 19:57:58,"{""cell"": [94, 4], ""error_types"": [""A numerical value was found with a value of greater than > 10 stds from the mean""], ""cell_value"": """", ""record_value"": """"}"
0,2026-01-29 19:57:58,"{""cell"": [144, 4], ""error_types"": [""A numerical value was found with a value of greater than > 10 stds from the mean""], ""cell_value"": """", ""record_value"": """"}"
0,2026-01-29 19:57:58,"{""cell"": [192, 4], ""error_types"": [""A numerical value was found with a value of greater than > 10 stds from the mean""], ""cell_value"": """", ""record_value"": """"}"
0,2026-01-29 19:57:58,"{""cell"": [218, 4], ""error_types"": [""A numerical value was found with a value of greater than > 10 stds from the mean""], ""cell_value"": """", ""record_value"": """"}"
0,2026-01-29 19:57:58,"{""cell"": [238, 4], ""error_types"": [""A numerical value was found with a value of greater than > 10 stds from the mean""], ""cell_value"": """", ""record_value"": """"}"
0,2026-01-29 19:57:58,"{""cell"": [243, 4], ""error_types"": [""A numerical value was found with a value of greater than > 10 stds from the mean""], ""cell_value"": """", ""record_value"": """"}"
0,2026-01-29 19:57:58,"{""cell"": [263, 4], ""error_types"": [""A numerical value was found with a value of greater than > 10 stds from the mean""], ""cell_value"": """", ""record_value"": """"}"
0,2026-01-29 19:57:58,"{""cell"": [266, 4], ""error_types"": [""A numerical value was found with a value of greater than > 10 stds from the mean""], ""cell_value"": """", ""record_value"": """"}"
0,2026-01-29 19:57:58,"{""cell"": [299, 4], ""error_types"": [""A numerical value was found with a value of greater than > 10 stds from the mean""], ""cell_value"": """", ""record_value"": """"}"
0,2026-01-29 19:57:58,"{""cell"": [411, 4], ""error_types"": [""A numerical value was found with a value of greater than > 10 stds from the mean""], ""cell_value"": """", ""record_value"": """"}"
0,2026-01-29 19:57:58,"{""cell"": [435, 4], ""error_types"": [""A numerical value was found with a value of greater than > 10 stds from the mean""], ""cell_value"": """", ""record_value"": """"}"
0,2026-01-29 19:57:58,"{""cell"": [496, 4], ""error_types"": [""A numerical value was found with a value of greater than > 10 stds from the mean""], ""cell_value"": """", ""record_value"": """"}"
0,2026-01-29 19:57:58,"{""cell"": [509, 4], ""error_types"": [""A numerical value was found with a value of greater than > 10 stds from the mean""], ""cell_value"": """", ""record_value"": """"}"
0,2026-01-29 19:57:58,"{""cell"": [536, 4], ""error_types"": [""A numerical value was found with a value of greater than > 10 stds from the mean""], ""cell_value"": """", ""record_value"": """"}"
0,2026-01-29 19:57:58,"{""cell"": [549, 4], ""error_types"": [""A numerical value was found with a value of greater than > 10 stds from the mean""], ""cell_value"": """", ""record_value"": """"}"
0,2026-01-29 19:57:58,"{""cell"": [553, 4], ""error_types"": [""A numerical value was found with a value of greater than > 10 stds from the mean""], ""cell_value"": """", ""record_value"": """"}"
0,2026-01-29 19:57:58,"{""cell"": [571, 4], ""error_types"": [""A numerical value was found with a value of greater than > 10 stds from the mean""], ""cell_value"": """", ""record_value"": """"}"
0,2026-01-29 19:57:58,"{""cell"": [580, 4], ""error_types"": [""A numerical value was found with a value of greater than > 10 stds from the mean""], ""cell_value"": """", ""record_value"": """"}"
0,2026-01-29 19:57:58,"{""cell"": [587, 4], ""error_types"": [""A numerical value was found with a value of greater than > 10 stds from the mean""], ""cell_value"": """", ""record_value"": """"}"
0,2026-01-29 19:57:58,"{""cell"": [601, 4], ""error_types"": [""A numerical value was found with a value of greater than > 10 stds from the mean""], ""cell_value"": """", ""record_value"": """"}"
0,2026-01-29 19:57:58,"{""cell"": [642, 4], ""error_types"": [""A numerical value was found with a value of greater than > 10 stds from the mean""], ""cell_value"": """", ""record_value"": """"}"
0,2026-01-29 19:57:58,"{""cell"": [682, 4], ""error_types"": [""A numerical value was found with a value of greater than > 10 stds from the mean""], ""cell_value"": """", ""record_value"": """"}"
0,2026-01-29 19:57:58,"{""cell"": [685, 4], ""error_types"": [""A numerical value was found with a value of greater than > 10 stds from the mean""], ""cell_value"": """", ""record_value"": """"}"
0,2026-01-29 19:57:58,"{""cell"": [106, 5], ""error_types"": [""A numerical value was found with a value of greater than > 10 stds from the mean""], ""cell_value"": """", ""record_value"": """"}"
0,2026-01-29 19:57:58,"{""cell"": [111, 5], ""error_types"": [""A numerical value was found with a value of greater than > 10 stds from the mean""], ""cell_value"": """", ""record_value"": """"}"
0,2026-01-29 19:57:58,"{""cell"": [156, 5], ""error_types"": [""A numerical value was found with a value of greater than > 10 stds from the mean""], ""cell_value"": """", ""record_value"": """"}"
0,2026-01-29 19:57:58,"{""cell"": [189, 5], ""error_types"": [""A numerical value was found with a value of greater than > 10 stds from the mean""], ""cell_value"": """", ""record_value"": """"}"
0,2026-01-29 19:57:58,"{""cell"": [193, 5], ""error_types"": [""A numerical value was found with a value of greater than > 10 stds from the mean""], ""cell_value"": """", ""record_value"": """"}"
0,2026-01-29 19:57:58,"{""cell"": [217, 5], ""error_types"": [""A numerical value was found with a value of greater than > 10 stds from the mean""], ""cell_value"": """", ""record_value"": """"}"
0,2026-01-29 19:57:58,"{""cell"": [218, 5], ""error_types"": [""A numerical value was found with a value of greater than > 10 stds from the mean""], ""cell_value"": """", ""record_value"": """"}"
0,2026-01-29 19:57:58,"{""cell"": [248, 5], ""error_types"": [""A numerical value was found with a value of greater than > 10 stds from the mean""], ""cell_value"": """", ""record_value"": """"}"
0,2026-01-29 19:57:58,"{""cell"": [254, 5], ""error_types"": [""A numerical value was found with a value of greater than > 10 stds from the mean""], ""cell_value"": """", ""record_value"": """"}"
0,2026-01-29 19:57:58,"{""cell"": [269, 5], ""error_types"": [""A numerical value was found with a value of greater than > 10 stds from the mean""], ""cell_value"": """", ""record_value"": """"}"
0,2026-01-29 19:57:58,"{""cell"": [288, 5], ""error_types"": [""A numerical value was found with a value of greater than > 10 stds from the mean""], ""cell_value"": """", ""record_value"": """"}"
0,2026-01-29 19:57:58,"{""cell"": [329, 5], ""error_types"": [""A numerical value was found with a value of greater than > 10 stds from the mean""], ""cell_value"": """", ""record_value"": """"}"
0,2026-01-29 19:57:58,"{""cell"": [336, 5], ""error_types"": [""A numerical value was found with a value of greater than > 10 stds from the mean""], ""cell_value"": """", ""record_value"": """"}"
0,2026-01-29 19:57:58,"{""cell"": [358, 5], ""error_types"": [""A numerical value was found with a value of greater than > 10 stds from the mean""], ""cell_value"": """", ""record_value"": """"}"
0,2026-01-29 19:57:58,"{""cell"": [366, 5], ""error_types"": [""A numerical value was found with a value of greater than > 10 stds from the mean""], ""cell_value"": """", ""record_value"": """"}"
0,2026-01-29 19:57:58,"{""cell"": [368, 5], ""error_types"": [""A numerical value was found with a value of greater than > 10 stds from the mean""], ""cell_value"": """", ""record_value"": """"}"
0,2026-01-29 19:57:58,"{""cell"": [374, 5], ""error_types"": [""A numerical value was found with a value of greater than > 10 stds from the mean""], ""cell_value"": """", ""record_value"": """"}"
0,2026-01-29 19:57:58,"{""cell"": [394, 5], ""error_types"": [""A numerical value was found with a value of greater than > 10 stds from the mean""], ""cell_value"": """", ""record_value"": """"}"
0,2026-01-29 19:57:58,"{""cell"": [446, 5], ""error_types"": [""A numerical value was found with a value of greater than > 10 stds from the mean""], ""cell_value"": """", ""record_value"": """"}"
0,2026-01-29 19:57:58,"{""cell"": [478, 5], ""error_types"": [""A numerical value was found with a value of greater than > 10 stds from the mean""], ""cell_value"": """", ""record_value"": """"}"
0,2026-01-29 19:57:58,"{""cell"": [497, 5], ""error_types"": [""A numerical value was found with a value of greater than > 10 stds from the mean""], ""cell_value"": """", ""record_value"": """"}"
0,2026-01-29 19:57:58,"{""cell"": [530, 5], ""error_types"": [""A numerical value was found with a value of greater than > 10 stds from the mean""], ""cell_value"": """", ""record_value"": """"}"
0,2026-01-29 19:57:58,"{""cell"": [591, 5], ""error_types"": [""A numerical value was found with a value of greater than > 10 stds from the mean""], ""cell_value"": """", ""record_value"": """"}"
0,2026-01-29 19:57:58,"{""cell"": [626, 5], ""error_types"": [""A numerical value was found with a value of greater than > 10 stds from the mean""], ""cell_value"": """", ""record_value"": """"}"
0,2026-01-29 19:57:58,"{""cell"": [627, 5], ""error_types"": [""A numerical value was found with a value of greater than > 10 stds from the mean""], ""cell_value"": """", ""record_value"": """"}"
0,2026-01-29 19:57:58,"{""cell"": [653, 5], ""error_types"": [""A numerical value was found with a value of greater than > 10 stds from the mean""], ""cell_value"": """", ""record_value"": """"}"
0,2026-01-29 19:57:58,"{""cell"": [661, 5], ""error_types"": [""A numerical value was found with a value of greater than > 10 stds from the mean""], ""cell_value"": """", ""record_value"": """"}"
0,2026-01-29 19:57:58,"{""cell"": [5, 6], ""error_types"": [""A numerical value was found with a value of greater than > 10 stds from the mean""], ""cell_value"": """", ""record_value"": """"}"
0,2026-01-29 19:57:58,"{""cell"": [7, 6], ""error_types"": [""A numerical value was found with a value of greater than > 10 stds from the mean""], ""cell_value"": """", ""record_value"": """"}"
0,2026-01-29 19:57:58,"{""cell"": [21, 6], ""error_types"": [""A numerical value was found with a value of greater than > 10 stds from the mean""], ""cell_value"": """", ""record_value"": """"}"
0,2026-01-29 19:57:58,"{""cell"": [23, 6], ""error_types"": [""A numerical value was found with a value of greater than > 10 stds from the mean""], ""cell_value"": """", ""record_value"": """"}"
0,2026-01-29 19:57:58,"{""cell"": [65, 6], ""error_types"": [""A numerical value was found with a value of greater than > 10 stds from the mean""], ""cell_value"": """", ""record_value"": """"}"
0,2026-01-29 19:57:58,"{""cell"": [73, 6], ""error_types"": [""A numerical value was found with a value of greater than > 10 stds from the mean""], ""cell_value"": """", ""record_value"": """"}"
0,2026-01-29 19:57:58,"{""cell"": [84, 6], ""error_types"": [""A numerical value was found with a value of greater than > 10 stds from the mean""], ""cell_value"": """", ""record_value"": """"}"
0,2026-01-29 19:57:58,"{""cell"": [87, 6], ""error_types"": [""A numerical value was found with a value of greater than > 10 stds from the mean""], ""cell_value"": """", ""record_value"": """"}"
0,2026-01-29 19:57:58,"{""cell"": [117, 6], ""error_types"": [""A numerical value was found with a value of greater than > 10 stds from the mean""], ""cell_value"": """", ""record_value"": """"}"
0,2026-01-29 19:57:58,"{""cell"": [122, 6], ""error_types"": [""A numerical value was found with a value of greater than > 10 stds from the mean""], ""cell_value"": """", ""record_value"": """"}"
0,2026-01-29 19:57:58,"{""cell"": [139, 6], ""error_types"": [""A numerical value was found with a value of greater than > 10 stds from the mean""], ""cell_value"": """", ""record_value"": """"}"
0,2026-01-29 19:57:58,"{""cell"": [145, 6], ""error_types"": [""A numerical value was found with a value of greater than > 10 stds from the mean""], ""cell_value"": """", ""record_value"": """"}"
0,2026-01-29 19:57:58,"{""cell"": [146, 6], ""error_types"": [""A numerical value was found with a value of greater than > 10 stds from the mean""], ""cell_value"": """", ""record_value"": """"}"
0,2026-01-29 19:57:58,"{""cell"": [158, 6], ""error_types"": [""A numerical value was found with a value of greater than > 10 stds from the mean""], ""cell_value"": """", ""record_value"": """"}"
0,2026-01-29 19:57:58,"{""cell"": [159, 6], ""error_types"": [""A numerical value was found with a value of greater than > 10 stds from the mean""], ""cell_value"": """", ""record_value"": """"}"
0,2026-01-29 19:57:58,"{""cell"": [164, 6], ""error_types"": [""A numerical value was found with a value of greater than > 10 stds from the mean""], ""cell_value"": """", ""record_value"": """"}"
0,2026-01-29 19:57:58,"{""cell"": [179, 6], ""error_types"": [""A numerical value was found with a value of greater than > 10 stds from the mean""], ""cell_value"": """", ""record_value"": """"}"
0,2026-01-29 19:57:58,"{""cell"": [235, 6], ""error_types"": [""A numerical value was found with a value of greater than > 10 stds from the mean""], ""cell_value"": """", ""record_value"": """"}"
0,2026-01-29 19:57:58,"{""cell"": [249, 6], ""error_types"": [""A numerical value was found with a value of greater than > 10 stds from the mean""], ""cell_value"": """", ""record_value"": """"}"
0,2026-01-29 19:57:58,"{""cell"": [275, 6], ""error_types"": [""A numerical value was found with a value of greater than > 10 stds from the mean""], ""cell_value"": """", ""record_value"": """"}"
0,2026-01-29 19:57:58,"{""cell"": [281, 6], ""error_types"": [""A numerical value was found with a value of greater than > 10 stds from the mean""], ""cell_value"": """", ""record_value"": """"}"
0,2026-01-29 19:57:58,"{""cell"": [292, 6], ""error_types"": [""A numerical value was found with a value of greater than > 10 stds from the mean""], ""cell_value"": """", ""record_value"": """"}"
0,2026-01-29 19:57:58,"{""cell"": [294, 6], ""error_types"": [""A numerical value was found with a value of greater than > 10 stds from the mean""], ""cell_value"": """", ""record_value"": """"}"
0,2026-01-29 19:57:58,"{""cell"": [297, 6], ""error_types"": [""A numerical value was found with a value of greater than > 10 stds from the mean""], ""cell_value"": """", ""record_value"": """"}"
0,2026-01-29 19:57:58,"{""cell"": [315, 6], ""error_types"": [""A numerical value was found with a value of greater than > 10 stds from the mean""], ""cell_value"": """", ""record_value"": """"}"
0,2026-01-29 19:57:58,"{""cell"": [321, 6], ""error_types"": [""A numerical value was found with a value of greater than > 10 stds from the mean""], ""cell_value"": """", ""record_value"": """"}"
0,2026-01-29 19:57:58,"{""cell"": [377, 6], ""error_types"": [""A numerical value was found with a value of greater than > 10 stds from the mean""], ""cell_value"": """", ""record_value"": """"}"
0,2026-01-29 19:57:58,"{""cell"": [380, 6], ""error_types"": [""A numerical value was found with a value of greater than > 10 stds from the mean""], ""cell_value"": """", ""record_value"": """"}"
0,2026-01-29 19:57:58,"{""cell"": [387, 6], ""error_types"": [""A numerical value was found with a value of greater than > 10 stds from the mean""], ""cell_value"": """", ""record_value"": """"}"
0,2026-01-29 19:57:58,"{""cell"": [401, 6], ""error_types"": [""A numerical value was found with a value of greater than > 10 stds from the mean""], ""cell_value"": """", ""record_value"": """"}"
0,2026-01-29 19:57:58,"{""cell"": [411, 6], ""error_types"": [""A numerical value was found with a value of greater than > 10 stds from the mean""], ""cell_value"": """", ""record_value"": """"}"
0,2026-01-29 19:57:58,"{""cell"": [475, 6], ""error_types"": [""A numerical value was found with a value of greater than > 10 stds from the mean""], ""cell_value"": """", ""record_value"": """"}"
0,2026-01-29 19:57:58,"{""cell"": [507, 6], ""error_types"": [""A numerical value was found with a value of greater than > 10 stds from the mean""], ""cell_value"": """", ""record_value"": """"}"
0,2026-01-29 19:57:58,"{""cell"": [518, 6], ""error_types"": [""A numerical value was found with a value of greater than > 10 stds from the mean""], ""cell_value"": """", ""record_value"": """"}"
0,2026-01-29 19:57:58,"{""cell"": [524, 6], ""error_types"": [""A numerical value was found with a value of greater than > 10 stds from the mean""], ""cell_value"": """", ""record_value"": """"}"
0,2026-01-29 19:57:58,"{""cell"": [538, 6], ""error_types"": [""A numerical value was found with a value of greater than > 10 stds from the mean""], ""cell_value"": """", ""record_value"": """"}"
0,2026-01-29 19:57:58,"{""cell"": [582, 6], ""error_types"": [""A numerical value was found with a value of greater than > 10 stds from the mean""], ""cell_value"": """", ""record_value"": """"}"
0,2026-01-29 19:57:58,"{""cell"": [608, 6], ""error_types"": [""A numerical value was found with a value of greater than > 10 stds from the mean""], ""cell_value"": """", ""record_value"": """"}"
0,2026-01-29 19:57:58,"{""cell"": [614, 6], ""error_types"": [""A numerical value was found with a value of greater than > 10 stds from the mean""], ""cell_value"": """", ""record_value"": """"}"
0,2026-01-29 19:57:58,"{""cell"": [617, 6], ""error_types"": [""A numerical value was found with a value of greater than > 10 stds from the mean""], ""cell_value"": """", ""record_value"": """"}"
0,2026-01-29 19:57:58,"{""cell"": [667, 6], ""error_types"": [""A numerical value was found with a value of greater than > 10 stds from the mean""], ""cell_value"": """", ""record_value"": """"}"
0,2026-01-29 19:57:58,"{""cell"": [8, 7], ""error_types"": [""A numerical value was found with a value of greater than > 10 stds from the mean""], ""cell_value"": """", ""record_value"": """"}"
0,2026-01-29 19:57:58,"{""cell"": [28, 7], ""error_types"": [""A numerical value was found with a value of greater than > 10 stds from the mean""], ""cell_value"": """", ""record_value"": """"}"
0,2026-01-29 19:57:58,"{""cell"": [36, 7], ""error_types"": [""A numerical value was found with a value of greater than > 10 stds from the mean""], ""cell_value"": """", ""record_value"": """"}"
0,2026-01-29 19:57:58,"{""cell"": [140, 7], ""error_types"": [""A numerical value was found with a value of greater than > 10 stds from the mean""], ""cell_value"": """", ""record_value"": """"}"
0,2026-01-29 19:57:58,"{""cell"": [196, 7], ""error_types"": [""A numerical value was found with a value of greater than > 10 stds from the mean""], ""cell_value"": """", ""record_value"": """"}"
0,2026-01-29 19:57:58,"{""cell"": [205, 7], ""error_types"": [""A numerical value was found with a value of greater than > 10 stds from the mean""], ""cell_value"": """", ""record_value"": """"}"
0,2026-01-29 19:57:58,"{""cell"": [262, 7], ""error_types"": [""A numerical value was found with a value of greater than > 10 stds from the mean""], ""cell_value"": """", ""record_value"": """"}"
0,2026-01-29 19:57:58,"{""cell"": [305, 7], ""error_types"": [""A numerical value was found with a value of greater than > 10 stds from the mean""], ""cell_value"": """", ""record_value"": """"}"
0,2026-01-29 19:57:58,"{""cell"": [326, 7], ""error_types"": [""A numerical value was found with a value of greater than > 10 stds from the mean""], ""cell_value"": """", ""record_value"": """"}"
0,2026-01-29 19:57:58,"{""cell"": [340, 7], ""error_types"": [""A numerical value was found with a value of greater than > 10 stds from the mean""], ""cell_value"": """", ""record_value"": """"}"
0,2026-01-29 19:57:58,"{""cell"": [347, 7], ""error_types"": [""A numerical value was found with a value of greater than > 10 stds from the mean""], ""cell_value"": """", ""record_value"": """"}"
0,2026-01-29 19:57:58,"{""cell"": [367, 7], ""error_types"": [""A numerical value was found with a value of greater than > 10 stds from the mean""], ""cell_value"": """", ""record_value"": """"}"
0,2026-01-29 19:57:58,"{""cell"": [384, 7], ""error_types"": [""A numerical value was found with a value of greater than > 10 stds from the mean""], ""cell_value"": """", ""record_value"": """"}"
0,2026-01-29 19:57:58,"{""cell"": [398, 7], ""error_types"": [""A numerical value was found with a value of greater than > 10 stds from the mean""], ""cell_value"": """", ""record_value"": """"}"
0,2026-01-29 19:57:58,"{""cell"": [404, 7], ""error_types"": [""A numerical value was found with a value of greater than > 10 stds from the mean""], ""cell_value"": """", ""record_value"": """"}"
0,2026-01-29 19:57:58,"{""cell"": [416, 7], ""error_types"": [""A numerical value was found with a value of greater than > 10 stds from the mean""], ""cell_value"": """", ""record_value"": """"}"
0,2026-01-29 19:57:58,"{""cell"": [431, 7], ""error_types"": [""A numerical value was found with a value of greater than > 10 stds from the mean""], ""cell_value"": """", ""record_value"": """"}"
0,2026-01-29 19:57:58,"{""cell"": [453, 7], ""error_types"": [""A numerical value was found with a value of greater than > 10 stds from the mean""], ""cell_value"": """", ""record_value"": """"}"
0,2026-01-29 19:57:58,"{""cell"": [465, 7], ""error_types"": [""A numerical value was found with a value of greater than > 10 stds from the mean""], ""cell_value"": """", ""record_value"": """"}"
0,2026-01-29 19:57:58,"{""cell"": [490, 7], ""error_types"": [""A numerical value was found with a value of greater than > 10 stds from the mean""], ""cell_value"": """", ""record_value"": """"}"
0,2026-01-29 19:57:58,"{""cell"": [522, 7], ""error_types"": [""A numerical value was found with a value of greater than > 10 stds from the mean""], ""cell_value"": """", ""record_value"": """"}"
0,2026-01-29 19:57:58,"{""cell"": [561, 7], ""error_types"": [""A numerical value was found with a value of greater than > 10 stds from the mean""], ""cell_value"": """", ""record_value"": """"}"
0,2026-01-29 19:57:58,"{""cell"": [563, 7], ""error_types"": [""A numerical value was found with a value of greater than > 10 stds from the mean""], ""cell_value"": """", ""record_value"": """"}"
0,2026-01-29 19:57:58,"{""cell"": [568, 7], ""error_types"": [""A numerical value was found with a value of greater than > 10 stds from the mean""], ""cell_value"": """", ""record_value"": """"}"
0,2026-01-29 19:57:58,"{""cell"": [575, 7], ""error_types"": [""A numerical value was found with a value of greater than > 10 stds from the mean""], ""cell_value"": """", ""record_value"": """"}"
0,2026-01-29 19:57:58,"{""cell"": [4, 8], ""error_types"": [""A numerical value was found with a value of greater than > 10 stds from the mean""], ""cell_value"": """", ""record_value"": """"}"
0,2026-01-29 19:57:58,"{""cell"": [53, 8], ""error_types"": [""A numerical value was found with a value of greater than > 10 stds from the mean""], ""cell_value"": """", ""record_value"": """"}"
0,2026-01-29 19:57:58,"{""cell"": [67, 8], ""error_types"": [""A numerical value was found with a value of greater than > 10 stds from the mean""], ""cell_value"": """", ""record_value"": """"}"
0,2026-01-29 19:57:58,"{""cell"": [101, 8], ""error_types"": [""A numerical value was found with a value of greater than > 10 stds from the mean""], ""cell_value"": """", ""record_value"": """"}"
0,2026-01-29 19:57:58,"{""cell"": [138, 8], ""error_types"": [""A numerical value was found with a value of greater than > 10 stds from the mean""], ""cell_value"": """", ""record_value"": """"}"
0,2026-01-29 19:57:58,"{""cell"": [146, 8], ""error_types"": [""A numerical value was found with a value of greater than > 10 stds from the mean""], ""cell_value"": """", ""record_value"": """"}"
0,2026-01-29 19:57:58,"{""cell"": [151, 8], ""error_types"": [""A numerical value was found with a value of greater than > 10 stds from the mean""], ""cell_value"": """", ""record_value"": """"}"
0,2026-01-29 19:57:58,"{""cell"": [152, 8], ""error_types"": [""A numerical value was found with a value of greater than > 10 stds from the mean""], ""cell_value"": """", ""record_value"": """"}"
0,2026-01-29 19:57:58,"{""cell"": [166, 8], ""error_types"": [""A numerical value was found with a value of greater than > 10 stds from the mean""], ""cell_value"": """", ""record_value"": """"}"
0,2026-01-29 19:57:58,"{""cell"": [178, 8], ""error_types"": [""A numerical value was found with a value of greater than > 10 stds from the mean""], ""cell_value"": """", ""record_value"": """"}"
0,2026-01-29 19:57:58,"{""cell"": [200, 8], ""error_types"": [""A numerical value was found with a value of greater than > 10 stds from the mean""], ""cell_value"": """", ""record_value"": """"}"
0,2026-01-29 19:57:58,"{""cell"": [234, 8], ""error_types"": [""A numerical value was found with a value of greater than > 10 stds from the mean""], ""cell_value"": """", ""record_value"": """"}"
0,2026-01-29 19:57:58,"{""cell"": [255, 8], ""error_types"": [""A numerical value was found with a value of greater than > 10 stds from the mean""], ""cell_value"": """", ""record_value"": """"}"
0,2026-01-29 19:57:58,"{""cell"": [297, 8], ""error_types"": [""A numerical value was found with a value of greater than > 10 stds from the mean""], ""cell_value"": """", ""record_value"": """"}"
0,2026-01-29 19:57:58,"{""cell"": [306, 8], ""error_types"": [""A numerical value was found with a value of greater than > 10 stds from the mean""], ""cell_value"": """", ""record_value"": """"}"
0,2026-01-29 19:57:58,"{""cell"": [313, 8], ""error_types"": [""A numerical value was found with a value of greater than > 10 stds from the mean""], ""cell_value"": """", ""record_value"": """"}"
0,2026-01-29 19:57:58,"{""cell"": [322, 8], ""error_types"": [""A numerical value was found with a value of greater than > 10 stds from the mean""], ""cell_value"": """", ""record_value"": """"}"
0,2026-01-29 19:57:58,"{""cell"": [365, 8], ""error_types"": [""A numerical value was found with a value of greater than > 10 stds from the mean""], ""cell_value"": """", ""record_value"": """"}"
0,2026-01-29 19:57:58,"{""cell"": [386, 8], ""error_types"": [""A numerical value was found with a value of greater than > 10 stds from the mean""], ""cell_value"": """", ""record_value"": """"}"
0,2026-01-29 19:57:58,"{""cell"": [391, 8], ""error_types"": [""A numerical value was found with a value of greater than > 10 stds from the mean""], ""cell_value"": """", ""record_value"": """"}"
0,2026-01-29 19:57:58,"{""cell"": [440, 8], ""error_types"": [""A numerical value was found with a value of greater than > 10 stds from the mean""], ""cell_value"": """", ""record_value"": """"}"
0,2026-01-29 19:57:58,"{""cell"": [484, 8], ""error_types"": [""A numerical value was found with a value of greater than > 10 stds from the mean""], ""cell_value"": """", ""record_value"": """"}"
0,2026-01-29 19:57:58,"{""cell"": [491, 8], ""error_types"": [""A numerical value was found with a value of greater than > 10 stds from the mean""], ""cell_value"": """", ""record_value"": """"}"
0,2026-01-29 19:57:58,"{""cell"": [544, 8], ""error_types"": [""A numerical value was found with a value of greater than > 10 stds from the mean""], ""cell_value"": """", ""record_value"": """"}"
0,2026-01-29 19:57:58,"{""cell"": [545, 8], ""error_types"": [""A numerical value was found with a value of greater than > 10 stds from the mean""], ""cell_value"": """", ""record_value"": """"}"
0,2026-01-29 19:57:58,"{""cell"": [626, 8], ""error_types"": [""A numerical value was found with a value of greater than > 10 stds from the mean""], ""cell_value"": """", ""record_value"": """"}"
0,2026-01-29 19:57:58,"{""cell"": [658, 8], ""error_types"": [""A numerical value was found with a value of greater than > 10 stds from the mean""], ""cell_value"": """", ""record_value"": """"}"
0,2026-01-29 19:57:58,"{""cell"": [694, 8], ""error_types"": [""A numerical value was found with a value of greater than > 10 stds from the mean""], ""cell_value"": """", ""record_value"": """"}"
0,2026-01-29 19:57:58,"{""cell"": [58, 9], ""error_types"": [""A numerical value was found with a value of greater than > 10 stds from the mean""], ""cell_value"": """", ""record_value"": """"}"
0,2026-01-29 19:57:58,"{""cell"": [163, 9], ""error_types"": [""A numerical value was found with a value of greater than > 10 stds from the mean""], ""cell_value"": """", ""record_value"": """"}"
0,2026-01-29 19:57:58,"{""cell"": [164, 9], ""error_types"": [""A numerical value was found with a value of greater than > 10 stds from the mean""], ""cell_value"": """", ""record_value"": """"}"
0,2026-01-29 19:57:58,"{""cell"": [203, 9], ""error_types"": [""A numerical value was found with a value of greater than > 10 stds from the mean""], ""cell_value"": """", ""record_value"": """"}"
0,2026-01-29 19:57:58,"{""cell"": [216, 9], ""error_types"": [""A numerical value was found with a value of greater than > 10 stds from the mean""], ""cell_value"": """", ""record_value"": """"}"
0,2026-01-29 19:57:58,"{""cell"": [308, 9], ""error_types"": [""A numerical value was found with a value of greater than > 10 stds from the mean""], ""cell_value"": """", ""record_value"": """"}"
0,2026-01-29 19:57:58,"{""cell"": [320, 9], ""error_types"": [""A numerical value was found with a value of greater than > 10 stds from the mean""], ""cell_value"": """", ""record_value"": """"}"
0,2026-01-29 19:57:58,"{""cell"": [324, 9], ""error_types"": [""A numerical value was found with a value of greater than > 10 stds from the mean""], ""cell_value"": """", ""record_value"": """"}"
0,2026-01-29 19:57:58,"{""cell"": [372, 9], ""error_types"": [""A numerical value was found with a value of greater than > 10 stds from the mean""], ""cell_value"": """", ""record_value"": """"}"
0,2026-01-29 19:57:58,"{""cell"": [378, 9], ""error_types"": [""A numerical value was found with a value of greater than > 10 stds from the mean""], ""cell_value"": """", ""record_value"": """"}"
0,2026-01-29 19:57:58,"{""cell"": [379, 9], ""error_types"": [""A numerical value was found with a value of greater than > 10 stds from the mean""], ""cell_value"": """", ""record_value"": """"}"
0,2026-01-29 19:57:58,"{""cell"": [393, 9], ""error_types"": [""A numerical value was found with a value of greater than > 10 stds from the mean""], ""cell_value"": """", ""record_value"": """"}"
0,2026-01-29 19:57:58,"{""cell"": [416, 9], ""error_types"": [""A numerical value was found with a value of greater than > 10 stds from the mean""], ""cell_value"": """", ""record_value"": """"}"
0,2026-01-29 19:57:58,"{""cell"": [421, 9], ""error_types"": [""A numerical value was found with a value of greater than > 10 stds from the mean""], ""cell_value"": """", ""record_value"": """"}"
0,2026-01-29 19:57:58,"{""cell"": [450, 9], ""error_types"": [""A numerical value was found with a value of greater than > 10 stds from the mean""], ""cell_value"": """", ""record_value"": """"}"
0,2026-01-29 19:57:58,"{""cell"": [455, 9], ""error_types"": [""A numerical value was found with a value of greater than > 10 stds from the mean""], ""cell_value"": """", ""record_value"": """"}"
0,2026-01-29 19:57:58,"{""cell"": [469, 9], ""error_types"": [""A numerical value was found with a value of greater than > 10 stds from the mean""], ""cell_value"": """", ""record_value"": """"}"
0,2026-01-29 19:57:58,"{""cell"": [481, 9], ""error_types"": [""A numerical value was found with a value of greater than > 10 stds from the mean""], ""cell_value"": """", ""record_value"": """"}"
0,2026-01-29 19:57:58,"{""cell"": [488, 9], ""error_types"": [""A numerical value was found with a value of greater than > 10 stds from the mean""], ""cell_value"": """", ""record_value"": """"}"
0,2026-01-29 19:57:58,"{""cell"": [569, 9], ""error_types"": [""A numerical value was found with a value of greater than > 10 stds from the mean""], ""cell_value"": """", ""record_value"": """"}"
0,2026-01-29 19:57:58,"{""cell"": [634, 9], ""error_types"": [""A numerical value was found with a value of greater than > 10 stds from the mean""], ""cell_value"": """", ""record_value"": """"}"
0,2026-01-29 19:57:58,"{""cell"": [691, 9], ""error_types"": [""A numerical value was found with a value of greater than > 10 stds from the mean""], ""cell_value"": """", ""record_value"": """"}"
