[2026-02-25 10:47:51,783] INFO - demandclean: ==================================================
[2026-02-25 10:47:51,783] INFO - demandclean: DemandClean 训练开始
[2026-02-25 10:47:51,783] INFO - demandclean:   检测器模式: auto
[2026-02-25 10:47:51,783] INFO - demandclean:   训练模式: clean_base
[2026-02-25 10:47:51,783] INFO - demandclean:   Agent类型: single
[2026-02-25 10:47:51,783] INFO - demandclean:   推理模式: two_phase
[2026-02-25 10:47:51,783] INFO - demandclean:   FD规则: 1
[2026-02-25 10:47:51,783] INFO - demandclean:   丰富规则: 有
[2026-02-25 10:47:51,783] INFO - demandclean: ==================================================
[2026-02-25 10:47:51,783] INFO - demandclean: 
[Step 1] 初始化错误检测器...
[2026-02-25 10:47:51,785] INFO - demandclean: 
[Step 1.5] 运行 RAHA 检测获取标注行...
[2026-02-25 11:01:38,226] INFO - demandclean:   [预修复] 利用 RAHA 标注行修复 82 个特征单元格 + 0 个标签
[2026-02-25 11:01:38,228] INFO - demandclean:   标注行: [183, 397, 430, 1419, 1473, 3403, 3525, 4530, 7448, 8701]... (共 20 行)
[2026-02-25 11:01:38,230] INFO - demandclean: 
[Step 2] 训练 DQN Agent...
[2026-02-25 11:01:38,230] INFO - demandclean: 开始训练 (single Agent, mode=clean_base)
[2026-02-25 11:01:38,230] INFO - demandclean:   任务类型: regression
[2026-02-25 11:01:38,230] INFO - demandclean:   模型类型: random_forest
[2026-02-25 11:01:38,230] INFO - demandclean:   原始数据: 17379 行
[2026-02-25 11:01:38,231] INFO - demandclean:   基准数据: 17379 行
[2026-02-25 11:01:38,231] INFO - demandclean:   标签注入: 检测器未发现标签错误，不注入
[2026-02-25 11:01:38,231] INFO - demandclean:   自适应注入比例范围 (基于检测结果):
[2026-02-25 11:01:38,231] INFO - demandclean:     missing: 不注入
[2026-02-25 11:01:38,231] INFO - demandclean:     semantic: (0.0170, 0.0255)
[2026-02-25 11:01:38,231] INFO - demandclean:     syntactic: (0.1323, 0.1985)
[2026-02-25 11:01:38,231] INFO - demandclean:     label: 不注入
[2026-02-25 11:01:38,243] INFO - demandclean:   ErrorInjector: rich_rules=True, domain=14, cfd=0, fd=1
[2026-02-25 11:01:38,243] INFO - demandclean:   开始训练 DQN (5 episodes, 起始轮=0)...
[2026-02-25 11:09:35,944] INFO - demandclean: 
已恢复最佳模型权重 (Episode 5, Score=0.0036, Cost=841)
[2026-02-25 11:09:35,945] INFO - demandclean: 
训练完成! 最佳分数: 0.0036 (共 5 episodes)
[2026-02-25 11:09:35,946] INFO - demandclean:   最佳动作分布: {'no_action': 840, 'repair_value': 841, 'delete': 833, 'replace_nearby': 862}
[2026-02-25 11:09:35,949] INFO - demandclean: 
训练完成!
[2026-02-25 11:09:35,952] INFO - demandclean: 模型已保存: /Users/qianzekai/PycharmProjects/TolerDM/results/demandclean/bike/v8_auto_plain_two/model/v8_auto_plain_two_agent.pt
[2026-02-25 11:09:35,953] INFO - demandclean: 
==================================================
[2026-02-25 11:09:35,953] INFO - demandclean: 两阶段推理 - 第一阶段 (Plan)
[2026-02-25 11:09:35,953] INFO - demandclean: ==================================================
