
============================================================
Running CtxPipe with dirty file: Data/mercedes/dirty_index.csv
Task name: mercedes_ctxpipe_vzekai
Model tag: ctx_50000
============================================================


CtxPipe output saved to: results/ctxpipe/mercedes_ctxpipe_vzekai/mercedes_ctxpipe_vzekai_cleaned.csv
Pipeline info saved to: results/ctxpipe/mercedes_ctxpipe_vzekai/mercedes_ctxpipe_vzekai_pipeline_info.txt

============================================================
CtxPipe Results:
============================================================
AI Sequence: ['ImputerNumMode', 'ImputerCatMode', 'LabelEncoder', 'blank', 'PowerTransformer', 'RandomTreesEmbedding']
ML Score: -1.0000
Execution Time: 16.16 seconds
============================================================

============================================================
Traditional Data Cleaning Evaluation
Note: CtxPipe is designed for ML data preparation,
      traditional cleaning metrics may not be applicable.
============================================================

Traditional Evaluation Results:
Accuracy: 0.902744630071599
Recall: 0.005024458118999625
F1 Score: 0.009993295970207216
EDR: 0.005024458118999625
Hybrid Distance: 0.4700207015725791
R-EDR: 0.0
Time: 16.16s
Speed: 0.3839 seconds/100num

============================================================
调用统一测评模块 getScoreML
============================================================
